poids charges depuis rl_experiments_v4/imit_bignet_ent02.pt
episode   5000  train_avg=  -15.8  adv_avg=   +6.3  eval_avg(500)=  +19.6  win_rate= 53.8%  entropy_coef=0.0020  policy_loss=-0.0085  value_loss=1.0098  entropy=0.181  clip_frac= 1.2%  (113.8s)
episode  10000  train_avg=  +21.1  adv_avg=   +7.7  eval_avg(500)=   +1.0  win_rate= 49.2%  entropy_coef=0.0020  policy_loss=-0.0091  value_loss=1.0000  entropy=0.185  clip_frac= 1.3%  (230.0s)
episode  15000  train_avg=   +1.4  adv_avg=  +21.2  eval_avg(500)=  +19.3  win_rate= 54.0%  entropy_coef=0.0020  policy_loss=-0.0108  value_loss=1.0013  entropy=0.200  clip_frac= 1.7%  (348.5s)
episode  20000  train_avg=  +26.6  adv_avg=  +12.0  eval_avg(500)=  +19.9  win_rate= 54.0%  entropy_coef=0.0020  policy_loss=-0.0090  value_loss=1.0002  entropy=0.200  clip_frac= 1.6%  (466.7s)
episode  25000  train_avg=  +16.9  adv_avg=  +27.4  eval_avg(500)=   +9.0  win_rate= 52.2%  entropy_coef=0.0020  policy_loss=-0.0096  value_loss=1.0176  entropy=0.194  clip_frac= 1.9%  (581.3s)
episode  30000  train_avg=  +14.4  adv_avg=  +12.3  eval_avg(500)=  +23.0  win_rate= 54.6%  entropy_coef=0.0020  policy_loss=-0.0086  value_loss=0.9957  entropy=0.220  clip_frac= 1.4%  (705.2s)
episode  35000  train_avg=  +37.4  adv_avg=  +19.6  eval_avg(500)=  +17.7  win_rate= 52.6%  entropy_coef=0.0020  policy_loss=-0.0119  value_loss=1.0125  entropy=0.206  clip_frac= 2.4%  (826.9s)
episode  40000  train_avg=  +15.2  adv_avg=  +30.8  eval_avg(500)=  +13.0  win_rate= 53.4%  entropy_coef=0.0020  policy_loss=-0.0098  value_loss=0.9902  entropy=0.209  clip_frac= 1.7%  (944.8s)
episode  45000  train_avg=   -6.5  adv_avg=  +13.2  eval_avg(500)=  +23.5  win_rate= 54.4%  entropy_coef=0.0020  policy_loss=-0.0110  value_loss=0.9871  entropy=0.200  clip_frac= 2.0%  (1059.8s)
episode  50000  train_avg=   +5.0  adv_avg=  -15.7  eval_avg(500)=  +11.4  win_rate= 53.2%  entropy_coef=0.0020  policy_loss=-0.0101  value_loss=0.9802  entropy=0.182  clip_frac= 1.6%  (1172.1s)
episode  55000  train_avg=  +25.0  adv_avg=  +38.5  eval_avg(500)=  +33.1  win_rate= 57.2%  entropy_coef=0.0020  policy_loss=-0.0091  value_loss=1.0151  entropy=0.180  clip_frac= 2.1%  (1285.7s)
episode  60000  train_avg=  -29.4  adv_avg=   +8.2  eval_avg(500)=  +28.0  win_rate= 56.0%  entropy_coef=0.0020  policy_loss=-0.0077  value_loss=1.0202  entropy=0.175  clip_frac= 1.1%  (1399.6s)
episode  65000  train_avg=   +8.0  adv_avg=   +7.8  eval_avg(500)=  +19.4  win_rate= 54.4%  entropy_coef=0.0020  policy_loss=-0.0087  value_loss=0.9964  entropy=0.181  clip_frac= 1.7%  (1516.2s)
episode  70000  train_avg=   +6.6  adv_avg=  +25.2  eval_avg(500)=  +25.2  win_rate= 55.4%  entropy_coef=0.0020  policy_loss=-0.0088  value_loss=0.9903  entropy=0.194  clip_frac= 1.2%  (1628.8s)
episode  75000  train_avg=  +18.1  adv_avg=   +2.7  eval_avg(500)=  +23.9  win_rate= 55.2%  entropy_coef=0.0020  policy_loss=-0.0130  value_loss=0.9728  entropy=0.192  clip_frac= 2.3%  (1743.1s)
episode  80000  train_avg=  -18.6  adv_avg=  +39.2  eval_avg(500)=  +27.0  win_rate= 56.6%  entropy_coef=0.0020  policy_loss=-0.0081  value_loss=0.9630  entropy=0.208  clip_frac= 1.4%  (1857.1s)
episode  85000  train_avg=  +12.6  adv_avg=   -4.9  eval_avg(500)=  +23.9  win_rate= 54.6%  entropy_coef=0.0020  policy_loss=-0.0101  value_loss=1.0135  entropy=0.207  clip_frac= 2.1%  (1978.6s)
episode  90000  train_avg=   -3.6  adv_avg=   +3.4  eval_avg(500)=  +44.7  win_rate= 60.0%  entropy_coef=0.0020  policy_loss=-0.0098  value_loss=0.9758  entropy=0.189  clip_frac= 1.7%  (2095.4s)
episode  95000  train_avg=  +14.1  adv_avg=  +29.1  eval_avg(500)=  +29.2  win_rate= 56.0%  entropy_coef=0.0020  policy_loss=-0.0100  value_loss=1.0353  entropy=0.194  clip_frac= 1.8%  (2209.7s)
episode 100000  train_avg=   -9.7  adv_avg=   +0.1  eval_avg(500)=  +28.6  win_rate= 56.0%  entropy_coef=0.0020  policy_loss=-0.0100  value_loss=0.9824  entropy=0.199  clip_frac= 1.6%  (2325.8s)
poids sauvegardes dans rl_experiments_v4/exp_shared_lr3e-5_epochs4_vc03_seed20/ppo_100000.pt
