poids charges depuis rl_experiments_v4/imit_bignet_ent02.pt
episode   5000  train_avg=   -7.1  adv_avg=   -7.0  eval_avg(500)=   +7.2  win_rate= 51.6%  entropy_beta=0.0020  baseline=   -3.7  (120.7s)
episode  10000  train_avg=   -2.0  adv_avg=  +10.9  eval_avg(500)=   +9.2  win_rate= 50.6%  entropy_beta=0.0020  baseline=  -11.4  (232.6s)
episode  15000  train_avg=  +32.4  adv_avg=  +26.6  eval_avg(500)=  +26.7  win_rate= 55.6%  entropy_beta=0.0020  baseline=   +9.5  (344.9s)
episode  20000  train_avg=  +15.2  adv_avg=  +15.5  eval_avg(500)=  +16.1  win_rate= 54.0%  entropy_beta=0.0020  baseline=  +74.3  (458.8s)
episode  25000  train_avg=   +0.2  adv_avg=   +8.5  eval_avg(500)=  +10.9  win_rate= 52.0%  entropy_beta=0.0020  baseline=  -26.2  (572.5s)
episode  30000  train_avg=  -20.3  adv_avg=   +6.3  eval_avg(500)=   +9.8  win_rate= 51.8%  entropy_beta=0.0020  baseline=   -7.9  (686.2s)
episode  35000  train_avg=   -6.4  adv_avg=   +1.1  eval_avg(500)=  +16.8  win_rate= 53.0%  entropy_beta=0.0020  baseline=  +37.2  (803.0s)
episode  40000  train_avg=  +34.1  adv_avg=   +0.7  eval_avg(500)=  +16.2  win_rate= 53.0%  entropy_beta=0.0020  baseline=  +10.2  (920.7s)
episode  45000  train_avg=   -5.6  adv_avg=  +16.7  eval_avg(500)=  +31.4  win_rate= 56.0%  entropy_beta=0.0020  baseline=  +62.8  (1031.1s)
episode  50000  train_avg=  +13.1  adv_avg=   -9.2  eval_avg(500)=  +16.9  win_rate= 53.2%  entropy_beta=0.0020  baseline=  -46.1  (1141.6s)
episode  55000  train_avg=   -9.8  adv_avg=   -8.9  eval_avg(500)=  +10.7  win_rate= 51.6%  entropy_beta=0.0020  baseline=  +53.4  (1259.4s)
episode  60000  train_avg=  +35.3  adv_avg=  +15.2  eval_avg(500)=   +3.4  win_rate= 50.2%  entropy_beta=0.0020  baseline=  -17.9  (1384.2s)
episode  65000  train_avg=   -9.8  adv_avg=   -7.3  eval_avg(500)=  +34.8  win_rate= 56.8%  entropy_beta=0.0020  baseline=   +3.8  (1506.9s)
episode  70000  train_avg=  +29.8  adv_avg=  +26.4  eval_avg(500)=  +22.1  win_rate= 55.0%  entropy_beta=0.0020  baseline=  +13.1  (1633.4s)
episode  75000  train_avg=  +19.9  adv_avg=  +33.4  eval_avg(500)=  +21.9  win_rate= 55.8%  entropy_beta=0.0020  baseline=  +64.1  (1759.4s)
episode  80000  train_avg=  +14.6  adv_avg=  -12.5  eval_avg(500)=   +9.6  win_rate= 52.4%  entropy_beta=0.0020  baseline=  -20.7  (1886.0s)
episode  85000  train_avg=   +1.2  adv_avg=   +7.3  eval_avg(500)=  +24.4  win_rate= 55.0%  entropy_beta=0.0020  baseline=   -9.7  (2013.9s)
episode  90000  train_avg=   +8.6  adv_avg=  -22.3  eval_avg(500)=  +18.9  win_rate= 53.6%  entropy_beta=0.0020  baseline=  +86.2  (2139.7s)
episode  95000  train_avg=  +16.7  adv_avg=  +23.4  eval_avg(500)=  +13.2  win_rate= 52.4%  entropy_beta=0.0020  baseline=  -27.9  (2263.1s)
episode 100000  train_avg=  +35.8  adv_avg=  +28.4  eval_avg(500)=  +36.2  win_rate= 57.8%  entropy_beta=0.0020  baseline=  +78.6  (2378.1s)
poids sauvegardes dans rl_experiments_v4/exp_reinforce_bignet_ent02_lr3e-5_seed21/reinforce_100000.pt
