poids charges depuis rl_experiments_v3/imit.pt
episode   5000  train_avg=  -19.5  adv_avg=  +11.3  eval_avg(500)=   +5.6  win_rate= 50.2%  entropy_coef=0.0020  policy_loss=-0.0095  value_loss=0.0000  entropy=0.195  clip_frac= 1.2%  (64.8s)
episode  10000  train_avg=  +32.5  adv_avg=   +6.7  eval_avg(500)=  +19.7  win_rate= 55.0%  entropy_coef=0.0020  policy_loss=-0.0062  value_loss=0.0000  entropy=0.189  clip_frac= 0.5%  (133.1s)
episode  15000  train_avg=  +19.9  adv_avg=  +22.8  eval_avg(500)=  -13.6  win_rate= 46.4%  entropy_coef=0.0020  policy_loss=-0.0082  value_loss=0.0000  entropy=0.195  clip_frac= 0.8%  (208.1s)
episode  20000  train_avg=  +11.1  adv_avg=   +2.5  eval_avg(500)=  +12.7  win_rate= 53.0%  entropy_coef=0.0020  policy_loss=-0.0092  value_loss=0.0000  entropy=0.197  clip_frac= 1.2%  (279.5s)
episode  25000  train_avg=  -12.7  adv_avg=  +17.6  eval_avg(500)=  +21.3  win_rate= 54.2%  entropy_coef=0.0020  policy_loss=-0.0071  value_loss=0.0000  entropy=0.181  clip_frac= 0.9%  (351.3s)
episode  30000  train_avg=   +1.3  adv_avg=  +10.3  eval_avg(500)=   +7.8  win_rate= 51.6%  entropy_coef=0.0020  policy_loss=-0.0056  value_loss=0.0000  entropy=0.170  clip_frac= 0.5%  (430.1s)
episode  35000  train_avg=   +1.9  adv_avg=   +6.4  eval_avg(500)=   +6.5  win_rate= 51.6%  entropy_coef=0.0020  policy_loss=-0.0086  value_loss=0.0000  entropy=0.194  clip_frac= 1.1%  (500.0s)
episode  40000  train_avg=   -0.2  adv_avg=   -0.6  eval_avg(500)=   +6.4  win_rate= 51.2%  entropy_coef=0.0020  policy_loss=-0.0042  value_loss=0.0000  entropy=0.193  clip_frac= 0.4%  (570.4s)
episode  45000  train_avg=  -12.7  adv_avg=  +13.5  eval_avg(500)=   -0.0  win_rate= 49.4%  entropy_coef=0.0020  policy_loss=-0.0089  value_loss=0.0000  entropy=0.210  clip_frac= 0.8%  (642.2s)
episode  50000  train_avg=   -7.8  adv_avg=   -5.8  eval_avg(500)=   +6.6  win_rate= 50.4%  entropy_coef=0.0020  policy_loss=-0.0110  value_loss=0.0000  entropy=0.202  clip_frac= 1.5%  (712.3s)
episode  55000  train_avg=  +25.1  adv_avg=  +10.9  eval_avg(500)=  +12.3  win_rate= 52.0%  entropy_coef=0.0020  policy_loss=-0.0085  value_loss=0.0000  entropy=0.192  clip_frac= 1.0%  (786.2s)
episode  60000  train_avg=   +6.8  adv_avg=  +20.6  eval_avg(500)=  +25.3  win_rate= 54.8%  entropy_coef=0.0020  policy_loss=-0.0066  value_loss=0.0000  entropy=0.182  clip_frac= 0.7%  (859.2s)
episode  65000  train_avg=   +8.8  adv_avg=  +29.1  eval_avg(500)=   +9.9  win_rate= 52.2%  entropy_coef=0.0020  policy_loss=-0.0066  value_loss=0.0000  entropy=0.184  clip_frac= 0.5%  (932.3s)
episode  70000  train_avg=  -15.3  adv_avg=   -0.5  eval_avg(500)=   +9.3  win_rate= 51.8%  entropy_coef=0.0020  policy_loss=-0.0078  value_loss=0.0000  entropy=0.184  clip_frac= 1.0%  (1002.2s)
episode  75000  train_avg=   +8.0  adv_avg=  +24.4  eval_avg(500)=  +17.4  win_rate= 53.4%  entropy_coef=0.0020  policy_loss=-0.0065  value_loss=0.0000  entropy=0.162  clip_frac= 0.5%  (1066.3s)
episode  80000  train_avg=  +26.3  adv_avg=  +25.7  eval_avg(500)=  +18.4  win_rate= 53.0%  entropy_coef=0.0020  policy_loss=-0.0057  value_loss=0.0000  entropy=0.164  clip_frac= 0.7%  (1129.6s)
episode  85000  train_avg=  +30.2  adv_avg=  +41.8  eval_avg(500)=   +6.0  win_rate= 51.2%  entropy_coef=0.0020  policy_loss=-0.0055  value_loss=0.0000  entropy=0.154  clip_frac= 0.5%  (1192.7s)
episode  90000  train_avg=  -12.4  adv_avg=   +8.4  eval_avg(500)=   +9.9  win_rate= 51.4%  entropy_coef=0.0020  policy_loss=-0.0061  value_loss=0.0000  entropy=0.130  clip_frac= 0.7%  (1255.2s)
episode  95000  train_avg=   +7.0  adv_avg=   -0.2  eval_avg(500)=  +19.3  win_rate= 53.4%  entropy_coef=0.0020  policy_loss=-0.0074  value_loss=0.0000  entropy=0.173  clip_frac= 1.1%  (1318.0s)
episode 100000  train_avg=  +25.0  adv_avg=  +16.7  eval_avg(500)=   +9.3  win_rate= 52.0%  entropy_coef=0.0020  policy_loss=-0.0070  value_loss=0.0000  entropy=0.141  clip_frac= 1.0%  (1380.6s)
poids sauvegardes dans rl_experiments_v3/exp_ppo_withfeat_nocritic_seed22/ppo_100000.pt
