/home/lsr/anaconda3/envs/env_coinche/lib/python3.13/site-packages/torch/autograd/graph.py:882: UserWarning: CUDA initialization: Unexpected error from cudaGetDeviceCount(). Did you run some cuda functions before calling NumCudaDevices() that might have already set an error? Error 804: forward compatibility was attempted on non supported HW (Triggered internally at /pytorch/c10/cuda/CUDAFunctions.cpp:119.)
  return Variable._execution_engine.run_backward(  # Calls into the C++ engine to run the backward pass
poids charges depuis rl_experiments_v4/imit_bignet.pt
episode   5000  train_avg=   +6.9  adv_avg=  -15.1  eval_avg(500)=   +2.9  win_rate= 50.0%  entropy_beta=0.0020  baseline=   +9.9  (113.4s)
episode  10000  train_avg=  -12.8  adv_avg=   +1.6  eval_avg(500)=  +11.1  win_rate= 51.8%  entropy_beta=0.0020  baseline=   -9.5  (227.2s)
episode  15000  train_avg=  +17.3  adv_avg=   -3.4  eval_avg(500)=   +1.7  win_rate= 49.8%  entropy_beta=0.0020  baseline=   +3.9  (341.3s)
episode  20000  train_avg=   +5.2  adv_avg=   -5.7  eval_avg(500)=  +17.3  win_rate= 53.0%  entropy_beta=0.0020  baseline=  +10.6  (455.4s)
episode  25000  train_avg=  -13.2  adv_avg=  +16.3  eval_avg(500)=   +8.5  win_rate= 51.4%  entropy_beta=0.0020  baseline=  -10.2  (570.0s)
episode  30000  train_avg=  +14.6  adv_avg=   +7.2  eval_avg(500)=  +22.7  win_rate= 55.4%  entropy_beta=0.0020  baseline=  +58.2  (678.3s)
episode  35000  train_avg=   +2.0  adv_avg=  +25.1  eval_avg(500)=  +14.3  win_rate= 53.2%  entropy_beta=0.0020  baseline=   +8.5  (791.8s)
episode  40000  train_avg=  +33.1  adv_avg=   +4.9  eval_avg(500)=   +6.2  win_rate= 50.6%  entropy_beta=0.0020  baseline=  +27.9  (904.5s)
episode  45000  train_avg=   -9.8  adv_avg=  +11.9  eval_avg(500)=  -16.9  win_rate= 46.0%  entropy_beta=0.0020  baseline=   +0.1  (1020.1s)
episode  50000  train_avg=  -12.1  adv_avg=   +6.4  eval_avg(500)=   +7.2  win_rate= 52.2%  entropy_beta=0.0020  baseline=  +24.4  (1132.4s)
episode  55000  train_avg=   -7.3  adv_avg=   -6.5  eval_avg(500)=  +13.4  win_rate= 52.2%  entropy_beta=0.0020  baseline=   -7.0  (1242.3s)
episode  60000  train_avg=  +26.6  adv_avg=  +32.8  eval_avg(500)=  +23.8  win_rate= 55.2%  entropy_beta=0.0020  baseline=  +12.0  (1350.8s)
episode  65000  train_avg=  +11.0  adv_avg=  +26.4  eval_avg(500)=  +29.6  win_rate= 56.0%  entropy_beta=0.0020  baseline=  +40.6  (1459.5s)
episode  70000  train_avg=  +18.9  adv_avg=  +19.0  eval_avg(500)=   +5.8  win_rate= 51.4%  entropy_beta=0.0020  baseline=  +28.7  (1575.2s)
episode  75000  train_avg=   -6.2  adv_avg=   +1.2  eval_avg(500)=  +21.4  win_rate= 54.8%  entropy_beta=0.0020  baseline=  +26.4  (1690.7s)
episode  80000  train_avg=  +30.9  adv_avg=   +1.0  eval_avg(500)=   +6.0  win_rate= 51.4%  entropy_beta=0.0020  baseline=  -25.1  (1811.3s)
episode  85000  train_avg=  +30.0  adv_avg=  +40.5  eval_avg(500)=  +22.6  win_rate= 54.8%  entropy_beta=0.0020  baseline=  +13.6  (1933.5s)
episode  90000  train_avg=   +8.3  adv_avg=   -5.7  eval_avg(500)=   -7.8  win_rate= 48.0%  entropy_beta=0.0020  baseline=  +13.3  (2058.4s)
episode  95000  train_avg=   +9.1  adv_avg=   +8.6  eval_avg(500)=  -18.8  win_rate= 46.4%  entropy_beta=0.0020  baseline=   +7.5  (2185.5s)
episode 100000  train_avg=  -27.1  adv_avg=   +6.0  eval_avg(500)=  +14.7  win_rate= 54.2%  entropy_beta=0.0020  baseline=  -12.3  (2302.2s)
poids sauvegardes dans rl_experiments_v4/exp_reinforce_bignet_lr1e-4_seed22/reinforce_100000.pt
