/home/lsr/anaconda3/envs/env_coinche/lib/python3.13/site-packages/torch/autograd/graph.py:882: UserWarning: CUDA initialization: Unexpected error from cudaGetDeviceCount(). Did you run some cuda functions before calling NumCudaDevices() that might have already set an error? Error 804: forward compatibility was attempted on non supported HW (Triggered internally at /pytorch/c10/cuda/CUDAFunctions.cpp:119.)
  return Variable._execution_engine.run_backward(  # Calls into the C++ engine to run the backward pass
adversaire fige charge depuis rl_experiments_v3/exp_growing_pool_ppo_seed21/seg_50000.pt
adversaire fige charge depuis rl_experiments_v3/exp_growing_pool_ppo_seed21/seg_100000.pt
adversaire fige charge depuis rl_experiments_v3/exp_growing_pool_ppo_seed21/seg_150000.pt
poids charges depuis rl_experiments_v3/exp_growing_pool_ppo_seed21/seg_150000.pt
poids de value_net charges depuis rl_experiments_v3/exp_growing_pool_ppo_seed21/seg_150000.pt
episode 152000  train_avg=   +7.8  adv_avg=   +6.7  eval_avg(500)=  +30.0  win_rate= 56.2%  entropy_coef=0.0020  policy_loss=-0.0065  value_loss=1.0352  entropy=0.154  clip_frac= 0.9%  (42.4s)
  picks: heuristic:498x(wr=0.49)  rl_experiments_v3/exp_growing_pool_ppo_seed21/seg_50000.pt:570x(wr=0.47)  rl_experiments_v3/exp_growing_pool_ppo_seed21/seg_100000.pt:597x(wr=0.55)  rl_experiments_v3/exp_growing_pool_ppo_seed21/seg_150000.pt:335x(wr=0.45)
episode 154000  train_avg=   -2.4  adv_avg=  +12.2  eval_avg(500)=  +13.6  win_rate= 53.2%  entropy_coef=0.0020  policy_loss=-0.0069  value_loss=1.0293  entropy=0.173  clip_frac= 0.8%  (88.5s)
  picks: heuristic:842x(wr=0.59)  rl_experiments_v3/exp_growing_pool_ppo_seed21/seg_50000.pt:1075x(wr=0.53)  rl_experiments_v3/exp_growing_pool_ppo_seed21/seg_100000.pt:1123x(wr=0.53)  rl_experiments_v3/exp_growing_pool_ppo_seed21/seg_150000.pt:960x(wr=0.35)
episode 156000  train_avg=  -13.4  adv_avg=  -12.8  eval_avg(500)=  +27.9  win_rate= 55.2%  entropy_coef=0.0020  policy_loss=-0.0094  value_loss=1.1140  entropy=0.156  clip_frac= 1.4%  (136.0s)
  picks: heuristic:986x(wr=0.58)  rl_experiments_v3/exp_growing_pool_ppo_seed21/seg_50000.pt:1769x(wr=0.47)  rl_experiments_v3/exp_growing_pool_ppo_seed21/seg_100000.pt:1431x(wr=0.47)  rl_experiments_v3/exp_growing_pool_ppo_seed21/seg_150000.pt:1814x(wr=0.49)
episode 158000  train_avg=  -16.8  adv_avg=   +3.6  eval_avg(500)=  +24.7  win_rate= 54.4%  entropy_coef=0.0020  policy_loss=-0.0081  value_loss=1.0001  entropy=0.197  clip_frac= 0.9%  (181.1s)
  picks: heuristic:1362x(wr=0.53)  rl_experiments_v3/exp_growing_pool_ppo_seed21/seg_50000.pt:2566x(wr=0.54)  rl_experiments_v3/exp_growing_pool_ppo_seed21/seg_100000.pt:1884x(wr=0.45)  rl_experiments_v3/exp_growing_pool_ppo_seed21/seg_150000.pt:2188x(wr=0.46)
episode 160000  train_avg=   -2.5  adv_avg=  -14.8  eval_avg(500)=  +33.4  win_rate= 57.4%  entropy_coef=0.0020  policy_loss=-0.0093  value_loss=0.9980  entropy=0.178  clip_frac= 1.0%  (226.5s)
  picks: heuristic:1619x(wr=0.60)  rl_experiments_v3/exp_growing_pool_ppo_seed21/seg_50000.pt:2877x(wr=0.51)  rl_experiments_v3/exp_growing_pool_ppo_seed21/seg_100000.pt:2887x(wr=0.43)  rl_experiments_v3/exp_growing_pool_ppo_seed21/seg_150000.pt:2617x(wr=0.49)
episode 162000  train_avg=   -4.5  adv_avg=  -31.4  eval_avg(500)=   +2.7  win_rate= 49.8%  entropy_coef=0.0020  policy_loss=-0.0074  value_loss=1.0313  entropy=0.183  clip_frac= 1.1%  (271.0s)
  picks: heuristic:1879x(wr=0.46)  rl_experiments_v3/exp_growing_pool_ppo_seed21/seg_50000.pt:3158x(wr=0.51)  rl_experiments_v3/exp_growing_pool_ppo_seed21/seg_100000.pt:3806x(wr=0.48)  rl_experiments_v3/exp_growing_pool_ppo_seed21/seg_150000.pt:3157x(wr=0.53)
episode 164000  train_avg=  +31.0  adv_avg=   -2.5  eval_avg(500)=   +7.7  win_rate= 52.0%  entropy_coef=0.0020  policy_loss=-0.0092  value_loss=1.1033  entropy=0.158  clip_frac= 1.6%  (311.1s)
  picks: heuristic:2552x(wr=0.65)  rl_experiments_v3/exp_growing_pool_ppo_seed21/seg_50000.pt:3616x(wr=0.56)  rl_experiments_v3/exp_growing_pool_ppo_seed21/seg_100000.pt:4291x(wr=0.52)  rl_experiments_v3/exp_growing_pool_ppo_seed21/seg_150000.pt:3541x(wr=0.50)
episode 166000  train_avg=  -14.4  adv_avg=  +15.4  eval_avg(500)=  +27.8  win_rate= 55.8%  entropy_coef=0.0020  policy_loss=-0.0068  value_loss=1.0200  entropy=0.177  clip_frac= 0.8%  (355.3s)
  picks: heuristic:2752x(wr=0.58)  rl_experiments_v3/exp_growing_pool_ppo_seed21/seg_50000.pt:3998x(wr=0.54)  rl_experiments_v3/exp_growing_pool_ppo_seed21/seg_100000.pt:5176x(wr=0.43)  rl_experiments_v3/exp_growing_pool_ppo_seed21/seg_150000.pt:4074x(wr=0.55)
episode 168000  train_avg=  +12.8  adv_avg=  +10.2  eval_avg(500)=   +9.3  win_rate= 52.4%  entropy_coef=0.0020  policy_loss=-0.0092  value_loss=1.0127  entropy=0.175  clip_frac= 1.3%  (399.6s)
  picks: heuristic:3200x(wr=0.55)  rl_experiments_v3/exp_growing_pool_ppo_seed21/seg_50000.pt:4287x(wr=0.47)  rl_experiments_v3/exp_growing_pool_ppo_seed21/seg_100000.pt:6079x(wr=0.50)  rl_experiments_v3/exp_growing_pool_ppo_seed21/seg_150000.pt:4434x(wr=0.51)
episode 170000  train_avg=  +28.8  adv_avg=   +8.5  eval_avg(500)=  +10.9  win_rate= 52.2%  entropy_coef=0.0020  policy_loss=-0.0082  value_loss=1.0095  entropy=0.176  clip_frac= 0.8%  (443.3s)
  picks: heuristic:3496x(wr=0.52)  rl_experiments_v3/exp_growing_pool_ppo_seed21/seg_50000.pt:5050x(wr=0.59)  rl_experiments_v3/exp_growing_pool_ppo_seed21/seg_100000.pt:6568x(wr=0.62)  rl_experiments_v3/exp_growing_pool_ppo_seed21/seg_150000.pt:4886x(wr=0.50)
episode 172000  train_avg=  -35.2  adv_avg=   -9.3  eval_avg(500)=  +37.2  win_rate= 58.0%  entropy_coef=0.0020  policy_loss=-0.0054  value_loss=1.0110  entropy=0.174  clip_frac= 0.6%  (484.2s)
  picks: heuristic:4045x(wr=0.50)  rl_experiments_v3/exp_growing_pool_ppo_seed21/seg_50000.pt:5548x(wr=0.43)  rl_experiments_v3/exp_growing_pool_ppo_seed21/seg_100000.pt:6975x(wr=0.44)  rl_experiments_v3/exp_growing_pool_ppo_seed21/seg_150000.pt:5432x(wr=0.49)
episode 174000  train_avg=   +4.7  adv_avg=   -2.7  eval_avg(500)=  +17.0  win_rate= 54.0%  entropy_coef=0.0020  policy_loss=-0.0061  value_loss=0.9837  entropy=0.171  clip_frac= 0.6%  (526.2s)
  picks: heuristic:4570x(wr=0.47)  rl_experiments_v3/exp_growing_pool_ppo_seed21/seg_50000.pt:5974x(wr=0.43)  rl_experiments_v3/exp_growing_pool_ppo_seed21/seg_100000.pt:7631x(wr=0.55)  rl_experiments_v3/exp_growing_pool_ppo_seed21/seg_150000.pt:5825x(wr=0.53)
episode 176000  train_avg=  +16.6  adv_avg=  +15.8  eval_avg(500)=   +8.8  win_rate= 52.0%  entropy_coef=0.0020  policy_loss=-0.0080  value_loss=0.9420  entropy=0.172  clip_frac= 0.8%  (568.6s)
  picks: heuristic:5079x(wr=0.54)  rl_experiments_v3/exp_growing_pool_ppo_seed21/seg_50000.pt:6478x(wr=0.46)  rl_experiments_v3/exp_growing_pool_ppo_seed21/seg_100000.pt:8053x(wr=0.54)  rl_experiments_v3/exp_growing_pool_ppo_seed21/seg_150000.pt:6390x(wr=0.51)
episode 178000  train_avg=   -4.7  adv_avg=   -3.3  eval_avg(500)=   +0.8  win_rate= 51.0%  entropy_coef=0.0020  policy_loss=-0.0052  value_loss=1.0537  entropy=0.156  clip_frac= 0.7%  (613.5s)
  picks: heuristic:5449x(wr=0.55)  rl_experiments_v3/exp_growing_pool_ppo_seed21/seg_50000.pt:6982x(wr=0.53)  rl_experiments_v3/exp_growing_pool_ppo_seed21/seg_100000.pt:8834x(wr=0.46)  rl_experiments_v3/exp_growing_pool_ppo_seed21/seg_150000.pt:6735x(wr=0.48)
episode 180000  train_avg=   -3.9  adv_avg=   -2.9  eval_avg(500)=  +10.4  win_rate= 51.8%  entropy_coef=0.0020  policy_loss=-0.0070  value_loss=1.0280  entropy=0.171  clip_frac= 0.9%  (658.8s)
  picks: heuristic:5667x(wr=0.50)  rl_experiments_v3/exp_growing_pool_ppo_seed21/seg_50000.pt:7463x(wr=0.46)  rl_experiments_v3/exp_growing_pool_ppo_seed21/seg_100000.pt:9535x(wr=0.48)  rl_experiments_v3/exp_growing_pool_ppo_seed21/seg_150000.pt:7335x(wr=0.49)
episode 182000  train_avg=   +7.5  adv_avg=   -2.6  eval_avg(500)=   +3.8  win_rate= 50.6%  entropy_coef=0.0020  policy_loss=-0.0098  value_loss=1.0288  entropy=0.181  clip_frac= 1.6%  (702.3s)
  picks: heuristic:6183x(wr=0.59)  rl_experiments_v3/exp_growing_pool_ppo_seed21/seg_50000.pt:7970x(wr=0.48)  rl_experiments_v3/exp_growing_pool_ppo_seed21/seg_100000.pt:10086x(wr=0.55)  rl_experiments_v3/exp_growing_pool_ppo_seed21/seg_150000.pt:7761x(wr=0.45)
episode 184000  train_avg=  +31.4  adv_avg=  +22.0  eval_avg(500)=  +14.0  win_rate= 52.6%  entropy_coef=0.0020  policy_loss=-0.0072  value_loss=0.9847  entropy=0.150  clip_frac= 0.8%  (747.1s)
  picks: heuristic:6497x(wr=0.61)  rl_experiments_v3/exp_growing_pool_ppo_seed21/seg_50000.pt:8522x(wr=0.57)  rl_experiments_v3/exp_growing_pool_ppo_seed21/seg_100000.pt:10641x(wr=0.46)  rl_experiments_v3/exp_growing_pool_ppo_seed21/seg_150000.pt:8340x(wr=0.56)
episode 186000  train_avg=   +1.3  adv_avg=   +8.2  eval_avg(500)=   +9.2  win_rate= 51.8%  entropy_coef=0.0020  policy_loss=-0.0065  value_loss=1.0256  entropy=0.160  clip_frac= 0.9%  (792.6s)
  picks: heuristic:6663x(wr=0.59)  rl_experiments_v3/exp_growing_pool_ppo_seed21/seg_50000.pt:9213x(wr=0.49)  rl_experiments_v3/exp_growing_pool_ppo_seed21/seg_100000.pt:11341x(wr=0.51)  rl_experiments_v3/exp_growing_pool_ppo_seed21/seg_150000.pt:8783x(wr=0.49)
episode 188000  train_avg=   -1.7  adv_avg=  +24.1  eval_avg(500)=  +17.4  win_rate= 53.6%  entropy_coef=0.0020  policy_loss=-0.0061  value_loss=1.0249  entropy=0.162  clip_frac= 0.7%  (836.4s)
  picks: heuristic:6973x(wr=0.57)  rl_experiments_v3/exp_growing_pool_ppo_seed21/seg_50000.pt:9632x(wr=0.53)  rl_experiments_v3/exp_growing_pool_ppo_seed21/seg_100000.pt:11919x(wr=0.47)  rl_experiments_v3/exp_growing_pool_ppo_seed21/seg_150000.pt:9476x(wr=0.47)
episode 190000  train_avg=   +4.0  adv_avg=  +12.5  eval_avg(500)=  +12.3  win_rate= 52.4%  entropy_coef=0.0020  policy_loss=-0.0081  value_loss=0.9902  entropy=0.157  clip_frac= 1.5%  (879.8s)
  picks: heuristic:7331x(wr=0.49)  rl_experiments_v3/exp_growing_pool_ppo_seed21/seg_50000.pt:10090x(wr=0.45)  rl_experiments_v3/exp_growing_pool_ppo_seed21/seg_100000.pt:12429x(wr=0.49)  rl_experiments_v3/exp_growing_pool_ppo_seed21/seg_150000.pt:10150x(wr=0.63)
episode 192000  train_avg=  -25.2  adv_avg=   +4.6  eval_avg(500)=  +21.1  win_rate= 54.4%  entropy_coef=0.0020  policy_loss=-0.0103  value_loss=1.0029  entropy=0.158  clip_frac= 1.6%  (924.9s)
  picks: heuristic:7782x(wr=0.44)  rl_experiments_v3/exp_growing_pool_ppo_seed21/seg_50000.pt:10897x(wr=0.41)  rl_experiments_v3/exp_growing_pool_ppo_seed21/seg_100000.pt:12985x(wr=0.51)  rl_experiments_v3/exp_growing_pool_ppo_seed21/seg_150000.pt:10336x(wr=0.48)
episode 194000  train_avg=   +3.7  adv_avg=   +6.5  eval_avg(500)=  +10.7  win_rate= 51.6%  entropy_coef=0.0020  policy_loss=-0.0063  value_loss=1.0652  entropy=0.153  clip_frac= 0.7%  (969.9s)
  picks: heuristic:8243x(wr=0.62)  rl_experiments_v3/exp_growing_pool_ppo_seed21/seg_50000.pt:11554x(wr=0.44)  rl_experiments_v3/exp_growing_pool_ppo_seed21/seg_100000.pt:13444x(wr=0.53)  rl_experiments_v3/exp_growing_pool_ppo_seed21/seg_150000.pt:10759x(wr=0.43)
episode 196000  train_avg=   +7.8  adv_avg=   -1.8  eval_avg(500)=   +4.0  win_rate= 50.8%  entropy_coef=0.0020  policy_loss=-0.0100  value_loss=0.9804  entropy=0.153  clip_frac= 1.5%  (1011.2s)
  picks: heuristic:8556x(wr=0.51)  rl_experiments_v3/exp_growing_pool_ppo_seed21/seg_50000.pt:11973x(wr=0.49)  rl_experiments_v3/exp_growing_pool_ppo_seed21/seg_100000.pt:14047x(wr=0.46)  rl_experiments_v3/exp_growing_pool_ppo_seed21/seg_150000.pt:11424x(wr=0.55)
episode 198000  train_avg=  +27.9  adv_avg=   +6.5  eval_avg(500)=  +28.7  win_rate= 55.6%  entropy_coef=0.0020  policy_loss=-0.0096  value_loss=0.9623  entropy=0.177  clip_frac= 1.3%  (1052.9s)
  picks: heuristic:8848x(wr=0.53)  rl_experiments_v3/exp_growing_pool_ppo_seed21/seg_50000.pt:12825x(wr=0.48)  rl_experiments_v3/exp_growing_pool_ppo_seed21/seg_100000.pt:14582x(wr=0.53)  rl_experiments_v3/exp_growing_pool_ppo_seed21/seg_150000.pt:11745x(wr=0.55)
episode 200000  train_avg=   +6.1  adv_avg=   +2.0  eval_avg(500)=  +14.8  win_rate= 53.0%  entropy_coef=0.0020  policy_loss=-0.0080  value_loss=0.9849  entropy=0.164  clip_frac= 1.2%  (1093.5s)
  picks: heuristic:9256x(wr=0.64)  rl_experiments_v3/exp_growing_pool_ppo_seed21/seg_50000.pt:13588x(wr=0.54)  rl_experiments_v3/exp_growing_pool_ppo_seed21/seg_100000.pt:15008x(wr=0.52)  rl_experiments_v3/exp_growing_pool_ppo_seed21/seg_150000.pt:12148x(wr=0.54)
poids sauvegardes dans rl_experiments_v3/exp_growing_pool_ppo_seed21/seg_200000.pt
PFSP picks total: heuristic:9256x(wr=0.64)  rl_experiments_v3/exp_growing_pool_ppo_seed21/seg_50000.pt:13588x(wr=0.54)  rl_experiments_v3/exp_growing_pool_ppo_seed21/seg_100000.pt:15008x(wr=0.52)  rl_experiments_v3/exp_growing_pool_ppo_seed21/seg_150000.pt:12148x(wr=0.54)
