/home/lsr/anaconda3/envs/env_coinche/lib/python3.13/site-packages/torch/autograd/graph.py:882: UserWarning: CUDA initialization: Unexpected error from cudaGetDeviceCount(). Did you run some cuda functions before calling NumCudaDevices() that might have already set an error? Error 804: forward compatibility was attempted on non supported HW (Triggered internally at /pytorch/c10/cuda/CUDAFunctions.cpp:119.)
  return Variable._execution_engine.run_backward(  # Calls into the C++ engine to run the backward pass
adversaire fige charge depuis rl_experiments_v3/exp_growing_pool_ppo_seed21/seg_50000.pt
adversaire fige charge depuis rl_experiments_v3/exp_growing_pool_ppo_seed21/seg_100000.pt
adversaire fige charge depuis rl_experiments_v3/exp_growing_pool_ppo_seed21/seg_150000.pt
adversaire fige charge depuis rl_experiments_v3/exp_growing_pool_ppo_seed21/seg_200000.pt
poids charges depuis rl_experiments_v3/exp_growing_pool_ppo_seed21/seg_200000.pt
poids de value_net charges depuis rl_experiments_v3/exp_growing_pool_ppo_seed21/seg_200000.pt
episode 202000  train_avg=   +4.1  adv_avg=  -25.6  eval_avg(500)=  +16.9  win_rate= 54.4%  entropy_coef=0.0020  policy_loss=-0.0087  value_loss=0.9823  entropy=0.165  clip_frac= 1.3%  (41.6s)
  picks: heuristic:284x(wr=0.51)  rl_experiments_v3/exp_growing_pool_ppo_seed21/seg_50000.pt:647x(wr=0.56)  rl_experiments_v3/exp_growing_pool_ppo_seed21/seg_100000.pt:344x(wr=0.48)  rl_experiments_v3/exp_growing_pool_ppo_seed21/seg_150000.pt:389x(wr=0.50)  rl_experiments_v3/exp_growing_pool_ppo_seed21/seg_200000.pt:336x(wr=0.54)
episode 204000  train_avg=  +11.0  adv_avg=  +10.3  eval_avg(500)=   +8.0  win_rate= 51.4%  entropy_coef=0.0020  policy_loss=-0.0101  value_loss=1.0572  entropy=0.162  clip_frac= 1.7%  (82.8s)
  picks: heuristic:658x(wr=0.56)  rl_experiments_v3/exp_growing_pool_ppo_seed21/seg_50000.pt:1070x(wr=0.53)  rl_experiments_v3/exp_growing_pool_ppo_seed21/seg_100000.pt:796x(wr=0.46)  rl_experiments_v3/exp_growing_pool_ppo_seed21/seg_150000.pt:918x(wr=0.51)  rl_experiments_v3/exp_growing_pool_ppo_seed21/seg_200000.pt:558x(wr=0.44)
episode 206000  train_avg=  -13.9  adv_avg=   -9.9  eval_avg(500)=  +15.4  win_rate= 53.2%  entropy_coef=0.0020  policy_loss=-0.0083  value_loss=1.0186  entropy=0.148  clip_frac= 1.3%  (124.2s)
  picks: heuristic:973x(wr=0.51)  rl_experiments_v3/exp_growing_pool_ppo_seed21/seg_50000.pt:1458x(wr=0.44)  rl_experiments_v3/exp_growing_pool_ppo_seed21/seg_100000.pt:1158x(wr=0.51)  rl_experiments_v3/exp_growing_pool_ppo_seed21/seg_150000.pt:1261x(wr=0.44)  rl_experiments_v3/exp_growing_pool_ppo_seed21/seg_200000.pt:1150x(wr=0.56)
episode 208000  train_avg=   +8.1  adv_avg=   +5.0  eval_avg(500)=   +7.9  win_rate= 51.8%  entropy_coef=0.0020  policy_loss=-0.0066  value_loss=1.0330  entropy=0.164  clip_frac= 0.8%  (166.0s)
  picks: heuristic:1277x(wr=0.58)  rl_experiments_v3/exp_growing_pool_ppo_seed21/seg_50000.pt:2004x(wr=0.47)  rl_experiments_v3/exp_growing_pool_ppo_seed21/seg_100000.pt:1524x(wr=0.50)  rl_experiments_v3/exp_growing_pool_ppo_seed21/seg_150000.pt:1667x(wr=0.53)  rl_experiments_v3/exp_growing_pool_ppo_seed21/seg_200000.pt:1528x(wr=0.56)
episode 210000  train_avg=  -26.1  adv_avg=   -6.0  eval_avg(500)=  +31.6  win_rate= 57.2%  entropy_coef=0.0020  policy_loss=-0.0076  value_loss=0.9944  entropy=0.152  clip_frac= 0.9%  (208.1s)
  picks: heuristic:1519x(wr=0.46)  rl_experiments_v3/exp_growing_pool_ppo_seed21/seg_50000.pt:2455x(wr=0.50)  rl_experiments_v3/exp_growing_pool_ppo_seed21/seg_100000.pt:2016x(wr=0.54)  rl_experiments_v3/exp_growing_pool_ppo_seed21/seg_150000.pt:2129x(wr=0.39)  rl_experiments_v3/exp_growing_pool_ppo_seed21/seg_200000.pt:1881x(wr=0.47)
episode 212000  train_avg=  +19.9  adv_avg=   -0.2  eval_avg(500)=  +23.0  win_rate= 55.0%  entropy_coef=0.0020  policy_loss=-0.0064  value_loss=1.0055  entropy=0.150  clip_frac= 0.7%  (249.3s)
  picks: heuristic:1886x(wr=0.55)  rl_experiments_v3/exp_growing_pool_ppo_seed21/seg_50000.pt:2728x(wr=0.48)  rl_experiments_v3/exp_growing_pool_ppo_seed21/seg_100000.pt:2282x(wr=0.59)  rl_experiments_v3/exp_growing_pool_ppo_seed21/seg_150000.pt:2674x(wr=0.52)  rl_experiments_v3/exp_growing_pool_ppo_seed21/seg_200000.pt:2430x(wr=0.50)
episode 214000  train_avg=  -13.8  adv_avg=  -19.5  eval_avg(500)=  +16.5  win_rate= 54.2%  entropy_coef=0.0020  policy_loss=-0.0075  value_loss=1.0396  entropy=0.169  clip_frac= 1.2%  (290.5s)
  picks: heuristic:2226x(wr=0.50)  rl_experiments_v3/exp_growing_pool_ppo_seed21/seg_50000.pt:3279x(wr=0.46)  rl_experiments_v3/exp_growing_pool_ppo_seed21/seg_100000.pt:2556x(wr=0.59)  rl_experiments_v3/exp_growing_pool_ppo_seed21/seg_150000.pt:3072x(wr=0.45)  rl_experiments_v3/exp_growing_pool_ppo_seed21/seg_200000.pt:2867x(wr=0.43)
episode 216000  train_avg=  +21.8  adv_avg=   +4.2  eval_avg(500)=   +9.1  win_rate= 51.8%  entropy_coef=0.0020  policy_loss=-0.0103  value_loss=0.9766  entropy=0.150  clip_frac= 1.5%  (332.0s)
  picks: heuristic:2554x(wr=0.65)  rl_experiments_v3/exp_growing_pool_ppo_seed21/seg_50000.pt:3657x(wr=0.52)  rl_experiments_v3/exp_growing_pool_ppo_seed21/seg_100000.pt:2699x(wr=0.55)  rl_experiments_v3/exp_growing_pool_ppo_seed21/seg_150000.pt:3600x(wr=0.48)  rl_experiments_v3/exp_growing_pool_ppo_seed21/seg_200000.pt:3490x(wr=0.49)
episode 218000  train_avg=  -31.8  adv_avg=   -0.7  eval_avg(500)=  +31.6  win_rate= 56.4%  entropy_coef=0.0020  policy_loss=-0.0107  value_loss=0.9604  entropy=0.179  clip_frac= 1.4%  (375.3s)
  picks: heuristic:2655x(wr=0.61)  rl_experiments_v3/exp_growing_pool_ppo_seed21/seg_50000.pt:4067x(wr=0.48)  rl_experiments_v3/exp_growing_pool_ppo_seed21/seg_100000.pt:3143x(wr=0.45)  rl_experiments_v3/exp_growing_pool_ppo_seed21/seg_150000.pt:4074x(wr=0.39)  rl_experiments_v3/exp_growing_pool_ppo_seed21/seg_200000.pt:4061x(wr=0.49)
episode 220000  train_avg=  +16.3  adv_avg=  +13.8  eval_avg(500)=  +30.0  win_rate= 56.4%  entropy_coef=0.0020  policy_loss=-0.0066  value_loss=0.9859  entropy=0.150  clip_frac= 0.9%  (418.1s)
  picks: heuristic:2832x(wr=0.60)  rl_experiments_v3/exp_growing_pool_ppo_seed21/seg_50000.pt:4505x(wr=0.53)  rl_experiments_v3/exp_growing_pool_ppo_seed21/seg_100000.pt:3474x(wr=0.44)  rl_experiments_v3/exp_growing_pool_ppo_seed21/seg_150000.pt:4865x(wr=0.53)  rl_experiments_v3/exp_growing_pool_ppo_seed21/seg_200000.pt:4324x(wr=0.57)
episode 222000  train_avg=   -9.6  adv_avg=  -14.2  eval_avg(500)=  +18.1  win_rate= 53.6%  entropy_coef=0.0020  policy_loss=-0.0098  value_loss=1.0187  entropy=0.175  clip_frac= 1.5%  (460.4s)
  picks: heuristic:3046x(wr=0.54)  rl_experiments_v3/exp_growing_pool_ppo_seed21/seg_50000.pt:5112x(wr=0.54)  rl_experiments_v3/exp_growing_pool_ppo_seed21/seg_100000.pt:3953x(wr=0.52)  rl_experiments_v3/exp_growing_pool_ppo_seed21/seg_150000.pt:5260x(wr=0.40)  rl_experiments_v3/exp_growing_pool_ppo_seed21/seg_200000.pt:4629x(wr=0.47)
episode 224000  train_avg=   +2.2  adv_avg=   +6.7  eval_avg(500)=   +0.8  win_rate= 50.4%  entropy_coef=0.0020  policy_loss=-0.0066  value_loss=0.9681  entropy=0.139  clip_frac= 0.9%  (502.0s)
  picks: heuristic:3384x(wr=0.59)  rl_experiments_v3/exp_growing_pool_ppo_seed21/seg_50000.pt:5377x(wr=0.57)  rl_experiments_v3/exp_growing_pool_ppo_seed21/seg_100000.pt:4300x(wr=0.50)  rl_experiments_v3/exp_growing_pool_ppo_seed21/seg_150000.pt:5973x(wr=0.48)  rl_experiments_v3/exp_growing_pool_ppo_seed21/seg_200000.pt:4966x(wr=0.47)
episode 226000  train_avg=  -21.2  adv_avg=   -1.9  eval_avg(500)=   +4.6  win_rate= 50.4%  entropy_coef=0.0020  policy_loss=-0.0074  value_loss=1.0464  entropy=0.174  clip_frac= 0.9%  (544.4s)
  picks: heuristic:3568x(wr=0.54)  rl_experiments_v3/exp_growing_pool_ppo_seed21/seg_50000.pt:5769x(wr=0.46)  rl_experiments_v3/exp_growing_pool_ppo_seed21/seg_100000.pt:4754x(wr=0.51)  rl_experiments_v3/exp_growing_pool_ppo_seed21/seg_150000.pt:6412x(wr=0.50)  rl_experiments_v3/exp_growing_pool_ppo_seed21/seg_200000.pt:5497x(wr=0.48)
episode 228000  train_avg=   +9.0  adv_avg=   -2.5  eval_avg(500)=  +19.0  win_rate= 53.6%  entropy_coef=0.0020  policy_loss=-0.0055  value_loss=1.0121  entropy=0.146  clip_frac= 0.7%  (585.8s)
  picks: heuristic:3895x(wr=0.45)  rl_experiments_v3/exp_growing_pool_ppo_seed21/seg_50000.pt:6226x(wr=0.60)  rl_experiments_v3/exp_growing_pool_ppo_seed21/seg_100000.pt:5179x(wr=0.47)  rl_experiments_v3/exp_growing_pool_ppo_seed21/seg_150000.pt:6768x(wr=0.56)  rl_experiments_v3/exp_growing_pool_ppo_seed21/seg_200000.pt:5932x(wr=0.46)
episode 230000  train_avg=  -15.3  adv_avg=  -24.6  eval_avg(500)=  +14.1  win_rate= 53.0%  entropy_coef=0.0020  policy_loss=-0.0090  value_loss=1.0035  entropy=0.154  clip_frac= 1.3%  (626.5s)
  picks: heuristic:4313x(wr=0.58)  rl_experiments_v3/exp_growing_pool_ppo_seed21/seg_50000.pt:6438x(wr=0.48)  rl_experiments_v3/exp_growing_pool_ppo_seed21/seg_100000.pt:5619x(wr=0.47)  rl_experiments_v3/exp_growing_pool_ppo_seed21/seg_150000.pt:7122x(wr=0.48)  rl_experiments_v3/exp_growing_pool_ppo_seed21/seg_200000.pt:6508x(wr=0.46)
episode 232000  train_avg=  +35.5  adv_avg=  +13.0  eval_avg(500)=  +27.9  win_rate= 55.8%  entropy_coef=0.0020  policy_loss=-0.0083  value_loss=0.9928  entropy=0.169  clip_frac= 1.1%  (669.3s)
  picks: heuristic:4477x(wr=0.54)  rl_experiments_v3/exp_growing_pool_ppo_seed21/seg_50000.pt:6766x(wr=0.57)  rl_experiments_v3/exp_growing_pool_ppo_seed21/seg_100000.pt:6251x(wr=0.56)  rl_experiments_v3/exp_growing_pool_ppo_seed21/seg_150000.pt:7592x(wr=0.46)  rl_experiments_v3/exp_growing_pool_ppo_seed21/seg_200000.pt:6914x(wr=0.56)
episode 234000  train_avg=   -2.6  adv_avg=   -4.1  eval_avg(500)=  +26.4  win_rate= 55.4%  entropy_coef=0.0020  policy_loss=-0.0061  value_loss=0.9889  entropy=0.156  clip_frac= 0.7%  (711.0s)
  picks: heuristic:4790x(wr=0.54)  rl_experiments_v3/exp_growing_pool_ppo_seed21/seg_50000.pt:6971x(wr=0.56)  rl_experiments_v3/exp_growing_pool_ppo_seed21/seg_100000.pt:6844x(wr=0.44)  rl_experiments_v3/exp_growing_pool_ppo_seed21/seg_150000.pt:8178x(wr=0.47)  rl_experiments_v3/exp_growing_pool_ppo_seed21/seg_200000.pt:7217x(wr=0.55)
episode 236000  train_avg=  +17.3  adv_avg=  +19.3  eval_avg(500)=  +20.7  win_rate= 54.6%  entropy_coef=0.0020  policy_loss=-0.0065  value_loss=0.9978  entropy=0.153  clip_frac= 0.9%  (752.9s)
  picks: heuristic:5030x(wr=0.57)  rl_experiments_v3/exp_growing_pool_ppo_seed21/seg_50000.pt:7474x(wr=0.59)  rl_experiments_v3/exp_growing_pool_ppo_seed21/seg_100000.pt:7311x(wr=0.48)  rl_experiments_v3/exp_growing_pool_ppo_seed21/seg_150000.pt:8677x(wr=0.52)  rl_experiments_v3/exp_growing_pool_ppo_seed21/seg_200000.pt:7508x(wr=0.50)
episode 238000  train_avg=  +25.1  adv_avg=   +8.6  eval_avg(500)=  +14.3  win_rate= 53.0%  entropy_coef=0.0020  policy_loss=-0.0087  value_loss=1.0158  entropy=0.148  clip_frac= 0.8%  (794.9s)
  picks: heuristic:5320x(wr=0.54)  rl_experiments_v3/exp_growing_pool_ppo_seed21/seg_50000.pt:7771x(wr=0.49)  rl_experiments_v3/exp_growing_pool_ppo_seed21/seg_100000.pt:7852x(wr=0.58)  rl_experiments_v3/exp_growing_pool_ppo_seed21/seg_150000.pt:9032x(wr=0.44)  rl_experiments_v3/exp_growing_pool_ppo_seed21/seg_200000.pt:8025x(wr=0.52)
episode 240000  train_avg=   -0.6  adv_avg=  -21.2  eval_avg(500)=   +4.9  win_rate= 50.8%  entropy_coef=0.0020  policy_loss=-0.0054  value_loss=1.0145  entropy=0.155  clip_frac= 0.7%  (837.5s)
  picks: heuristic:5557x(wr=0.56)  rl_experiments_v3/exp_growing_pool_ppo_seed21/seg_50000.pt:8350x(wr=0.56)  rl_experiments_v3/exp_growing_pool_ppo_seed21/seg_100000.pt:8132x(wr=0.56)  rl_experiments_v3/exp_growing_pool_ppo_seed21/seg_150000.pt:9603x(wr=0.48)  rl_experiments_v3/exp_growing_pool_ppo_seed21/seg_200000.pt:8358x(wr=0.42)
episode 242000  train_avg=   -4.9  adv_avg=   -5.2  eval_avg(500)=  +19.1  win_rate= 54.4%  entropy_coef=0.0020  policy_loss=-0.0070  value_loss=1.0017  entropy=0.162  clip_frac= 1.0%  (880.2s)
  picks: heuristic:5768x(wr=0.59)  rl_experiments_v3/exp_growing_pool_ppo_seed21/seg_50000.pt:8674x(wr=0.53)  rl_experiments_v3/exp_growing_pool_ppo_seed21/seg_100000.pt:8382x(wr=0.44)  rl_experiments_v3/exp_growing_pool_ppo_seed21/seg_150000.pt:10280x(wr=0.52)  rl_experiments_v3/exp_growing_pool_ppo_seed21/seg_200000.pt:8896x(wr=0.51)
episode 244000  train_avg=  +33.0  adv_avg=   +5.9  eval_avg(500)=  +29.3  win_rate= 56.0%  entropy_coef=0.0020  policy_loss=-0.0063  value_loss=1.0434  entropy=0.155  clip_frac= 0.6%  (922.3s)
  picks: heuristic:6037x(wr=0.57)  rl_experiments_v3/exp_growing_pool_ppo_seed21/seg_50000.pt:8912x(wr=0.53)  rl_experiments_v3/exp_growing_pool_ppo_seed21/seg_100000.pt:9187x(wr=0.51)  rl_experiments_v3/exp_growing_pool_ppo_seed21/seg_150000.pt:10585x(wr=0.59)  rl_experiments_v3/exp_growing_pool_ppo_seed21/seg_200000.pt:9279x(wr=0.53)
episode 246000  train_avg=   +3.2  adv_avg=   -7.1  eval_avg(500)=  +22.3  win_rate= 54.8%  entropy_coef=0.0020  policy_loss=-0.0068  value_loss=0.9877  entropy=0.155  clip_frac= 0.9%  (964.2s)
  picks: heuristic:6353x(wr=0.58)  rl_experiments_v3/exp_growing_pool_ppo_seed21/seg_50000.pt:9444x(wr=0.42)  rl_experiments_v3/exp_growing_pool_ppo_seed21/seg_100000.pt:9575x(wr=0.46)  rl_experiments_v3/exp_growing_pool_ppo_seed21/seg_150000.pt:10787x(wr=0.58)  rl_experiments_v3/exp_growing_pool_ppo_seed21/seg_200000.pt:9841x(wr=0.48)
episode 248000  train_avg=  +13.0  adv_avg=   -2.0  eval_avg(500)=   +8.8  win_rate= 51.6%  entropy_coef=0.0020  policy_loss=-0.0072  value_loss=1.0025  entropy=0.156  clip_frac= 1.1%  (1007.9s)
  picks: heuristic:6488x(wr=0.53)  rl_experiments_v3/exp_growing_pool_ppo_seed21/seg_50000.pt:10107x(wr=0.59)  rl_experiments_v3/exp_growing_pool_ppo_seed21/seg_100000.pt:10150x(wr=0.48)  rl_experiments_v3/exp_growing_pool_ppo_seed21/seg_150000.pt:10967x(wr=0.49)  rl_experiments_v3/exp_growing_pool_ppo_seed21/seg_200000.pt:10288x(wr=0.49)
episode 250000  train_avg=  -18.1  adv_avg=   +1.9  eval_avg(500)=  +18.4  win_rate= 53.6%  entropy_coef=0.0020  policy_loss=-0.0095  value_loss=0.9611  entropy=0.164  clip_frac= 1.5%  (1049.5s)
  picks: heuristic:6802x(wr=0.59)  rl_experiments_v3/exp_growing_pool_ppo_seed21/seg_50000.pt:10343x(wr=0.50)  rl_experiments_v3/exp_growing_pool_ppo_seed21/seg_100000.pt:10599x(wr=0.52)  rl_experiments_v3/exp_growing_pool_ppo_seed21/seg_150000.pt:11545x(wr=0.44)  rl_experiments_v3/exp_growing_pool_ppo_seed21/seg_200000.pt:10711x(wr=0.45)
poids sauvegardes dans rl_experiments_v3/exp_growing_pool_ppo_seed21/seg_250000.pt
PFSP picks total: heuristic:6802x(wr=0.59)  rl_experiments_v3/exp_growing_pool_ppo_seed21/seg_50000.pt:10343x(wr=0.50)  rl_experiments_v3/exp_growing_pool_ppo_seed21/seg_100000.pt:10599x(wr=0.52)  rl_experiments_v3/exp_growing_pool_ppo_seed21/seg_150000.pt:11545x(wr=0.44)  rl_experiments_v3/exp_growing_pool_ppo_seed21/seg_200000.pt:10711x(wr=0.45)
