poids charges depuis rl_experiments_v3/imit.pt
episode   2000  train_avg=   -0.6  adv_avg=   -2.9  eval_avg(500)=   -6.4  win_rate= 48.2%  entropy_coef=0.0020  policy_loss=-0.0076  value_loss=1.0002  entropy=0.199  clip_frac= 0.9%  (28.5s)
  picks: heuristic:2000x(wr=0.47)
episode   4000  train_avg=  -33.6  adv_avg=  -21.1  eval_avg(500)=   +0.5  win_rate= 49.8%  entropy_coef=0.0020  policy_loss=-0.0077  value_loss=1.0109  entropy=0.195  clip_frac= 0.8%  (56.9s)
  picks: heuristic:4000x(wr=0.43)
episode   6000  train_avg=  +16.5  adv_avg=   -9.1  eval_avg(500)=   +7.9  win_rate= 52.0%  entropy_coef=0.0020  policy_loss=-0.0084  value_loss=0.9986  entropy=0.206  clip_frac= 0.9%  (85.1s)
  picks: heuristic:6000x(wr=0.56)
episode   8000  train_avg=  +35.8  adv_avg=   +8.3  eval_avg(500)=   -6.4  win_rate= 47.8%  entropy_coef=0.0020  policy_loss=-0.0098  value_loss=1.0038  entropy=0.206  clip_frac= 1.2%  (113.5s)
  picks: heuristic:8000x(wr=0.57)
episode  10000  train_avg=   +6.6  adv_avg=  +12.1  eval_avg(500)=   +7.9  win_rate= 51.2%  entropy_coef=0.0020  policy_loss=-0.0090  value_loss=1.0219  entropy=0.207  clip_frac= 1.1%  (141.8s)
  picks: heuristic:10000x(wr=0.51)
episode  12000  train_avg=  -12.6  adv_avg=   -2.1  eval_avg(500)=   +8.9  win_rate= 51.2%  entropy_coef=0.0020  policy_loss=-0.0108  value_loss=1.0220  entropy=0.206  clip_frac= 1.6%  (170.0s)
  picks: heuristic:12000x(wr=0.48)
episode  14000  train_avg=   +7.9  adv_avg=   +2.5  eval_avg(500)=  +25.1  win_rate= 54.6%  entropy_coef=0.0020  policy_loss=-0.0079  value_loss=1.0495  entropy=0.185  clip_frac= 0.9%  (198.2s)
  picks: heuristic:14000x(wr=0.48)
episode  16000  train_avg=   -5.2  adv_avg=   -2.1  eval_avg(500)=  +11.2  win_rate= 52.2%  entropy_coef=0.0020  policy_loss=-0.0073  value_loss=0.9967  entropy=0.189  clip_frac= 0.7%  (226.7s)
  picks: heuristic:16000x(wr=0.45)
episode  18000  train_avg=  -23.1  adv_avg=  -28.4  eval_avg(500)=   +6.2  win_rate= 50.6%  entropy_coef=0.0020  policy_loss=-0.0069  value_loss=0.9913  entropy=0.186  clip_frac= 0.8%  (255.0s)
  picks: heuristic:18000x(wr=0.46)
episode  20000  train_avg=  -11.7  adv_avg=  -12.4  eval_avg(500)=   -4.1  win_rate= 48.8%  entropy_coef=0.0020  policy_loss=-0.0077  value_loss=1.0032  entropy=0.190  clip_frac= 0.9%  (283.2s)
  picks: heuristic:20000x(wr=0.48)
episode  22000  train_avg=   +9.2  adv_avg=   -3.0  eval_avg(500)=  +10.2  win_rate= 51.4%  entropy_coef=0.0020  policy_loss=-0.0080  value_loss=1.0054  entropy=0.181  clip_frac= 1.3%  (311.4s)
  picks: heuristic:22000x(wr=0.57)
episode  24000  train_avg=  +26.3  adv_avg=  +28.1  eval_avg(500)=   +9.9  win_rate= 52.6%  entropy_coef=0.0020  policy_loss=-0.0077  value_loss=1.0064  entropy=0.191  clip_frac= 0.9%  (339.8s)
  picks: heuristic:24000x(wr=0.52)
episode  26000  train_avg=  -10.2  adv_avg=   +0.8  eval_avg(500)=   -1.3  win_rate= 49.8%  entropy_coef=0.0020  policy_loss=-0.0077  value_loss=1.0105  entropy=0.185  clip_frac= 1.1%  (367.9s)
  picks: heuristic:26000x(wr=0.45)
episode  28000  train_avg=   -1.2  adv_avg=  -19.6  eval_avg(500)=   -2.8  win_rate= 49.6%  entropy_coef=0.0020  policy_loss=-0.0093  value_loss=1.0316  entropy=0.196  clip_frac= 1.4%  (396.0s)
  picks: heuristic:28000x(wr=0.50)
episode  30000  train_avg=   -7.2  adv_avg=  -24.9  eval_avg(500)=  +17.3  win_rate= 52.8%  entropy_coef=0.0020  policy_loss=-0.0086  value_loss=1.0117  entropy=0.179  clip_frac= 1.2%  (424.0s)
  picks: heuristic:30000x(wr=0.50)
episode  32000  train_avg=   +0.2  adv_avg=   +5.8  eval_avg(500)=   +7.1  win_rate= 51.8%  entropy_coef=0.0020  policy_loss=-0.0069  value_loss=1.0232  entropy=0.175  clip_frac= 0.8%  (452.3s)
  picks: heuristic:32000x(wr=0.52)
episode  34000  train_avg=   +0.5  adv_avg=  +22.3  eval_avg(500)=   +1.9  win_rate= 50.0%  entropy_coef=0.0020  policy_loss=-0.0100  value_loss=1.0721  entropy=0.200  clip_frac= 1.4%  (480.3s)
  picks: heuristic:34000x(wr=0.51)
episode  36000  train_avg=  -15.0  adv_avg=  +12.1  eval_avg(500)=   +8.9  win_rate= 51.6%  entropy_coef=0.0020  policy_loss=-0.0078  value_loss=1.0059  entropy=0.171  clip_frac= 1.0%  (508.4s)
  picks: heuristic:36000x(wr=0.52)
episode  38000  train_avg=  +14.9  adv_avg=   +6.6  eval_avg(500)=   +6.4  win_rate= 52.2%  entropy_coef=0.0020  policy_loss=-0.0069  value_loss=1.0286  entropy=0.164  clip_frac= 0.7%  (536.4s)
  picks: heuristic:38000x(wr=0.58)
episode  40000  train_avg=   +1.9  adv_avg=   +0.2  eval_avg(500)=  +13.9  win_rate= 52.0%  entropy_coef=0.0020  policy_loss=-0.0048  value_loss=0.9936  entropy=0.168  clip_frac= 0.7%  (564.7s)
  picks: heuristic:40000x(wr=0.48)
episode  42000  train_avg=  -11.4  adv_avg=   -0.8  eval_avg(500)=  +18.1  win_rate= 54.4%  entropy_coef=0.0020  policy_loss=-0.0090  value_loss=1.0396  entropy=0.186  clip_frac= 1.4%  (592.8s)
  picks: heuristic:42000x(wr=0.47)
episode  44000  train_avg=  +18.9  adv_avg=  +12.8  eval_avg(500)=  +23.8  win_rate= 55.8%  entropy_coef=0.0020  policy_loss=-0.0072  value_loss=1.0016  entropy=0.168  clip_frac= 0.7%  (620.9s)
  picks: heuristic:44000x(wr=0.53)
episode  46000  train_avg=  -11.6  adv_avg=  +19.9  eval_avg(500)=   +5.5  win_rate= 51.4%  entropy_coef=0.0020  policy_loss=-0.0085  value_loss=0.9950  entropy=0.173  clip_frac= 1.1%  (648.9s)
  picks: heuristic:46000x(wr=0.48)
episode  48000  train_avg=   +4.5  adv_avg=   +1.2  eval_avg(500)=  +18.1  win_rate= 53.2%  entropy_coef=0.0020  policy_loss=-0.0087  value_loss=0.9913  entropy=0.177  clip_frac= 0.8%  (677.2s)
  picks: heuristic:48000x(wr=0.52)
episode  50000  train_avg=  +27.0  adv_avg=  +30.1  eval_avg(500)=  +20.7  win_rate= 54.4%  entropy_coef=0.0020  policy_loss=-0.0087  value_loss=1.0221  entropy=0.172  clip_frac= 0.9%  (705.2s)
  picks: heuristic:50000x(wr=0.57)
poids sauvegardes dans rl_experiments_v3/exp_growing_pool_ppo_seed21/seg_50000.pt
PFSP picks total: heuristic:50000x(wr=0.57)
