adversaire fige charge depuis rl_experiments_v3/exp_growing_pool_ppo_seed21/seg_50000.pt
poids charges depuis rl_experiments_v3/exp_growing_pool_ppo_seed21/seg_50000.pt
poids de value_net charges depuis rl_experiments_v3/exp_growing_pool_ppo_seed21/seg_50000.pt
episode  52000  train_avg=   -5.7  adv_avg=   -4.6  eval_avg(500)=   +3.2  win_rate= 50.6%  entropy_coef=0.0020  policy_loss=-0.0084  value_loss=1.0274  entropy=0.176  clip_frac= 1.2%  (38.2s)
  picks: heuristic:737x(wr=0.58)  rl_experiments_v3/exp_growing_pool_ppo_seed21/seg_50000.pt:1263x(wr=0.43)
episode  54000  train_avg=  +15.4  adv_avg=   -6.5  eval_avg(500)=  +19.3  win_rate= 53.6%  entropy_coef=0.0020  policy_loss=-0.0088  value_loss=1.0300  entropy=0.174  clip_frac= 1.1%  (76.6s)
  picks: heuristic:1442x(wr=0.52)  rl_experiments_v3/exp_growing_pool_ppo_seed21/seg_50000.pt:2558x(wr=0.55)
episode  56000  train_avg=  +16.1  adv_avg=   +8.9  eval_avg(500)=  +13.6  win_rate= 52.6%  entropy_coef=0.0020  policy_loss=-0.0073  value_loss=0.9495  entropy=0.195  clip_frac= 0.8%  (112.8s)
  picks: heuristic:2409x(wr=0.59)  rl_experiments_v3/exp_growing_pool_ppo_seed21/seg_50000.pt:3591x(wr=0.48)
episode  58000  train_avg=   -4.0  adv_avg=  -11.4  eval_avg(500)=   +6.8  win_rate= 51.0%  entropy_coef=0.0020  policy_loss=-0.0093  value_loss=1.0205  entropy=0.180  clip_frac= 1.0%  (150.2s)
  picks: heuristic:3252x(wr=0.56)  rl_experiments_v3/exp_growing_pool_ppo_seed21/seg_50000.pt:4748x(wr=0.45)
episode  60000  train_avg=  -16.9  adv_avg=   +4.9  eval_avg(500)=   +3.9  win_rate= 50.6%  entropy_coef=0.0020  policy_loss=-0.0081  value_loss=1.0110  entropy=0.183  clip_frac= 1.0%  (187.1s)
  picks: heuristic:4154x(wr=0.51)  rl_experiments_v3/exp_growing_pool_ppo_seed21/seg_50000.pt:5846x(wr=0.38)
episode  62000  train_avg=   -7.6  adv_avg=   -0.4  eval_avg(500)=   -4.9  win_rate= 48.2%  entropy_coef=0.0020  policy_loss=-0.0075  value_loss=1.0131  entropy=0.193  clip_frac= 0.8%  (225.4s)
  picks: heuristic:4841x(wr=0.46)  rl_experiments_v3/exp_growing_pool_ppo_seed21/seg_50000.pt:7159x(wr=0.50)
episode  64000  train_avg=  -16.5  adv_avg=   -6.7  eval_avg(500)=   -3.5  win_rate= 49.0%  entropy_coef=0.0020  policy_loss=-0.0082  value_loss=1.0254  entropy=0.182  clip_frac= 0.7%  (262.0s)
  picks: heuristic:5771x(wr=0.54)  rl_experiments_v3/exp_growing_pool_ppo_seed21/seg_50000.pt:8229x(wr=0.42)
episode  66000  train_avg=   -4.7  adv_avg=   -9.2  eval_avg(500)=  +25.8  win_rate= 55.4%  entropy_coef=0.0020  policy_loss=-0.0064  value_loss=0.9768  entropy=0.174  clip_frac= 0.9%  (301.2s)
  picks: heuristic:6377x(wr=0.57)  rl_experiments_v3/exp_growing_pool_ppo_seed21/seg_50000.pt:9623x(wr=0.42)
episode  68000  train_avg=  +13.4  adv_avg=  +20.0  eval_avg(500)=  +10.4  win_rate= 52.6%  entropy_coef=0.0020  policy_loss=-0.0064  value_loss=0.9981  entropy=0.159  clip_frac= 0.5%  (339.4s)
  picks: heuristic:7105x(wr=0.52)  rl_experiments_v3/exp_growing_pool_ppo_seed21/seg_50000.pt:10895x(wr=0.50)
episode  70000  train_avg=   +6.1  adv_avg=  +11.6  eval_avg(500)=   +0.6  win_rate= 49.8%  entropy_coef=0.0020  policy_loss=-0.0079  value_loss=1.0377  entropy=0.166  clip_frac= 0.9%  (377.3s)
  picks: heuristic:7850x(wr=0.55)  rl_experiments_v3/exp_growing_pool_ppo_seed21/seg_50000.pt:12150x(wr=0.51)
episode  72000  train_avg=  -13.5  adv_avg=   +8.8  eval_avg(500)=  +19.7  win_rate= 53.4%  entropy_coef=0.0020  policy_loss=-0.0106  value_loss=1.0079  entropy=0.165  clip_frac= 1.1%  (413.2s)
  picks: heuristic:8873x(wr=0.49)  rl_experiments_v3/exp_growing_pool_ppo_seed21/seg_50000.pt:13127x(wr=0.46)
episode  74000  train_avg=  +45.4  adv_avg=  +20.7  eval_avg(500)=  +17.8  win_rate= 53.2%  entropy_coef=0.0020  policy_loss=-0.0078  value_loss=1.0118  entropy=0.164  clip_frac= 1.0%  (449.7s)
  picks: heuristic:9863x(wr=0.64)  rl_experiments_v3/exp_growing_pool_ppo_seed21/seg_50000.pt:14137x(wr=0.55)
episode  76000  train_avg=  +24.0  adv_avg=   -3.6  eval_avg(500)=  +11.0  win_rate= 51.8%  entropy_coef=0.0020  policy_loss=-0.0065  value_loss=1.0474  entropy=0.157  clip_frac= 1.0%  (489.0s)
  picks: heuristic:10425x(wr=0.59)  rl_experiments_v3/exp_growing_pool_ppo_seed21/seg_50000.pt:15575x(wr=0.56)
episode  78000  train_avg=   -7.2  adv_avg=   -1.3  eval_avg(500)=  +17.4  win_rate= 53.6%  entropy_coef=0.0020  policy_loss=-0.0081  value_loss=0.9812  entropy=0.173  clip_frac= 0.9%  (524.5s)
  picks: heuristic:11495x(wr=0.52)  rl_experiments_v3/exp_growing_pool_ppo_seed21/seg_50000.pt:16505x(wr=0.45)
episode  80000  train_avg=  -10.8  adv_avg=   -6.3  eval_avg(500)=   +1.5  win_rate= 50.6%  entropy_coef=0.0020  policy_loss=-0.0098  value_loss=1.0035  entropy=0.191  clip_frac= 1.2%  (560.7s)
  picks: heuristic:12459x(wr=0.50)  rl_experiments_v3/exp_growing_pool_ppo_seed21/seg_50000.pt:17541x(wr=0.42)
episode  82000  train_avg=  +18.5  adv_avg=  +18.4  eval_avg(500)=  +15.5  win_rate= 53.4%  entropy_coef=0.0020  policy_loss=-0.0082  value_loss=1.0025  entropy=0.174  clip_frac= 0.9%  (599.1s)
  picks: heuristic:13198x(wr=0.54)  rl_experiments_v3/exp_growing_pool_ppo_seed21/seg_50000.pt:18802x(wr=0.56)
episode  84000  train_avg=   -7.5  adv_avg=   -3.9  eval_avg(500)=   +6.5  win_rate= 50.6%  entropy_coef=0.0020  policy_loss=-0.0096  value_loss=1.0107  entropy=0.179  clip_frac= 1.2%  (635.6s)
  picks: heuristic:14125x(wr=0.51)  rl_experiments_v3/exp_growing_pool_ppo_seed21/seg_50000.pt:19875x(wr=0.45)
episode  86000  train_avg=   +1.4  adv_avg=  +29.2  eval_avg(500)=  +12.8  win_rate= 52.8%  entropy_coef=0.0020  policy_loss=-0.0084  value_loss=1.0008  entropy=0.155  clip_frac= 1.0%  (672.4s)
  picks: heuristic:15024x(wr=0.51)  rl_experiments_v3/exp_growing_pool_ppo_seed21/seg_50000.pt:20976x(wr=0.54)
episode  88000  train_avg=   +6.6  adv_avg=  +20.8  eval_avg(500)=  +17.5  win_rate= 53.6%  entropy_coef=0.0020  policy_loss=-0.0069  value_loss=0.9645  entropy=0.175  clip_frac= 0.7%  (707.5s)
  picks: heuristic:16150x(wr=0.52)  rl_experiments_v3/exp_growing_pool_ppo_seed21/seg_50000.pt:21850x(wr=0.54)
episode  90000  train_avg=  -13.3  adv_avg=  -15.2  eval_avg(500)=  +16.2  win_rate= 53.0%  entropy_coef=0.0020  policy_loss=-0.0083  value_loss=1.0592  entropy=0.175  clip_frac= 1.0%  (742.9s)
  picks: heuristic:17294x(wr=0.45)  rl_experiments_v3/exp_growing_pool_ppo_seed21/seg_50000.pt:22706x(wr=0.45)
episode  92000  train_avg=   -1.8  adv_avg=   +0.7  eval_avg(500)=   +2.2  win_rate= 51.0%  entropy_coef=0.0020  policy_loss=-0.0089  value_loss=0.9499  entropy=0.175  clip_frac= 1.2%  (778.7s)
  picks: heuristic:18314x(wr=0.50)  rl_experiments_v3/exp_growing_pool_ppo_seed21/seg_50000.pt:23686x(wr=0.48)
episode  94000  train_avg=  +14.6  adv_avg=   +8.0  eval_avg(500)=  +24.3  win_rate= 55.8%  entropy_coef=0.0020  policy_loss=-0.0102  value_loss=0.9835  entropy=0.190  clip_frac= 1.6%  (821.4s)
  picks: heuristic:19133x(wr=0.54)  rl_experiments_v3/exp_growing_pool_ppo_seed21/seg_50000.pt:24867x(wr=0.50)
episode  96000  train_avg=   -5.5  adv_avg=   +6.7  eval_avg(500)=  +18.1  win_rate= 52.4%  entropy_coef=0.0020  policy_loss=-0.0086  value_loss=0.9998  entropy=0.179  clip_frac= 1.3%  (856.4s)
  picks: heuristic:20381x(wr=0.50)  rl_experiments_v3/exp_growing_pool_ppo_seed21/seg_50000.pt:25619x(wr=0.52)
episode  98000  train_avg=   +2.2  adv_avg=  -12.6  eval_avg(500)=  +14.7  win_rate= 52.8%  entropy_coef=0.0020  policy_loss=-0.0096  value_loss=1.0127  entropy=0.157  clip_frac= 1.0%  (892.8s)
  picks: heuristic:21396x(wr=0.55)  rl_experiments_v3/exp_growing_pool_ppo_seed21/seg_50000.pt:26604x(wr=0.51)
episode 100000  train_avg=  +18.2  adv_avg=  +22.0  eval_avg(500)=  +16.6  win_rate= 53.0%  entropy_coef=0.0020  policy_loss=-0.0093  value_loss=0.9868  entropy=0.159  clip_frac= 1.5%  (930.7s)
  picks: heuristic:22167x(wr=0.56)  rl_experiments_v3/exp_growing_pool_ppo_seed21/seg_50000.pt:27833x(wr=0.52)
poids sauvegardes dans rl_experiments_v3/exp_growing_pool_ppo_seed21/seg_100000.pt
PFSP picks total: heuristic:22167x(wr=0.56)  rl_experiments_v3/exp_growing_pool_ppo_seed21/seg_50000.pt:27833x(wr=0.52)
