/home/lsr/anaconda3/envs/env_coinche/lib/python3.13/site-packages/torch/autograd/graph.py:882: UserWarning: CUDA initialization: Unexpected error from cudaGetDeviceCount(). Did you run some cuda functions before calling NumCudaDevices() that might have already set an error? Error 804: forward compatibility was attempted on non supported HW (Triggered internally at /pytorch/c10/cuda/CUDAFunctions.cpp:119.)
  return Variable._execution_engine.run_backward(  # Calls into the C++ engine to run the backward pass
adversaire fige charge depuis rl_experiments_v3/exp_growing_pool_ppo_seed21/seg_50000.pt
adversaire fige charge depuis rl_experiments_v3/exp_growing_pool_ppo_seed21/seg_100000.pt
adversaire fige charge depuis rl_experiments_v3/exp_growing_pool_ppo_seed21/seg_150000.pt
adversaire fige charge depuis rl_experiments_v3/exp_growing_pool_ppo_seed21/seg_200000.pt
adversaire fige charge depuis rl_experiments_v3/exp_growing_pool_ppo_seed21/seg_250000.pt
poids charges depuis rl_experiments_v3/exp_growing_pool_ppo_seed21/seg_250000.pt
poids de value_net charges depuis rl_experiments_v3/exp_growing_pool_ppo_seed21/seg_250000.pt
episode 252000  train_avg=  -10.7  adv_avg=   -5.0  eval_avg(500)=  +21.9  win_rate= 54.4%  entropy_coef=0.0020  policy_loss=-0.0058  value_loss=1.0077  entropy=0.154  clip_frac= 0.7%  (42.8s)
  picks: heuristic:205x(wr=0.55)  rl_experiments_v3/exp_growing_pool_ppo_seed21/seg_50000.pt:235x(wr=0.56)  rl_experiments_v3/exp_growing_pool_ppo_seed21/seg_100000.pt:374x(wr=0.52)  rl_experiments_v3/exp_growing_pool_ppo_seed21/seg_150000.pt:306x(wr=0.54)  rl_experiments_v3/exp_growing_pool_ppo_seed21/seg_200000.pt:566x(wr=0.45)  rl_experiments_v3/exp_growing_pool_ppo_seed21/seg_250000.pt:314x(wr=0.41)
episode 254000  train_avg=  +11.3  adv_avg=   +5.2  eval_avg(500)=  +20.4  win_rate= 54.8%  entropy_coef=0.0020  policy_loss=-0.0050  value_loss=0.9651  entropy=0.145  clip_frac= 0.4%  (85.3s)
  picks: heuristic:465x(wr=0.59)  rl_experiments_v3/exp_growing_pool_ppo_seed21/seg_50000.pt:422x(wr=0.38)  rl_experiments_v3/exp_growing_pool_ppo_seed21/seg_100000.pt:597x(wr=0.51)  rl_experiments_v3/exp_growing_pool_ppo_seed21/seg_150000.pt:440x(wr=0.49)  rl_experiments_v3/exp_growing_pool_ppo_seed21/seg_200000.pt:1063x(wr=0.57)  rl_experiments_v3/exp_growing_pool_ppo_seed21/seg_250000.pt:1013x(wr=0.57)
episode 256000  train_avg=   +5.2  adv_avg=  +31.5  eval_avg(500)=   +6.6  win_rate= 51.4%  entropy_coef=0.0020  policy_loss=-0.0097  value_loss=1.0099  entropy=0.154  clip_frac= 1.7%  (128.9s)
  picks: heuristic:552x(wr=0.63)  rl_experiments_v3/exp_growing_pool_ppo_seed21/seg_50000.pt:1205x(wr=0.45)  rl_experiments_v3/exp_growing_pool_ppo_seed21/seg_100000.pt:880x(wr=0.55)  rl_experiments_v3/exp_growing_pool_ppo_seed21/seg_150000.pt:888x(wr=0.47)  rl_experiments_v3/exp_growing_pool_ppo_seed21/seg_200000.pt:1289x(wr=0.50)  rl_experiments_v3/exp_growing_pool_ppo_seed21/seg_250000.pt:1186x(wr=0.51)
episode 258000  train_avg=   -4.2  adv_avg=   +5.3  eval_avg(500)=   +8.2  win_rate= 52.2%  entropy_coef=0.0020  policy_loss=-0.0063  value_loss=1.0430  entropy=0.135  clip_frac= 1.1%  (172.7s)
  picks: heuristic:689x(wr=0.56)  rl_experiments_v3/exp_growing_pool_ppo_seed21/seg_50000.pt:1676x(wr=0.59)  rl_experiments_v3/exp_growing_pool_ppo_seed21/seg_100000.pt:1083x(wr=0.47)  rl_experiments_v3/exp_growing_pool_ppo_seed21/seg_150000.pt:1190x(wr=0.50)  rl_experiments_v3/exp_growing_pool_ppo_seed21/seg_200000.pt:1684x(wr=0.50)  rl_experiments_v3/exp_growing_pool_ppo_seed21/seg_250000.pt:1678x(wr=0.52)
episode 260000  train_avg=  -34.1  adv_avg=  -10.9  eval_avg(500)=  +26.6  win_rate= 55.4%  entropy_coef=0.0020  policy_loss=-0.0065  value_loss=0.9833  entropy=0.154  clip_frac= 1.0%  (213.6s)
  picks: heuristic:1110x(wr=0.47)  rl_experiments_v3/exp_growing_pool_ppo_seed21/seg_50000.pt:1800x(wr=0.50)  rl_experiments_v3/exp_growing_pool_ppo_seed21/seg_100000.pt:1758x(wr=0.45)  rl_experiments_v3/exp_growing_pool_ppo_seed21/seg_150000.pt:1527x(wr=0.46)  rl_experiments_v3/exp_growing_pool_ppo_seed21/seg_200000.pt:1917x(wr=0.54)  rl_experiments_v3/exp_growing_pool_ppo_seed21/seg_250000.pt:1888x(wr=0.56)
episode 262000  train_avg=  +11.2  adv_avg=   -0.7  eval_avg(500)=  +32.4  win_rate= 57.0%  entropy_coef=0.0020  policy_loss=-0.0064  value_loss=0.9696  entropy=0.149  clip_frac= 0.9%  (255.6s)
  picks: heuristic:1410x(wr=0.57)  rl_experiments_v3/exp_growing_pool_ppo_seed21/seg_50000.pt:2095x(wr=0.45)  rl_experiments_v3/exp_growing_pool_ppo_seed21/seg_100000.pt:2165x(wr=0.50)  rl_experiments_v3/exp_growing_pool_ppo_seed21/seg_150000.pt:1970x(wr=0.49)  rl_experiments_v3/exp_growing_pool_ppo_seed21/seg_200000.pt:2272x(wr=0.56)  rl_experiments_v3/exp_growing_pool_ppo_seed21/seg_250000.pt:2088x(wr=0.52)
episode 264000  train_avg=   +1.6  adv_avg=   +5.9  eval_avg(500)=  +34.9  win_rate= 57.4%  entropy_coef=0.0020  policy_loss=-0.0059  value_loss=1.0473  entropy=0.149  clip_frac= 0.7%  (297.5s)
  picks: heuristic:1706x(wr=0.56)  rl_experiments_v3/exp_growing_pool_ppo_seed21/seg_50000.pt:2623x(wr=0.49)  rl_experiments_v3/exp_growing_pool_ppo_seed21/seg_100000.pt:2563x(wr=0.54)  rl_experiments_v3/exp_growing_pool_ppo_seed21/seg_150000.pt:2292x(wr=0.50)  rl_experiments_v3/exp_growing_pool_ppo_seed21/seg_200000.pt:2499x(wr=0.45)  rl_experiments_v3/exp_growing_pool_ppo_seed21/seg_250000.pt:2317x(wr=0.49)
episode 266000  train_avg=   +6.8  adv_avg=  +25.0  eval_avg(500)=  +12.5  win_rate= 53.2%  entropy_coef=0.0020  policy_loss=-0.0079  value_loss=0.9914  entropy=0.144  clip_frac= 1.0%  (341.2s)
  picks: heuristic:1913x(wr=0.59)  rl_experiments_v3/exp_growing_pool_ppo_seed21/seg_50000.pt:3101x(wr=0.52)  rl_experiments_v3/exp_growing_pool_ppo_seed21/seg_100000.pt:2788x(wr=0.52)  rl_experiments_v3/exp_growing_pool_ppo_seed21/seg_150000.pt:2684x(wr=0.49)  rl_experiments_v3/exp_growing_pool_ppo_seed21/seg_200000.pt:2840x(wr=0.53)  rl_experiments_v3/exp_growing_pool_ppo_seed21/seg_250000.pt:2674x(wr=0.52)
episode 268000  train_avg=  +16.8  adv_avg=  +26.7  eval_avg(500)=  +40.1  win_rate= 58.8%  entropy_coef=0.0020  policy_loss=-0.0070  value_loss=0.9890  entropy=0.141  clip_frac= 1.5%  (386.5s)
  picks: heuristic:2106x(wr=0.49)  rl_experiments_v3/exp_growing_pool_ppo_seed21/seg_50000.pt:3410x(wr=0.52)  rl_experiments_v3/exp_growing_pool_ppo_seed21/seg_100000.pt:3044x(wr=0.61)  rl_experiments_v3/exp_growing_pool_ppo_seed21/seg_150000.pt:3196x(wr=0.52)  rl_experiments_v3/exp_growing_pool_ppo_seed21/seg_200000.pt:3219x(wr=0.53)  rl_experiments_v3/exp_growing_pool_ppo_seed21/seg_250000.pt:3025x(wr=0.60)
episode 270000  train_avg=  +32.6  adv_avg=  +20.9  eval_avg(500)=  +23.0  win_rate= 55.2%  entropy_coef=0.0020  policy_loss=-0.0069  value_loss=1.0115  entropy=0.132  clip_frac= 0.9%  (427.7s)
  picks: heuristic:2516x(wr=0.59)  rl_experiments_v3/exp_growing_pool_ppo_seed21/seg_50000.pt:3761x(wr=0.51)  rl_experiments_v3/exp_growing_pool_ppo_seed21/seg_100000.pt:3180x(wr=0.48)  rl_experiments_v3/exp_growing_pool_ppo_seed21/seg_150000.pt:3738x(wr=0.55)  rl_experiments_v3/exp_growing_pool_ppo_seed21/seg_200000.pt:3554x(wr=0.58)  rl_experiments_v3/exp_growing_pool_ppo_seed21/seg_250000.pt:3251x(wr=0.55)
episode 272000  train_avg=  +18.4  adv_avg=   +9.6  eval_avg(500)=  +23.3  win_rate= 54.6%  entropy_coef=0.0020  policy_loss=-0.0076  value_loss=1.0133  entropy=0.147  clip_frac= 1.3%  (470.4s)
  picks: heuristic:2702x(wr=0.56)  rl_experiments_v3/exp_growing_pool_ppo_seed21/seg_50000.pt:4084x(wr=0.54)  rl_experiments_v3/exp_growing_pool_ppo_seed21/seg_100000.pt:3720x(wr=0.56)  rl_experiments_v3/exp_growing_pool_ppo_seed21/seg_150000.pt:4060x(wr=0.49)  rl_experiments_v3/exp_growing_pool_ppo_seed21/seg_200000.pt:3789x(wr=0.50)  rl_experiments_v3/exp_growing_pool_ppo_seed21/seg_250000.pt:3645x(wr=0.56)
episode 274000  train_avg=  +48.1  adv_avg=  +33.9  eval_avg(500)=  +31.7  win_rate= 57.0%  entropy_coef=0.0020  policy_loss=-0.0087  value_loss=0.9816  entropy=0.143  clip_frac= 1.3%  (513.0s)
  picks: heuristic:2925x(wr=0.42)  rl_experiments_v3/exp_growing_pool_ppo_seed21/seg_50000.pt:4400x(wr=0.56)  rl_experiments_v3/exp_growing_pool_ppo_seed21/seg_100000.pt:3929x(wr=0.61)  rl_experiments_v3/exp_growing_pool_ppo_seed21/seg_150000.pt:4531x(wr=0.54)  rl_experiments_v3/exp_growing_pool_ppo_seed21/seg_200000.pt:4233x(wr=0.67)  rl_experiments_v3/exp_growing_pool_ppo_seed21/seg_250000.pt:3982x(wr=0.55)
episode 276000  train_avg=  -11.9  adv_avg=   +1.2  eval_avg(500)=   +8.2  win_rate= 51.6%  entropy_coef=0.0020  policy_loss=-0.0067  value_loss=0.9676  entropy=0.142  clip_frac= 0.8%  (554.4s)
  picks: heuristic:3546x(wr=0.51)  rl_experiments_v3/exp_growing_pool_ppo_seed21/seg_50000.pt:4785x(wr=0.47)  rl_experiments_v3/exp_growing_pool_ppo_seed21/seg_100000.pt:4147x(wr=0.51)  rl_experiments_v3/exp_growing_pool_ppo_seed21/seg_150000.pt:4760x(wr=0.49)  rl_experiments_v3/exp_growing_pool_ppo_seed21/seg_200000.pt:4367x(wr=0.50)  rl_experiments_v3/exp_growing_pool_ppo_seed21/seg_250000.pt:4395x(wr=0.49)
episode 278000  train_avg=  +20.7  adv_avg=   +2.9  eval_avg(500)=  +24.4  win_rate= 54.8%  entropy_coef=0.0020  policy_loss=-0.0071  value_loss=0.9751  entropy=0.135  clip_frac= 1.2%  (598.6s)
  picks: heuristic:3791x(wr=0.55)  rl_experiments_v3/exp_growing_pool_ppo_seed21/seg_50000.pt:5169x(wr=0.44)  rl_experiments_v3/exp_growing_pool_ppo_seed21/seg_100000.pt:4498x(wr=0.60)  rl_experiments_v3/exp_growing_pool_ppo_seed21/seg_150000.pt:5129x(wr=0.61)  rl_experiments_v3/exp_growing_pool_ppo_seed21/seg_200000.pt:4618x(wr=0.45)  rl_experiments_v3/exp_growing_pool_ppo_seed21/seg_250000.pt:4795x(wr=0.46)
episode 280000  train_avg=  +19.4  adv_avg=  +18.9  eval_avg(500)=  +23.3  win_rate= 54.4%  entropy_coef=0.0020  policy_loss=-0.0092  value_loss=1.0484  entropy=0.145  clip_frac= 1.3%  (642.4s)
  picks: heuristic:3990x(wr=0.54)  rl_experiments_v3/exp_growing_pool_ppo_seed21/seg_50000.pt:5589x(wr=0.58)  rl_experiments_v3/exp_growing_pool_ppo_seed21/seg_100000.pt:4658x(wr=0.53)  rl_experiments_v3/exp_growing_pool_ppo_seed21/seg_150000.pt:5433x(wr=0.54)  rl_experiments_v3/exp_growing_pool_ppo_seed21/seg_200000.pt:5044x(wr=0.46)  rl_experiments_v3/exp_growing_pool_ppo_seed21/seg_250000.pt:5286x(wr=0.47)
episode 282000  train_avg=   +7.8  adv_avg=   +2.0  eval_avg(500)=  +20.7  win_rate= 53.4%  entropy_coef=0.0020  policy_loss=-0.0105  value_loss=0.9981  entropy=0.163  clip_frac= 1.5%  (687.2s)
  picks: heuristic:4182x(wr=0.60)  rl_experiments_v3/exp_growing_pool_ppo_seed21/seg_50000.pt:5940x(wr=0.56)  rl_experiments_v3/exp_growing_pool_ppo_seed21/seg_100000.pt:4891x(wr=0.58)  rl_experiments_v3/exp_growing_pool_ppo_seed21/seg_150000.pt:5763x(wr=0.39)  rl_experiments_v3/exp_growing_pool_ppo_seed21/seg_200000.pt:5449x(wr=0.46)  rl_experiments_v3/exp_growing_pool_ppo_seed21/seg_250000.pt:5775x(wr=0.55)
episode 284000  train_avg=  -13.3  adv_avg=  -24.1  eval_avg(500)=  +22.3  win_rate= 55.0%  entropy_coef=0.0020  policy_loss=-0.0074  value_loss=0.9854  entropy=0.147  clip_frac= 1.0%  (731.8s)
  picks: heuristic:4307x(wr=0.54)  rl_experiments_v3/exp_growing_pool_ppo_seed21/seg_50000.pt:6085x(wr=0.46)  rl_experiments_v3/exp_growing_pool_ppo_seed21/seg_100000.pt:5264x(wr=0.52)  rl_experiments_v3/exp_growing_pool_ppo_seed21/seg_150000.pt:6473x(wr=0.48)  rl_experiments_v3/exp_growing_pool_ppo_seed21/seg_200000.pt:5849x(wr=0.50)  rl_experiments_v3/exp_growing_pool_ppo_seed21/seg_250000.pt:6022x(wr=0.44)
episode 286000  train_avg=  +15.5  adv_avg=   +9.7  eval_avg(500)=   +8.1  win_rate= 51.4%  entropy_coef=0.0020  policy_loss=-0.0063  value_loss=0.9927  entropy=0.143  clip_frac= 0.7%  (777.2s)
  picks: heuristic:4514x(wr=0.52)  rl_experiments_v3/exp_growing_pool_ppo_seed21/seg_50000.pt:6492x(wr=0.51)  rl_experiments_v3/exp_growing_pool_ppo_seed21/seg_100000.pt:5681x(wr=0.52)  rl_experiments_v3/exp_growing_pool_ppo_seed21/seg_150000.pt:6798x(wr=0.54)  rl_experiments_v3/exp_growing_pool_ppo_seed21/seg_200000.pt:6099x(wr=0.52)  rl_experiments_v3/exp_growing_pool_ppo_seed21/seg_250000.pt:6416x(wr=0.51)
episode 288000  train_avg=   -8.0  adv_avg=   -6.7  eval_avg(500)=  +19.2  win_rate= 54.6%  entropy_coef=0.0020  policy_loss=-0.0085  value_loss=1.0228  entropy=0.159  clip_frac= 1.2%  (819.3s)
  picks: heuristic:4912x(wr=0.55)  rl_experiments_v3/exp_growing_pool_ppo_seed21/seg_50000.pt:6823x(wr=0.43)  rl_experiments_v3/exp_growing_pool_ppo_seed21/seg_100000.pt:6054x(wr=0.54)  rl_experiments_v3/exp_growing_pool_ppo_seed21/seg_150000.pt:7070x(wr=0.48)  rl_experiments_v3/exp_growing_pool_ppo_seed21/seg_200000.pt:6338x(wr=0.46)  rl_experiments_v3/exp_growing_pool_ppo_seed21/seg_250000.pt:6803x(wr=0.50)
episode 290000  train_avg=  +11.7  adv_avg=   +4.2  eval_avg(500)=  +20.0  win_rate= 54.4%  entropy_coef=0.0020  policy_loss=-0.0044  value_loss=0.9832  entropy=0.135  clip_frac= 0.5%  (862.7s)
  picks: heuristic:5146x(wr=0.59)  rl_experiments_v3/exp_growing_pool_ppo_seed21/seg_50000.pt:7319x(wr=0.47)  rl_experiments_v3/exp_growing_pool_ppo_seed21/seg_100000.pt:6294x(wr=0.48)  rl_experiments_v3/exp_growing_pool_ppo_seed21/seg_150000.pt:7314x(wr=0.55)  rl_experiments_v3/exp_growing_pool_ppo_seed21/seg_200000.pt:6786x(wr=0.49)  rl_experiments_v3/exp_growing_pool_ppo_seed21/seg_250000.pt:7141x(wr=0.52)
episode 292000  train_avg=   -4.5  adv_avg=   +9.0  eval_avg(500)=   +3.5  win_rate= 49.2%  entropy_coef=0.0020  policy_loss=-0.0089  value_loss=0.9798  entropy=0.166  clip_frac= 1.2%  (907.5s)
  picks: heuristic:5310x(wr=0.65)  rl_experiments_v3/exp_growing_pool_ppo_seed21/seg_50000.pt:7648x(wr=0.57)  rl_experiments_v3/exp_growing_pool_ppo_seed21/seg_100000.pt:6722x(wr=0.43)  rl_experiments_v3/exp_growing_pool_ppo_seed21/seg_150000.pt:7625x(wr=0.39)  rl_experiments_v3/exp_growing_pool_ppo_seed21/seg_200000.pt:7175x(wr=0.46)  rl_experiments_v3/exp_growing_pool_ppo_seed21/seg_250000.pt:7520x(wr=0.49)
episode 294000  train_avg=  +10.1  adv_avg=  +13.1  eval_avg(500)=  +33.4  win_rate= 57.2%  entropy_coef=0.0020  policy_loss=-0.0065  value_loss=0.9966  entropy=0.184  clip_frac= 0.6%  (952.0s)
  picks: heuristic:5417x(wr=0.53)  rl_experiments_v3/exp_growing_pool_ppo_seed21/seg_50000.pt:7918x(wr=0.48)  rl_experiments_v3/exp_growing_pool_ppo_seed21/seg_100000.pt:7054x(wr=0.49)  rl_experiments_v3/exp_growing_pool_ppo_seed21/seg_150000.pt:8100x(wr=0.51)  rl_experiments_v3/exp_growing_pool_ppo_seed21/seg_200000.pt:7584x(wr=0.52)  rl_experiments_v3/exp_growing_pool_ppo_seed21/seg_250000.pt:7927x(wr=0.47)
episode 296000  train_avg=   -6.7  adv_avg=   -0.6  eval_avg(500)=   -3.6  win_rate= 48.4%  entropy_coef=0.0020  policy_loss=-0.0073  value_loss=1.0496  entropy=0.152  clip_frac= 0.9%  (995.1s)
  picks: heuristic:5634x(wr=0.59)  rl_experiments_v3/exp_growing_pool_ppo_seed21/seg_50000.pt:8248x(wr=0.50)  rl_experiments_v3/exp_growing_pool_ppo_seed21/seg_100000.pt:7503x(wr=0.48)  rl_experiments_v3/exp_growing_pool_ppo_seed21/seg_150000.pt:8486x(wr=0.46)  rl_experiments_v3/exp_growing_pool_ppo_seed21/seg_200000.pt:7932x(wr=0.50)  rl_experiments_v3/exp_growing_pool_ppo_seed21/seg_250000.pt:8197x(wr=0.46)
episode 298000  train_avg=   +6.6  adv_avg=  +14.2  eval_avg(500)=  +24.0  win_rate= 55.0%  entropy_coef=0.0020  policy_loss=-0.0088  value_loss=0.9943  entropy=0.151  clip_frac= 1.1%  (1039.0s)
  picks: heuristic:5852x(wr=0.55)  rl_experiments_v3/exp_growing_pool_ppo_seed21/seg_50000.pt:8563x(wr=0.48)  rl_experiments_v3/exp_growing_pool_ppo_seed21/seg_100000.pt:7918x(wr=0.51)  rl_experiments_v3/exp_growing_pool_ppo_seed21/seg_150000.pt:8791x(wr=0.49)  rl_experiments_v3/exp_growing_pool_ppo_seed21/seg_200000.pt:8387x(wr=0.57)  rl_experiments_v3/exp_growing_pool_ppo_seed21/seg_250000.pt:8489x(wr=0.50)
episode 300000  train_avg=  -10.9  adv_avg=   +0.4  eval_avg(500)=  +35.0  win_rate= 57.2%  entropy_coef=0.0020  policy_loss=-0.0072  value_loss=0.9966  entropy=0.162  clip_frac= 1.2%  (1082.9s)
  picks: heuristic:6073x(wr=0.52)  rl_experiments_v3/exp_growing_pool_ppo_seed21/seg_50000.pt:9090x(wr=0.48)  rl_experiments_v3/exp_growing_pool_ppo_seed21/seg_100000.pt:8233x(wr=0.45)  rl_experiments_v3/exp_growing_pool_ppo_seed21/seg_150000.pt:9125x(wr=0.56)  rl_experiments_v3/exp_growing_pool_ppo_seed21/seg_200000.pt:8565x(wr=0.55)  rl_experiments_v3/exp_growing_pool_ppo_seed21/seg_250000.pt:8914x(wr=0.43)
poids sauvegardes dans rl_experiments_v3/exp_growing_pool_ppo_seed21/seg_300000.pt
PFSP picks total: heuristic:6073x(wr=0.52)  rl_experiments_v3/exp_growing_pool_ppo_seed21/seg_50000.pt:9090x(wr=0.48)  rl_experiments_v3/exp_growing_pool_ppo_seed21/seg_100000.pt:8233x(wr=0.45)  rl_experiments_v3/exp_growing_pool_ppo_seed21/seg_150000.pt:9125x(wr=0.56)  rl_experiments_v3/exp_growing_pool_ppo_seed21/seg_200000.pt:8565x(wr=0.55)  rl_experiments_v3/exp_growing_pool_ppo_seed21/seg_250000.pt:8914x(wr=0.43)
