adversaire fige charge depuis rl_experiments_v3/exp_growing_pool_ppo_seed21/seg_50000.pt
adversaire fige charge depuis rl_experiments_v3/exp_growing_pool_ppo_seed21/seg_100000.pt
poids charges depuis rl_experiments_v3/exp_growing_pool_ppo_seed21/seg_100000.pt
poids de value_net charges depuis rl_experiments_v3/exp_growing_pool_ppo_seed21/seg_100000.pt
episode 102000  train_avg=   +2.1  adv_avg=   -3.9  eval_avg(500)=  +14.4  win_rate= 52.6%  entropy_coef=0.0020  policy_loss=-0.0060  value_loss=1.0431  entropy=0.168  clip_frac= 0.5%  (42.5s)
  picks: heuristic:474x(wr=0.48)  rl_experiments_v3/exp_growing_pool_ppo_seed21/seg_50000.pt:438x(wr=0.59)  rl_experiments_v3/exp_growing_pool_ppo_seed21/seg_100000.pt:1088x(wr=0.51)
episode 104000  train_avg=   +7.8  adv_avg=   -8.2  eval_avg(500)=   -2.4  win_rate= 49.2%  entropy_coef=0.0020  policy_loss=-0.0089  value_loss=0.9924  entropy=0.174  clip_frac= 1.0%  (82.1s)
  picks: heuristic:1365x(wr=0.57)  rl_experiments_v3/exp_growing_pool_ppo_seed21/seg_50000.pt:1034x(wr=0.52)  rl_experiments_v3/exp_growing_pool_ppo_seed21/seg_100000.pt:1601x(wr=0.47)
episode 106000  train_avg=   -7.7  adv_avg=  +11.8  eval_avg(500)=  +12.0  win_rate= 52.2%  entropy_coef=0.0020  policy_loss=-0.0084  value_loss=1.0074  entropy=0.178  clip_frac= 0.8%  (126.2s)
  picks: heuristic:1794x(wr=0.46)  rl_experiments_v3/exp_growing_pool_ppo_seed21/seg_50000.pt:1678x(wr=0.54)  rl_experiments_v3/exp_growing_pool_ppo_seed21/seg_100000.pt:2528x(wr=0.47)
episode 108000  train_avg=  -12.7  adv_avg=  -10.0  eval_avg(500)=  +16.9  win_rate= 53.6%  entropy_coef=0.0020  policy_loss=-0.0107  value_loss=1.0020  entropy=0.207  clip_frac= 1.0%  (172.1s)
  picks: heuristic:2294x(wr=0.60)  rl_experiments_v3/exp_growing_pool_ppo_seed21/seg_50000.pt:2319x(wr=0.40)  rl_experiments_v3/exp_growing_pool_ppo_seed21/seg_100000.pt:3387x(wr=0.56)
episode 110000  train_avg=   -2.2  adv_avg=  +10.2  eval_avg(500)=  +30.6  win_rate= 56.8%  entropy_coef=0.0020  policy_loss=-0.0098  value_loss=1.0042  entropy=0.192  clip_frac= 1.3%  (222.0s)
  picks: heuristic:2718x(wr=0.50)  rl_experiments_v3/exp_growing_pool_ppo_seed21/seg_50000.pt:3394x(wr=0.52)  rl_experiments_v3/exp_growing_pool_ppo_seed21/seg_100000.pt:3888x(wr=0.46)
episode 112000  train_avg=  +13.5  adv_avg=  -11.8  eval_avg(500)=  +17.4  win_rate= 53.4%  entropy_coef=0.0020  policy_loss=-0.0085  value_loss=0.9818  entropy=0.179  clip_frac= 1.3%  (265.9s)
  picks: heuristic:3331x(wr=0.56)  rl_experiments_v3/exp_growing_pool_ppo_seed21/seg_50000.pt:4146x(wr=0.52)  rl_experiments_v3/exp_growing_pool_ppo_seed21/seg_100000.pt:4523x(wr=0.48)
episode 114000  train_avg=  +24.0  adv_avg=   +1.6  eval_avg(500)=  +15.2  win_rate= 53.0%  entropy_coef=0.0020  policy_loss=-0.0088  value_loss=0.9887  entropy=0.168  clip_frac= 1.0%  (310.3s)
  picks: heuristic:3848x(wr=0.50)  rl_experiments_v3/exp_growing_pool_ppo_seed21/seg_50000.pt:4886x(wr=0.55)  rl_experiments_v3/exp_growing_pool_ppo_seed21/seg_100000.pt:5266x(wr=0.61)
episode 116000  train_avg=   +1.9  adv_avg=  -12.3  eval_avg(500)=  +16.9  win_rate= 53.2%  entropy_coef=0.0020  policy_loss=-0.0061  value_loss=1.0052  entropy=0.182  clip_frac= 0.7%  (350.1s)
  picks: heuristic:4630x(wr=0.57)  rl_experiments_v3/exp_growing_pool_ppo_seed21/seg_50000.pt:5625x(wr=0.54)  rl_experiments_v3/exp_growing_pool_ppo_seed21/seg_100000.pt:5745x(wr=0.47)
episode 118000  train_avg=  +29.7  adv_avg=  +22.5  eval_avg(500)=  +19.5  win_rate= 54.0%  entropy_coef=0.0020  policy_loss=-0.0064  value_loss=1.0020  entropy=0.153  clip_frac= 0.8%  (392.5s)
  picks: heuristic:5251x(wr=0.59)  rl_experiments_v3/exp_growing_pool_ppo_seed21/seg_50000.pt:6281x(wr=0.50)  rl_experiments_v3/exp_growing_pool_ppo_seed21/seg_100000.pt:6468x(wr=0.57)
episode 120000  train_avg=   -1.4  adv_avg=   -3.3  eval_avg(500)=  +11.7  win_rate= 53.0%  entropy_coef=0.0020  policy_loss=-0.0061  value_loss=0.9845  entropy=0.173  clip_frac= 0.9%  (435.0s)
  picks: heuristic:5832x(wr=0.54)  rl_experiments_v3/exp_growing_pool_ppo_seed21/seg_50000.pt:7197x(wr=0.57)  rl_experiments_v3/exp_growing_pool_ppo_seed21/seg_100000.pt:6971x(wr=0.47)
episode 122000  train_avg=  +11.6  adv_avg=  -13.2  eval_avg(500)=  +10.2  win_rate= 52.2%  entropy_coef=0.0020  policy_loss=-0.0071  value_loss=0.9892  entropy=0.161  clip_frac= 0.8%  (502.1s)
  picks: heuristic:6301x(wr=0.65)  rl_experiments_v3/exp_growing_pool_ppo_seed21/seg_50000.pt:7722x(wr=0.51)  rl_experiments_v3/exp_growing_pool_ppo_seed21/seg_100000.pt:7977x(wr=0.45)
episode 124000  train_avg=  +12.7  adv_avg=  +25.7  eval_avg(500)=  +24.8  win_rate= 55.0%  entropy_coef=0.0020  policy_loss=-0.0077  value_loss=1.0314  entropy=0.182  clip_frac= 0.9%  (547.6s)
  picks: heuristic:6523x(wr=0.65)  rl_experiments_v3/exp_growing_pool_ppo_seed21/seg_50000.pt:8331x(wr=0.56)  rl_experiments_v3/exp_growing_pool_ppo_seed21/seg_100000.pt:9146x(wr=0.49)
episode 126000  train_avg=   +0.6  adv_avg=   -2.1  eval_avg(500)=  +22.0  win_rate= 54.6%  entropy_coef=0.0020  policy_loss=-0.0095  value_loss=1.0404  entropy=0.187  clip_frac= 1.3%  (592.4s)
  picks: heuristic:6960x(wr=0.51)  rl_experiments_v3/exp_growing_pool_ppo_seed21/seg_50000.pt:8811x(wr=0.54)  rl_experiments_v3/exp_growing_pool_ppo_seed21/seg_100000.pt:10229x(wr=0.47)
episode 128000  train_avg=  -12.4  adv_avg=   +6.7  eval_avg(500)=  +17.8  win_rate= 53.6%  entropy_coef=0.0020  policy_loss=-0.0094  value_loss=1.0064  entropy=0.190  clip_frac= 0.9%  (633.3s)
  picks: heuristic:7740x(wr=0.42)  rl_experiments_v3/exp_growing_pool_ppo_seed21/seg_50000.pt:9346x(wr=0.56)  rl_experiments_v3/exp_growing_pool_ppo_seed21/seg_100000.pt:10914x(wr=0.47)
episode 130000  train_avg=   -9.8  adv_avg=   +2.6  eval_avg(500)=  +20.9  win_rate= 54.4%  entropy_coef=0.0020  policy_loss=-0.0075  value_loss=1.0581  entropy=0.181  clip_frac= 0.8%  (673.2s)
  picks: heuristic:8511x(wr=0.55)  rl_experiments_v3/exp_growing_pool_ppo_seed21/seg_50000.pt:9723x(wr=0.49)  rl_experiments_v3/exp_growing_pool_ppo_seed21/seg_100000.pt:11766x(wr=0.44)
episode 132000  train_avg=   +7.8  adv_avg=   -6.5  eval_avg(500)=  +14.4  win_rate= 54.0%  entropy_coef=0.0020  policy_loss=-0.0094  value_loss=0.9950  entropy=0.189  clip_frac= 1.3%  (717.0s)
  picks: heuristic:9001x(wr=0.58)  rl_experiments_v3/exp_growing_pool_ppo_seed21/seg_50000.pt:10541x(wr=0.48)  rl_experiments_v3/exp_growing_pool_ppo_seed21/seg_100000.pt:12458x(wr=0.43)
episode 134000  train_avg=   +2.9  adv_avg=   -4.7  eval_avg(500)=  +34.5  win_rate= 56.6%  entropy_coef=0.0020  policy_loss=-0.0077  value_loss=0.9953  entropy=0.184  clip_frac= 0.9%  (760.5s)
  picks: heuristic:9422x(wr=0.58)  rl_experiments_v3/exp_growing_pool_ppo_seed21/seg_50000.pt:11334x(wr=0.58)  rl_experiments_v3/exp_growing_pool_ppo_seed21/seg_100000.pt:13244x(wr=0.44)
episode 136000  train_avg=   -3.3  adv_avg=  +11.1  eval_avg(500)=  +13.8  win_rate= 52.2%  entropy_coef=0.0020  policy_loss=-0.0081  value_loss=1.0563  entropy=0.164  clip_frac= 1.0%  (803.5s)
  picks: heuristic:10002x(wr=0.50)  rl_experiments_v3/exp_growing_pool_ppo_seed21/seg_50000.pt:11923x(wr=0.52)  rl_experiments_v3/exp_growing_pool_ppo_seed21/seg_100000.pt:14075x(wr=0.38)
episode 138000  train_avg=   +1.2  adv_avg=  +13.3  eval_avg(500)=  +26.1  win_rate= 55.4%  entropy_coef=0.0020  policy_loss=-0.0082  value_loss=1.0228  entropy=0.191  clip_frac= 1.1%  (847.2s)
  picks: heuristic:10704x(wr=0.43)  rl_experiments_v3/exp_growing_pool_ppo_seed21/seg_50000.pt:12343x(wr=0.56)  rl_experiments_v3/exp_growing_pool_ppo_seed21/seg_100000.pt:14953x(wr=0.57)
episode 140000  train_avg=  -13.7  adv_avg=  -11.3  eval_avg(500)=   +0.8  win_rate= 50.4%  entropy_coef=0.0020  policy_loss=-0.0071  value_loss=1.0655  entropy=0.178  clip_frac= 0.8%  (889.5s)
  picks: heuristic:11536x(wr=0.49)  rl_experiments_v3/exp_growing_pool_ppo_seed21/seg_50000.pt:12750x(wr=0.49)  rl_experiments_v3/exp_growing_pool_ppo_seed21/seg_100000.pt:15714x(wr=0.48)
episode 142000  train_avg=  -12.7  adv_avg=   -2.7  eval_avg(500)=  +27.4  win_rate= 54.8%  entropy_coef=0.0020  policy_loss=-0.0103  value_loss=1.0684  entropy=0.178  clip_frac= 1.4%  (934.9s)
  picks: heuristic:12054x(wr=0.42)  rl_experiments_v3/exp_growing_pool_ppo_seed21/seg_50000.pt:13519x(wr=0.50)  rl_experiments_v3/exp_growing_pool_ppo_seed21/seg_100000.pt:16427x(wr=0.45)
episode 144000  train_avg=  +11.6  adv_avg=   +7.0  eval_avg(500)=  +19.8  win_rate= 54.6%  entropy_coef=0.0020  policy_loss=-0.0083  value_loss=1.0286  entropy=0.183  clip_frac= 0.9%  (977.6s)
  picks: heuristic:12759x(wr=0.60)  rl_experiments_v3/exp_growing_pool_ppo_seed21/seg_50000.pt:14037x(wr=0.50)  rl_experiments_v3/exp_growing_pool_ppo_seed21/seg_100000.pt:17204x(wr=0.52)
episode 146000  train_avg=  +11.3  adv_avg=   +0.8  eval_avg(500)=  +11.6  win_rate= 51.6%  entropy_coef=0.0020  policy_loss=-0.0079  value_loss=1.0177  entropy=0.172  clip_frac= 0.9%  (1019.4s)
  picks: heuristic:13639x(wr=0.58)  rl_experiments_v3/exp_growing_pool_ppo_seed21/seg_50000.pt:14629x(wr=0.55)  rl_experiments_v3/exp_growing_pool_ppo_seed21/seg_100000.pt:17732x(wr=0.49)
episode 148000  train_avg=  -18.1  adv_avg=   -8.2  eval_avg(500)=  +16.1  win_rate= 54.0%  entropy_coef=0.0020  policy_loss=-0.0068  value_loss=1.0043  entropy=0.164  clip_frac= 0.8%  (1066.2s)
  picks: heuristic:13956x(wr=0.50)  rl_experiments_v3/exp_growing_pool_ppo_seed21/seg_50000.pt:15173x(wr=0.50)  rl_experiments_v3/exp_growing_pool_ppo_seed21/seg_100000.pt:18871x(wr=0.50)
episode 150000  train_avg=   +7.0  adv_avg=   +3.5  eval_avg(500)=  +29.8  win_rate= 55.6%  entropy_coef=0.0020  policy_loss=-0.0087  value_loss=0.9843  entropy=0.174  clip_frac= 1.2%  (1110.0s)
  picks: heuristic:14451x(wr=0.62)  rl_experiments_v3/exp_growing_pool_ppo_seed21/seg_50000.pt:15748x(wr=0.53)  rl_experiments_v3/exp_growing_pool_ppo_seed21/seg_100000.pt:19801x(wr=0.49)
poids sauvegardes dans rl_experiments_v3/exp_growing_pool_ppo_seed21/seg_150000.pt
PFSP picks total: heuristic:14451x(wr=0.62)  rl_experiments_v3/exp_growing_pool_ppo_seed21/seg_50000.pt:15748x(wr=0.53)  rl_experiments_v3/exp_growing_pool_ppo_seed21/seg_100000.pt:19801x(wr=0.49)
