poids charges depuis rl_experiments_v3/imit.pt
episode   2000  train_avg=  -16.3  adv_avg=  -17.2  eval_avg(500)=   +9.5  win_rate= 51.0%  entropy_beta=0.0020  baseline=  -21.3  (31.3s)
  picks: heuristic:2000x(wr=0.44)
episode   4000  train_avg=  +12.8  adv_avg=  +17.0  eval_avg(500)=   +7.8  win_rate= 50.6%  entropy_beta=0.0020  baseline=  +30.8  (61.0s)
  picks: heuristic:4000x(wr=0.52)
episode   6000  train_avg=   +5.2  adv_avg=   +4.9  eval_avg(500)=   +6.2  win_rate= 51.2%  entropy_beta=0.0020  baseline=  +48.9  (90.3s)
  picks: heuristic:6000x(wr=0.60)
episode   8000  train_avg=  -16.7  adv_avg=  -25.2  eval_avg(500)=   +8.3  win_rate= 52.4%  entropy_beta=0.0020  baseline=  -14.5  (117.2s)
  picks: heuristic:8000x(wr=0.51)
episode  10000  train_avg=  +15.8  adv_avg=   +5.3  eval_avg(500)=  +28.2  win_rate= 56.2%  entropy_beta=0.0020  baseline=   -8.6  (143.2s)
  picks: heuristic:10000x(wr=0.48)
episode  12000  train_avg=   +0.3  adv_avg=   -9.3  eval_avg(500)=  -12.3  win_rate= 47.6%  entropy_beta=0.0020  baseline=   -8.4  (168.9s)
  picks: heuristic:12000x(wr=0.45)
episode  14000  train_avg=   -6.8  adv_avg=   -9.7  eval_avg(500)=  +10.9  win_rate= 52.4%  entropy_beta=0.0020  baseline=  -15.5  (194.8s)
  picks: heuristic:14000x(wr=0.45)
episode  16000  train_avg=   +8.5  adv_avg=   -7.2  eval_avg(500)=   -2.0  win_rate= 49.0%  entropy_beta=0.0020  baseline=  -44.9  (221.1s)
  picks: heuristic:16000x(wr=0.52)
episode  18000  train_avg=  +11.5  adv_avg=   +1.7  eval_avg(500)=   +0.8  win_rate= 50.6%  entropy_beta=0.0020  baseline=   +1.7  (246.8s)
  picks: heuristic:18000x(wr=0.57)
episode  20000  train_avg=   +7.8  adv_avg=  +11.2  eval_avg(500)=   +7.6  win_rate= 51.8%  entropy_beta=0.0020  baseline=  +23.6  (273.4s)
  picks: heuristic:20000x(wr=0.47)
episode  22000  train_avg=  +26.2  adv_avg=  +12.8  eval_avg(500)=  +10.2  win_rate= 53.2%  entropy_beta=0.0020  baseline=  -22.2  (299.9s)
  picks: heuristic:22000x(wr=0.51)
episode  24000  train_avg=   +2.5  adv_avg=   +5.2  eval_avg(500)=  +26.6  win_rate= 55.2%  entropy_beta=0.0020  baseline=  +11.0  (326.3s)
  picks: heuristic:24000x(wr=0.50)
episode  26000  train_avg=   -2.9  adv_avg=   +1.3  eval_avg(500)=   +3.7  win_rate= 49.6%  entropy_beta=0.0020  baseline=  +43.0  (352.3s)
  picks: heuristic:26000x(wr=0.53)
episode  28000  train_avg=  +22.6  adv_avg=  +15.8  eval_avg(500)=  +16.6  win_rate= 52.4%  entropy_beta=0.0020  baseline=  +23.2  (378.1s)
  picks: heuristic:28000x(wr=0.55)
episode  30000  train_avg=   -0.4  adv_avg=  +26.7  eval_avg(500)=  +26.9  win_rate= 55.4%  entropy_beta=0.0020  baseline=  +30.4  (404.3s)
  picks: heuristic:30000x(wr=0.61)
episode  32000  train_avg=  +19.7  adv_avg=   -5.5  eval_avg(500)=   -4.3  win_rate= 48.8%  entropy_beta=0.0020  baseline=  +12.3  (430.0s)
  picks: heuristic:32000x(wr=0.60)
episode  34000  train_avg=  -12.8  adv_avg=  -24.0  eval_avg(500)=   +7.2  win_rate= 50.8%  entropy_beta=0.0020  baseline=  -10.9  (456.0s)
  picks: heuristic:34000x(wr=0.51)
episode  36000  train_avg=  +19.4  adv_avg=  +21.1  eval_avg(500)=  +17.8  win_rate= 53.8%  entropy_beta=0.0020  baseline=  +40.4  (481.8s)
  picks: heuristic:36000x(wr=0.55)
episode  38000  train_avg=  +19.5  adv_avg=  +18.1  eval_avg(500)=  +18.5  win_rate= 54.2%  entropy_beta=0.0020  baseline=  -10.6  (507.5s)
  picks: heuristic:38000x(wr=0.49)
episode  40000  train_avg=   +8.7  adv_avg=   +6.4  eval_avg(500)=   +2.6  win_rate= 50.0%  entropy_beta=0.0020  baseline=  +39.5  (534.1s)
  picks: heuristic:40000x(wr=0.51)
episode  42000  train_avg=   +5.1  adv_avg=  +16.0  eval_avg(500)=  +26.3  win_rate= 55.6%  entropy_beta=0.0020  baseline=  -19.9  (560.9s)
  picks: heuristic:42000x(wr=0.52)
episode  44000  train_avg=  +41.4  adv_avg=  +54.5  eval_avg(500)=   +6.2  win_rate= 51.0%  entropy_beta=0.0020  baseline=  +32.0  (586.6s)
  picks: heuristic:44000x(wr=0.51)
episode  46000  train_avg=   +6.2  adv_avg=   -6.0  eval_avg(500)=  +13.3  win_rate= 53.6%  entropy_beta=0.0020  baseline=   -9.0  (612.6s)
  picks: heuristic:46000x(wr=0.54)
episode  48000  train_avg=  +26.8  adv_avg=  +32.4  eval_avg(500)=  +18.6  win_rate= 53.4%  entropy_beta=0.0020  baseline=  +21.8  (638.3s)
  picks: heuristic:48000x(wr=0.50)
episode  50000  train_avg=   -0.8  adv_avg=  +22.7  eval_avg(500)=   +3.2  win_rate= 50.4%  entropy_beta=0.0020  baseline=   +4.3  (664.1s)
  picks: heuristic:50000x(wr=0.47)
poids sauvegardes dans rl_experiments_v3/exp_growing_pool_seed22/seg_50000.pt
PFSP picks total: heuristic:50000x(wr=0.47)
