adversaire fige charge depuis rl_experiments_v3/exp_growing_pool_seed22/seg_50000.pt
poids charges depuis rl_experiments_v3/exp_growing_pool_seed22/seg_50000.pt
episode  52000  train_avg=  +13.1  adv_avg=   +8.6  eval_avg(500)=  +12.9  win_rate= 52.8%  entropy_beta=0.0020  baseline=   -4.6  (36.0s)
  picks: heuristic:789x(wr=0.46)  rl_experiments_v3/exp_growing_pool_seed22/seg_50000.pt:1211x(wr=0.52)
episode  54000  train_avg=  +26.5  adv_avg=  +25.7  eval_avg(500)=   +5.1  win_rate= 51.2%  entropy_beta=0.0020  baseline=  +28.3  (68.1s)
  picks: heuristic:1998x(wr=0.59)  rl_experiments_v3/exp_growing_pool_seed22/seg_50000.pt:2002x(wr=0.53)
episode  56000  train_avg=  -11.0  adv_avg=   -6.2  eval_avg(500)=  +15.9  win_rate= 53.2%  entropy_beta=0.0020  baseline=   -2.6  (102.7s)
  picks: heuristic:2979x(wr=0.50)  rl_experiments_v3/exp_growing_pool_seed22/seg_50000.pt:3021x(wr=0.47)
episode  58000  train_avg=  +23.1  adv_avg=   -2.2  eval_avg(500)=  +17.0  win_rate= 54.0%  entropy_beta=0.0020  baseline=  -45.6  (139.0s)
  picks: heuristic:3808x(wr=0.60)  rl_experiments_v3/exp_growing_pool_seed22/seg_50000.pt:4192x(wr=0.53)
episode  60000  train_avg=  -19.5  adv_avg=   -5.4  eval_avg(500)=  +28.2  win_rate= 55.0%  entropy_beta=0.0020  baseline=  -38.9  (174.8s)
  picks: heuristic:4604x(wr=0.49)  rl_experiments_v3/exp_growing_pool_seed22/seg_50000.pt:5396x(wr=0.41)
episode  62000  train_avg=   +5.5  adv_avg=   +0.9  eval_avg(500)=   +8.3  win_rate= 51.2%  entropy_beta=0.0020  baseline=  -34.5  (208.1s)
  picks: heuristic:5689x(wr=0.52)  rl_experiments_v3/exp_growing_pool_seed22/seg_50000.pt:6311x(wr=0.45)
episode  64000  train_avg=  +22.9  adv_avg=   +8.8  eval_avg(500)=   +3.4  win_rate= 51.4%  entropy_beta=0.0020  baseline=  +25.4  (243.1s)
  picks: heuristic:6541x(wr=0.59)  rl_experiments_v3/exp_growing_pool_seed22/seg_50000.pt:7459x(wr=0.56)
episode  66000  train_avg=   +6.1  adv_avg=  +16.4  eval_avg(500)=   +1.7  win_rate= 50.2%  entropy_beta=0.0020  baseline=  -36.4  (284.1s)
  picks: heuristic:7207x(wr=0.57)  rl_experiments_v3/exp_growing_pool_seed22/seg_50000.pt:8793x(wr=0.49)
episode  68000  train_avg=   +7.0  adv_avg=  -24.4  eval_avg(500)=  +22.1  win_rate= 55.4%  entropy_beta=0.0020  baseline=  -54.5  (319.3s)
  picks: heuristic:8203x(wr=0.52)  rl_experiments_v3/exp_growing_pool_seed22/seg_50000.pt:9797x(wr=0.51)
episode  70000  train_avg=  +27.9  adv_avg=  +25.1  eval_avg(500)=  +15.1  win_rate= 52.6%  entropy_beta=0.0020  baseline=  +30.7  (354.5s)
  picks: heuristic:9125x(wr=0.56)  rl_experiments_v3/exp_growing_pool_seed22/seg_50000.pt:10875x(wr=0.54)
episode  72000  train_avg=  +37.5  adv_avg=  +36.4  eval_avg(500)=  +12.0  win_rate= 51.8%  entropy_beta=0.0020  baseline=  +47.5  (388.6s)
  picks: heuristic:10174x(wr=0.56)  rl_experiments_v3/exp_growing_pool_seed22/seg_50000.pt:11826x(wr=0.51)
episode  74000  train_avg=  +10.3  adv_avg=   -9.2  eval_avg(500)=   +3.2  win_rate= 50.4%  entropy_beta=0.0020  baseline=  -26.3  (427.7s)
  picks: heuristic:10625x(wr=0.54)  rl_experiments_v3/exp_growing_pool_seed22/seg_50000.pt:13375x(wr=0.46)
episode  76000  train_avg=  +36.1  adv_avg=  +30.3  eval_avg(500)=   +1.2  win_rate= 49.0%  entropy_beta=0.0020  baseline=   +4.6  (463.2s)
  picks: heuristic:11513x(wr=0.54)  rl_experiments_v3/exp_growing_pool_seed22/seg_50000.pt:14487x(wr=0.57)
episode  78000  train_avg=   -0.8  adv_avg=  -22.1  eval_avg(500)=  +23.5  win_rate= 55.0%  entropy_beta=0.0020  baseline=  -23.5  (496.8s)
  picks: heuristic:12660x(wr=0.47)  rl_experiments_v3/exp_growing_pool_seed22/seg_50000.pt:15340x(wr=0.59)
episode  80000  train_avg=  +20.3  adv_avg=   -1.8  eval_avg(500)=   +4.1  win_rate= 51.0%  entropy_beta=0.0020  baseline=  +14.6  (529.5s)
  picks: heuristic:13865x(wr=0.54)  rl_experiments_v3/exp_growing_pool_seed22/seg_50000.pt:16135x(wr=0.59)
episode  82000  train_avg=   +0.9  adv_avg=  +29.1  eval_avg(500)=   +4.3  win_rate= 50.4%  entropy_beta=0.0020  baseline=  +21.2  (562.6s)
  picks: heuristic:15140x(wr=0.49)  rl_experiments_v3/exp_growing_pool_seed22/seg_50000.pt:16860x(wr=0.46)
episode  84000  train_avg=   +6.1  adv_avg=  +21.9  eval_avg(500)=  +15.3  win_rate= 53.6%  entropy_beta=0.0020  baseline=  +37.6  (598.1s)
  picks: heuristic:16055x(wr=0.60)  rl_experiments_v3/exp_growing_pool_seed22/seg_50000.pt:17945x(wr=0.45)
episode  86000  train_avg=  +28.2  adv_avg=  +18.7  eval_avg(500)=  +30.4  win_rate= 56.4%  entropy_beta=0.0020  baseline=  +15.0  (635.6s)
  picks: heuristic:16799x(wr=0.59)  rl_experiments_v3/exp_growing_pool_seed22/seg_50000.pt:19201x(wr=0.51)
episode  88000  train_avg=  +17.0  adv_avg=   +6.3  eval_avg(500)=  +23.5  win_rate= 54.6%  entropy_beta=0.0020  baseline=  +23.0  (671.9s)
  picks: heuristic:17643x(wr=0.52)  rl_experiments_v3/exp_growing_pool_seed22/seg_50000.pt:20357x(wr=0.56)
episode  90000  train_avg=  +33.1  adv_avg=  +50.4  eval_avg(500)=  +19.1  win_rate= 53.6%  entropy_beta=0.0020  baseline=  +64.3  (706.5s)
  picks: heuristic:18719x(wr=0.54)  rl_experiments_v3/exp_growing_pool_seed22/seg_50000.pt:21281x(wr=0.55)
episode  92000  train_avg=  +33.4  adv_avg=  +34.4  eval_avg(500)=  +17.5  win_rate= 53.6%  entropy_beta=0.0020  baseline=  +51.3  (739.7s)
  picks: heuristic:19931x(wr=0.67)  rl_experiments_v3/exp_growing_pool_seed22/seg_50000.pt:22069x(wr=0.47)
episode  94000  train_avg=  +26.7  adv_avg=   +9.9  eval_avg(500)=  +13.1  win_rate= 52.0%  entropy_beta=0.0020  baseline=  +47.4  (778.1s)
  picks: heuristic:20577x(wr=0.54)  rl_experiments_v3/exp_growing_pool_seed22/seg_50000.pt:23423x(wr=0.55)
episode  96000  train_avg=  +20.2  adv_avg=  +24.4  eval_avg(500)=  +30.6  win_rate= 56.0%  entropy_beta=0.0020  baseline=  -15.4  (812.4s)
  picks: heuristic:21690x(wr=0.59)  rl_experiments_v3/exp_growing_pool_seed22/seg_50000.pt:24310x(wr=0.53)
episode  98000  train_avg=  +26.7  adv_avg=  +15.6  eval_avg(500)=   -3.5  win_rate= 48.8%  entropy_beta=0.0020  baseline=   -5.7  (846.1s)
  picks: heuristic:22790x(wr=0.54)  rl_experiments_v3/exp_growing_pool_seed22/seg_50000.pt:25210x(wr=0.56)
episode 100000  train_avg=  +36.6  adv_avg=  +32.5  eval_avg(500)=  +10.6  win_rate= 52.4%  entropy_beta=0.0020  baseline=  +38.3  (880.7s)
  picks: heuristic:24102x(wr=0.56)  rl_experiments_v3/exp_growing_pool_seed22/seg_50000.pt:25898x(wr=0.61)
poids sauvegardes dans rl_experiments_v3/exp_growing_pool_seed22/seg_100000.pt
PFSP picks total: heuristic:24102x(wr=0.56)  rl_experiments_v3/exp_growing_pool_seed22/seg_50000.pt:25898x(wr=0.61)
