adversaire fige charge depuis rl_experiments_v3/exp_growing_pool_seed22/seg_50000.pt
adversaire fige charge depuis rl_experiments_v3/exp_growing_pool_seed22/seg_100000.pt
adversaire fige charge depuis rl_experiments_v3/exp_growing_pool_seed22/seg_150000.pt
poids charges depuis rl_experiments_v3/exp_growing_pool_seed22/seg_150000.pt
episode 152000  train_avg=  +18.6  adv_avg=   -5.4  eval_avg(500)=  +19.9  win_rate= 54.4%  entropy_beta=0.0020  baseline=  +25.6  (36.7s)
  picks: heuristic:414x(wr=0.54)  rl_experiments_v3/exp_growing_pool_seed22/seg_50000.pt:415x(wr=0.48)  rl_experiments_v3/exp_growing_pool_seed22/seg_100000.pt:455x(wr=0.56)  rl_experiments_v3/exp_growing_pool_seed22/seg_150000.pt:716x(wr=0.52)
episode 154000  train_avg=   +2.4  adv_avg=   -0.7  eval_avg(500)=  +16.0  win_rate= 53.2%  entropy_beta=0.0020  baseline=  -41.8  (74.2s)
  picks: heuristic:700x(wr=0.47)  rl_experiments_v3/exp_growing_pool_seed22/seg_50000.pt:1209x(wr=0.58)  rl_experiments_v3/exp_growing_pool_seed22/seg_100000.pt:937x(wr=0.44)  rl_experiments_v3/exp_growing_pool_seed22/seg_150000.pt:1154x(wr=0.55)
episode 156000  train_avg=  +14.7  adv_avg=  +13.8  eval_avg(500)=  +25.1  win_rate= 54.8%  entropy_beta=0.0020  baseline=   +2.6  (108.9s)
  picks: heuristic:1351x(wr=0.57)  rl_experiments_v3/exp_growing_pool_seed22/seg_50000.pt:1505x(wr=0.49)  rl_experiments_v3/exp_growing_pool_seed22/seg_100000.pt:1457x(wr=0.56)  rl_experiments_v3/exp_growing_pool_seed22/seg_150000.pt:1687x(wr=0.48)
episode 158000  train_avg=   -4.2  adv_avg=   -5.2  eval_avg(500)=  +24.0  win_rate= 54.6%  entropy_beta=0.0020  baseline=  -18.0  (147.0s)
  picks: heuristic:1559x(wr=0.55)  rl_experiments_v3/exp_growing_pool_seed22/seg_50000.pt:2062x(wr=0.49)  rl_experiments_v3/exp_growing_pool_seed22/seg_100000.pt:2208x(wr=0.50)  rl_experiments_v3/exp_growing_pool_seed22/seg_150000.pt:2171x(wr=0.57)
episode 160000  train_avg=  +17.9  adv_avg=  +19.5  eval_avg(500)=   +1.4  win_rate= 49.6%  entropy_beta=0.0020  baseline=  +87.5  (184.0s)
  picks: heuristic:1930x(wr=0.51)  rl_experiments_v3/exp_growing_pool_seed22/seg_50000.pt:2528x(wr=0.57)  rl_experiments_v3/exp_growing_pool_seed22/seg_100000.pt:3096x(wr=0.57)  rl_experiments_v3/exp_growing_pool_seed22/seg_150000.pt:2446x(wr=0.50)
episode 162000  train_avg=   +7.5  adv_avg=   +1.1  eval_avg(500)=  +32.4  win_rate= 57.4%  entropy_beta=0.0020  baseline=  -12.7  (220.4s)
  picks: heuristic:2371x(wr=0.47)  rl_experiments_v3/exp_growing_pool_seed22/seg_50000.pt:3088x(wr=0.55)  rl_experiments_v3/exp_growing_pool_seed22/seg_100000.pt:3519x(wr=0.43)  rl_experiments_v3/exp_growing_pool_seed22/seg_150000.pt:3022x(wr=0.56)
episode 164000  train_avg=   +0.9  adv_avg=   +2.5  eval_avg(500)=  +16.8  win_rate= 54.2%  entropy_beta=0.0020  baseline=  -11.3  (255.3s)
  picks: heuristic:2996x(wr=0.56)  rl_experiments_v3/exp_growing_pool_seed22/seg_50000.pt:3307x(wr=0.59)  rl_experiments_v3/exp_growing_pool_seed22/seg_100000.pt:4376x(wr=0.44)  rl_experiments_v3/exp_growing_pool_seed22/seg_150000.pt:3321x(wr=0.41)
episode 166000  train_avg=  -18.5  adv_avg=   +4.6  eval_avg(500)=  +14.5  win_rate= 53.0%  entropy_beta=0.0020  baseline=  -19.5  (290.8s)
  picks: heuristic:3553x(wr=0.51)  rl_experiments_v3/exp_growing_pool_seed22/seg_50000.pt:3622x(wr=0.50)  rl_experiments_v3/exp_growing_pool_seed22/seg_100000.pt:4847x(wr=0.48)  rl_experiments_v3/exp_growing_pool_seed22/seg_150000.pt:3978x(wr=0.47)
episode 168000  train_avg=  +23.7  adv_avg=   -1.5  eval_avg(500)=   +0.9  win_rate= 49.8%  entropy_beta=0.0020  baseline=   +5.1  (327.0s)
  picks: heuristic:4020x(wr=0.55)  rl_experiments_v3/exp_growing_pool_seed22/seg_50000.pt:4128x(wr=0.59)  rl_experiments_v3/exp_growing_pool_seed22/seg_100000.pt:5348x(wr=0.52)  rl_experiments_v3/exp_growing_pool_seed22/seg_150000.pt:4504x(wr=0.53)
episode 170000  train_avg=  +14.9  adv_avg=  -11.2  eval_avg(500)=  +13.2  win_rate= 51.4%  entropy_beta=0.0020  baseline=  +44.2  (363.7s)
  picks: heuristic:4435x(wr=0.51)  rl_experiments_v3/exp_growing_pool_seed22/seg_50000.pt:4402x(wr=0.54)  rl_experiments_v3/exp_growing_pool_seed22/seg_100000.pt:5835x(wr=0.54)  rl_experiments_v3/exp_growing_pool_seed22/seg_150000.pt:5328x(wr=0.51)
episode 172000  train_avg=   +9.0  adv_avg=  +11.7  eval_avg(500)=  +18.1  win_rate= 53.6%  entropy_beta=0.0020  baseline=  +44.8  (399.0s)
  picks: heuristic:5022x(wr=0.55)  rl_experiments_v3/exp_growing_pool_seed22/seg_50000.pt:4669x(wr=0.62)  rl_experiments_v3/exp_growing_pool_seed22/seg_100000.pt:6392x(wr=0.49)  rl_experiments_v3/exp_growing_pool_seed22/seg_150000.pt:5917x(wr=0.53)
episode 174000  train_avg=  -15.6  adv_avg=   -2.2  eval_avg(500)=  +22.1  win_rate= 54.0%  entropy_beta=0.0020  baseline=  +35.8  (435.5s)
  picks: heuristic:5446x(wr=0.55)  rl_experiments_v3/exp_growing_pool_seed22/seg_50000.pt:4988x(wr=0.43)  rl_experiments_v3/exp_growing_pool_seed22/seg_100000.pt:7050x(wr=0.45)  rl_experiments_v3/exp_growing_pool_seed22/seg_150000.pt:6516x(wr=0.50)
episode 176000  train_avg=  +30.2  adv_avg=  +25.6  eval_avg(500)=  +16.9  win_rate= 54.2%  entropy_beta=0.0020  baseline=  +75.6  (473.6s)
  picks: heuristic:5671x(wr=0.60)  rl_experiments_v3/exp_growing_pool_seed22/seg_50000.pt:5549x(wr=0.51)  rl_experiments_v3/exp_growing_pool_seed22/seg_100000.pt:7501x(wr=0.54)  rl_experiments_v3/exp_growing_pool_seed22/seg_150000.pt:7279x(wr=0.57)
episode 178000  train_avg=  +16.6  adv_avg=   -3.2  eval_avg(500)=  +26.8  win_rate= 55.0%  entropy_beta=0.0020  baseline=  -38.9  (510.8s)
  picks: heuristic:5992x(wr=0.55)  rl_experiments_v3/exp_growing_pool_seed22/seg_50000.pt:6263x(wr=0.51)  rl_experiments_v3/exp_growing_pool_seed22/seg_100000.pt:7996x(wr=0.58)  rl_experiments_v3/exp_growing_pool_seed22/seg_150000.pt:7749x(wr=0.52)
episode 180000  train_avg=  +16.5  adv_avg=  +31.8  eval_avg(500)=   +2.8  win_rate= 50.8%  entropy_beta=0.0020  baseline=   +6.7  (545.5s)
  picks: heuristic:6640x(wr=0.57)  rl_experiments_v3/exp_growing_pool_seed22/seg_50000.pt:6834x(wr=0.52)  rl_experiments_v3/exp_growing_pool_seed22/seg_100000.pt:8317x(wr=0.53)  rl_experiments_v3/exp_growing_pool_seed22/seg_150000.pt:8209x(wr=0.52)
episode 182000  train_avg=  -21.9  adv_avg=   -1.3  eval_avg(500)=  +35.2  win_rate= 57.2%  entropy_beta=0.0020  baseline=  -21.0  (581.8s)
  picks: heuristic:7078x(wr=0.51)  rl_experiments_v3/exp_growing_pool_seed22/seg_50000.pt:7365x(wr=0.47)  rl_experiments_v3/exp_growing_pool_seed22/seg_100000.pt:8999x(wr=0.48)  rl_experiments_v3/exp_growing_pool_seed22/seg_150000.pt:8558x(wr=0.49)
episode 184000  train_avg=  +14.7  adv_avg=   +2.4  eval_avg(500)=  +21.3  win_rate= 54.2%  entropy_beta=0.0020  baseline=  +21.7  (618.0s)
  picks: heuristic:7537x(wr=0.47)  rl_experiments_v3/exp_growing_pool_seed22/seg_50000.pt:7870x(wr=0.57)  rl_experiments_v3/exp_growing_pool_seed22/seg_100000.pt:9581x(wr=0.53)  rl_experiments_v3/exp_growing_pool_seed22/seg_150000.pt:9012x(wr=0.58)
episode 186000  train_avg=  -14.2  adv_avg=   -3.8  eval_avg(500)=   +8.0  win_rate= 51.6%  entropy_beta=0.0020  baseline=  +20.7  (653.2s)
  picks: heuristic:8123x(wr=0.59)  rl_experiments_v3/exp_growing_pool_seed22/seg_50000.pt:8366x(wr=0.49)  rl_experiments_v3/exp_growing_pool_seed22/seg_100000.pt:10150x(wr=0.46)  rl_experiments_v3/exp_growing_pool_seed22/seg_150000.pt:9361x(wr=0.35)
episode 188000  train_avg=   -6.8  adv_avg=   +1.2  eval_avg(500)=   +3.3  win_rate= 50.4%  entropy_beta=0.0020  baseline=  +11.2  (692.1s)
  picks: heuristic:8257x(wr=0.54)  rl_experiments_v3/exp_growing_pool_seed22/seg_50000.pt:8794x(wr=0.49)  rl_experiments_v3/exp_growing_pool_seed22/seg_100000.pt:10698x(wr=0.46)  rl_experiments_v3/exp_growing_pool_seed22/seg_150000.pt:10251x(wr=0.46)
episode 190000  train_avg=  +14.9  adv_avg=  +13.6  eval_avg(500)=  +15.0  win_rate= 53.4%  entropy_beta=0.0020  baseline=  -10.3  (729.1s)
  picks: heuristic:8611x(wr=0.54)  rl_experiments_v3/exp_growing_pool_seed22/seg_50000.pt:9330x(wr=0.54)  rl_experiments_v3/exp_growing_pool_seed22/seg_100000.pt:11320x(wr=0.52)  rl_experiments_v3/exp_growing_pool_seed22/seg_150000.pt:10739x(wr=0.49)
episode 192000  train_avg=   -6.3  adv_avg=   +1.9  eval_avg(500)=  +16.1  win_rate= 54.2%  entropy_beta=0.0020  baseline=   +9.9  (764.0s)
  picks: heuristic:9241x(wr=0.49)  rl_experiments_v3/exp_growing_pool_seed22/seg_50000.pt:9709x(wr=0.54)  rl_experiments_v3/exp_growing_pool_seed22/seg_100000.pt:11742x(wr=0.53)  rl_experiments_v3/exp_growing_pool_seed22/seg_150000.pt:11308x(wr=0.45)
episode 194000  train_avg=  -15.5  adv_avg=   +2.0  eval_avg(500)=  +28.4  win_rate= 55.8%  entropy_beta=0.0020  baseline=  -34.7  (801.0s)
  picks: heuristic:9605x(wr=0.58)  rl_experiments_v3/exp_growing_pool_seed22/seg_50000.pt:10116x(wr=0.45)  rl_experiments_v3/exp_growing_pool_seed22/seg_100000.pt:12267x(wr=0.47)  rl_experiments_v3/exp_growing_pool_seed22/seg_150000.pt:12012x(wr=0.47)
episode 196000  train_avg=  +13.5  adv_avg=  -10.8  eval_avg(500)=  +11.6  win_rate= 52.4%  entropy_beta=0.0020  baseline=  -38.8  (839.0s)
  picks: heuristic:9838x(wr=0.53)  rl_experiments_v3/exp_growing_pool_seed22/seg_50000.pt:10591x(wr=0.53)  rl_experiments_v3/exp_growing_pool_seed22/seg_100000.pt:12838x(wr=0.52)  rl_experiments_v3/exp_growing_pool_seed22/seg_150000.pt:12733x(wr=0.48)
episode 198000  train_avg=  +16.9  adv_avg=   -2.5  eval_avg(500)=  +20.8  win_rate= 54.4%  entropy_beta=0.0020  baseline=  -38.4  (874.9s)
  picks: heuristic:10347x(wr=0.49)  rl_experiments_v3/exp_growing_pool_seed22/seg_50000.pt:10933x(wr=0.56)  rl_experiments_v3/exp_growing_pool_seed22/seg_100000.pt:13357x(wr=0.53)  rl_experiments_v3/exp_growing_pool_seed22/seg_150000.pt:13363x(wr=0.59)
episode 200000  train_avg=  -19.0  adv_avg=   +7.5  eval_avg(500)=  +26.1  win_rate= 56.0%  entropy_beta=0.0020  baseline=  -32.7  (911.0s)
  picks: heuristic:10821x(wr=0.54)  rl_experiments_v3/exp_growing_pool_seed22/seg_50000.pt:11729x(wr=0.45)  rl_experiments_v3/exp_growing_pool_seed22/seg_100000.pt:13762x(wr=0.45)  rl_experiments_v3/exp_growing_pool_seed22/seg_150000.pt:13688x(wr=0.47)
poids sauvegardes dans rl_experiments_v3/exp_growing_pool_seed22/seg_200000.pt
PFSP picks total: heuristic:10821x(wr=0.54)  rl_experiments_v3/exp_growing_pool_seed22/seg_50000.pt:11729x(wr=0.45)  rl_experiments_v3/exp_growing_pool_seed22/seg_100000.pt:13762x(wr=0.45)  rl_experiments_v3/exp_growing_pool_seed22/seg_150000.pt:13688x(wr=0.47)
