adversaire fige charge depuis rl_experiments_v3/exp_growing_pool_seed22/seg_50000.pt
adversaire fige charge depuis rl_experiments_v3/exp_growing_pool_seed22/seg_100000.pt
adversaire fige charge depuis rl_experiments_v3/exp_growing_pool_seed22/seg_150000.pt
adversaire fige charge depuis rl_experiments_v3/exp_growing_pool_seed22/seg_200000.pt
poids charges depuis rl_experiments_v3/exp_growing_pool_seed22/seg_200000.pt
episode 202000  train_avg=   +9.0  adv_avg=  +32.2  eval_avg(500)=   +7.6  win_rate= 51.2%  entropy_beta=0.0020  baseline=  +23.5  (37.7s)
  picks: heuristic:308x(wr=0.55)  rl_experiments_v3/exp_growing_pool_seed22/seg_50000.pt:321x(wr=0.52)  rl_experiments_v3/exp_growing_pool_seed22/seg_100000.pt:578x(wr=0.55)  rl_experiments_v3/exp_growing_pool_seed22/seg_150000.pt:384x(wr=0.54)  rl_experiments_v3/exp_growing_pool_seed22/seg_200000.pt:409x(wr=0.44)
episode 204000  train_avg=  -25.9  adv_avg=   +5.7  eval_avg(500)=  +13.5  win_rate= 53.4%  entropy_beta=0.0020  baseline=  +15.2  (75.6s)
  picks: heuristic:557x(wr=0.50)  rl_experiments_v3/exp_growing_pool_seed22/seg_50000.pt:755x(wr=0.45)  rl_experiments_v3/exp_growing_pool_seed22/seg_100000.pt:1005x(wr=0.47)  rl_experiments_v3/exp_growing_pool_seed22/seg_150000.pt:617x(wr=0.56)  rl_experiments_v3/exp_growing_pool_seed22/seg_200000.pt:1066x(wr=0.45)
episode 206000  train_avg=   +1.8  adv_avg=  +15.8  eval_avg(500)=  +42.0  win_rate= 58.2%  entropy_beta=0.0020  baseline=   -3.6  (113.4s)
  picks: heuristic:837x(wr=0.54)  rl_experiments_v3/exp_growing_pool_seed22/seg_50000.pt:1277x(wr=0.45)  rl_experiments_v3/exp_growing_pool_seed22/seg_100000.pt:1328x(wr=0.53)  rl_experiments_v3/exp_growing_pool_seed22/seg_150000.pt:1060x(wr=0.52)  rl_experiments_v3/exp_growing_pool_seed22/seg_200000.pt:1498x(wr=0.41)
episode 208000  train_avg=  +29.8  adv_avg=   +3.7  eval_avg(500)=  +20.8  win_rate= 54.8%  entropy_beta=0.0020  baseline=  -14.5  (151.5s)
  picks: heuristic:1064x(wr=0.55)  rl_experiments_v3/exp_growing_pool_seed22/seg_50000.pt:1849x(wr=0.54)  rl_experiments_v3/exp_growing_pool_seed22/seg_100000.pt:1562x(wr=0.52)  rl_experiments_v3/exp_growing_pool_seed22/seg_150000.pt:1450x(wr=0.61)  rl_experiments_v3/exp_growing_pool_seed22/seg_200000.pt:2075x(wr=0.48)
episode 210000  train_avg=  +17.2  adv_avg=  +11.2  eval_avg(500)=   +0.4  win_rate= 49.6%  entropy_beta=0.0020  baseline=  +16.9  (188.6s)
  picks: heuristic:1425x(wr=0.54)  rl_experiments_v3/exp_growing_pool_seed22/seg_50000.pt:2121x(wr=0.61)  rl_experiments_v3/exp_growing_pool_seed22/seg_100000.pt:2091x(wr=0.48)  rl_experiments_v3/exp_growing_pool_seed22/seg_150000.pt:1694x(wr=0.56)  rl_experiments_v3/exp_growing_pool_seed22/seg_200000.pt:2669x(wr=0.55)
episode 212000  train_avg=  +21.6  adv_avg=  +24.2  eval_avg(500)=  +20.5  win_rate= 53.4%  entropy_beta=0.0020  baseline=  +32.8  (226.3s)
  picks: heuristic:1735x(wr=0.43)  rl_experiments_v3/exp_growing_pool_seed22/seg_50000.pt:2352x(wr=0.43)  rl_experiments_v3/exp_growing_pool_seed22/seg_100000.pt:2739x(wr=0.52)  rl_experiments_v3/exp_growing_pool_seed22/seg_150000.pt:2108x(wr=0.59)  rl_experiments_v3/exp_growing_pool_seed22/seg_200000.pt:3066x(wr=0.66)
episode 214000  train_avg=   +1.1  adv_avg=  +10.9  eval_avg(500)=  +22.6  win_rate= 54.4%  entropy_beta=0.0020  baseline=  -66.0  (261.9s)
  picks: heuristic:2296x(wr=0.64)  rl_experiments_v3/exp_growing_pool_seed22/seg_50000.pt:2997x(wr=0.46)  rl_experiments_v3/exp_growing_pool_seed22/seg_100000.pt:3195x(wr=0.52)  rl_experiments_v3/exp_growing_pool_seed22/seg_150000.pt:2291x(wr=0.47)  rl_experiments_v3/exp_growing_pool_seed22/seg_200000.pt:3221x(wr=0.43)
episode 216000  train_avg=   +6.5  adv_avg=   +8.6  eval_avg(500)=  +38.8  win_rate= 58.2%  entropy_beta=0.0020  baseline=   +5.6  (300.9s)
  picks: heuristic:2416x(wr=0.52)  rl_experiments_v3/exp_growing_pool_seed22/seg_50000.pt:3380x(wr=0.54)  rl_experiments_v3/exp_growing_pool_seed22/seg_100000.pt:3564x(wr=0.52)  rl_experiments_v3/exp_growing_pool_seed22/seg_150000.pt:2944x(wr=0.50)  rl_experiments_v3/exp_growing_pool_seed22/seg_200000.pt:3696x(wr=0.49)
episode 218000  train_avg=  +10.2  adv_avg=   +4.5  eval_avg(500)=  +24.1  win_rate= 55.4%  entropy_beta=0.0020  baseline=  -13.0  (337.1s)
  picks: heuristic:2906x(wr=0.51)  rl_experiments_v3/exp_growing_pool_seed22/seg_50000.pt:3760x(wr=0.51)  rl_experiments_v3/exp_growing_pool_seed22/seg_100000.pt:3955x(wr=0.52)  rl_experiments_v3/exp_growing_pool_seed22/seg_150000.pt:3295x(wr=0.49)  rl_experiments_v3/exp_growing_pool_seed22/seg_200000.pt:4084x(wr=0.50)
episode 220000  train_avg=  +27.4  adv_avg=   -2.5  eval_avg(500)=  +15.5  win_rate= 53.8%  entropy_beta=0.0020  baseline=  -21.4  (374.1s)
  picks: heuristic:3295x(wr=0.60)  rl_experiments_v3/exp_growing_pool_seed22/seg_50000.pt:4130x(wr=0.47)  rl_experiments_v3/exp_growing_pool_seed22/seg_100000.pt:4302x(wr=0.54)  rl_experiments_v3/exp_growing_pool_seed22/seg_150000.pt:3642x(wr=0.50)  rl_experiments_v3/exp_growing_pool_seed22/seg_200000.pt:4631x(wr=0.55)
episode 222000  train_avg=   +2.2  adv_avg=   -2.5  eval_avg(500)=   +1.6  win_rate= 50.0%  entropy_beta=0.0020  baseline=  -10.5  (411.8s)
  picks: heuristic:3586x(wr=0.55)  rl_experiments_v3/exp_growing_pool_seed22/seg_50000.pt:4707x(wr=0.46)  rl_experiments_v3/exp_growing_pool_seed22/seg_100000.pt:4537x(wr=0.49)  rl_experiments_v3/exp_growing_pool_seed22/seg_150000.pt:4250x(wr=0.48)  rl_experiments_v3/exp_growing_pool_seed22/seg_200000.pt:4920x(wr=0.50)
episode 224000  train_avg=  +33.4  adv_avg=  +19.6  eval_avg(500)=  +23.4  win_rate= 54.6%  entropy_beta=0.0020  baseline=   +5.5  (449.9s)
  picks: heuristic:3836x(wr=0.56)  rl_experiments_v3/exp_growing_pool_seed22/seg_50000.pt:5095x(wr=0.64)  rl_experiments_v3/exp_growing_pool_seed22/seg_100000.pt:4922x(wr=0.51)  rl_experiments_v3/exp_growing_pool_seed22/seg_150000.pt:4900x(wr=0.54)  rl_experiments_v3/exp_growing_pool_seed22/seg_200000.pt:5247x(wr=0.48)
episode 226000  train_avg=  -18.9  adv_avg=  +12.0  eval_avg(500)=  +30.5  win_rate= 56.8%  entropy_beta=0.0020  baseline=  +11.5  (487.2s)
  picks: heuristic:4182x(wr=0.51)  rl_experiments_v3/exp_growing_pool_seed22/seg_50000.pt:5275x(wr=0.57)  rl_experiments_v3/exp_growing_pool_seed22/seg_100000.pt:5405x(wr=0.52)  rl_experiments_v3/exp_growing_pool_seed22/seg_150000.pt:5286x(wr=0.43)  rl_experiments_v3/exp_growing_pool_seed22/seg_200000.pt:5852x(wr=0.42)
episode 228000  train_avg=  +20.4  adv_avg=   +9.9  eval_avg(500)=  +29.9  win_rate= 56.0%  entropy_beta=0.0020  baseline=  +41.9  (525.2s)
  picks: heuristic:4426x(wr=0.48)  rl_experiments_v3/exp_growing_pool_seed22/seg_50000.pt:5543x(wr=0.53)  rl_experiments_v3/exp_growing_pool_seed22/seg_100000.pt:5699x(wr=0.55)  rl_experiments_v3/exp_growing_pool_seed22/seg_150000.pt:5815x(wr=0.62)  rl_experiments_v3/exp_growing_pool_seed22/seg_200000.pt:6517x(wr=0.53)
episode 230000  train_avg=  +20.1  adv_avg=   -3.7  eval_avg(500)=  +21.5  win_rate= 54.8%  entropy_beta=0.0020  baseline=   +2.5  (561.8s)
  picks: heuristic:4858x(wr=0.53)  rl_experiments_v3/exp_growing_pool_seed22/seg_50000.pt:5957x(wr=0.43)  rl_experiments_v3/exp_growing_pool_seed22/seg_100000.pt:6053x(wr=0.45)  rl_experiments_v3/exp_growing_pool_seed22/seg_150000.pt:6099x(wr=0.59)  rl_experiments_v3/exp_growing_pool_seed22/seg_200000.pt:7033x(wr=0.55)
episode 232000  train_avg=  +21.8  adv_avg=  +25.7  eval_avg(500)=  +17.9  win_rate= 53.6%  entropy_beta=0.0020  baseline=   -0.1  (599.5s)
  picks: heuristic:5147x(wr=0.56)  rl_experiments_v3/exp_growing_pool_seed22/seg_50000.pt:6482x(wr=0.55)  rl_experiments_v3/exp_growing_pool_seed22/seg_100000.pt:6597x(wr=0.54)  rl_experiments_v3/exp_growing_pool_seed22/seg_150000.pt:6403x(wr=0.49)  rl_experiments_v3/exp_growing_pool_seed22/seg_200000.pt:7371x(wr=0.54)
episode 234000  train_avg=   +6.7  adv_avg=   +4.1  eval_avg(500)=  +20.9  win_rate= 54.6%  entropy_beta=0.0020  baseline=   -6.6  (637.6s)
  picks: heuristic:5388x(wr=0.52)  rl_experiments_v3/exp_growing_pool_seed22/seg_50000.pt:6823x(wr=0.59)  rl_experiments_v3/exp_growing_pool_seed22/seg_100000.pt:6882x(wr=0.51)  rl_experiments_v3/exp_growing_pool_seed22/seg_150000.pt:7099x(wr=0.50)  rl_experiments_v3/exp_growing_pool_seed22/seg_200000.pt:7808x(wr=0.46)
episode 236000  train_avg=  +12.8  adv_avg=   +8.1  eval_avg(500)=  +15.2  win_rate= 53.4%  entropy_beta=0.0020  baseline=  +21.2  (674.7s)
  picks: heuristic:5766x(wr=0.52)  rl_experiments_v3/exp_growing_pool_seed22/seg_50000.pt:6976x(wr=0.50)  rl_experiments_v3/exp_growing_pool_seed22/seg_100000.pt:7192x(wr=0.53)  rl_experiments_v3/exp_growing_pool_seed22/seg_150000.pt:7770x(wr=0.52)  rl_experiments_v3/exp_growing_pool_seed22/seg_200000.pt:8296x(wr=0.50)
episode 238000  train_avg=  +14.9  adv_avg=  +18.7  eval_avg(500)=  +21.1  win_rate= 53.8%  entropy_beta=0.0020  baseline=  +67.6  (712.5s)
  picks: heuristic:6049x(wr=0.57)  rl_experiments_v3/exp_growing_pool_seed22/seg_50000.pt:7294x(wr=0.44)  rl_experiments_v3/exp_growing_pool_seed22/seg_100000.pt:7481x(wr=0.57)  rl_experiments_v3/exp_growing_pool_seed22/seg_150000.pt:8125x(wr=0.53)  rl_experiments_v3/exp_growing_pool_seed22/seg_200000.pt:9051x(wr=0.56)
episode 240000  train_avg=  +14.4  adv_avg=   +3.0  eval_avg(500)=  +25.5  win_rate= 55.2%  entropy_beta=0.0020  baseline=  +59.4  (750.5s)
  picks: heuristic:6298x(wr=0.45)  rl_experiments_v3/exp_growing_pool_seed22/seg_50000.pt:7826x(wr=0.56)  rl_experiments_v3/exp_growing_pool_seed22/seg_100000.pt:7716x(wr=0.47)  rl_experiments_v3/exp_growing_pool_seed22/seg_150000.pt:8684x(wr=0.53)  rl_experiments_v3/exp_growing_pool_seed22/seg_200000.pt:9476x(wr=0.50)
episode 242000  train_avg=  +16.4  adv_avg=  +21.2  eval_avg(500)=  +19.9  win_rate= 54.6%  entropy_beta=0.0020  baseline=  +19.0  (786.9s)
  picks: heuristic:6757x(wr=0.57)  rl_experiments_v3/exp_growing_pool_seed22/seg_50000.pt:8170x(wr=0.58)  rl_experiments_v3/exp_growing_pool_seed22/seg_100000.pt:8209x(wr=0.47)  rl_experiments_v3/exp_growing_pool_seed22/seg_150000.pt:9064x(wr=0.56)  rl_experiments_v3/exp_growing_pool_seed22/seg_200000.pt:9800x(wr=0.53)
episode 244000  train_avg=   -8.6  adv_avg=   -5.4  eval_avg(500)=   +4.0  win_rate= 50.6%  entropy_beta=0.0020  baseline=  +14.7  (825.1s)
  picks: heuristic:6997x(wr=0.42)  rl_experiments_v3/exp_growing_pool_seed22/seg_50000.pt:8483x(wr=0.47)  rl_experiments_v3/exp_growing_pool_seed22/seg_100000.pt:8793x(wr=0.51)  rl_experiments_v3/exp_growing_pool_seed22/seg_150000.pt:9374x(wr=0.48)  rl_experiments_v3/exp_growing_pool_seed22/seg_200000.pt:10353x(wr=0.53)
episode 246000  train_avg=  +20.3  adv_avg=   +3.9  eval_avg(500)=   +9.8  win_rate= 52.2%  entropy_beta=0.0020  baseline=  +45.5  (861.7s)
  picks: heuristic:7434x(wr=0.52)  rl_experiments_v3/exp_growing_pool_seed22/seg_50000.pt:8869x(wr=0.48)  rl_experiments_v3/exp_growing_pool_seed22/seg_100000.pt:9226x(wr=0.56)  rl_experiments_v3/exp_growing_pool_seed22/seg_150000.pt:9775x(wr=0.50)  rl_experiments_v3/exp_growing_pool_seed22/seg_200000.pt:10696x(wr=0.56)
episode 248000  train_avg=  -15.6  adv_avg=  -14.2  eval_avg(500)=  +19.8  win_rate= 54.2%  entropy_beta=0.0020  baseline=  +10.1  (898.6s)
  picks: heuristic:7819x(wr=0.50)  rl_experiments_v3/exp_growing_pool_seed22/seg_50000.pt:9224x(wr=0.50)  rl_experiments_v3/exp_growing_pool_seed22/seg_100000.pt:9592x(wr=0.46)  rl_experiments_v3/exp_growing_pool_seed22/seg_150000.pt:10324x(wr=0.45)  rl_experiments_v3/exp_growing_pool_seed22/seg_200000.pt:11041x(wr=0.50)
episode 250000  train_avg=  -27.7  adv_avg=  -22.6  eval_avg(500)=  +16.0  win_rate= 53.8%  entropy_beta=0.0020  baseline=   -3.1  (935.9s)
  picks: heuristic:8177x(wr=0.56)  rl_experiments_v3/exp_growing_pool_seed22/seg_50000.pt:9548x(wr=0.47)  rl_experiments_v3/exp_growing_pool_seed22/seg_100000.pt:10040x(wr=0.47)  rl_experiments_v3/exp_growing_pool_seed22/seg_150000.pt:10804x(wr=0.51)  rl_experiments_v3/exp_growing_pool_seed22/seg_200000.pt:11431x(wr=0.36)
poids sauvegardes dans rl_experiments_v3/exp_growing_pool_seed22/seg_250000.pt
PFSP picks total: heuristic:8177x(wr=0.56)  rl_experiments_v3/exp_growing_pool_seed22/seg_50000.pt:9548x(wr=0.47)  rl_experiments_v3/exp_growing_pool_seed22/seg_100000.pt:10040x(wr=0.47)  rl_experiments_v3/exp_growing_pool_seed22/seg_150000.pt:10804x(wr=0.51)  rl_experiments_v3/exp_growing_pool_seed22/seg_200000.pt:11431x(wr=0.36)
