adversaire fige charge depuis rl_experiments_v3/exp_growing_pool_seed22/seg_50000.pt
adversaire fige charge depuis rl_experiments_v3/exp_growing_pool_seed22/seg_100000.pt
poids charges depuis rl_experiments_v3/exp_growing_pool_seed22/seg_100000.pt
episode 102000  train_avg=   -9.7  adv_avg=   -3.2  eval_avg(500)=  +14.2  win_rate= 52.8%  entropy_beta=0.0020  baseline=  +41.3  (37.5s)
  picks: heuristic:492x(wr=0.47)  rl_experiments_v3/exp_growing_pool_seed22/seg_50000.pt:821x(wr=0.52)  rl_experiments_v3/exp_growing_pool_seed22/seg_100000.pt:687x(wr=0.57)
episode 104000  train_avg=  -36.0  adv_avg=   -9.6  eval_avg(500)=  +23.8  win_rate= 54.2%  entropy_beta=0.0020  baseline=  +14.0  (73.0s)
  picks: heuristic:1201x(wr=0.57)  rl_experiments_v3/exp_growing_pool_seed22/seg_50000.pt:1371x(wr=0.48)  rl_experiments_v3/exp_growing_pool_seed22/seg_100000.pt:1428x(wr=0.43)
episode 106000  train_avg=  -14.3  adv_avg=   +9.0  eval_avg(500)=  +16.7  win_rate= 53.2%  entropy_beta=0.0020  baseline=  +17.6  (113.3s)
  picks: heuristic:1427x(wr=0.59)  rl_experiments_v3/exp_growing_pool_seed22/seg_50000.pt:2148x(wr=0.48)  rl_experiments_v3/exp_growing_pool_seed22/seg_100000.pt:2425x(wr=0.52)
episode 108000  train_avg=  +14.8  adv_avg=  +19.4  eval_avg(500)=  +30.8  win_rate= 56.6%  entropy_beta=0.0020  baseline=  +30.0  (152.7s)
  picks: heuristic:1876x(wr=0.57)  rl_experiments_v3/exp_growing_pool_seed22/seg_50000.pt:2995x(wr=0.51)  rl_experiments_v3/exp_growing_pool_seed22/seg_100000.pt:3129x(wr=0.51)
episode 110000  train_avg=  -15.2  adv_avg=  -14.0  eval_avg(500)=  +32.5  win_rate= 57.0%  entropy_beta=0.0020  baseline=  -31.0  (191.4s)
  picks: heuristic:2389x(wr=0.49)  rl_experiments_v3/exp_growing_pool_seed22/seg_50000.pt:3746x(wr=0.52)  rl_experiments_v3/exp_growing_pool_seed22/seg_100000.pt:3865x(wr=0.44)
episode 112000  train_avg=   +4.4  adv_avg=   +6.8  eval_avg(500)=  +33.0  win_rate= 57.4%  entropy_beta=0.0020  baseline=   -5.8  (228.6s)
  picks: heuristic:3105x(wr=0.48)  rl_experiments_v3/exp_growing_pool_seed22/seg_50000.pt:4223x(wr=0.57)  rl_experiments_v3/exp_growing_pool_seed22/seg_100000.pt:4672x(wr=0.47)
episode 114000  train_avg=  -16.8  adv_avg=   +1.6  eval_avg(500)=  +22.0  win_rate= 53.8%  entropy_beta=0.0020  baseline=  +28.8  (265.2s)
  picks: heuristic:3627x(wr=0.54)  rl_experiments_v3/exp_growing_pool_seed22/seg_50000.pt:4723x(wr=0.49)  rl_experiments_v3/exp_growing_pool_seed22/seg_100000.pt:5650x(wr=0.47)
episode 116000  train_avg=   -1.4  adv_avg=  +21.3  eval_avg(500)=  +24.1  win_rate= 55.4%  entropy_beta=0.0020  baseline=  -15.1  (302.0s)
  picks: heuristic:4254x(wr=0.50)  rl_experiments_v3/exp_growing_pool_seed22/seg_50000.pt:5420x(wr=0.46)  rl_experiments_v3/exp_growing_pool_seed22/seg_100000.pt:6326x(wr=0.50)
episode 118000  train_avg=  +15.2  adv_avg=   -7.2  eval_avg(500)=  +22.3  win_rate= 55.2%  entropy_beta=0.0020  baseline=   -9.1  (338.1s)
  picks: heuristic:4947x(wr=0.59)  rl_experiments_v3/exp_growing_pool_seed22/seg_50000.pt:6160x(wr=0.53)  rl_experiments_v3/exp_growing_pool_seed22/seg_100000.pt:6893x(wr=0.44)
episode 120000  train_avg=   +7.8  adv_avg=   -6.3  eval_avg(500)=  +20.1  win_rate= 54.0%  entropy_beta=0.0020  baseline=  +21.4  (376.5s)
  picks: heuristic:5304x(wr=0.45)  rl_experiments_v3/exp_growing_pool_seed22/seg_50000.pt:6830x(wr=0.61)  rl_experiments_v3/exp_growing_pool_seed22/seg_100000.pt:7866x(wr=0.47)
episode 122000  train_avg=  -16.6  adv_avg=  -16.5  eval_avg(500)=   +1.7  win_rate= 49.6%  entropy_beta=0.0020  baseline=   +1.5  (412.0s)
  picks: heuristic:5948x(wr=0.52)  rl_experiments_v3/exp_growing_pool_seed22/seg_50000.pt:7499x(wr=0.41)  rl_experiments_v3/exp_growing_pool_seed22/seg_100000.pt:8553x(wr=0.46)
episode 124000  train_avg=   +4.8  adv_avg=   -4.1  eval_avg(500)=  +18.5  win_rate= 53.0%  entropy_beta=0.0020  baseline=   -4.6  (449.6s)
  picks: heuristic:6345x(wr=0.48)  rl_experiments_v3/exp_growing_pool_seed22/seg_50000.pt:8628x(wr=0.51)  rl_experiments_v3/exp_growing_pool_seed22/seg_100000.pt:9027x(wr=0.54)
episode 126000  train_avg=   -9.3  adv_avg=   +3.3  eval_avg(500)=   +3.3  win_rate= 50.8%  entropy_beta=0.0020  baseline=   +5.1  (484.8s)
  picks: heuristic:7083x(wr=0.51)  rl_experiments_v3/exp_growing_pool_seed22/seg_50000.pt:9338x(wr=0.50)  rl_experiments_v3/exp_growing_pool_seed22/seg_100000.pt:9579x(wr=0.46)
episode 128000  train_avg=  -28.9  adv_avg=   -5.6  eval_avg(500)=   -0.2  win_rate= 49.4%  entropy_beta=0.0020  baseline=  +46.0  (522.5s)
  picks: heuristic:7518x(wr=0.54)  rl_experiments_v3/exp_growing_pool_seed22/seg_50000.pt:9856x(wr=0.45)  rl_experiments_v3/exp_growing_pool_seed22/seg_100000.pt:10626x(wr=0.46)
episode 130000  train_avg=   +8.8  adv_avg=   +3.4  eval_avg(500)=  +19.1  win_rate= 54.4%  entropy_beta=0.0020  baseline=  +30.3  (557.8s)
  picks: heuristic:8160x(wr=0.53)  rl_experiments_v3/exp_growing_pool_seed22/seg_50000.pt:10722x(wr=0.52)  rl_experiments_v3/exp_growing_pool_seed22/seg_100000.pt:11118x(wr=0.50)
episode 132000  train_avg=  +12.9  adv_avg=  +12.2  eval_avg(500)=  +17.6  win_rate= 53.0%  entropy_beta=0.0020  baseline=  -11.5  (594.1s)
  picks: heuristic:8629x(wr=0.59)  rl_experiments_v3/exp_growing_pool_seed22/seg_50000.pt:11612x(wr=0.56)  rl_experiments_v3/exp_growing_pool_seed22/seg_100000.pt:11759x(wr=0.50)
episode 134000  train_avg=  +25.2  adv_avg=  +16.4  eval_avg(500)=  +22.9  win_rate= 54.6%  entropy_beta=0.0020  baseline=  +48.1  (629.9s)
  picks: heuristic:9152x(wr=0.57)  rl_experiments_v3/exp_growing_pool_seed22/seg_50000.pt:12242x(wr=0.54)  rl_experiments_v3/exp_growing_pool_seed22/seg_100000.pt:12606x(wr=0.56)
episode 136000  train_avg=  +25.6  adv_avg=  +22.6  eval_avg(500)=  +29.8  win_rate= 56.6%  entropy_beta=0.0020  baseline=  +24.4  (666.0s)
  picks: heuristic:9637x(wr=0.54)  rl_experiments_v3/exp_growing_pool_seed22/seg_50000.pt:13005x(wr=0.59)  rl_experiments_v3/exp_growing_pool_seed22/seg_100000.pt:13358x(wr=0.56)
episode 138000  train_avg=   +7.2  adv_avg=  +26.2  eval_avg(500)=  +25.1  win_rate= 55.4%  entropy_beta=0.0020  baseline=  +11.8  (700.7s)
  picks: heuristic:10316x(wr=0.60)  rl_experiments_v3/exp_growing_pool_seed22/seg_50000.pt:13661x(wr=0.55)  rl_experiments_v3/exp_growing_pool_seed22/seg_100000.pt:14023x(wr=0.46)
episode 140000  train_avg=   +1.2  adv_avg=   -3.8  eval_avg(500)=  +27.3  win_rate= 55.2%  entropy_beta=0.0020  baseline=  -42.4  (737.6s)
  picks: heuristic:10690x(wr=0.48)  rl_experiments_v3/exp_growing_pool_seed22/seg_50000.pt:14269x(wr=0.51)  rl_experiments_v3/exp_growing_pool_seed22/seg_100000.pt:15041x(wr=0.49)
episode 142000  train_avg=  +43.8  adv_avg=  +11.9  eval_avg(500)=   +6.8  win_rate= 51.2%  entropy_beta=0.0020  baseline=  -32.9  (771.5s)
  picks: heuristic:11454x(wr=0.62)  rl_experiments_v3/exp_growing_pool_seed22/seg_50000.pt:14808x(wr=0.56)  rl_experiments_v3/exp_growing_pool_seed22/seg_100000.pt:15738x(wr=0.53)
episode 144000  train_avg=  -43.7  adv_avg=  -13.8  eval_avg(500)=   +0.5  win_rate= 49.8%  entropy_beta=0.0020  baseline=  -28.1  (808.6s)
  picks: heuristic:11809x(wr=0.45)  rl_experiments_v3/exp_growing_pool_seed22/seg_50000.pt:15420x(wr=0.45)  rl_experiments_v3/exp_growing_pool_seed22/seg_100000.pt:16771x(wr=0.41)
episode 146000  train_avg=   +6.3  adv_avg=   +1.2  eval_avg(500)=   +6.5  win_rate= 51.2%  entropy_beta=0.0020  baseline=  +16.3  (842.5s)
  picks: heuristic:12588x(wr=0.47)  rl_experiments_v3/exp_growing_pool_seed22/seg_50000.pt:15979x(wr=0.55)  rl_experiments_v3/exp_growing_pool_seed22/seg_100000.pt:17433x(wr=0.52)
episode 148000  train_avg=   -1.7  adv_avg=  -18.9  eval_avg(500)=  +17.1  win_rate= 53.6%  entropy_beta=0.0020  baseline=   +9.8  (876.3s)
  picks: heuristic:13422x(wr=0.58)  rl_experiments_v3/exp_growing_pool_seed22/seg_50000.pt:16435x(wr=0.52)  rl_experiments_v3/exp_growing_pool_seed22/seg_100000.pt:18143x(wr=0.44)
episode 150000  train_avg=   -0.3  adv_avg=   -2.0  eval_avg(500)=  +14.0  win_rate= 53.0%  entropy_beta=0.0020  baseline=   -9.4  (913.2s)
  picks: heuristic:13762x(wr=0.52)  rl_experiments_v3/exp_growing_pool_seed22/seg_50000.pt:17145x(wr=0.60)  rl_experiments_v3/exp_growing_pool_seed22/seg_100000.pt:19093x(wr=0.41)
poids sauvegardes dans rl_experiments_v3/exp_growing_pool_seed22/seg_150000.pt
PFSP picks total: heuristic:13762x(wr=0.52)  rl_experiments_v3/exp_growing_pool_seed22/seg_50000.pt:17145x(wr=0.60)  rl_experiments_v3/exp_growing_pool_seed22/seg_100000.pt:19093x(wr=0.41)
