adversaire fige charge depuis rl_experiments_v3/exp_growing_pool_seed22/seg_50000.pt
adversaire fige charge depuis rl_experiments_v3/exp_growing_pool_seed22/seg_100000.pt
adversaire fige charge depuis rl_experiments_v3/exp_growing_pool_seed22/seg_150000.pt
adversaire fige charge depuis rl_experiments_v3/exp_growing_pool_seed22/seg_200000.pt
adversaire fige charge depuis rl_experiments_v3/exp_growing_pool_seed22/seg_250000.pt
poids charges depuis rl_experiments_v3/exp_growing_pool_seed22/seg_250000.pt
episode 252000  train_avg=  -14.8  adv_avg=  -14.3  eval_avg(500)=  +24.5  win_rate= 55.2%  entropy_beta=0.0020  baseline=   +5.9  (37.9s)
  picks: heuristic:238x(wr=0.56)  rl_experiments_v3/exp_growing_pool_seed22/seg_50000.pt:245x(wr=0.57)  rl_experiments_v3/exp_growing_pool_seed22/seg_100000.pt:445x(wr=0.56)  rl_experiments_v3/exp_growing_pool_seed22/seg_150000.pt:455x(wr=0.49)  rl_experiments_v3/exp_growing_pool_seed22/seg_200000.pt:227x(wr=0.53)  rl_experiments_v3/exp_growing_pool_seed22/seg_250000.pt:390x(wr=0.44)
episode 254000  train_avg=   -1.4  adv_avg=  -11.4  eval_avg(500)=  +25.8  win_rate= 55.0%  entropy_beta=0.0020  baseline=  -33.5  (76.0s)
  picks: heuristic:426x(wr=0.51)  rl_experiments_v3/exp_growing_pool_seed22/seg_50000.pt:405x(wr=0.46)  rl_experiments_v3/exp_growing_pool_seed22/seg_100000.pt:697x(wr=0.50)  rl_experiments_v3/exp_growing_pool_seed22/seg_150000.pt:947x(wr=0.47)  rl_experiments_v3/exp_growing_pool_seed22/seg_200000.pt:639x(wr=0.55)  rl_experiments_v3/exp_growing_pool_seed22/seg_250000.pt:886x(wr=0.47)
episode 256000  train_avg=  +23.1  adv_avg=   +6.2  eval_avg(500)=   +5.1  win_rate= 50.8%  entropy_beta=0.0020  baseline=  -10.2  (113.8s)
  picks: heuristic:672x(wr=0.47)  rl_experiments_v3/exp_growing_pool_seed22/seg_50000.pt:739x(wr=0.46)  rl_experiments_v3/exp_growing_pool_seed22/seg_100000.pt:941x(wr=0.61)  rl_experiments_v3/exp_growing_pool_seed22/seg_150000.pt:1381x(wr=0.57)  rl_experiments_v3/exp_growing_pool_seed22/seg_200000.pt:910x(wr=0.48)  rl_experiments_v3/exp_growing_pool_seed22/seg_250000.pt:1357x(wr=0.55)
episode 258000  train_avg=   -2.9  adv_avg=   +6.8  eval_avg(500)=   +6.6  win_rate= 51.8%  entropy_beta=0.0020  baseline=   +2.6  (150.8s)
  picks: heuristic:1009x(wr=0.53)  rl_experiments_v3/exp_growing_pool_seed22/seg_50000.pt:1251x(wr=0.50)  rl_experiments_v3/exp_growing_pool_seed22/seg_100000.pt:1259x(wr=0.62)  rl_experiments_v3/exp_growing_pool_seed22/seg_150000.pt:1616x(wr=0.45)  rl_experiments_v3/exp_growing_pool_seed22/seg_200000.pt:1212x(wr=0.51)  rl_experiments_v3/exp_growing_pool_seed22/seg_250000.pt:1653x(wr=0.44)
episode 260000  train_avg=  +34.6  adv_avg=  +12.7  eval_avg(500)=  +18.6  win_rate= 54.6%  entropy_beta=0.0020  baseline=  +19.6  (188.3s)
  picks: heuristic:1291x(wr=0.63)  rl_experiments_v3/exp_growing_pool_seed22/seg_50000.pt:1583x(wr=0.59)  rl_experiments_v3/exp_growing_pool_seed22/seg_100000.pt:1387x(wr=0.49)  rl_experiments_v3/exp_growing_pool_seed22/seg_150000.pt:2056x(wr=0.50)  rl_experiments_v3/exp_growing_pool_seed22/seg_200000.pt:1519x(wr=0.49)  rl_experiments_v3/exp_growing_pool_seed22/seg_250000.pt:2164x(wr=0.50)
episode 262000  train_avg=   -2.9  adv_avg=   +7.9  eval_avg(500)=  +36.7  win_rate= 58.0%  entropy_beta=0.0020  baseline=  +13.8  (227.1s)
  picks: heuristic:1402x(wr=0.61)  rl_experiments_v3/exp_growing_pool_seed22/seg_50000.pt:1783x(wr=0.51)  rl_experiments_v3/exp_growing_pool_seed22/seg_100000.pt:1893x(wr=0.56)  rl_experiments_v3/exp_growing_pool_seed22/seg_150000.pt:2529x(wr=0.49)  rl_experiments_v3/exp_growing_pool_seed22/seg_200000.pt:1873x(wr=0.47)  rl_experiments_v3/exp_growing_pool_seed22/seg_250000.pt:2520x(wr=0.41)
episode 264000  train_avg=  +18.9  adv_avg=  +19.1  eval_avg(500)=  +19.0  win_rate= 54.6%  entropy_beta=0.0020  baseline=  +10.1  (266.1s)
  picks: heuristic:1499x(wr=0.60)  rl_experiments_v3/exp_growing_pool_seed22/seg_50000.pt:2228x(wr=0.59)  rl_experiments_v3/exp_growing_pool_seed22/seg_100000.pt:2105x(wr=0.57)  rl_experiments_v3/exp_growing_pool_seed22/seg_150000.pt:2871x(wr=0.50)  rl_experiments_v3/exp_growing_pool_seed22/seg_200000.pt:2272x(wr=0.42)  rl_experiments_v3/exp_growing_pool_seed22/seg_250000.pt:3025x(wr=0.53)
episode 266000  train_avg=  +16.2  adv_avg=  +14.6  eval_avg(500)=  +19.3  win_rate= 53.6%  entropy_beta=0.0020  baseline=  +22.7  (304.1s)
  picks: heuristic:1717x(wr=0.58)  rl_experiments_v3/exp_growing_pool_seed22/seg_50000.pt:2453x(wr=0.56)  rl_experiments_v3/exp_growing_pool_seed22/seg_100000.pt:2336x(wr=0.54)  rl_experiments_v3/exp_growing_pool_seed22/seg_150000.pt:3182x(wr=0.49)  rl_experiments_v3/exp_growing_pool_seed22/seg_200000.pt:2857x(wr=0.52)  rl_experiments_v3/exp_growing_pool_seed22/seg_250000.pt:3455x(wr=0.49)
episode 268000  train_avg=  +16.9  adv_avg=  +13.6  eval_avg(500)=  +26.1  win_rate= 54.4%  entropy_beta=0.0020  baseline=  -25.7  (341.9s)
  picks: heuristic:1962x(wr=0.61)  rl_experiments_v3/exp_growing_pool_seed22/seg_50000.pt:2863x(wr=0.58)  rl_experiments_v3/exp_growing_pool_seed22/seg_100000.pt:2644x(wr=0.55)  rl_experiments_v3/exp_growing_pool_seed22/seg_150000.pt:3581x(wr=0.45)  rl_experiments_v3/exp_growing_pool_seed22/seg_200000.pt:3153x(wr=0.49)  rl_experiments_v3/exp_growing_pool_seed22/seg_250000.pt:3797x(wr=0.55)
episode 270000  train_avg=  +14.6  adv_avg=  +34.5  eval_avg(500)=  +31.1  win_rate= 56.4%  entropy_beta=0.0020  baseline=  +17.0  (379.9s)
  picks: heuristic:2175x(wr=0.57)  rl_experiments_v3/exp_growing_pool_seed22/seg_50000.pt:3217x(wr=0.50)  rl_experiments_v3/exp_growing_pool_seed22/seg_100000.pt:2855x(wr=0.45)  rl_experiments_v3/exp_growing_pool_seed22/seg_150000.pt:4141x(wr=0.54)  rl_experiments_v3/exp_growing_pool_seed22/seg_200000.pt:3549x(wr=0.51)  rl_experiments_v3/exp_growing_pool_seed22/seg_250000.pt:4063x(wr=0.58)
episode 272000  train_avg=  +38.3  adv_avg=   -1.0  eval_avg(500)=  +10.0  win_rate= 52.0%  entropy_beta=0.0020  baseline=  -13.6  (418.2s)
  picks: heuristic:2367x(wr=0.54)  rl_experiments_v3/exp_growing_pool_seed22/seg_50000.pt:3659x(wr=0.64)  rl_experiments_v3/exp_growing_pool_seed22/seg_100000.pt:3201x(wr=0.54)  rl_experiments_v3/exp_growing_pool_seed22/seg_150000.pt:4420x(wr=0.59)  rl_experiments_v3/exp_growing_pool_seed22/seg_200000.pt:3828x(wr=0.53)  rl_experiments_v3/exp_growing_pool_seed22/seg_250000.pt:4525x(wr=0.56)
episode 274000  train_avg=   -0.9  adv_avg=   -1.4  eval_avg(500)=  +20.6  win_rate= 54.4%  entropy_beta=0.0020  baseline=  +18.1  (455.2s)
  picks: heuristic:2708x(wr=0.54)  rl_experiments_v3/exp_growing_pool_seed22/seg_50000.pt:3922x(wr=0.50)  rl_experiments_v3/exp_growing_pool_seed22/seg_100000.pt:3621x(wr=0.52)  rl_experiments_v3/exp_growing_pool_seed22/seg_150000.pt:4748x(wr=0.43)  rl_experiments_v3/exp_growing_pool_seed22/seg_200000.pt:4193x(wr=0.48)  rl_experiments_v3/exp_growing_pool_seed22/seg_250000.pt:4808x(wr=0.57)
episode 276000  train_avg=   +4.2  adv_avg=   +6.3  eval_avg(500)=   +8.8  win_rate= 52.2%  entropy_beta=0.0020  baseline=  -27.4  (493.4s)
  picks: heuristic:2905x(wr=0.54)  rl_experiments_v3/exp_growing_pool_seed22/seg_50000.pt:4313x(wr=0.53)  rl_experiments_v3/exp_growing_pool_seed22/seg_100000.pt:3902x(wr=0.44)  rl_experiments_v3/exp_growing_pool_seed22/seg_150000.pt:5309x(wr=0.53)  rl_experiments_v3/exp_growing_pool_seed22/seg_200000.pt:4555x(wr=0.57)  rl_experiments_v3/exp_growing_pool_seed22/seg_250000.pt:5016x(wr=0.55)
episode 278000  train_avg=   -7.1  adv_avg=   -0.6  eval_avg(500)=  +21.1  win_rate= 54.2%  entropy_beta=0.0020  baseline=  -29.5  (530.7s)
  picks: heuristic:3199x(wr=0.50)  rl_experiments_v3/exp_growing_pool_seed22/seg_50000.pt:4743x(wr=0.45)  rl_experiments_v3/exp_growing_pool_seed22/seg_100000.pt:4393x(wr=0.50)  rl_experiments_v3/exp_growing_pool_seed22/seg_150000.pt:5552x(wr=0.53)  rl_experiments_v3/exp_growing_pool_seed22/seg_200000.pt:4811x(wr=0.48)  rl_experiments_v3/exp_growing_pool_seed22/seg_250000.pt:5302x(wr=0.52)
episode 280000  train_avg=   +1.4  adv_avg=  +18.6  eval_avg(500)=  +25.4  win_rate= 55.6%  entropy_beta=0.0020  baseline=  +48.3  (568.4s)
  picks: heuristic:3454x(wr=0.52)  rl_experiments_v3/exp_growing_pool_seed22/seg_50000.pt:5422x(wr=0.57)  rl_experiments_v3/exp_growing_pool_seed22/seg_100000.pt:4697x(wr=0.42)  rl_experiments_v3/exp_growing_pool_seed22/seg_150000.pt:5801x(wr=0.60)  rl_experiments_v3/exp_growing_pool_seed22/seg_200000.pt:5150x(wr=0.47)  rl_experiments_v3/exp_growing_pool_seed22/seg_250000.pt:5476x(wr=0.48)
episode 282000  train_avg=   +1.9  adv_avg=   +7.2  eval_avg(500)=  +27.6  win_rate= 55.6%  entropy_beta=0.0020  baseline=  +18.0  (606.4s)
  picks: heuristic:3681x(wr=0.52)  rl_experiments_v3/exp_growing_pool_seed22/seg_50000.pt:5692x(wr=0.60)  rl_experiments_v3/exp_growing_pool_seed22/seg_100000.pt:5108x(wr=0.55)  rl_experiments_v3/exp_growing_pool_seed22/seg_150000.pt:6057x(wr=0.44)  rl_experiments_v3/exp_growing_pool_seed22/seg_200000.pt:5600x(wr=0.49)  rl_experiments_v3/exp_growing_pool_seed22/seg_250000.pt:5862x(wr=0.51)
episode 284000  train_avg=   -0.1  adv_avg=  +13.3  eval_avg(500)=  +17.4  win_rate= 54.0%  entropy_beta=0.0020  baseline=  +17.6  (643.5s)
  picks: heuristic:4010x(wr=0.59)  rl_experiments_v3/exp_growing_pool_seed22/seg_50000.pt:6008x(wr=0.48)  rl_experiments_v3/exp_growing_pool_seed22/seg_100000.pt:5416x(wr=0.49)  rl_experiments_v3/exp_growing_pool_seed22/seg_150000.pt:6470x(wr=0.51)  rl_experiments_v3/exp_growing_pool_seed22/seg_200000.pt:6020x(wr=0.52)  rl_experiments_v3/exp_growing_pool_seed22/seg_250000.pt:6076x(wr=0.57)
episode 286000  train_avg=  +32.8  adv_avg=  +20.1  eval_avg(500)=  +30.8  win_rate= 57.6%  entropy_beta=0.0020  baseline=  +40.8  (682.0s)
  picks: heuristic:4164x(wr=0.56)  rl_experiments_v3/exp_growing_pool_seed22/seg_50000.pt:6489x(wr=0.52)  rl_experiments_v3/exp_growing_pool_seed22/seg_100000.pt:5952x(wr=0.48)  rl_experiments_v3/exp_growing_pool_seed22/seg_150000.pt:6768x(wr=0.54)  rl_experiments_v3/exp_growing_pool_seed22/seg_200000.pt:6373x(wr=0.63)  rl_experiments_v3/exp_growing_pool_seed22/seg_250000.pt:6254x(wr=0.56)
episode 288000  train_avg=   -5.8  adv_avg=  -14.3  eval_avg(500)=  +26.6  win_rate= 55.2%  entropy_beta=0.0020  baseline=  +15.5  (720.0s)
  picks: heuristic:4384x(wr=0.60)  rl_experiments_v3/exp_growing_pool_seed22/seg_50000.pt:6817x(wr=0.53)  rl_experiments_v3/exp_growing_pool_seed22/seg_100000.pt:6394x(wr=0.56)  rl_experiments_v3/exp_growing_pool_seed22/seg_150000.pt:7066x(wr=0.48)  rl_experiments_v3/exp_growing_pool_seed22/seg_200000.pt:6691x(wr=0.45)  rl_experiments_v3/exp_growing_pool_seed22/seg_250000.pt:6648x(wr=0.45)
episode 290000  train_avg=   +3.0  adv_avg=  +14.8  eval_avg(500)=  +28.1  win_rate= 56.8%  entropy_beta=0.0020  baseline=  +25.7  (758.7s)
  picks: heuristic:4508x(wr=0.44)  rl_experiments_v3/exp_growing_pool_seed22/seg_50000.pt:7045x(wr=0.47)  rl_experiments_v3/exp_growing_pool_seed22/seg_100000.pt:6593x(wr=0.49)  rl_experiments_v3/exp_growing_pool_seed22/seg_150000.pt:7379x(wr=0.58)  rl_experiments_v3/exp_growing_pool_seed22/seg_200000.pt:7154x(wr=0.52)  rl_experiments_v3/exp_growing_pool_seed22/seg_250000.pt:7321x(wr=0.52)
episode 292000  train_avg=   +9.8  adv_avg=  +15.4  eval_avg(500)=  +26.3  win_rate= 55.0%  entropy_beta=0.0020  baseline=  +19.0  (794.8s)
  picks: heuristic:4976x(wr=0.53)  rl_experiments_v3/exp_growing_pool_seed22/seg_50000.pt:7410x(wr=0.59)  rl_experiments_v3/exp_growing_pool_seed22/seg_100000.pt:6941x(wr=0.58)  rl_experiments_v3/exp_growing_pool_seed22/seg_150000.pt:7611x(wr=0.52)  rl_experiments_v3/exp_growing_pool_seed22/seg_200000.pt:7549x(wr=0.51)  rl_experiments_v3/exp_growing_pool_seed22/seg_250000.pt:7513x(wr=0.51)
episode 294000  train_avg=  -13.9  adv_avg=  -23.2  eval_avg(500)=  +16.6  win_rate= 53.2%  entropy_beta=0.0020  baseline=  -79.1  (832.0s)
  picks: heuristic:5297x(wr=0.56)  rl_experiments_v3/exp_growing_pool_seed22/seg_50000.pt:7834x(wr=0.44)  rl_experiments_v3/exp_growing_pool_seed22/seg_100000.pt:7110x(wr=0.43)  rl_experiments_v3/exp_growing_pool_seed22/seg_150000.pt:7939x(wr=0.45)  rl_experiments_v3/exp_growing_pool_seed22/seg_200000.pt:7953x(wr=0.54)  rl_experiments_v3/exp_growing_pool_seed22/seg_250000.pt:7867x(wr=0.45)
episode 296000  train_avg=   +6.4  adv_avg=  +15.6  eval_avg(500)=  +16.5  win_rate= 53.2%  entropy_beta=0.0020  baseline=  +11.7  (870.5s)
  picks: heuristic:5469x(wr=0.50)  rl_experiments_v3/exp_growing_pool_seed22/seg_50000.pt:8335x(wr=0.50)  rl_experiments_v3/exp_growing_pool_seed22/seg_100000.pt:7621x(wr=0.53)  rl_experiments_v3/exp_growing_pool_seed22/seg_150000.pt:8256x(wr=0.51)  rl_experiments_v3/exp_growing_pool_seed22/seg_200000.pt:8218x(wr=0.56)  rl_experiments_v3/exp_growing_pool_seed22/seg_250000.pt:8101x(wr=0.53)
episode 298000  train_avg=   +7.5  adv_avg=   +0.6  eval_avg(500)=  +15.1  win_rate= 53.4%  entropy_beta=0.0020  baseline=   +3.0  (907.7s)
  picks: heuristic:5796x(wr=0.59)  rl_experiments_v3/exp_growing_pool_seed22/seg_50000.pt:8639x(wr=0.47)  rl_experiments_v3/exp_growing_pool_seed22/seg_100000.pt:7906x(wr=0.58)  rl_experiments_v3/exp_growing_pool_seed22/seg_150000.pt:8759x(wr=0.51)  rl_experiments_v3/exp_growing_pool_seed22/seg_200000.pt:8565x(wr=0.47)  rl_experiments_v3/exp_growing_pool_seed22/seg_250000.pt:8335x(wr=0.46)
episode 300000  train_avg=   +1.4  adv_avg=   +3.9  eval_avg(500)=  +17.1  win_rate= 52.8%  entropy_beta=0.0020  baseline=   -1.6  (945.2s)
  picks: heuristic:6064x(wr=0.50)  rl_experiments_v3/exp_growing_pool_seed22/seg_50000.pt:8940x(wr=0.52)  rl_experiments_v3/exp_growing_pool_seed22/seg_100000.pt:8295x(wr=0.48)  rl_experiments_v3/exp_growing_pool_seed22/seg_150000.pt:9069x(wr=0.45)  rl_experiments_v3/exp_growing_pool_seed22/seg_200000.pt:8896x(wr=0.60)  rl_experiments_v3/exp_growing_pool_seed22/seg_250000.pt:8736x(wr=0.53)
poids sauvegardes dans rl_experiments_v3/exp_growing_pool_seed22/seg_300000.pt
PFSP picks total: heuristic:6064x(wr=0.50)  rl_experiments_v3/exp_growing_pool_seed22/seg_50000.pt:8940x(wr=0.52)  rl_experiments_v3/exp_growing_pool_seed22/seg_100000.pt:8295x(wr=0.48)  rl_experiments_v3/exp_growing_pool_seed22/seg_150000.pt:9069x(wr=0.45)  rl_experiments_v3/exp_growing_pool_seed22/seg_200000.pt:8896x(wr=0.60)  rl_experiments_v3/exp_growing_pool_seed22/seg_250000.pt:8736x(wr=0.53)
