poids charges depuis rl_experiments_v3/imit.pt
episode   5000  train_avg=  -14.6  adv_avg=   -2.7  eval_avg(500)=  -15.5  win_rate= 46.6%  entropy_coef=0.0020  policy_loss=-0.0069  value_loss=1.0022  entropy=0.198  clip_frac= 0.8%  (61.7s)
episode  10000  train_avg=  -18.4  adv_avg=  +11.0  eval_avg(500)=   +4.1  win_rate= 51.2%  entropy_coef=0.0020  policy_loss=-0.0092  value_loss=1.0072  entropy=0.213  clip_frac= 1.2%  (122.5s)
episode  15000  train_avg=  -20.9  adv_avg=  -10.8  eval_avg(500)=  +17.2  win_rate= 53.8%  entropy_coef=0.0020  policy_loss=-0.0084  value_loss=1.0134  entropy=0.190  clip_frac= 0.9%  (183.0s)
episode  20000  train_avg=   -2.9  adv_avg=   -3.5  eval_avg(500)=  +17.2  win_rate= 54.2%  entropy_coef=0.0020  policy_loss=-0.0074  value_loss=1.0069  entropy=0.203  clip_frac= 0.9%  (243.6s)
episode  25000  train_avg=   +6.7  adv_avg=   +7.0  eval_avg(500)=  +11.9  win_rate= 52.4%  entropy_coef=0.0020  policy_loss=-0.0073  value_loss=1.0785  entropy=0.173  clip_frac= 1.0%  (304.2s)
episode  30000  train_avg=   +4.4  adv_avg=   -4.0  eval_avg(500)=  +13.6  win_rate= 52.2%  entropy_coef=0.0020  policy_loss=-0.0062  value_loss=1.0427  entropy=0.179  clip_frac= 0.5%  (365.1s)
episode  35000  train_avg=  +14.7  adv_avg=   +1.0  eval_avg(500)=  +29.5  win_rate= 56.4%  entropy_coef=0.0020  policy_loss=-0.0059  value_loss=0.9956  entropy=0.194  clip_frac= 0.7%  (425.5s)
episode  40000  train_avg=  -14.2  adv_avg=   +2.6  eval_avg(500)=  +20.9  win_rate= 53.8%  entropy_coef=0.0020  policy_loss=-0.0093  value_loss=0.9728  entropy=0.196  clip_frac= 1.1%  (486.2s)
episode  45000  train_avg=  +11.8  adv_avg=  +11.2  eval_avg(500)=  +11.8  win_rate= 52.2%  entropy_coef=0.0020  policy_loss=-0.0078  value_loss=1.0182  entropy=0.200  clip_frac= 0.9%  (546.5s)
episode  50000  train_avg=   -3.0  adv_avg=  +13.0  eval_avg(500)=   +5.9  win_rate= 51.0%  entropy_coef=0.0020  policy_loss=-0.0076  value_loss=0.9955  entropy=0.173  clip_frac= 0.9%  (606.9s)
episode  55000  train_avg=  +15.8  adv_avg=  +21.4  eval_avg(500)=  +12.5  win_rate= 52.8%  entropy_coef=0.0020  policy_loss=-0.0098  value_loss=0.9920  entropy=0.188  clip_frac= 1.2%  (667.4s)
episode  60000  train_avg=   -3.1  adv_avg=   -0.7  eval_avg(500)=  +10.2  win_rate= 51.8%  entropy_coef=0.0020  policy_loss=-0.0077  value_loss=1.0018  entropy=0.188  clip_frac= 0.8%  (727.8s)
episode  65000  train_avg=   -1.3  adv_avg=   -8.4  eval_avg(500)=  +20.4  win_rate= 54.4%  entropy_coef=0.0020  policy_loss=-0.0063  value_loss=0.9857  entropy=0.164  clip_frac= 0.8%  (791.9s)
episode  70000  train_avg=   +9.5  adv_avg=   +9.0  eval_avg(500)=  +13.8  win_rate= 52.8%  entropy_coef=0.0020  policy_loss=-0.0077  value_loss=0.9869  entropy=0.198  clip_frac= 0.8%  (854.8s)
episode  75000  train_avg=  +18.5  adv_avg=  +31.1  eval_avg(500)=  +18.3  win_rate= 53.6%  entropy_coef=0.0020  policy_loss=-0.0058  value_loss=1.0058  entropy=0.171  clip_frac= 0.5%  (924.2s)
episode  80000  train_avg=  +11.4  adv_avg=  +19.2  eval_avg(500)=   +4.8  win_rate= 50.4%  entropy_coef=0.0020  policy_loss=-0.0095  value_loss=0.9966  entropy=0.175  clip_frac= 1.3%  (991.2s)
episode  85000  train_avg=  +13.3  adv_avg=   +2.8  eval_avg(500)=   +3.2  win_rate= 50.4%  entropy_coef=0.0020  policy_loss=-0.0062  value_loss=1.0837  entropy=0.173  clip_frac= 0.8%  (1057.3s)
episode  90000  train_avg=  +28.6  adv_avg=  +40.8  eval_avg(500)=   -0.6  win_rate= 49.4%  entropy_coef=0.0020  policy_loss=-0.0081  value_loss=1.0882  entropy=0.169  clip_frac= 1.1%  (1122.3s)
episode  95000  train_avg=  +18.3  adv_avg=  +14.0  eval_avg(500)=  +21.5  win_rate= 55.2%  entropy_coef=0.0020  policy_loss=-0.0087  value_loss=1.0735  entropy=0.167  clip_frac= 1.4%  (1186.0s)
episode 100000  train_avg=  +44.9  adv_avg=  +27.9  eval_avg(500)=  +19.2  win_rate= 54.4%  entropy_coef=0.0020  policy_loss=-0.0066  value_loss=1.1369  entropy=0.159  clip_frac= 1.0%  (1250.1s)
poids sauvegardes dans rl_experiments_v3/exp_ppo_lr3e-5_epochs8_seed21/ppo_100000.pt
