poids charges depuis rl_experiments/imit.pt
episode   2000  train_avg=  +14.8  adv_avg=   -7.8  eval_avg(500)=  -21.3  win_rate= 44.8%  entropy_coef=0.0020  policy_loss=-0.0030  value_loss=1.0079  entropy=0.217  (26.3s)
episode   4000  train_avg=  -22.4  adv_avg=  -12.8  eval_avg(500)=   -8.3  win_rate= 48.2%  entropy_coef=0.0020  policy_loss=-0.0042  value_loss=1.0090  entropy=0.192  (52.7s)
episode   6000  train_avg=  -24.5  adv_avg=  -10.8  eval_avg(500)=  -11.0  win_rate= 46.8%  entropy_coef=0.0020  policy_loss=-0.0028  value_loss=1.0014  entropy=0.198  (78.1s)
episode   8000  train_avg=  -37.2  adv_avg=   -5.2  eval_avg(500)=  -18.0  win_rate= 46.0%  entropy_coef=0.0020  policy_loss=-0.0046  value_loss=1.0178  entropy=0.195  (104.4s)
episode  10000  train_avg=   +1.4  adv_avg=   -3.3  eval_avg(500)=  -16.1  win_rate= 46.0%  entropy_coef=0.0020  policy_loss=-0.0042  value_loss=1.0111  entropy=0.202  (129.7s)
episode  12000  train_avg=   +4.7  adv_avg=  -24.9  eval_avg(500)=   +1.1  win_rate= 50.2%  entropy_coef=0.0020  policy_loss=-0.0040  value_loss=1.0009  entropy=0.216  (155.2s)
episode  14000  train_avg=   -1.2  adv_avg=  -11.5  eval_avg(500)=  -10.5  win_rate= 47.8%  entropy_coef=0.0020  policy_loss=-0.0035  value_loss=1.0148  entropy=0.202  (180.8s)
episode  16000  train_avg=  +10.5  adv_avg=   +3.2  eval_avg(500)=   -9.9  win_rate= 48.0%  entropy_coef=0.0020  policy_loss=-0.0024  value_loss=1.0405  entropy=0.209  (206.6s)
episode  18000  train_avg=  -14.8  adv_avg=  -23.6  eval_avg(500)=   +1.1  win_rate= 49.8%  entropy_coef=0.0020  policy_loss=-0.0035  value_loss=1.0318  entropy=0.198  (232.1s)
episode  20000  train_avg=  -16.9  adv_avg=  -23.4  eval_avg(500)=   -5.4  win_rate= 48.6%  entropy_coef=0.0020  policy_loss=-0.0036  value_loss=1.0073  entropy=0.205  (258.0s)
episode  22000  train_avg=  -16.4  adv_avg=   -5.5  eval_avg(500)=  -10.0  win_rate= 48.4%  entropy_coef=0.0020  policy_loss=-0.0030  value_loss=1.0363  entropy=0.199  (283.9s)
episode  24000  train_avg=   -0.9  adv_avg=   -6.6  eval_avg(500)=   +1.9  win_rate= 50.4%  entropy_coef=0.0020  policy_loss=-0.0037  value_loss=1.0010  entropy=0.203  (310.2s)
episode  26000  train_avg=   +2.9  adv_avg=   +5.2  eval_avg(500)=   +2.7  win_rate= 50.0%  entropy_coef=0.0020  policy_loss=-0.0024  value_loss=1.0147  entropy=0.217  (336.2s)
episode  28000  train_avg=   +8.8  adv_avg=   +1.6  eval_avg(500)=   -6.9  win_rate= 48.4%  entropy_coef=0.0020  policy_loss=-0.0032  value_loss=0.9914  entropy=0.216  (362.1s)
episode  30000  train_avg=  -16.7  adv_avg=  -25.8  eval_avg(500)=   +7.0  win_rate= 51.6%  entropy_coef=0.0020  policy_loss=-0.0053  value_loss=1.0657  entropy=0.212  (387.7s)
episode  32000  train_avg=   -3.5  adv_avg=  +10.8  eval_avg(500)=   -7.9  win_rate= 47.8%  entropy_coef=0.0020  policy_loss=-0.0033  value_loss=1.0002  entropy=0.206  (413.4s)
episode  34000  train_avg=  -15.3  adv_avg=  -18.4  eval_avg(500)=  +10.4  win_rate= 51.4%  entropy_coef=0.0020  policy_loss=-0.0026  value_loss=0.9956  entropy=0.201  (438.6s)
episode  36000  train_avg=   -6.1  adv_avg=  -16.6  eval_avg(500)=  +10.5  win_rate= 52.0%  entropy_coef=0.0020  policy_loss=-0.0036  value_loss=0.9936  entropy=0.209  (463.8s)
episode  38000  train_avg=   +9.0  adv_avg=  -33.9  eval_avg(500)=   +5.3  win_rate= 50.4%  entropy_coef=0.0020  policy_loss=-0.0032  value_loss=1.0536  entropy=0.190  (489.2s)
episode  40000  train_avg=  +14.5  adv_avg=   +5.8  eval_avg(500)=   -5.6  win_rate= 47.8%  entropy_coef=0.0020  policy_loss=-0.0032  value_loss=1.0599  entropy=0.197  (514.8s)
episode  42000  train_avg=   +1.5  adv_avg=  +18.9  eval_avg(500)=  +20.7  win_rate= 55.0%  entropy_coef=0.0020  policy_loss=-0.0029  value_loss=1.0065  entropy=0.203  (541.5s)
episode  44000  train_avg=  -17.3  adv_avg=  -26.6  eval_avg(500)=   -4.7  win_rate= 49.2%  entropy_coef=0.0020  policy_loss=-0.0026  value_loss=1.0211  entropy=0.209  (567.8s)
episode  46000  train_avg=   -8.8  adv_avg=  +14.9  eval_avg(500)=   -1.1  win_rate= 49.6%  entropy_coef=0.0020  policy_loss=-0.0034  value_loss=1.0004  entropy=0.214  (593.5s)
episode  48000  train_avg=  +12.8  adv_avg=   +9.0  eval_avg(500)=   -0.1  win_rate= 50.2%  entropy_coef=0.0020  policy_loss=-0.0029  value_loss=1.0002  entropy=0.220  (619.4s)
episode  50000  train_avg=  -21.7  adv_avg=  -24.7  eval_avg(500)=  +12.9  win_rate= 52.6%  entropy_coef=0.0020  policy_loss=-0.0025  value_loss=1.0156  entropy=0.192  (644.8s)
poids sauvegardes dans rl_experiments_v2/exp_ppo_round1_lr1e-5/ppo_50000.pt
