poids charges depuis rl_experiments_v4/imit_bignet_ent02.pt
episode   5000  train_avg=  -16.2  adv_avg=  -13.4  eval_avg(500)=  +12.5  win_rate= 52.4%  entropy_coef=0.0020  policy_loss=-0.0084  value_loss=0.9995  entropy=0.195  clip_frac= 1.0%  (108.6s)
episode  10000  train_avg=   +0.1  adv_avg=   +2.5  eval_avg(500)=  +10.9  win_rate= 52.2%  entropy_coef=0.0020  policy_loss=-0.0094  value_loss=1.0437  entropy=0.179  clip_frac= 1.3%  (218.4s)
episode  15000  train_avg=  -16.8  adv_avg=   +0.2  eval_avg(500)=  +11.3  win_rate= 51.4%  entropy_coef=0.0020  policy_loss=-0.0105  value_loss=1.0070  entropy=0.197  clip_frac= 1.4%  (328.5s)
episode  20000  train_avg=   +9.8  adv_avg=   +5.8  eval_avg(500)=  +14.9  win_rate= 52.6%  entropy_coef=0.0020  policy_loss=-0.0081  value_loss=0.9996  entropy=0.217  clip_frac= 1.2%  (437.2s)
episode  25000  train_avg=   +6.1  adv_avg=   +9.3  eval_avg(500)=  +18.0  win_rate= 52.6%  entropy_coef=0.0020  policy_loss=-0.0079  value_loss=1.0000  entropy=0.199  clip_frac= 1.3%  (555.7s)
episode  30000  train_avg=   +2.8  adv_avg=  +11.3  eval_avg(500)=  +16.3  win_rate= 53.4%  entropy_coef=0.0020  policy_loss=-0.0103  value_loss=0.9996  entropy=0.212  clip_frac= 1.9%  (676.6s)
episode  35000  train_avg=   +2.2  adv_avg=  +31.1  eval_avg(500)=  +18.7  win_rate= 54.8%  entropy_coef=0.0020  policy_loss=-0.0105  value_loss=0.9950  entropy=0.217  clip_frac= 1.9%  (801.3s)
episode  40000  train_avg=  +36.1  adv_avg=  +31.4  eval_avg(500)=  +25.8  win_rate= 55.0%  entropy_coef=0.0020  policy_loss=-0.0102  value_loss=0.9914  entropy=0.198  clip_frac= 1.9%  (912.8s)
episode  45000  train_avg=  +31.4  adv_avg=  +13.1  eval_avg(500)=  +17.1  win_rate= 53.0%  entropy_coef=0.0020  policy_loss=-0.0118  value_loss=0.9890  entropy=0.212  clip_frac= 2.2%  (1034.8s)
episode  50000  train_avg=  +15.4  adv_avg=  +34.6  eval_avg(500)=  +23.3  win_rate= 54.6%  entropy_coef=0.0020  policy_loss=-0.0064  value_loss=0.9870  entropy=0.195  clip_frac= 0.9%  (1151.7s)
episode  55000  train_avg=   +7.5  adv_avg=  +10.8  eval_avg(500)=  +30.9  win_rate= 56.6%  entropy_coef=0.0020  policy_loss=-0.0091  value_loss=0.9997  entropy=0.210  clip_frac= 1.2%  (1262.4s)
episode  60000  train_avg=  +24.8  adv_avg=  +32.4  eval_avg(500)=  +21.7  win_rate= 54.8%  entropy_coef=0.0020  policy_loss=-0.0087  value_loss=0.9974  entropy=0.198  clip_frac= 1.3%  (1374.5s)
episode  65000  train_avg=  +27.1  adv_avg=  +15.5  eval_avg(500)=  +15.0  win_rate= 53.0%  entropy_coef=0.0020  policy_loss=-0.0091  value_loss=0.9806  entropy=0.219  clip_frac= 1.4%  (1483.7s)
episode  70000  train_avg=   +7.7  adv_avg=   +2.7  eval_avg(500)=  +32.6  win_rate= 57.0%  entropy_coef=0.0020  policy_loss=-0.0090  value_loss=0.9894  entropy=0.203  clip_frac= 1.3%  (1590.8s)
episode  75000  train_avg=  +23.1  adv_avg=  +30.5  eval_avg(500)=  +22.1  win_rate= 54.6%  entropy_coef=0.0020  policy_loss=-0.0105  value_loss=0.9903  entropy=0.196  clip_frac= 1.7%  (1702.7s)
episode  80000  train_avg=   +3.8  adv_avg=  +21.6  eval_avg(500)=  +16.6  win_rate= 53.8%  entropy_coef=0.0020  policy_loss=-0.0111  value_loss=1.0070  entropy=0.199  clip_frac= 2.0%  (1814.7s)
episode  85000  train_avg=  +28.8  adv_avg=  +28.6  eval_avg(500)=  +22.9  win_rate= 54.4%  entropy_coef=0.0020  policy_loss=-0.0091  value_loss=0.9849  entropy=0.196  clip_frac= 1.9%  (1926.4s)
episode  90000  train_avg=  +22.5  adv_avg=  +17.5  eval_avg(500)=  +22.9  win_rate= 54.2%  entropy_coef=0.0020  policy_loss=-0.0095  value_loss=1.0114  entropy=0.197  clip_frac= 1.8%  (2039.8s)
episode  95000  train_avg=  +18.6  adv_avg=  +21.0  eval_avg(500)=   +7.1  win_rate= 51.6%  entropy_coef=0.0020  policy_loss=-0.0081  value_loss=1.0079  entropy=0.194  clip_frac= 1.5%  (2160.1s)
episode 100000  train_avg=   +4.9  adv_avg=   -9.7  eval_avg(500)=  +22.3  win_rate= 54.6%  entropy_coef=0.0020  policy_loss=-0.0086  value_loss=0.9852  entropy=0.209  clip_frac= 1.6%  (2274.0s)
poids sauvegardes dans rl_experiments_v4/exp_shared_lr3e-5_epochs4_vc01_seed20/ppo_100000.pt
