poids charges depuis rl_experiments_v3/imit.pt
episode   5000  train_avg=  -29.8  adv_avg=   +4.9  eval_avg(500)=  -29.0  win_rate= 44.2%  entropy_beta=0.0020  baseline=  -10.6  (58.3s)
episode  10000  train_avg=  +30.6  adv_avg=  +14.3  eval_avg(500)=   +0.0  win_rate= 50.0%  entropy_beta=0.0020  baseline=   -1.9  (116.3s)
episode  15000  train_avg=  -23.2  adv_avg=  -17.1  eval_avg(500)=  +24.9  win_rate= 55.4%  entropy_beta=0.0020  baseline=  -11.4  (174.6s)
episode  20000  train_avg=   +8.1  adv_avg=   -9.0  eval_avg(500)=   +8.0  win_rate= 52.6%  entropy_beta=0.0020  baseline=  -10.0  (232.8s)
episode  25000  train_avg=  +24.4  adv_avg=   -0.5  eval_avg(500)=   -4.7  win_rate= 48.4%  entropy_beta=0.0020  baseline=  +37.2  (290.9s)
episode  30000  train_avg=  +18.0  adv_avg=   +2.9  eval_avg(500)=  +27.1  win_rate= 55.0%  entropy_beta=0.0020  baseline=   +7.9  (349.2s)
episode  35000  train_avg=  -14.8  adv_avg=   +5.1  eval_avg(500)=  +20.9  win_rate= 53.8%  entropy_beta=0.0020  baseline=  +39.7  (406.4s)
episode  40000  train_avg=  -11.1  adv_avg=   -7.4  eval_avg(500)=  +18.0  win_rate= 53.8%  entropy_beta=0.0020  baseline=  -38.9  (463.8s)
episode  45000  train_avg=  +15.4  adv_avg=  +27.1  eval_avg(500)=   +2.4  win_rate= 51.0%  entropy_beta=0.0020  baseline=  -23.9  (521.2s)
episode  50000  train_avg=   +7.8  adv_avg=   +4.6  eval_avg(500)=  +17.0  win_rate= 53.8%  entropy_beta=0.0020  baseline=  -13.1  (579.9s)
episode  55000  train_avg=   +5.2  adv_avg=   +5.5  eval_avg(500)=  +21.9  win_rate= 55.4%  entropy_beta=0.0020  baseline=   -9.8  (638.0s)
episode  60000  train_avg=   +4.5  adv_avg=  +13.1  eval_avg(500)=  +15.8  win_rate= 53.4%  entropy_beta=0.0020  baseline=  -15.9  (696.3s)
episode  65000  train_avg=  -15.2  adv_avg=   +9.4  eval_avg(500)=   +0.9  win_rate= 50.0%  entropy_beta=0.0020  baseline=  +24.1  (754.3s)
episode  70000  train_avg=   -8.0  adv_avg=  +12.7  eval_avg(500)=  +16.2  win_rate= 53.2%  entropy_beta=0.0020  baseline=   -4.1  (812.4s)
episode  75000  train_avg=  +17.4  adv_avg=  +36.0  eval_avg(500)=  +38.8  win_rate= 58.8%  entropy_beta=0.0020  baseline=  +34.4  (870.5s)
episode  80000  train_avg=  +25.6  adv_avg=   +7.7  eval_avg(500)=  +13.9  win_rate= 53.4%  entropy_beta=0.0020  baseline=  +43.2  (927.9s)
episode  85000  train_avg=   +7.7  adv_avg=  +19.6  eval_avg(500)=  +11.7  win_rate= 52.2%  entropy_beta=0.0020  baseline=  -11.0  (985.2s)
episode  90000  train_avg=  -23.1  adv_avg=   -5.6  eval_avg(500)=  +12.7  win_rate= 52.8%  entropy_beta=0.0020  baseline=   +0.9  (1042.5s)
episode  95000  train_avg=  +13.2  adv_avg=  +14.7  eval_avg(500)=  +12.5  win_rate= 52.4%  entropy_beta=0.0020  baseline=   +8.8  (1099.9s)
episode 100000  train_avg=  +10.5  adv_avg=   -5.7  eval_avg(500)=  +24.9  win_rate= 55.2%  entropy_beta=0.0020  baseline=  -11.2  (1157.2s)
poids sauvegardes dans rl_experiments_v3/exp_reinforce_lr3e-5_seed21/reinforce_100000.pt
