poids charges depuis rl_experiments_v4/imit_bignet_ent02.pt
episode   5000  train_avg=  +19.1  adv_avg=  -22.4  eval_avg(500)=  -13.2  win_rate= 46.8%  entropy_beta=0.0020  baseline=  -17.5  (119.0s)
episode  10000  train_avg=  +19.8  adv_avg=   -6.0  eval_avg(500)=   -1.0  win_rate= 50.4%  entropy_beta=0.0020  baseline=  +17.4  (237.4s)
episode  15000  train_avg=  -10.6  adv_avg=  +20.8  eval_avg(500)=  +18.0  win_rate= 53.0%  entropy_beta=0.0020  baseline=  +36.0  (356.8s)
episode  20000  train_avg=   +0.7  adv_avg=   +5.1  eval_avg(500)=   -7.3  win_rate= 48.6%  entropy_beta=0.0020  baseline=  +22.2  (477.3s)
episode  25000  train_avg=   +1.8  adv_avg=  +15.9  eval_avg(500)=  +15.5  win_rate= 52.8%  entropy_beta=0.0020  baseline=  -13.4  (596.9s)
episode  30000  train_avg=   +6.7  adv_avg=   +5.5  eval_avg(500)=  +21.1  win_rate= 55.0%  entropy_beta=0.0020  baseline=   -7.6  (722.9s)
episode  35000  train_avg=  +20.4  adv_avg=  +16.7  eval_avg(500)=   +4.9  win_rate= 50.6%  entropy_beta=0.0020  baseline=  +17.1  (843.5s)
episode  40000  train_avg=  +18.0  adv_avg=   +1.0  eval_avg(500)=   +8.3  win_rate= 52.0%  entropy_beta=0.0020  baseline=  -15.5  (968.4s)
episode  45000  train_avg=   +5.3  adv_avg=  +27.2  eval_avg(500)=  +10.9  win_rate= 51.6%  entropy_beta=0.0020  baseline=  -14.8  (1085.9s)
episode  50000  train_avg=  +22.1  adv_avg=  +14.9  eval_avg(500)=   +7.8  win_rate= 51.0%  entropy_beta=0.0020  baseline=  -42.4  (1193.7s)
episode  55000  train_avg=  +54.6  adv_avg=  +66.5  eval_avg(500)=   -1.1  win_rate= 50.6%  entropy_beta=0.0020  baseline=  +79.9  (1301.1s)
episode  60000  train_avg=  +23.1  adv_avg=  +25.3  eval_avg(500)=  +14.0  win_rate= 53.2%  entropy_beta=0.0020  baseline=   +7.7  (1412.5s)
episode  65000  train_avg=  +15.4  adv_avg=  +18.6  eval_avg(500)=  +18.6  win_rate= 52.6%  entropy_beta=0.0020  baseline=  +45.7  (1524.1s)
episode  70000  train_avg=  +34.6  adv_avg=   +9.9  eval_avg(500)=  +29.3  win_rate= 55.2%  entropy_beta=0.0020  baseline=  -13.2  (1634.0s)
episode  75000  train_avg=  +12.6  adv_avg=  +10.8  eval_avg(500)=  +20.6  win_rate= 54.8%  entropy_beta=0.0020  baseline=  -17.8  (1742.3s)
episode  80000  train_avg=  +43.1  adv_avg=  +17.4  eval_avg(500)=  +26.3  win_rate= 56.6%  entropy_beta=0.0020  baseline=  -29.6  (1851.4s)
episode  85000  train_avg=  +19.3  adv_avg=  +30.9  eval_avg(500)=  +15.0  win_rate= 52.6%  entropy_beta=0.0020  baseline=  +62.3  (1960.7s)
episode  90000  train_avg=  +12.6  adv_avg=  +10.2  eval_avg(500)=  +33.3  win_rate= 56.6%  entropy_beta=0.0020  baseline=  +24.1  (2070.2s)
episode  95000  train_avg=   -3.1  adv_avg=  +27.8  eval_avg(500)=  +29.8  win_rate= 55.6%  entropy_beta=0.0020  baseline=   -3.0  (2181.5s)
episode 100000  train_avg=   -1.2  adv_avg=  +18.6  eval_avg(500)=  +10.8  win_rate= 52.2%  entropy_beta=0.0020  baseline=  +23.1  (2292.4s)
poids sauvegardes dans rl_experiments_v4/exp_reinforce_bignet_ent02_lr3e-5_seed22/reinforce_100000.pt
