poids charges depuis rl_experiments_v3/imit.pt
episode   5000  train_avg=  -13.3  adv_avg=   +0.8  eval_avg(500)=   +1.0  win_rate= 50.0%  entropy_coef=0.0020  policy_loss=-0.0076  value_loss=0.0000  entropy=0.225  clip_frac= 0.9%  (65.1s)
episode  10000  train_avg=  +13.6  adv_avg=  +27.1  eval_avg(500)=  +11.5  win_rate= 52.6%  entropy_coef=0.0020  policy_loss=-0.0080  value_loss=0.0000  entropy=0.199  clip_frac= 1.0%  (130.5s)
episode  15000  train_avg=  -12.5  adv_avg=  -17.6  eval_avg(500)=  +16.5  win_rate= 52.6%  entropy_coef=0.0020  policy_loss=-0.0106  value_loss=0.0000  entropy=0.219  clip_frac= 1.7%  (196.2s)
episode  20000  train_avg=  -18.8  adv_avg=   -6.5  eval_avg(500)=  +22.2  win_rate= 55.0%  entropy_coef=0.0020  policy_loss=-0.0065  value_loss=0.0000  entropy=0.197  clip_frac= 0.5%  (260.8s)
episode  25000  train_avg=   +1.0  adv_avg=   +7.4  eval_avg(500)=   +6.3  win_rate= 50.6%  entropy_coef=0.0020  policy_loss=-0.0110  value_loss=0.0000  entropy=0.201  clip_frac= 1.2%  (329.8s)
episode  30000  train_avg=   +9.6  adv_avg=   -3.9  eval_avg(500)=   +4.6  win_rate= 50.6%  entropy_coef=0.0020  policy_loss=-0.0069  value_loss=0.0000  entropy=0.208  clip_frac= 0.8%  (397.1s)
episode  35000  train_avg=  +23.9  adv_avg=  +18.5  eval_avg(500)=   +9.8  win_rate= 51.2%  entropy_coef=0.0020  policy_loss=-0.0092  value_loss=0.0000  entropy=0.194  clip_frac= 0.9%  (463.4s)
episode  40000  train_avg=   -5.0  adv_avg=  -16.9  eval_avg(500)=  +22.4  win_rate= 55.4%  entropy_coef=0.0020  policy_loss=-0.0106  value_loss=0.0000  entropy=0.208  clip_frac= 1.6%  (528.5s)
episode  45000  train_avg=  +23.9  adv_avg=  +24.6  eval_avg(500)=  +18.3  win_rate= 53.8%  entropy_coef=0.0020  policy_loss=-0.0061  value_loss=0.0000  entropy=0.178  clip_frac= 0.6%  (592.7s)
episode  50000  train_avg=  +22.6  adv_avg=  +17.3  eval_avg(500)=  +12.1  win_rate= 51.6%  entropy_coef=0.0020  policy_loss=-0.0071  value_loss=0.0000  entropy=0.171  clip_frac= 1.1%  (656.4s)
episode  55000  train_avg=  +17.9  adv_avg=  +30.2  eval_avg(500)=  +27.5  win_rate= 56.0%  entropy_coef=0.0020  policy_loss=-0.0100  value_loss=0.0000  entropy=0.192  clip_frac= 1.1%  (721.1s)
episode  60000  train_avg=  +11.8  adv_avg=  +13.6  eval_avg(500)=  +30.4  win_rate= 56.8%  entropy_coef=0.0020  policy_loss=-0.0079  value_loss=0.0000  entropy=0.183  clip_frac= 1.0%  (784.9s)
episode  65000  train_avg=   +7.8  adv_avg=   +2.1  eval_avg(500)=  +24.1  win_rate= 55.2%  entropy_coef=0.0020  policy_loss=-0.0047  value_loss=0.0000  entropy=0.153  clip_frac= 0.6%  (848.6s)
episode  70000  train_avg=  +11.8  adv_avg=   -6.2  eval_avg(500)=  +29.5  win_rate= 56.6%  entropy_coef=0.0020  policy_loss=-0.0092  value_loss=0.0000  entropy=0.187  clip_frac= 1.3%  (912.8s)
episode  75000  train_avg=   +0.2  adv_avg=  +11.7  eval_avg(500)=   +8.9  win_rate= 51.8%  entropy_coef=0.0020  policy_loss=-0.0104  value_loss=0.0000  entropy=0.180  clip_frac= 1.3%  (976.7s)
episode  80000  train_avg=   +1.0  adv_avg=   -1.2  eval_avg(500)=  +20.1  win_rate= 54.2%  entropy_coef=0.0020  policy_loss=-0.0068  value_loss=0.0000  entropy=0.184  clip_frac= 0.7%  (1041.1s)
episode  85000  train_avg=   +6.9  adv_avg=   +1.4  eval_avg(500)=   +4.2  win_rate= 51.0%  entropy_coef=0.0020  policy_loss=-0.0093  value_loss=0.0000  entropy=0.166  clip_frac= 1.5%  (1105.2s)
episode  90000  train_avg=  +43.4  adv_avg=  +31.6  eval_avg(500)=  +18.7  win_rate= 53.6%  entropy_coef=0.0020  policy_loss=-0.0080  value_loss=0.0000  entropy=0.170  clip_frac= 1.2%  (1168.9s)
episode  95000  train_avg=   +5.2  adv_avg=   +6.3  eval_avg(500)=  +10.3  win_rate= 52.0%  entropy_coef=0.0020  policy_loss=-0.0080  value_loss=0.0000  entropy=0.166  clip_frac= 1.3%  (1232.7s)
episode 100000  train_avg=  +13.1  adv_avg=   +7.9  eval_avg(500)=  +18.4  win_rate= 52.6%  entropy_coef=0.0020  policy_loss=-0.0059  value_loss=0.0000  entropy=0.175  clip_frac= 0.7%  (1296.9s)
poids sauvegardes dans rl_experiments_v3/exp_ppo_withfeat_nocritic_seed20/ppo_100000.pt
