poids charges depuis rl_experiments_v3/imit.pt
episode   5000  train_avg=  -13.4  adv_avg=   -4.9  eval_avg(500)=   +3.6  win_rate= 50.4%  entropy_coef=0.0020  policy_loss=-0.0174  value_loss=0.0000  entropy=0.227  clip_frac= 2.6%  (69.0s)
episode  10000  train_avg=   +1.6  adv_avg=   -9.8  eval_avg(500)=   +0.8  win_rate= 49.8%  entropy_coef=0.0020  policy_loss=-0.0128  value_loss=0.0000  entropy=0.211  clip_frac= 2.3%  (137.4s)
episode  15000  train_avg=  +17.0  adv_avg=  +10.2  eval_avg(500)=   -9.0  win_rate= 48.4%  entropy_coef=0.0020  policy_loss=-0.0129  value_loss=0.0000  entropy=0.222  clip_frac= 2.5%  (205.8s)
episode  20000  train_avg=   -8.6  adv_avg=   -5.9  eval_avg(500)=   +9.2  win_rate= 50.8%  entropy_coef=0.0020  policy_loss=-0.0114  value_loss=0.0000  entropy=0.191  clip_frac= 1.8%  (274.1s)
episode  25000  train_avg=  +27.3  adv_avg=   +9.4  eval_avg(500)=  +16.7  win_rate= 53.2%  entropy_coef=0.0020  policy_loss=-0.0123  value_loss=0.0000  entropy=0.215  clip_frac= 2.6%  (342.8s)
episode  30000  train_avg=  +12.5  adv_avg=   -2.8  eval_avg(500)=   +1.4  win_rate= 50.6%  entropy_coef=0.0020  policy_loss=-0.0115  value_loss=0.0000  entropy=0.184  clip_frac= 2.1%  (410.3s)
episode  35000  train_avg=  +16.6  adv_avg=   +5.7  eval_avg(500)=   +4.7  win_rate= 51.2%  entropy_coef=0.0020  policy_loss=-0.0127  value_loss=0.0000  entropy=0.174  clip_frac= 2.5%  (477.8s)
episode  40000  train_avg=  +16.1  adv_avg=   +2.8  eval_avg(500)=   -3.9  win_rate= 48.8%  entropy_coef=0.0020  policy_loss=-0.0106  value_loss=0.0000  entropy=0.178  clip_frac= 2.0%  (545.6s)
episode  45000  train_avg=  +22.7  adv_avg=  +21.8  eval_avg(500)=  +14.5  win_rate= 53.2%  entropy_coef=0.0020  policy_loss=-0.0117  value_loss=0.0000  entropy=0.160  clip_frac= 2.3%  (613.8s)
episode  50000  train_avg=   +7.7  adv_avg=   +3.5  eval_avg(500)=  +14.7  win_rate= 53.8%  entropy_coef=0.0020  policy_loss=-0.0097  value_loss=0.0000  entropy=0.179  clip_frac= 1.8%  (682.3s)
episode  55000  train_avg=  +23.5  adv_avg=   -0.8  eval_avg(500)=   -2.8  win_rate= 50.0%  entropy_coef=0.0020  policy_loss=-0.0152  value_loss=0.0000  entropy=0.180  clip_frac= 2.9%  (750.7s)
episode  60000  train_avg=  +23.0  adv_avg=  +15.0  eval_avg(500)=  +27.2  win_rate= 55.6%  entropy_coef=0.0020  policy_loss=-0.0144  value_loss=0.0000  entropy=0.170  clip_frac= 3.0%  (820.4s)
episode  65000  train_avg=  -12.1  adv_avg=  +13.2  eval_avg(500)=   +2.6  win_rate= 49.6%  entropy_coef=0.0020  policy_loss=-0.0158  value_loss=0.0000  entropy=0.186  clip_frac= 3.5%  (891.6s)
episode  70000  train_avg=   +4.3  adv_avg=  -19.3  eval_avg(500)=   +4.7  win_rate= 51.8%  entropy_coef=0.0020  policy_loss=-0.0147  value_loss=0.0000  entropy=0.182  clip_frac= 3.2%  (963.3s)
episode  75000  train_avg=  +26.2  adv_avg=  +40.3  eval_avg(500)=  +25.4  win_rate= 55.6%  entropy_coef=0.0020  policy_loss=-0.0142  value_loss=0.0000  entropy=0.183  clip_frac= 4.0%  (1032.8s)
episode  80000  train_avg=  +23.4  adv_avg=  +18.4  eval_avg(500)=   -2.8  win_rate= 49.2%  entropy_coef=0.0020  policy_loss=-0.0146  value_loss=0.0000  entropy=0.173  clip_frac= 3.1%  (1103.2s)
episode  85000  train_avg=   -6.5  adv_avg=  -13.5  eval_avg(500)=   +9.7  win_rate= 51.6%  entropy_coef=0.0020  policy_loss=-0.0146  value_loss=0.0000  entropy=0.200  clip_frac= 2.8%  (1184.1s)
episode  90000  train_avg=  +26.7  adv_avg=  +21.9  eval_avg(500)=  +16.5  win_rate= 53.4%  entropy_coef=0.0020  policy_loss=-0.0102  value_loss=0.0000  entropy=0.174  clip_frac= 1.9%  (1256.3s)
episode  95000  train_avg=   -9.9  adv_avg=   +9.5  eval_avg(500)=  +24.9  win_rate= 54.8%  entropy_coef=0.0020  policy_loss=-0.0137  value_loss=0.0000  entropy=0.189  clip_frac= 3.1%  (1328.8s)
episode 100000  train_avg=   +8.1  adv_avg=  +23.4  eval_avg(500)=  +27.1  win_rate= 55.6%  entropy_coef=0.0020  policy_loss=-0.0132  value_loss=0.0000  entropy=0.181  clip_frac= 3.2%  (1398.9s)
poids sauvegardes dans rl_experiments_v3/exp_ppo_lr3e-5_epochs16_nocritic_seed22/ppo_100000.pt
