poids charges depuis rl_experiments/imit.pt
episode   2000  train_avg=  -39.5  adv_avg=   -1.4  eval_avg(500)=   -3.3  win_rate= 48.8%  entropy_coef=0.0020  policy_loss=-0.0099  value_loss=1.0053  entropy=0.217  (21.3s)
episode   4000  train_avg=   -7.8  adv_avg=   +4.2  eval_avg(500)=   -4.9  win_rate= 49.4%  entropy_coef=0.0020  policy_loss=-0.0086  value_loss=1.0178  entropy=0.223  (42.4s)
episode   6000  train_avg=  -18.2  adv_avg=  -26.1  eval_avg(500)=   -2.9  win_rate= 50.6%  entropy_coef=0.0020  policy_loss=-0.0090  value_loss=1.0048  entropy=0.218  (63.3s)
episode   8000  train_avg=   +4.1  adv_avg=   +3.6  eval_avg(500)=  +14.0  win_rate= 53.0%  entropy_coef=0.0020  policy_loss=-0.0107  value_loss=1.0134  entropy=0.227  (84.3s)
episode  10000  train_avg=   -4.6  adv_avg=   -2.8  eval_avg(500)=   -7.3  win_rate= 49.4%  entropy_coef=0.0020  policy_loss=-0.0071  value_loss=1.0033  entropy=0.213  (105.2s)
episode  12000  train_avg=  +19.4  adv_avg=   +5.0  eval_avg(500)=   +7.4  win_rate= 51.4%  entropy_coef=0.0020  policy_loss=-0.0107  value_loss=1.0110  entropy=0.220  (126.0s)
episode  14000  train_avg=  +15.6  adv_avg=   +6.1  eval_avg(500)=   -6.9  win_rate= 48.2%  entropy_coef=0.0020  policy_loss=-0.0108  value_loss=0.9953  entropy=0.205  (147.4s)
episode  16000  train_avg=  -19.1  adv_avg=   +6.2  eval_avg(500)=   -4.8  win_rate= 49.2%  entropy_coef=0.0020  policy_loss=-0.0120  value_loss=0.9965  entropy=0.230  (168.3s)
episode  18000  train_avg=   -1.8  adv_avg=   +0.0  eval_avg(500)=   -2.0  win_rate= 47.8%  entropy_coef=0.0020  policy_loss=-0.0096  value_loss=1.0543  entropy=0.177  (189.1s)
episode  20000  train_avg=   +2.3  adv_avg=   +2.6  eval_avg(500)=   -1.8  win_rate= 49.6%  entropy_coef=0.0020  policy_loss=-0.0082  value_loss=1.0053  entropy=0.200  (210.2s)
episode  22000  train_avg=   -9.8  adv_avg=  +14.2  eval_avg(500)=   +2.7  win_rate= 50.0%  entropy_coef=0.0020  policy_loss=-0.0070  value_loss=1.0084  entropy=0.181  (232.4s)
episode  24000  train_avg=   +0.0  adv_avg=  +20.2  eval_avg(500)=   +6.9  win_rate= 50.8%  entropy_coef=0.0020  policy_loss=-0.0057  value_loss=0.9985  entropy=0.188  (253.8s)
episode  26000  train_avg=  -19.4  adv_avg=   +6.3  eval_avg(500)=   +7.2  win_rate= 51.2%  entropy_coef=0.0020  policy_loss=-0.0116  value_loss=1.0130  entropy=0.198  (274.3s)
episode  28000  train_avg=   +3.1  adv_avg=   +0.9  eval_avg(500)=   -5.4  win_rate= 48.8%  entropy_coef=0.0020  policy_loss=-0.0081  value_loss=0.9977  entropy=0.197  (295.0s)
episode  30000  train_avg=  +10.0  adv_avg=  -24.4  eval_avg(500)=  +14.4  win_rate= 53.6%  entropy_coef=0.0020  policy_loss=-0.0098  value_loss=1.0099  entropy=0.215  (315.6s)
episode  32000  train_avg=   -0.6  adv_avg=   -4.5  eval_avg(500)=  +15.7  win_rate= 54.4%  entropy_coef=0.0020  policy_loss=-0.0087  value_loss=1.0362  entropy=0.180  (336.5s)
episode  34000  train_avg=  +13.7  adv_avg=   +1.1  eval_avg(500)=   +5.2  win_rate= 51.8%  entropy_coef=0.0020  policy_loss=-0.0099  value_loss=1.0105  entropy=0.199  (357.2s)
episode  36000  train_avg=  -14.5  adv_avg=   +0.9  eval_avg(500)=   -7.0  win_rate= 49.0%  entropy_coef=0.0020  policy_loss=-0.0099  value_loss=0.9942  entropy=0.221  (377.8s)
episode  38000  train_avg=  +13.2  adv_avg=  +14.1  eval_avg(500)=   +3.8  win_rate= 51.0%  entropy_coef=0.0020  policy_loss=-0.0072  value_loss=1.0094  entropy=0.176  (399.0s)
episode  40000  train_avg=  +28.3  adv_avg=   +9.4  eval_avg(500)=   +9.4  win_rate= 52.6%  entropy_coef=0.0020  policy_loss=-0.0087  value_loss=0.9997  entropy=0.195  (419.7s)
episode  42000  train_avg=  +15.4  adv_avg=   +3.5  eval_avg(500)=  +16.3  win_rate= 53.6%  entropy_coef=0.0020  policy_loss=-0.0076  value_loss=0.9842  entropy=0.213  (440.6s)
episode  44000  train_avg=   +0.1  adv_avg=  +22.9  eval_avg(500)=   +8.9  win_rate= 51.8%  entropy_coef=0.0020  policy_loss=-0.0103  value_loss=0.9995  entropy=0.208  (461.4s)
episode  46000  train_avg=  -12.6  adv_avg=  +14.6  eval_avg(500)=   -4.5  win_rate= 48.8%  entropy_coef=0.0020  policy_loss=-0.0095  value_loss=1.0128  entropy=0.189  (482.2s)
episode  48000  train_avg=  -27.2  adv_avg=  -11.9  eval_avg(500)=   -4.9  win_rate= 49.0%  entropy_coef=0.0020  policy_loss=-0.0111  value_loss=1.0040  entropy=0.181  (503.1s)
episode  50000  train_avg=  +19.8  adv_avg=  +16.6  eval_avg(500)=  +15.1  win_rate= 53.4%  entropy_coef=0.0020  policy_loss=-0.0067  value_loss=0.9880  entropy=0.197  (524.0s)
poids sauvegardes dans rl_experiments_v2/exp_ppo_round1/ppo_50000.pt
