poids charges depuis rl_experiments_v3/imit.pt
episode   5000  train_avg=   -8.6  adv_avg=  +21.6  eval_avg(500)=  +12.6  win_rate= 52.8%  entropy_beta=0.0020  baseline=  +34.9  (60.5s)
episode  10000  train_avg=  +12.1  adv_avg=  +11.4  eval_avg(500)=   +2.0  win_rate= 49.8%  entropy_beta=0.0020  baseline=  +32.7  (119.1s)
episode  15000  train_avg=  -19.6  adv_avg=   -2.1  eval_avg(500)=  -15.3  win_rate= 46.6%  entropy_beta=0.0020  baseline=   +0.1  (177.4s)
episode  20000  train_avg=   +6.0  adv_avg=  +29.0  eval_avg(500)=   +8.2  win_rate= 52.2%  entropy_beta=0.0020  baseline=  +33.5  (242.9s)
episode  25000  train_avg=   +8.5  adv_avg=   +2.4  eval_avg(500)=  +17.0  win_rate= 53.4%  entropy_beta=0.0020  baseline=  -10.7  (304.5s)
episode  30000  train_avg=  +26.6  adv_avg=   +7.6  eval_avg(500)=   +0.0  win_rate= 49.8%  entropy_beta=0.0020  baseline=  -73.7  (367.0s)
episode  35000  train_avg=  -48.3  adv_avg=  -12.9  eval_avg(500)=   +1.3  win_rate= 50.8%  entropy_beta=0.0020  baseline=  -26.0  (430.5s)
episode  40000  train_avg=  -22.9  adv_avg=   +7.6  eval_avg(500)=  +17.2  win_rate= 53.8%  entropy_beta=0.0020  baseline=  +31.2  (492.6s)
episode  45000  train_avg=  +15.0  adv_avg=  +15.4  eval_avg(500)=  +23.8  win_rate= 55.0%  entropy_beta=0.0020  baseline=  +23.1  (554.1s)
episode  50000  train_avg=  -17.1  adv_avg=  -16.0  eval_avg(500)=   -2.3  win_rate= 50.0%  entropy_beta=0.0020  baseline=   +2.9  (616.8s)
episode  55000  train_avg=  +10.0  adv_avg=  +20.3  eval_avg(500)=  +16.8  win_rate= 53.4%  entropy_beta=0.0020  baseline=  +15.2  (682.5s)
episode  60000  train_avg=  -28.2  adv_avg=  -13.2  eval_avg(500)=   +4.6  win_rate= 50.8%  entropy_beta=0.0020  baseline=  -21.3  (746.0s)
episode  65000  train_avg=  -16.3  adv_avg=   +9.2  eval_avg(500)=   +5.3  win_rate= 50.8%  entropy_beta=0.0020  baseline=  +88.5  (810.3s)
episode  70000  train_avg=  +45.7  adv_avg=  +18.3  eval_avg(500)=  +28.0  win_rate= 56.4%  entropy_beta=0.0020  baseline=  +46.8  (875.0s)
episode  75000  train_avg=   -2.9  adv_avg=  +27.4  eval_avg(500)=  +26.3  win_rate= 54.8%  entropy_beta=0.0020  baseline=  +30.2  (938.9s)
episode  80000  train_avg=   +4.8  adv_avg=  +20.5  eval_avg(500)=   +9.5  win_rate= 52.6%  entropy_beta=0.0020  baseline=  +23.6  (1003.6s)
episode  85000  train_avg=  -19.8  adv_avg=   +9.0  eval_avg(500)=  +45.0  win_rate= 58.8%  entropy_beta=0.0020  baseline=   -8.7  (1067.2s)
episode  90000  train_avg=  +10.7  adv_avg=  -10.3  eval_avg(500)=   +7.0  win_rate= 52.2%  entropy_beta=0.0020  baseline=  -33.6  (1131.2s)
episode  95000  train_avg=  +18.4  adv_avg=  +27.6  eval_avg(500)=   +0.3  win_rate= 50.2%  entropy_beta=0.0020  baseline=  -13.0  (1196.1s)
episode 100000  train_avg=  +32.8  adv_avg=  +23.3  eval_avg(500)=  +23.6  win_rate= 55.8%  entropy_beta=0.0020  baseline=  -19.4  (1261.2s)
poids sauvegardes dans rl_experiments_v3/exp_reinforce_lr3e-5_seed22/reinforce_100000.pt
