poids charges depuis rl_experiments_v3/imit.pt
episode   5000  train_avg=   -5.0  adv_avg=  +14.1  eval_avg(500)=  +19.2  win_rate= 53.2%  entropy_beta=0.0020  baseline=  +41.9  (91.6s)
episode  10000  train_avg=  -10.8  adv_avg=  +15.4  eval_avg(500)=  +18.9  win_rate= 54.2%  entropy_beta=0.0020  baseline=  +39.2  (182.1s)
episode  15000  train_avg=   +1.5  adv_avg=   +2.9  eval_avg(500)=   -4.8  win_rate= 49.0%  entropy_beta=0.0020  baseline=  -26.5  (271.6s)
episode  20000  train_avg=  -29.9  adv_avg=  -23.2  eval_avg(500)=   +6.0  win_rate= 49.8%  entropy_beta=0.0020  baseline=   +0.1  (368.0s)
episode  25000  train_avg=   +8.2  adv_avg=  +33.0  eval_avg(500)=  +18.9  win_rate= 53.8%  entropy_beta=0.0020  baseline=  +32.0  (468.0s)
episode  30000  train_avg=  -11.7  adv_avg=   +8.2  eval_avg(500)=  +10.0  win_rate= 51.6%  entropy_beta=0.0020  baseline=  +38.5  (558.0s)
episode  35000  train_avg=  -16.2  adv_avg=   -6.9  eval_avg(500)=  -15.3  win_rate= 47.0%  entropy_beta=0.0020  baseline=  -19.0  (654.9s)
episode  40000  train_avg=   -7.5  adv_avg=   +6.8  eval_avg(500)=   +6.8  win_rate= 51.8%  entropy_beta=0.0020  baseline=  +28.9  (748.5s)
episode  45000  train_avg=  +12.9  adv_avg=  +12.6  eval_avg(500)=  +17.0  win_rate= 53.2%  entropy_beta=0.0020  baseline=  +19.4  (834.9s)
episode  50000  train_avg=  +33.2  adv_avg=  +21.6  eval_avg(500)=  +17.6  win_rate= 53.4%  entropy_beta=0.0020  baseline=  +65.4  (908.7s)
episode  55000  train_avg=  +22.2  adv_avg=  +16.9  eval_avg(500)=   +1.8  win_rate= 51.2%  entropy_beta=0.0020  baseline=  +34.3  (988.8s)
episode  60000  train_avg=  +17.4  adv_avg=   +3.0  eval_avg(500)=   +4.5  win_rate= 51.2%  entropy_beta=0.0020  baseline=  +20.5  (1064.0s)
episode  65000  train_avg=  +20.8  adv_avg=  +28.5  eval_avg(500)=  +18.2  win_rate= 53.8%  entropy_beta=0.0020  baseline=   -8.7  (1140.5s)
episode  70000  train_avg=  +15.1  adv_avg=   -9.1  eval_avg(500)=   +4.3  win_rate= 51.2%  entropy_beta=0.0020  baseline=  +79.0  (1214.5s)
episode  75000  train_avg=  +16.1  adv_avg=  +18.0  eval_avg(500)=  +27.8  win_rate= 55.6%  entropy_beta=0.0020  baseline=  +21.0  (1295.7s)
episode  80000  train_avg=  +11.7  adv_avg=   -9.8  eval_avg(500)=  +32.8  win_rate= 57.6%  entropy_beta=0.0020  baseline=   -8.6  (1400.8s)
episode  85000  train_avg=  -12.2  adv_avg=  -17.6  eval_avg(500)=  +11.7  win_rate= 52.6%  entropy_beta=0.0020  baseline=   -8.1  (1493.6s)
episode  90000  train_avg=  +21.1  adv_avg=  +10.2  eval_avg(500)=  +10.3  win_rate= 52.0%  entropy_beta=0.0020  baseline=   -1.7  (1590.3s)
episode  95000  train_avg=   -1.4  adv_avg=  +16.5  eval_avg(500)=  +26.6  win_rate= 55.6%  entropy_beta=0.0020  baseline=  +28.5  (1678.9s)
episode 100000  train_avg=  +29.9  adv_avg=   +7.2  eval_avg(500)=  +36.1  win_rate= 57.2%  entropy_beta=0.0020  baseline=  -12.1  (1774.6s)
poids sauvegardes dans rl_experiments_v3/exp_reinforce_lr3e-5/reinforce_100000.pt
