poids charges depuis rl_experiments_v3/imit_ablated.pt
episode   5000  train_avg=  +14.2  adv_avg=   +6.4  eval_avg(500)=   +1.0  win_rate= 50.4%  entropy_coef=0.0020  policy_loss=-0.0096  value_loss=0.0000  entropy=0.220  clip_frac= 1.1%  (73.6s)
episode  10000  train_avg=   +1.0  adv_avg=  +13.5  eval_avg(500)=  +13.2  win_rate= 52.4%  entropy_coef=0.0020  policy_loss=-0.0033  value_loss=0.0000  entropy=0.206  clip_frac= 0.3%  (141.8s)
episode  15000  train_avg=   +7.6  adv_avg=  +14.1  eval_avg(500)=   +0.1  win_rate= 49.8%  entropy_coef=0.0020  policy_loss=-0.0069  value_loss=0.0000  entropy=0.207  clip_frac= 0.7%  (210.0s)
episode  20000  train_avg=  +17.8  adv_avg=  +18.4  eval_avg(500)=  +23.8  win_rate= 54.4%  entropy_coef=0.0020  policy_loss=-0.0080  value_loss=0.0000  entropy=0.170  clip_frac= 1.2%  (276.8s)
episode  25000  train_avg=   -8.7  adv_avg=   +3.1  eval_avg(500)=  +22.9  win_rate= 54.2%  entropy_coef=0.0020  policy_loss=-0.0068  value_loss=0.0000  entropy=0.169  clip_frac= 0.7%  (343.0s)
episode  30000  train_avg=  +10.9  adv_avg=  +26.0  eval_avg(500)=   +3.1  win_rate= 50.8%  entropy_coef=0.0020  policy_loss=-0.0060  value_loss=0.0000  entropy=0.180  clip_frac= 0.9%  (408.7s)
episode  35000  train_avg=  +12.1  adv_avg=  +16.6  eval_avg(500)=   +1.6  win_rate= 51.0%  entropy_coef=0.0020  policy_loss=-0.0073  value_loss=0.0000  entropy=0.199  clip_frac= 0.7%  (474.8s)
episode  40000  train_avg=   -2.8  adv_avg=   +6.0  eval_avg(500)=  +16.9  win_rate= 54.4%  entropy_coef=0.0020  policy_loss=-0.0095  value_loss=0.0000  entropy=0.188  clip_frac= 1.2%  (540.0s)
episode  45000  train_avg=  +11.9  adv_avg=   +7.1  eval_avg(500)=  +11.4  win_rate= 52.4%  entropy_coef=0.0020  policy_loss=-0.0082  value_loss=0.0000  entropy=0.181  clip_frac= 1.0%  (606.0s)
episode  50000  train_avg=   +6.6  adv_avg=  +32.9  eval_avg(500)=  +27.7  win_rate= 56.2%  entropy_coef=0.0020  policy_loss=-0.0075  value_loss=0.0000  entropy=0.180  clip_frac= 1.0%  (671.4s)
episode  55000  train_avg=   +7.8  adv_avg=   +0.4  eval_avg(500)=   -2.8  win_rate= 49.6%  entropy_coef=0.0020  policy_loss=-0.0093  value_loss=0.0000  entropy=0.211  clip_frac= 1.1%  (738.3s)
episode  60000  train_avg=  +28.8  adv_avg=   +9.9  eval_avg(500)=  +18.1  win_rate= 54.0%  entropy_coef=0.0020  policy_loss=-0.0071  value_loss=0.0000  entropy=0.187  clip_frac= 0.9%  (805.5s)
episode  65000  train_avg=  +11.2  adv_avg=   -0.3  eval_avg(500)=  +12.8  win_rate= 52.0%  entropy_coef=0.0020  policy_loss=-0.0116  value_loss=0.0000  entropy=0.188  clip_frac= 1.4%  (873.0s)
episode  70000  train_avg=  +15.2  adv_avg=  +11.0  eval_avg(500)=  +10.2  win_rate= 52.0%  entropy_coef=0.0020  policy_loss=-0.0073  value_loss=0.0000  entropy=0.170  clip_frac= 0.8%  (941.8s)
episode  75000  train_avg=   -0.1  adv_avg=  +25.9  eval_avg(500)=  +13.6  win_rate= 52.2%  entropy_coef=0.0020  policy_loss=-0.0090  value_loss=0.0000  entropy=0.170  clip_frac= 1.3%  (1007.2s)
episode  80000  train_avg=   -7.3  adv_avg=   +4.5  eval_avg(500)=   +5.9  win_rate= 50.4%  entropy_coef=0.0020  policy_loss=-0.0078  value_loss=0.0000  entropy=0.170  clip_frac= 0.9%  (1073.8s)
episode  85000  train_avg=   -3.7  adv_avg=   -4.9  eval_avg(500)=  +11.9  win_rate= 52.2%  entropy_coef=0.0020  policy_loss=-0.0068  value_loss=0.0000  entropy=0.166  clip_frac= 0.8%  (1140.7s)
episode  90000  train_avg=  +25.0  adv_avg=  +28.9  eval_avg(500)=  +27.6  win_rate= 56.0%  entropy_coef=0.0020  policy_loss=-0.0081  value_loss=0.0000  entropy=0.177  clip_frac= 1.0%  (1205.7s)
episode  95000  train_avg=  +18.6  adv_avg=  +17.9  eval_avg(500)=   +6.2  win_rate= 50.6%  entropy_coef=0.0020  policy_loss=-0.0102  value_loss=0.0000  entropy=0.162  clip_frac= 1.1%  (1270.8s)
episode 100000  train_avg=  +13.0  adv_avg=   +3.8  eval_avg(500)=  +24.2  win_rate= 56.0%  entropy_coef=0.0020  policy_loss=-0.0059  value_loss=0.0000  entropy=0.155  clip_frac= 0.5%  (1335.3s)
poids sauvegardes dans rl_experiments_v3/exp_ppo_ablated_nocritic_seed21/ppo_100000.pt
