poids charges depuis rl_experiments_v3/imit.pt
episode   5000  train_avg=  -14.8  adv_avg=   +8.5  eval_avg(500)=   -4.1  win_rate= 49.6%  entropy_coef=0.0020  policy_loss=-0.0137  value_loss=1.0210  entropy=0.196  clip_frac= 1.7%  (81.9s)
episode  10000  train_avg=   +4.1  adv_avg=  +18.6  eval_avg(500)=   +3.5  win_rate= 51.0%  entropy_coef=0.0020  policy_loss=-0.0139  value_loss=0.9973  entropy=0.196  clip_frac= 2.4%  (162.5s)
episode  15000  train_avg=  -11.6  adv_avg=   -0.4  eval_avg(500)=  +14.4  win_rate= 53.4%  entropy_coef=0.0020  policy_loss=-0.0121  value_loss=1.0235  entropy=0.199  clip_frac= 2.6%  (243.3s)
episode  20000  train_avg=  +28.2  adv_avg=  +21.2  eval_avg(500)=   +4.2  win_rate= 50.8%  entropy_coef=0.0020  policy_loss=-0.0118  value_loss=0.9959  entropy=0.185  clip_frac= 1.8%  (324.3s)
episode  25000  train_avg=   +4.9  adv_avg=  +12.6  eval_avg(500)=   +9.9  win_rate= 52.2%  entropy_coef=0.0020  policy_loss=-0.0114  value_loss=0.9735  entropy=0.194  clip_frac= 2.3%  (406.7s)
episode  30000  train_avg=  -16.6  adv_avg=  -11.3  eval_avg(500)=   +1.5  win_rate= 50.8%  entropy_coef=0.0020  policy_loss=-0.0130  value_loss=1.0179  entropy=0.193  clip_frac= 2.8%  (487.5s)
episode  35000  train_avg=   +7.8  adv_avg=  +15.5  eval_avg(500)=   +0.6  win_rate= 51.0%  entropy_coef=0.0020  policy_loss=-0.0127  value_loss=0.9610  entropy=0.190  clip_frac= 2.6%  (568.0s)
episode  40000  train_avg=  +22.1  adv_avg=  +31.6  eval_avg(500)=  +18.1  win_rate= 53.8%  entropy_coef=0.0020  policy_loss=-0.0136  value_loss=1.0064  entropy=0.185  clip_frac= 2.7%  (649.4s)
episode  45000  train_avg=  +11.8  adv_avg=  +19.1  eval_avg(500)=   -8.1  win_rate= 48.0%  entropy_coef=0.0020  policy_loss=-0.0128  value_loss=0.9977  entropy=0.162  clip_frac= 2.7%  (729.9s)
episode  50000  train_avg=  +24.1  adv_avg=   +2.2  eval_avg(500)=  +11.6  win_rate= 53.6%  entropy_coef=0.0020  policy_loss=-0.0105  value_loss=1.0009  entropy=0.186  clip_frac= 2.6%  (810.9s)
episode  55000  train_avg=  +11.5  adv_avg=  -17.0  eval_avg(500)=  +12.0  win_rate= 53.0%  entropy_coef=0.0020  policy_loss=-0.0095  value_loss=0.9751  entropy=0.173  clip_frac= 1.8%  (891.6s)
episode  60000  train_avg=   +6.2  adv_avg=  -14.6  eval_avg(500)=  +12.3  win_rate= 52.4%  entropy_coef=0.0020  policy_loss=-0.0157  value_loss=1.0031  entropy=0.177  clip_frac= 3.9%  (972.6s)
episode  65000  train_avg=  +18.9  adv_avg=   +7.8  eval_avg(500)=  +18.2  win_rate= 54.2%  entropy_coef=0.0020  policy_loss=-0.0126  value_loss=0.9824  entropy=0.160  clip_frac= 3.0%  (1053.3s)
episode  70000  train_avg=  +25.6  adv_avg=   -9.7  eval_avg(500)=  +12.9  win_rate= 52.8%  entropy_coef=0.0020  policy_loss=-0.0106  value_loss=1.0114  entropy=0.197  clip_frac= 2.1%  (1135.5s)
episode  75000  train_avg=   +3.7  adv_avg=   +3.0  eval_avg(500)=  +16.0  win_rate= 53.8%  entropy_coef=0.0020  policy_loss=-0.0124  value_loss=0.9891  entropy=0.207  clip_frac= 2.9%  (1216.7s)
episode  80000  train_avg=  +13.9  adv_avg=  +10.9  eval_avg(500)=  +27.0  win_rate= 55.4%  entropy_coef=0.0020  policy_loss=-0.0111  value_loss=1.0219  entropy=0.171  clip_frac= 2.3%  (1298.1s)
episode  85000  train_avg=   -9.2  adv_avg=   +8.8  eval_avg(500)=  +26.9  win_rate= 55.8%  entropy_coef=0.0020  policy_loss=-0.0149  value_loss=0.9413  entropy=0.194  clip_frac= 3.1%  (1378.9s)
episode  90000  train_avg=  +29.0  adv_avg=  +29.1  eval_avg(500)=  +12.2  win_rate= 52.2%  entropy_coef=0.0020  policy_loss=-0.0131  value_loss=0.9486  entropy=0.166  clip_frac= 2.9%  (1460.2s)
episode  95000  train_avg=  -13.6  adv_avg=   -1.6  eval_avg(500)=  +15.6  win_rate= 52.2%  entropy_coef=0.0020  policy_loss=-0.0119  value_loss=0.9867  entropy=0.191  clip_frac= 2.6%  (1542.6s)
episode 100000  train_avg=  +20.8  adv_avg=  +31.0  eval_avg(500)=   +6.5  win_rate= 50.8%  entropy_coef=0.0020  policy_loss=-0.0124  value_loss=0.9575  entropy=0.159  clip_frac= 2.7%  (1625.0s)
poids sauvegardes dans rl_experiments_v3/exp_ppo_lr3e-5_epochs16_seed26/ppo_100000.pt
