poids charges depuis rl_experiments_v3/imit.pt
episode   5000  train_avg=  -20.9  adv_avg=   -5.0  eval_avg(500)=  +14.1  win_rate= 53.4%  entropy_coef=0.0020  policy_loss=-0.0179  value_loss=0.0000  entropy=0.233  clip_frac= 3.4%  (69.5s)
episode  10000  train_avg=   +3.6  adv_avg=  -10.9  eval_avg(500)=   -0.5  win_rate= 49.6%  entropy_coef=0.0020  policy_loss=-0.0161  value_loss=0.0000  entropy=0.222  clip_frac= 3.3%  (138.8s)
episode  15000  train_avg=   -7.1  adv_avg=  +12.6  eval_avg(500)=   +4.0  win_rate= 50.8%  entropy_coef=0.0020  policy_loss=-0.0145  value_loss=0.0000  entropy=0.210  clip_frac= 2.9%  (208.1s)
episode  20000  train_avg=  -16.9  adv_avg=   -9.8  eval_avg(500)=   +9.9  win_rate= 52.8%  entropy_coef=0.0020  policy_loss=-0.0128  value_loss=0.0000  entropy=0.207  clip_frac= 2.6%  (277.4s)
episode  25000  train_avg=   +4.0  adv_avg=  +19.8  eval_avg(500)=   -3.3  win_rate= 49.6%  entropy_coef=0.0020  policy_loss=-0.0139  value_loss=0.0000  entropy=0.191  clip_frac= 2.7%  (346.7s)
episode  30000  train_avg=   -7.2  adv_avg=   +6.8  eval_avg(500)=   -4.1  win_rate= 48.2%  entropy_coef=0.0020  policy_loss=-0.0096  value_loss=0.0000  entropy=0.196  clip_frac= 2.1%  (415.9s)
episode  35000  train_avg=   -9.5  adv_avg=  -17.2  eval_avg(500)=   +2.9  win_rate= 51.4%  entropy_coef=0.0020  policy_loss=-0.0167  value_loss=0.0000  entropy=0.198  clip_frac= 3.9%  (485.1s)
episode  40000  train_avg=  +12.8  adv_avg=  +19.2  eval_avg(500)=   +7.4  win_rate= 51.4%  entropy_coef=0.0020  policy_loss=-0.0112  value_loss=0.0000  entropy=0.180  clip_frac= 2.1%  (554.7s)
episode  45000  train_avg=   -3.6  adv_avg=  +20.0  eval_avg(500)=  +28.9  win_rate= 56.6%  entropy_coef=0.0020  policy_loss=-0.0140  value_loss=0.0000  entropy=0.187  clip_frac= 3.1%  (628.1s)
episode  50000  train_avg=   -4.2  adv_avg=  -12.7  eval_avg(500)=   -1.8  win_rate= 50.2%  entropy_coef=0.0020  policy_loss=-0.0158  value_loss=0.0000  entropy=0.195  clip_frac= 3.7%  (697.2s)
episode  55000  train_avg=   +1.8  adv_avg=  +14.3  eval_avg(500)=   -8.3  win_rate= 47.2%  entropy_coef=0.0020  policy_loss=-0.0131  value_loss=0.0000  entropy=0.183  clip_frac= 2.6%  (766.4s)
episode  60000  train_avg=  +30.3  adv_avg=  +16.0  eval_avg(500)=  +15.4  win_rate= 53.0%  entropy_coef=0.0020  policy_loss=-0.0094  value_loss=0.0000  entropy=0.171  clip_frac= 1.9%  (835.6s)
episode  65000  train_avg=  +28.8  adv_avg=  -20.0  eval_avg(500)=   +9.0  win_rate= 52.0%  entropy_coef=0.0020  policy_loss=-0.0107  value_loss=0.0000  entropy=0.173  clip_frac= 2.1%  (904.8s)
episode  70000  train_avg=  +10.5  adv_avg=  +22.5  eval_avg(500)=   +1.1  win_rate= 50.0%  entropy_coef=0.0020  policy_loss=-0.0112  value_loss=0.0000  entropy=0.164  clip_frac= 2.5%  (975.2s)
episode  75000  train_avg=   -1.0  adv_avg=  +16.4  eval_avg(500)=  +17.4  win_rate= 53.8%  entropy_coef=0.0020  policy_loss=-0.0129  value_loss=0.0000  entropy=0.164  clip_frac= 3.5%  (1044.1s)
episode  80000  train_avg=   +5.9  adv_avg=  +23.9  eval_avg(500)=  +15.5  win_rate= 53.0%  entropy_coef=0.0020  policy_loss=-0.0099  value_loss=0.0000  entropy=0.159  clip_frac= 1.5%  (1113.4s)
episode  85000  train_avg=   -8.8  adv_avg=   -1.6  eval_avg(500)=   +0.2  win_rate= 49.8%  entropy_coef=0.0020  policy_loss=-0.0143  value_loss=0.0000  entropy=0.184  clip_frac= 2.7%  (1182.3s)
episode  90000  train_avg=  +26.8  adv_avg=  +17.9  eval_avg(500)=  +22.1  win_rate= 54.2%  entropy_coef=0.0020  policy_loss=-0.0122  value_loss=0.0000  entropy=0.167  clip_frac= 1.9%  (1251.2s)
episode  95000  train_avg=   +4.1  adv_avg=  +14.7  eval_avg(500)=  +33.6  win_rate= 57.0%  entropy_coef=0.0020  policy_loss=-0.0101  value_loss=0.0000  entropy=0.174  clip_frac= 2.2%  (1320.1s)
episode 100000  train_avg=  +15.4  adv_avg=  +20.1  eval_avg(500)=   +8.5  win_rate= 51.4%  entropy_coef=0.0020  policy_loss=-0.0115  value_loss=0.0000  entropy=0.159  clip_frac= 2.6%  (1388.9s)
poids sauvegardes dans rl_experiments_v3/exp_ppo_lr3e-5_epochs16_nocritic_seed21/ppo_100000.pt
