poids charges depuis rl_experiments_v3/imit_ablated.pt
episode   5000  train_avg=   -3.4  adv_avg=   -8.6  eval_avg(500)=   +3.1  win_rate= 50.4%  entropy_coef=0.0020  policy_loss=-0.0078  value_loss=0.0000  entropy=0.221  clip_frac= 0.8%  (63.7s)
episode  10000  train_avg=  -12.0  adv_avg=   +8.0  eval_avg(500)=  +14.6  win_rate= 53.6%  entropy_coef=0.0020  policy_loss=-0.0066  value_loss=0.0000  entropy=0.196  clip_frac= 0.8%  (126.6s)
episode  15000  train_avg=   -4.2  adv_avg=  -16.3  eval_avg(500)=   +6.3  win_rate= 50.8%  entropy_coef=0.0020  policy_loss=-0.0088  value_loss=0.0000  entropy=0.199  clip_frac= 1.0%  (189.6s)
episode  20000  train_avg=  -13.3  adv_avg=  -21.0  eval_avg(500)=  +29.5  win_rate= 56.2%  entropy_coef=0.0020  policy_loss=-0.0072  value_loss=0.0000  entropy=0.224  clip_frac= 0.7%  (252.5s)
episode  25000  train_avg=   -3.2  adv_avg=   +9.9  eval_avg(500)=  +32.7  win_rate= 56.6%  entropy_coef=0.0020  policy_loss=-0.0087  value_loss=0.0000  entropy=0.190  clip_frac= 1.0%  (315.5s)
episode  30000  train_avg=   +7.8  adv_avg=  +16.5  eval_avg(500)=  +32.5  win_rate= 57.2%  entropy_coef=0.0020  policy_loss=-0.0098  value_loss=0.0000  entropy=0.206  clip_frac= 1.0%  (378.5s)
episode  35000  train_avg=   +7.3  adv_avg=   -0.3  eval_avg(500)=   -9.1  win_rate= 48.4%  entropy_coef=0.0020  policy_loss=-0.0069  value_loss=0.0000  entropy=0.170  clip_frac= 1.0%  (441.2s)
episode  40000  train_avg=  -24.8  adv_avg=   -3.6  eval_avg(500)=   +6.1  win_rate= 52.0%  entropy_coef=0.0020  policy_loss=-0.0075  value_loss=0.0000  entropy=0.191  clip_frac= 1.0%  (504.2s)
episode  45000  train_avg=  -32.4  adv_avg=   -1.9  eval_avg(500)=   +2.2  win_rate= 50.6%  entropy_coef=0.0020  policy_loss=-0.0083  value_loss=0.0000  entropy=0.198  clip_frac= 0.8%  (568.0s)
episode  50000  train_avg=  -18.6  adv_avg=  +14.7  eval_avg(500)=   +8.1  win_rate= 51.4%  entropy_coef=0.0020  policy_loss=-0.0104  value_loss=0.0000  entropy=0.200  clip_frac= 1.7%  (630.8s)
episode  55000  train_avg=   +1.2  adv_avg=  +16.4  eval_avg(500)=  +11.5  win_rate= 53.0%  entropy_coef=0.0020  policy_loss=-0.0100  value_loss=0.0000  entropy=0.199  clip_frac= 1.2%  (693.8s)
episode  60000  train_avg=   +5.1  adv_avg=  +27.2  eval_avg(500)=   -9.9  win_rate= 48.4%  entropy_coef=0.0020  policy_loss=-0.0075  value_loss=0.0000  entropy=0.193  clip_frac= 0.6%  (756.6s)
episode  65000  train_avg=   +4.2  adv_avg=   +8.1  eval_avg(500)=  +24.0  win_rate= 55.0%  entropy_coef=0.0020  policy_loss=-0.0053  value_loss=0.0000  entropy=0.187  clip_frac= 0.5%  (819.5s)
episode  70000  train_avg=  +41.1  adv_avg=   +9.8  eval_avg(500)=  +13.5  win_rate= 52.4%  entropy_coef=0.0020  policy_loss=-0.0057  value_loss=0.0000  entropy=0.193  clip_frac= 0.6%  (882.7s)
episode  75000  train_avg=   -4.7  adv_avg=   +2.7  eval_avg(500)=  +19.5  win_rate= 53.6%  entropy_coef=0.0020  policy_loss=-0.0082  value_loss=0.0000  entropy=0.206  clip_frac= 1.0%  (945.5s)
episode  80000  train_avg=   +7.8  adv_avg=  -27.4  eval_avg(500)=   -6.3  win_rate= 49.0%  entropy_coef=0.0020  policy_loss=-0.0071  value_loss=0.0000  entropy=0.183  clip_frac= 0.7%  (1008.5s)
episode  85000  train_avg=   +4.3  adv_avg=   +2.6  eval_avg(500)=   +2.7  win_rate= 49.4%  entropy_coef=0.0020  policy_loss=-0.0062  value_loss=0.0000  entropy=0.198  clip_frac= 0.4%  (1071.4s)
episode  90000  train_avg=  -12.8  adv_avg=  -11.4  eval_avg(500)=   +9.9  win_rate= 51.4%  entropy_coef=0.0020  policy_loss=-0.0075  value_loss=0.0000  entropy=0.166  clip_frac= 0.9%  (1134.3s)
episode  95000  train_avg=  +13.6  adv_avg=  +43.5  eval_avg(500)=   +8.0  win_rate= 51.8%  entropy_coef=0.0020  policy_loss=-0.0073  value_loss=0.0000  entropy=0.186  clip_frac= 1.0%  (1196.6s)
episode 100000  train_avg=  +12.4  adv_avg=  -27.1  eval_avg(500)=  +14.9  win_rate= 52.8%  entropy_coef=0.0020  policy_loss=-0.0088  value_loss=0.0000  entropy=0.184  clip_frac= 1.0%  (1258.3s)
poids sauvegardes dans rl_experiments_v3/exp_ppo_ablated_nocritic_seed20/ppo_100000.pt
