poids charges depuis rl_experiments/imit.pt
episode   2000  train_avg=  -17.1  adv_avg=  -24.8  eval_avg(500)=  -12.6  win_rate= 47.8%  entropy_coef=0.0020  policy_loss=-0.0173  value_loss=1.0090  entropy=0.203  (25.9s)
episode   4000  train_avg=  -49.6  adv_avg=  -27.9  eval_avg(500)=  +14.9  win_rate= 53.6%  entropy_coef=0.0020  policy_loss=-0.0153  value_loss=1.0014  entropy=0.212  (50.6s)
episode   6000  train_avg=  -24.0  adv_avg=  -34.2  eval_avg(500)=   -0.6  win_rate= 50.2%  entropy_coef=0.0020  policy_loss=-0.0159  value_loss=0.9965  entropy=0.216  (74.4s)
episode   8000  train_avg=   -8.5  adv_avg=  -26.8  eval_avg(500)=   +1.3  win_rate= 51.2%  entropy_coef=0.0020  policy_loss=-0.0230  value_loss=1.1468  entropy=0.219  (98.4s)
episode  10000  train_avg=  -10.3  adv_avg=   +3.1  eval_avg(500)=   -5.7  win_rate= 49.8%  entropy_coef=0.0020  policy_loss=-0.0130  value_loss=1.0208  entropy=0.186  (122.2s)
episode  12000  train_avg=   -9.5  adv_avg=   -1.9  eval_avg(500)=   -2.3  win_rate= 49.0%  entropy_coef=0.0020  policy_loss=-0.0124  value_loss=1.0035  entropy=0.212  (145.9s)
episode  14000  train_avg=   -2.0  adv_avg=  -15.7  eval_avg(500)=   -6.2  win_rate= 48.8%  entropy_coef=0.0020  policy_loss=-0.0208  value_loss=1.1047  entropy=0.214  (169.7s)
episode  16000  train_avg=   -0.8  adv_avg=  +13.2  eval_avg(500)=   -7.8  win_rate= 48.2%  entropy_coef=0.0020  policy_loss=-0.0148  value_loss=1.0122  entropy=0.200  (193.4s)
episode  18000  train_avg=   +0.3  adv_avg=   -3.8  eval_avg(500)=   +5.6  win_rate= 51.0%  entropy_coef=0.0020  policy_loss=-0.0140  value_loss=0.9973  entropy=0.203  (217.3s)
episode  20000  train_avg=   -9.8  adv_avg=   +0.8  eval_avg(500)=   -5.0  win_rate= 48.6%  entropy_coef=0.0020  policy_loss=-0.0131  value_loss=0.9948  entropy=0.223  (241.1s)
episode  22000  train_avg=  -26.9  adv_avg=  -12.7  eval_avg(500)=   +6.3  win_rate= 51.6%  entropy_coef=0.0020  policy_loss=-0.0161  value_loss=1.0066  entropy=0.216  (264.7s)
episode  24000  train_avg=   -3.6  adv_avg=  +20.8  eval_avg(500)=   -8.6  win_rate= 48.2%  entropy_coef=0.0020  policy_loss=-0.0161  value_loss=1.0155  entropy=0.225  (288.9s)
episode  26000  train_avg=  -10.8  adv_avg=  -23.6  eval_avg(500)=  -13.5  win_rate= 48.0%  entropy_coef=0.0020  policy_loss=-0.0182  value_loss=1.0513  entropy=0.201  (314.4s)
episode  28000  train_avg=   +9.1  adv_avg=   -0.7  eval_avg(500)=   -6.2  win_rate= 48.8%  entropy_coef=0.0020  policy_loss=-0.0201  value_loss=0.9963  entropy=0.210  (337.8s)
episode  30000  train_avg=  +10.4  adv_avg=  -10.6  eval_avg(500)=   -4.1  win_rate= 50.0%  entropy_coef=0.0020  policy_loss=-0.0192  value_loss=1.0549  entropy=0.200  (361.6s)
episode  32000  train_avg=   -5.3  adv_avg=   -7.0  eval_avg(500)=   +1.2  win_rate= 51.0%  entropy_coef=0.0020  policy_loss=-0.0171  value_loss=0.9952  entropy=0.205  (385.5s)
episode  34000  train_avg=  +19.0  adv_avg=  +19.4  eval_avg(500)=  +13.9  win_rate= 53.6%  entropy_coef=0.0020  policy_loss=-0.0172  value_loss=1.0027  entropy=0.200  (408.9s)
episode  36000  train_avg=  -10.9  adv_avg=   -8.4  eval_avg(500)=   +6.2  win_rate= 51.8%  entropy_coef=0.0020  policy_loss=-0.0190  value_loss=0.9988  entropy=0.209  (432.2s)
episode  38000  train_avg=  +29.2  adv_avg=  +12.2  eval_avg(500)=   -5.0  win_rate= 48.8%  entropy_coef=0.0020  policy_loss=-0.0149  value_loss=0.9864  entropy=0.202  (456.3s)
episode  40000  train_avg=   -4.5  adv_avg=  -10.1  eval_avg(500)=  +12.9  win_rate= 53.0%  entropy_coef=0.0020  policy_loss=-0.0178  value_loss=0.9869  entropy=0.196  (481.3s)
episode  42000  train_avg=  -17.1  adv_avg=  -10.5  eval_avg(500)=   -6.3  win_rate= 49.0%  entropy_coef=0.0020  policy_loss=-0.0180  value_loss=1.0434  entropy=0.204  (505.2s)
episode  44000  train_avg=   +2.5  adv_avg=   +1.1  eval_avg(500)=   -9.1  win_rate= 47.4%  entropy_coef=0.0020  policy_loss=-0.0158  value_loss=0.9949  entropy=0.198  (529.0s)
episode  46000  train_avg=   +2.9  adv_avg=   -8.3  eval_avg(500)=   -0.3  win_rate= 50.0%  entropy_coef=0.0020  policy_loss=-0.0152  value_loss=1.0088  entropy=0.190  (552.7s)
episode  48000  train_avg=   -5.0  adv_avg=   +3.9  eval_avg(500)=  +24.5  win_rate= 55.8%  entropy_coef=0.0020  policy_loss=-0.0193  value_loss=1.0152  entropy=0.196  (576.5s)
episode  50000  train_avg=   +2.0  adv_avg=   +4.7  eval_avg(500)=   +6.0  win_rate= 51.6%  entropy_coef=0.0020  policy_loss=-0.0128  value_loss=1.0214  entropy=0.190  (600.2s)
poids sauvegardes dans rl_experiments_v2/exp_ppo_round1_epochs8/ppo_50000.pt
