poids charges depuis rl_experiments_v3/imit.pt
episode   5000  train_avg=   +3.9  adv_avg=   +2.4  eval_avg(500)=   +1.7  win_rate= 50.8%  entropy_coef=0.0020  policy_loss=-0.0080  value_loss=1.0005  entropy=0.219  clip_frac= 0.6%  (78.6s)
episode  10000  train_avg=   +0.9  adv_avg=  +12.3  eval_avg(500)=  +10.0  win_rate= 52.2%  entropy_coef=0.0020  policy_loss=-0.0097  value_loss=1.0060  entropy=0.220  clip_frac= 1.0%  (150.5s)
episode  15000  train_avg=   -9.3  adv_avg=  -10.1  eval_avg(500)=  +18.6  win_rate= 53.8%  entropy_coef=0.0020  policy_loss=-0.0107  value_loss=1.0055  entropy=0.233  clip_frac= 1.1%  (223.2s)
episode  20000  train_avg=   -0.9  adv_avg=   -1.2  eval_avg(500)=   +1.5  win_rate= 50.4%  entropy_coef=0.0020  policy_loss=-0.0071  value_loss=0.9881  entropy=0.209  clip_frac= 0.8%  (294.0s)
episode  25000  train_avg=  -18.2  adv_avg=   -8.8  eval_avg(500)=   +9.5  win_rate= 52.2%  entropy_coef=0.0020  policy_loss=-0.0083  value_loss=0.9920  entropy=0.219  clip_frac= 0.8%  (368.0s)
episode  30000  train_avg=   +7.7  adv_avg=   -7.7  eval_avg(500)=   +0.4  win_rate= 49.0%  entropy_coef=0.0020  policy_loss=-0.0094  value_loss=0.9921  entropy=0.220  clip_frac= 1.0%  (442.4s)
episode  35000  train_avg=   -5.7  adv_avg=  -23.4  eval_avg(500)=   +7.4  win_rate= 51.2%  entropy_coef=0.0020  policy_loss=-0.0087  value_loss=1.0074  entropy=0.206  clip_frac= 1.0%  (513.3s)
episode  40000  train_avg=  -12.1  adv_avg=   -3.6  eval_avg(500)=   +7.3  win_rate= 52.8%  entropy_coef=0.0020  policy_loss=-0.0097  value_loss=1.0004  entropy=0.222  clip_frac= 1.2%  (584.4s)
episode  45000  train_avg=  -26.3  adv_avg=   -7.9  eval_avg(500)=   -6.8  win_rate= 49.0%  entropy_coef=0.0020  policy_loss=-0.0083  value_loss=1.1197  entropy=0.195  clip_frac= 0.8%  (655.1s)
episode  50000  train_avg=  +21.0  adv_avg=  +30.9  eval_avg(500)=   +0.3  win_rate= 49.6%  entropy_coef=0.0020  policy_loss=-0.0093  value_loss=1.0064  entropy=0.198  clip_frac= 1.2%  (725.7s)
episode  55000  train_avg=  +54.6  adv_avg=  +38.0  eval_avg(500)=  +19.2  win_rate= 54.6%  entropy_coef=0.0020  policy_loss=-0.0070  value_loss=1.0341  entropy=0.193  clip_frac= 0.7%  (797.4s)
episode  60000  train_avg=  +13.3  adv_avg=   -8.9  eval_avg(500)=  +23.6  win_rate= 54.8%  entropy_coef=0.0020  policy_loss=-0.0088  value_loss=0.9720  entropy=0.199  clip_frac= 1.1%  (869.5s)
episode  65000  train_avg=   -0.6  adv_avg=  -21.8  eval_avg(500)=  +19.0  win_rate= 54.8%  entropy_coef=0.0020  policy_loss=-0.0069  value_loss=1.0281  entropy=0.172  clip_frac= 0.8%  (941.6s)
episode  70000  train_avg=   +0.6  adv_avg=  +14.6  eval_avg(500)=  +20.7  win_rate= 54.6%  entropy_coef=0.0020  policy_loss=-0.0064  value_loss=0.9950  entropy=0.205  clip_frac= 0.6%  (1018.5s)
episode  75000  train_avg=   +5.2  adv_avg=  +18.3  eval_avg(500)=   +3.9  win_rate= 51.0%  entropy_coef=0.0020  policy_loss=-0.0104  value_loss=1.0414  entropy=0.204  clip_frac= 1.5%  (1089.4s)
episode  80000  train_avg=   +5.9  adv_avg=  -18.2  eval_avg(500)=  +15.9  win_rate= 52.8%  entropy_coef=0.0020  policy_loss=-0.0085  value_loss=1.0193  entropy=0.185  clip_frac= 1.0%  (1159.7s)
episode  85000  train_avg=  +26.4  adv_avg=  +29.4  eval_avg(500)=  +49.5  win_rate= 60.6%  entropy_coef=0.0020  policy_loss=-0.0110  value_loss=0.9812  entropy=0.197  clip_frac= 1.6%  (1229.9s)
episode  90000  train_avg=  +32.5  adv_avg=  +28.3  eval_avg(500)=   +1.0  win_rate= 49.8%  entropy_coef=0.0020  policy_loss=-0.0113  value_loss=1.0175  entropy=0.198  clip_frac= 2.0%  (1300.4s)
episode  95000  train_avg=  +12.3  adv_avg=   -2.8  eval_avg(500)=  +33.8  win_rate= 57.0%  entropy_coef=0.0020  policy_loss=-0.0070  value_loss=0.9481  entropy=0.162  clip_frac= 0.9%  (1370.2s)
episode 100000  train_avg=   -0.9  adv_avg=   -6.5  eval_avg(500)=  +12.1  win_rate= 52.2%  entropy_coef=0.0020  policy_loss=-0.0063  value_loss=0.9833  entropy=0.159  clip_frac= 0.7%  (1440.7s)
poids sauvegardes dans rl_experiments_v3/exp_ppo_centralized_critic_seed23/ppo_100000.pt
