poids charges depuis rl_experiments_v3/imit.pt
episode   5000  train_avg=   +7.0  adv_avg=   +1.6  eval_avg(500)=   -2.8  win_rate= 49.2%  entropy_coef=0.0020  policy_loss=-0.0155  value_loss=0.9977  entropy=0.209  clip_frac= 3.1%  (80.8s)
episode  10000  train_avg=   -7.8  adv_avg=   -0.2  eval_avg(500)=  +10.8  win_rate= 52.0%  entropy_coef=0.0020  policy_loss=-0.0103  value_loss=0.9980  entropy=0.182  clip_frac= 1.7%  (159.1s)
episode  15000  train_avg=   +3.9  adv_avg=   -6.9  eval_avg(500)=   -8.0  win_rate= 47.8%  entropy_coef=0.0020  policy_loss=-0.0123  value_loss=1.0260  entropy=0.217  clip_frac= 2.5%  (238.3s)
episode  20000  train_avg=  +28.7  adv_avg=  +16.2  eval_avg(500)=  +16.8  win_rate= 53.4%  entropy_coef=0.0020  policy_loss=-0.0126  value_loss=1.0281  entropy=0.191  clip_frac= 2.1%  (317.0s)
episode  25000  train_avg=   -5.2  adv_avg=   -6.7  eval_avg(500)=  +17.9  win_rate= 53.8%  entropy_coef=0.0020  policy_loss=-0.0133  value_loss=0.9840  entropy=0.199  clip_frac= 2.5%  (394.5s)
episode  30000  train_avg=  +17.9  adv_avg=   -5.0  eval_avg(500)=  +15.8  win_rate= 53.2%  entropy_coef=0.0020  policy_loss=-0.0177  value_loss=0.9786  entropy=0.202  clip_frac= 3.0%  (474.7s)
episode  35000  train_avg=  -15.3  adv_avg=   +9.3  eval_avg(500)=   +2.9  win_rate= 50.6%  entropy_coef=0.0020  policy_loss=-0.0134  value_loss=0.9944  entropy=0.177  clip_frac= 3.0%  (556.9s)
episode  40000  train_avg=   -0.2  adv_avg=   -3.8  eval_avg(500)=   -4.8  win_rate= 49.6%  entropy_coef=0.0020  policy_loss=-0.0119  value_loss=1.0109  entropy=0.196  clip_frac= 2.6%  (640.4s)
episode  45000  train_avg=   +1.4  adv_avg=   +2.9  eval_avg(500)=   -9.9  win_rate= 47.4%  entropy_coef=0.0020  policy_loss=-0.0130  value_loss=0.9890  entropy=0.200  clip_frac= 3.6%  (719.7s)
episode  50000  train_avg=  -12.7  adv_avg=   -6.9  eval_avg(500)=  +12.1  win_rate= 53.2%  entropy_coef=0.0020  policy_loss=-0.0131  value_loss=0.9438  entropy=0.192  clip_frac= 2.6%  (807.8s)
episode  55000  train_avg=  -10.6  adv_avg=  -12.6  eval_avg(500)=  +16.9  win_rate= 53.6%  entropy_coef=0.0020  policy_loss=-0.0130  value_loss=0.9852  entropy=0.185  clip_frac= 2.9%  (897.2s)
episode  60000  train_avg=   +4.9  adv_avg=  +32.1  eval_avg(500)=  +13.2  win_rate= 51.8%  entropy_coef=0.0020  policy_loss=-0.0130  value_loss=0.9954  entropy=0.181  clip_frac= 2.6%  (984.7s)
episode  65000  train_avg=   +5.9  adv_avg=   +0.6  eval_avg(500)=  +21.0  win_rate= 54.6%  entropy_coef=0.0020  policy_loss=-0.0131  value_loss=0.9676  entropy=0.196  clip_frac= 2.2%  (1073.4s)
episode  70000  train_avg=   +9.8  adv_avg=   +1.4  eval_avg(500)=   -5.4  win_rate= 48.0%  entropy_coef=0.0020  policy_loss=-0.0109  value_loss=0.9967  entropy=0.158  clip_frac= 2.1%  (1155.8s)
episode  75000  train_avg=  +25.6  adv_avg=  +17.5  eval_avg(500)=  -10.6  win_rate= 48.2%  entropy_coef=0.0020  policy_loss=-0.0128  value_loss=1.0099  entropy=0.189  clip_frac= 3.3%  (1237.4s)
episode  80000  train_avg=   +1.6  adv_avg=   +0.7  eval_avg(500)=  +16.6  win_rate= 53.8%  entropy_coef=0.0020  policy_loss=-0.0133  value_loss=0.9814  entropy=0.174  clip_frac= 2.4%  (1317.7s)
episode  85000  train_avg=  +24.0  adv_avg=   +3.8  eval_avg(500)=  +22.8  win_rate= 55.0%  entropy_coef=0.0020  policy_loss=-0.0148  value_loss=0.9412  entropy=0.181  clip_frac= 2.7%  (1402.3s)
episode  90000  train_avg=   -3.0  adv_avg=  +15.8  eval_avg(500)=  +11.4  win_rate= 52.2%  entropy_coef=0.0020  policy_loss=-0.0108  value_loss=1.0033  entropy=0.166  clip_frac= 2.9%  (1482.6s)
episode  95000  train_avg=   +3.2  adv_avg=  +21.0  eval_avg(500)=   -1.2  win_rate= 50.0%  entropy_coef=0.0020  policy_loss=-0.0153  value_loss=0.9922  entropy=0.183  clip_frac= 3.2%  (1563.1s)
episode 100000  train_avg=  +20.9  adv_avg=   +4.0  eval_avg(500)=  +16.4  win_rate= 53.6%  entropy_coef=0.0020  policy_loss=-0.0113  value_loss=1.0113  entropy=0.179  clip_frac= 2.4%  (1642.9s)
poids sauvegardes dans rl_experiments_v3/exp_ppo_lr3e-5_epochs16_seed22/ppo_100000.pt
