poids charges depuis rl_experiments_v3/imit.pt
episode   5000  train_avg=  +10.6  adv_avg=   +1.1  eval_avg(500)=   +4.6  win_rate= 51.8%  entropy_coef=0.0020  policy_loss=-0.0102  value_loss=1.0027  entropy=0.195  clip_frac= 1.3%  (74.3s)
episode  10000  train_avg=  +26.1  adv_avg=  +22.2  eval_avg(500)=   +6.3  win_rate= 51.8%  entropy_coef=0.0020  policy_loss=-0.0100  value_loss=1.0164  entropy=0.193  clip_frac= 1.0%  (144.7s)
episode  15000  train_avg=   -8.4  adv_avg=  -13.4  eval_avg(500)=   +4.5  win_rate= 51.0%  entropy_coef=0.0020  policy_loss=-0.0062  value_loss=0.9893  entropy=0.177  clip_frac= 0.6%  (217.0s)
episode  20000  train_avg=  +14.3  adv_avg=  -20.1  eval_avg(500)=   +5.7  win_rate= 52.2%  entropy_coef=0.0020  policy_loss=-0.0089  value_loss=1.0400  entropy=0.215  clip_frac= 1.0%  (289.2s)
episode  25000  train_avg=   +5.2  adv_avg=   +5.9  eval_avg(500)=  -13.8  win_rate= 46.6%  entropy_coef=0.0020  policy_loss=-0.0097  value_loss=0.9986  entropy=0.184  clip_frac= 1.0%  (362.1s)
episode  30000  train_avg=   -2.1  adv_avg=   +4.2  eval_avg(500)=   +9.5  win_rate= 53.2%  entropy_coef=0.0020  policy_loss=-0.0081  value_loss=0.9829  entropy=0.183  clip_frac= 1.0%  (434.7s)
episode  35000  train_avg=  +20.3  adv_avg=  +17.9  eval_avg(500)=   +7.9  win_rate= 51.6%  entropy_coef=0.0020  policy_loss=-0.0062  value_loss=1.0205  entropy=0.187  clip_frac= 0.5%  (504.6s)
episode  40000  train_avg=  +34.4  adv_avg=  +17.6  eval_avg(500)=  +18.4  win_rate= 53.4%  entropy_coef=0.0020  policy_loss=-0.0081  value_loss=1.0009  entropy=0.167  clip_frac= 1.0%  (574.0s)
episode  45000  train_avg=  +16.1  adv_avg=  +36.8  eval_avg(500)=  +20.0  win_rate= 54.2%  entropy_coef=0.0020  policy_loss=-0.0078  value_loss=0.9526  entropy=0.178  clip_frac= 0.8%  (644.1s)
episode  50000  train_avg=   -8.2  adv_avg=  -18.9  eval_avg(500)=   +9.7  win_rate= 51.6%  entropy_coef=0.0020  policy_loss=-0.0079  value_loss=0.9994  entropy=0.178  clip_frac= 1.2%  (713.6s)
episode  55000  train_avg=   +5.3  adv_avg=  +11.7  eval_avg(500)=   -0.2  win_rate= 49.2%  entropy_coef=0.0020  policy_loss=-0.0093  value_loss=1.0153  entropy=0.174  clip_frac= 1.0%  (783.4s)
episode  60000  train_avg=   -8.1  adv_avg=  +17.3  eval_avg(500)=  +11.9  win_rate= 52.6%  entropy_coef=0.0020  policy_loss=-0.0071  value_loss=0.9738  entropy=0.163  clip_frac= 0.9%  (854.1s)
episode  65000  train_avg=   +0.0  adv_avg=   +9.6  eval_avg(500)=  +20.6  win_rate= 54.4%  entropy_coef=0.0020  policy_loss=-0.0070  value_loss=0.9772  entropy=0.175  clip_frac= 0.9%  (925.0s)
episode  70000  train_avg=  +51.6  adv_avg=  +23.6  eval_avg(500)=  +10.1  win_rate= 52.0%  entropy_coef=0.0020  policy_loss=-0.0089  value_loss=0.9715  entropy=0.184  clip_frac= 1.1%  (996.6s)
episode  75000  train_avg=  +43.8  adv_avg=  +21.7  eval_avg(500)=   -8.7  win_rate= 48.4%  entropy_coef=0.0020  policy_loss=-0.0075  value_loss=1.0607  entropy=0.182  clip_frac= 0.9%  (1072.0s)
episode  80000  train_avg=   +7.4  adv_avg=   +2.8  eval_avg(500)=  +43.4  win_rate= 59.2%  entropy_coef=0.0020  policy_loss=-0.0109  value_loss=0.9920  entropy=0.174  clip_frac= 1.5%  (1142.2s)
episode  85000  train_avg=   -9.2  adv_avg=  +13.5  eval_avg(500)=  -14.4  win_rate= 46.8%  entropy_coef=0.0020  policy_loss=-0.0092  value_loss=1.0226  entropy=0.189  clip_frac= 1.0%  (1210.9s)
episode  90000  train_avg=   -4.3  adv_avg=   +7.3  eval_avg(500)=  +16.2  win_rate= 52.4%  entropy_coef=0.0020  policy_loss=-0.0075  value_loss=0.9739  entropy=0.162  clip_frac= 0.9%  (1278.8s)
episode  95000  train_avg=  +21.4  adv_avg=   +6.8  eval_avg(500)=  +24.9  win_rate= 54.6%  entropy_coef=0.0020  policy_loss=-0.0082  value_loss=1.0399  entropy=0.164  clip_frac= 1.0%  (1346.9s)
episode 100000  train_avg=  +23.8  adv_avg=  +15.7  eval_avg(500)=  +27.9  win_rate= 56.0%  entropy_coef=0.0020  policy_loss=-0.0082  value_loss=0.9856  entropy=0.169  clip_frac= 1.1%  (1414.9s)
poids sauvegardes dans rl_experiments_v3/exp_ppo_centralized_critic_seed26/ppo_100000.pt
