poids charges depuis rl_experiments_v4/imit_bignet_ent02.pt
episode   5000  train_avg=  +15.7  adv_avg=   +2.0  eval_avg(500)=   +2.0  win_rate= 50.8%  entropy_coef=0.0020  policy_loss=-0.0129  value_loss=1.0060  entropy=0.178  clip_frac= 2.5%  (127.8s)
episode  10000  train_avg=  +16.4  adv_avg=   +9.9  eval_avg(500)=  -13.1  win_rate= 47.4%  entropy_coef=0.0020  policy_loss=-0.0195  value_loss=1.0063  entropy=0.219  clip_frac= 4.4%  (262.1s)
episode  15000  train_avg=  +18.6  adv_avg=   -8.4  eval_avg(500)=  +24.8  win_rate= 54.2%  entropy_coef=0.0020  policy_loss=-0.0176  value_loss=1.0016  entropy=0.225  clip_frac= 4.0%  (400.5s)
episode  20000  train_avg=  -25.7  adv_avg=   -4.8  eval_avg(500)=  +16.2  win_rate= 53.8%  entropy_coef=0.0020  policy_loss=-0.0159  value_loss=0.9862  entropy=0.213  clip_frac= 4.1%  (541.7s)
episode  25000  train_avg=   -5.7  adv_avg=   +0.5  eval_avg(500)=  +15.9  win_rate= 53.6%  entropy_coef=0.0020  policy_loss=-0.0184  value_loss=1.0064  entropy=0.221  clip_frac= 5.3%  (670.2s)
episode  30000  train_avg=  -16.1  adv_avg=  -14.3  eval_avg(500)=   +8.1  win_rate= 51.6%  entropy_coef=0.0020  policy_loss=-0.0245  value_loss=1.0702  entropy=0.231  clip_frac= 7.0%  (802.9s)
episode  35000  train_avg=  +10.2  adv_avg=   -0.4  eval_avg(500)=   +2.6  win_rate= 51.2%  entropy_coef=0.0020  policy_loss=-0.0227  value_loss=0.9859  entropy=0.254  clip_frac= 5.8%  (934.3s)
episode  40000  train_avg=  +25.6  adv_avg=   +7.5  eval_avg(500)=   +8.4  win_rate= 51.4%  entropy_coef=0.0020  policy_loss=-0.0165  value_loss=0.9942  entropy=0.235  clip_frac= 4.4%  (1066.9s)
episode  45000  train_avg=  +17.4  adv_avg=   +4.6  eval_avg(500)=   -6.0  win_rate= 49.2%  entropy_coef=0.0020  policy_loss=-0.0192  value_loss=0.9822  entropy=0.249  clip_frac= 4.5%  (1193.0s)
episode  50000  train_avg=   -1.9  adv_avg=   +3.9  eval_avg(500)=   +6.4  win_rate= 50.6%  entropy_coef=0.0020  policy_loss=-0.0186  value_loss=0.9982  entropy=0.229  clip_frac= 4.9%  (1317.3s)
episode  55000  train_avg=   -4.6  adv_avg=   +3.0  eval_avg(500)=  +22.5  win_rate= 54.6%  entropy_coef=0.0020  policy_loss=-0.0200  value_loss=1.0116  entropy=0.223  clip_frac= 5.4%  (1439.8s)
episode  60000  train_avg=  +25.0  adv_avg=  +32.6  eval_avg(500)=  +13.2  win_rate= 52.8%  entropy_coef=0.0020  policy_loss=-0.0219  value_loss=1.0073  entropy=0.227  clip_frac= 5.8%  (1562.2s)
episode  65000  train_avg=  +45.2  adv_avg=  +20.6  eval_avg(500)=  +27.6  win_rate= 55.6%  entropy_coef=0.0020  policy_loss=-0.0173  value_loss=0.9897  entropy=0.222  clip_frac= 4.0%  (1684.7s)
episode  70000  train_avg=   -5.7  adv_avg=   +2.1  eval_avg(500)=   -6.9  win_rate= 49.2%  entropy_coef=0.0020  policy_loss=-0.0223  value_loss=1.0058  entropy=0.234  clip_frac= 6.4%  (1810.6s)
episode  75000  train_avg=  +36.9  adv_avg=  +22.8  eval_avg(500)=   +0.6  win_rate= 50.6%  entropy_coef=0.0020  policy_loss=-0.0170  value_loss=1.0163  entropy=0.239  clip_frac= 4.3%  (1934.4s)
episode  80000  train_avg=   +6.8  adv_avg=  +18.7  eval_avg(500)=  +21.0  win_rate= 55.8%  entropy_coef=0.0020  policy_loss=-0.0171  value_loss=1.0056  entropy=0.197  clip_frac= 5.3%  (2060.9s)
episode  85000  train_avg=  +44.5  adv_avg=  +39.0  eval_avg(500)=   -0.1  win_rate= 49.4%  entropy_coef=0.0020  policy_loss=-0.0214  value_loss=1.0409  entropy=0.211  clip_frac= 6.2%  (2189.5s)
episode  90000  train_avg=   +5.0  adv_avg=  +13.8  eval_avg(500)=  +11.5  win_rate= 53.4%  entropy_coef=0.0020  policy_loss=-0.0231  value_loss=0.9757  entropy=0.243  clip_frac= 6.6%  (2317.4s)
episode  95000  train_avg=   -5.8  adv_avg=   +7.2  eval_avg(500)=   -0.8  win_rate= 49.2%  entropy_coef=0.0020  policy_loss=-0.0187  value_loss=0.9537  entropy=0.204  clip_frac= 5.1%  (2444.2s)
episode 100000  train_avg=   -5.7  adv_avg=  +22.1  eval_avg(500)=  -16.2  win_rate= 46.0%  entropy_coef=0.0020  policy_loss=-0.0181  value_loss=0.9726  entropy=0.223  clip_frac= 5.2%  (2570.7s)
poids sauvegardes dans rl_experiments_v4/exp_shared_lr3e-5_seed20/ppo_100000.pt
