adversaire fige charge depuis rl_experiments_v2/exp_growing_pool/seg_50000.pt
adversaire fige charge depuis rl_experiments_v2/exp_growing_pool/seg_100000.pt
poids charges depuis rl_experiments_v2/exp_growing_pool/seg_100000.pt
episode 105000  train_avg=  -17.6  adv_avg=   +2.5  eval_avg(500)=  +32.1  win_rate= 56.8%  entropy_beta=0.0020  baseline=  +46.7  (84.9s)
  picks: heuristic:1875x(wr=0.48)  rl_experiments_v2/exp_growing_pool/seg_50000.pt:1789x(wr=0.49)  rl_experiments_v2/exp_growing_pool/seg_100000.pt:1336x(wr=0.49)
episode 110000  train_avg=  -13.1  adv_avg=  +13.7  eval_avg(500)=   -0.4  win_rate= 49.0%  entropy_beta=0.0020  baseline=  +43.7  (174.8s)
  picks: heuristic:3041x(wr=0.52)  rl_experiments_v2/exp_growing_pool/seg_50000.pt:3573x(wr=0.52)  rl_experiments_v2/exp_growing_pool/seg_100000.pt:3386x(wr=0.44)
episode 115000  train_avg=   -3.4  adv_avg=   +1.4  eval_avg(500)=  +10.4  win_rate= 52.8%  entropy_beta=0.0020  baseline=  -16.1  (263.8s)
  picks: heuristic:4219x(wr=0.57)  rl_experiments_v2/exp_growing_pool/seg_50000.pt:5523x(wr=0.43)  rl_experiments_v2/exp_growing_pool/seg_100000.pt:5258x(wr=0.49)
episode 120000  train_avg=  +28.2  adv_avg=  +28.1  eval_avg(500)=   +8.8  win_rate= 52.4%  entropy_beta=0.0020  baseline=   +3.5  (355.2s)
  picks: heuristic:5474x(wr=0.53)  rl_experiments_v2/exp_growing_pool/seg_50000.pt:7785x(wr=0.53)  rl_experiments_v2/exp_growing_pool/seg_100000.pt:6741x(wr=0.56)
episode 125000  train_avg=   -4.8  adv_avg=  -19.3  eval_avg(500)=   +2.6  win_rate= 51.0%  entropy_beta=0.0020  baseline=   -1.2  (444.1s)
  picks: heuristic:6729x(wr=0.50)  rl_experiments_v2/exp_growing_pool/seg_50000.pt:10067x(wr=0.53)  rl_experiments_v2/exp_growing_pool/seg_100000.pt:8204x(wr=0.42)
episode 130000  train_avg=  -19.1  adv_avg=  -33.4  eval_avg(500)=  +15.7  win_rate= 53.0%  entropy_beta=0.0020  baseline=  -26.5  (528.9s)
  picks: heuristic:8706x(wr=0.48)  rl_experiments_v2/exp_growing_pool/seg_50000.pt:11362x(wr=0.48)  rl_experiments_v2/exp_growing_pool/seg_100000.pt:9932x(wr=0.49)
episode 135000  train_avg=  -12.8  adv_avg=   +6.3  eval_avg(500)=  +23.5  win_rate= 55.2%  entropy_beta=0.0020  baseline=  -15.0  (617.1s)
  picks: heuristic:9918x(wr=0.55)  rl_experiments_v2/exp_growing_pool/seg_50000.pt:13094x(wr=0.49)  rl_experiments_v2/exp_growing_pool/seg_100000.pt:11988x(wr=0.45)
episode 140000  train_avg=  +10.4  adv_avg=  +10.1  eval_avg(500)=  +18.7  win_rate= 54.0%  entropy_beta=0.0020  baseline=  +14.1  (703.0s)
  picks: heuristic:11483x(wr=0.59)  rl_experiments_v2/exp_growing_pool/seg_50000.pt:14719x(wr=0.49)  rl_experiments_v2/exp_growing_pool/seg_100000.pt:13798x(wr=0.44)
episode 145000  train_avg=  +44.3  adv_avg=  +16.9  eval_avg(500)=  +10.7  win_rate= 52.2%  entropy_beta=0.0020  baseline=  +22.2  (792.3s)
  picks: heuristic:12501x(wr=0.63)  rl_experiments_v2/exp_growing_pool/seg_50000.pt:16887x(wr=0.57)  rl_experiments_v2/exp_growing_pool/seg_100000.pt:15612x(wr=0.58)
episode 150000  train_avg=  +26.7  adv_avg=  +14.7  eval_avg(500)=   -2.3  win_rate= 50.4%  entropy_beta=0.0020  baseline=   +3.2  (877.1s)
  picks: heuristic:14112x(wr=0.55)  rl_experiments_v2/exp_growing_pool/seg_50000.pt:18225x(wr=0.62)  rl_experiments_v2/exp_growing_pool/seg_100000.pt:17663x(wr=0.50)
poids sauvegardes dans rl_experiments_v2/exp_growing_pool/seg_150000.pt
PFSP picks total: heuristic:14112x(wr=0.55)  rl_experiments_v2/exp_growing_pool/seg_50000.pt:18225x(wr=0.62)  rl_experiments_v2/exp_growing_pool/seg_100000.pt:17663x(wr=0.50)
