adversaire fige charge depuis rl_experiments_v2/exp_growing_pool/seg_50000.pt
adversaire fige charge depuis rl_experiments_v2/exp_growing_pool/seg_100000.pt
adversaire fige charge depuis rl_experiments_v2/exp_growing_pool/seg_150000.pt
adversaire fige charge depuis rl_experiments_v2/exp_growing_pool/seg_200000.pt
adversaire fige charge depuis rl_experiments_v2/exp_growing_pool/seg_250000.pt
adversaire fige charge depuis rl_experiments_v2/exp_growing_pool/seg_300000.pt
poids charges depuis rl_experiments_v2/exp_growing_pool/seg_300000.pt
episode 305000  train_avg=   -3.8  adv_avg=   -3.7  eval_avg(500)=  +18.6  win_rate= 54.6%  entropy_beta=0.0020  baseline=  -17.0  (91.6s)
  picks: heuristic:520x(wr=0.57)  rl_experiments_v2/exp_growing_pool/seg_50000.pt:657x(wr=0.53)  rl_experiments_v2/exp_growing_pool/seg_100000.pt:986x(wr=0.54)  rl_experiments_v2/exp_growing_pool/seg_150000.pt:469x(wr=0.55)  rl_experiments_v2/exp_growing_pool/seg_200000.pt:943x(wr=0.46)  rl_experiments_v2/exp_growing_pool/seg_250000.pt:786x(wr=0.48)  rl_experiments_v2/exp_growing_pool/seg_300000.pt:639x(wr=0.45)
episode 310000  train_avg=  +13.1  adv_avg=  +11.4  eval_avg(500)=  +14.2  win_rate= 53.2%  entropy_beta=0.0020  baseline=  +16.7  (183.3s)
  picks: heuristic:1049x(wr=0.57)  rl_experiments_v2/exp_growing_pool/seg_50000.pt:1128x(wr=0.64)  rl_experiments_v2/exp_growing_pool/seg_100000.pt:1439x(wr=0.59)  rl_experiments_v2/exp_growing_pool/seg_150000.pt:1188x(wr=0.47)  rl_experiments_v2/exp_growing_pool/seg_200000.pt:1843x(wr=0.48)  rl_experiments_v2/exp_growing_pool/seg_250000.pt:1875x(wr=0.49)  rl_experiments_v2/exp_growing_pool/seg_300000.pt:1478x(wr=0.52)
episode 315000  train_avg=  +18.8  adv_avg=   -7.6  eval_avg(500)=  +27.1  win_rate= 55.2%  entropy_beta=0.0020  baseline=  -21.7  (273.1s)
  picks: heuristic:1452x(wr=0.63)  rl_experiments_v2/exp_growing_pool/seg_50000.pt:1559x(wr=0.47)  rl_experiments_v2/exp_growing_pool/seg_100000.pt:2195x(wr=0.54)  rl_experiments_v2/exp_growing_pool/seg_150000.pt:1980x(wr=0.50)  rl_experiments_v2/exp_growing_pool/seg_200000.pt:2777x(wr=0.52)  rl_experiments_v2/exp_growing_pool/seg_250000.pt:2732x(wr=0.49)  rl_experiments_v2/exp_growing_pool/seg_300000.pt:2305x(wr=0.53)
episode 320000  train_avg=   -3.5  adv_avg=   -9.8  eval_avg(500)=   +5.3  win_rate= 51.0%  entropy_beta=0.0020  baseline=   +4.4  (361.8s)
  picks: heuristic:1992x(wr=0.56)  rl_experiments_v2/exp_growing_pool/seg_50000.pt:2213x(wr=0.59)  rl_experiments_v2/exp_growing_pool/seg_100000.pt:2669x(wr=0.50)  rl_experiments_v2/exp_growing_pool/seg_150000.pt:2684x(wr=0.51)  rl_experiments_v2/exp_growing_pool/seg_200000.pt:3357x(wr=0.48)  rl_experiments_v2/exp_growing_pool/seg_250000.pt:3834x(wr=0.50)  rl_experiments_v2/exp_growing_pool/seg_300000.pt:3251x(wr=0.55)
episode 325000  train_avg=   +1.6  adv_avg=  -18.2  eval_avg(500)=  +23.4  win_rate= 55.2%  entropy_beta=0.0020  baseline=  -29.6  (449.7s)
  picks: heuristic:2595x(wr=0.53)  rl_experiments_v2/exp_growing_pool/seg_50000.pt:2801x(wr=0.48)  rl_experiments_v2/exp_growing_pool/seg_100000.pt:3266x(wr=0.50)  rl_experiments_v2/exp_growing_pool/seg_150000.pt:3234x(wr=0.48)  rl_experiments_v2/exp_growing_pool/seg_200000.pt:4332x(wr=0.57)  rl_experiments_v2/exp_growing_pool/seg_250000.pt:4581x(wr=0.44)  rl_experiments_v2/exp_growing_pool/seg_300000.pt:4191x(wr=0.47)
episode 330000  train_avg=   -0.5  adv_avg=   +4.3  eval_avg(500)=  +20.7  win_rate= 54.4%  entropy_beta=0.0020  baseline=   -6.5  (540.1s)
  picks: heuristic:3232x(wr=0.52)  rl_experiments_v2/exp_growing_pool/seg_50000.pt:3436x(wr=0.49)  rl_experiments_v2/exp_growing_pool/seg_100000.pt:4167x(wr=0.49)  rl_experiments_v2/exp_growing_pool/seg_150000.pt:3934x(wr=0.53)  rl_experiments_v2/exp_growing_pool/seg_200000.pt:4875x(wr=0.52)  rl_experiments_v2/exp_growing_pool/seg_250000.pt:5181x(wr=0.52)  rl_experiments_v2/exp_growing_pool/seg_300000.pt:5175x(wr=0.58)
episode 335000  train_avg=   +1.2  adv_avg=   +6.8  eval_avg(500)=   +5.0  win_rate= 51.4%  entropy_beta=0.0020  baseline=   +2.6  (631.6s)
  picks: heuristic:3734x(wr=0.47)  rl_experiments_v2/exp_growing_pool/seg_50000.pt:4018x(wr=0.52)  rl_experiments_v2/exp_growing_pool/seg_100000.pt:4901x(wr=0.53)  rl_experiments_v2/exp_growing_pool/seg_150000.pt:4711x(wr=0.52)  rl_experiments_v2/exp_growing_pool/seg_200000.pt:5477x(wr=0.58)  rl_experiments_v2/exp_growing_pool/seg_250000.pt:5999x(wr=0.49)  rl_experiments_v2/exp_growing_pool/seg_300000.pt:6160x(wr=0.46)
episode 340000  train_avg=  -12.4  adv_avg=  -12.2  eval_avg(500)=   +9.7  win_rate= 51.2%  entropy_beta=0.0020  baseline=  -14.3  (721.7s)
  picks: heuristic:4412x(wr=0.49)  rl_experiments_v2/exp_growing_pool/seg_50000.pt:4662x(wr=0.54)  rl_experiments_v2/exp_growing_pool/seg_100000.pt:5756x(wr=0.44)  rl_experiments_v2/exp_growing_pool/seg_150000.pt:5157x(wr=0.50)  rl_experiments_v2/exp_growing_pool/seg_200000.pt:6318x(wr=0.49)  rl_experiments_v2/exp_growing_pool/seg_250000.pt:6670x(wr=0.46)  rl_experiments_v2/exp_growing_pool/seg_300000.pt:7025x(wr=0.55)
episode 345000  train_avg=   -1.8  adv_avg=   +7.5  eval_avg(500)=  +26.7  win_rate= 55.6%  entropy_beta=0.0020  baseline=   +8.0  (813.6s)
  picks: heuristic:5080x(wr=0.48)  rl_experiments_v2/exp_growing_pool/seg_50000.pt:5515x(wr=0.52)  rl_experiments_v2/exp_growing_pool/seg_100000.pt:6511x(wr=0.51)  rl_experiments_v2/exp_growing_pool/seg_150000.pt:5917x(wr=0.40)  rl_experiments_v2/exp_growing_pool/seg_200000.pt:6899x(wr=0.54)  rl_experiments_v2/exp_growing_pool/seg_250000.pt:7457x(wr=0.48)  rl_experiments_v2/exp_growing_pool/seg_300000.pt:7621x(wr=0.53)
episode 350000  train_avg=   -2.5  adv_avg=   +9.8  eval_avg(500)=  +15.1  win_rate= 53.6%  entropy_beta=0.0020  baseline=  +36.3  (904.2s)
  picks: heuristic:5860x(wr=0.46)  rl_experiments_v2/exp_growing_pool/seg_50000.pt:6187x(wr=0.45)  rl_experiments_v2/exp_growing_pool/seg_100000.pt:7214x(wr=0.52)  rl_experiments_v2/exp_growing_pool/seg_150000.pt:6696x(wr=0.59)  rl_experiments_v2/exp_growing_pool/seg_200000.pt:7859x(wr=0.40)  rl_experiments_v2/exp_growing_pool/seg_250000.pt:7792x(wr=0.60)  rl_experiments_v2/exp_growing_pool/seg_300000.pt:8392x(wr=0.57)
poids sauvegardes dans rl_experiments_v2/exp_growing_pool/seg_350000.pt
PFSP picks total: heuristic:5860x(wr=0.46)  rl_experiments_v2/exp_growing_pool/seg_50000.pt:6187x(wr=0.45)  rl_experiments_v2/exp_growing_pool/seg_100000.pt:7214x(wr=0.52)  rl_experiments_v2/exp_growing_pool/seg_150000.pt:6696x(wr=0.59)  rl_experiments_v2/exp_growing_pool/seg_200000.pt:7859x(wr=0.40)  rl_experiments_v2/exp_growing_pool/seg_250000.pt:7792x(wr=0.60)  rl_experiments_v2/exp_growing_pool/seg_300000.pt:8392x(wr=0.57)
