adversaire fige charge depuis rl_experiments_v2/exp_growing_pool/seg_50000.pt
adversaire fige charge depuis rl_experiments_v2/exp_growing_pool/seg_100000.pt
adversaire fige charge depuis rl_experiments_v2/exp_growing_pool/seg_150000.pt
poids charges depuis rl_experiments_v2/exp_growing_pool/seg_150000.pt
episode 155000  train_avg=   +3.0  adv_avg=   -6.4  eval_avg(500)=  +23.0  win_rate= 55.2%  entropy_beta=0.0020  baseline=  -23.9  (88.0s)
  picks: heuristic:1442x(wr=0.52)  rl_experiments_v2/exp_growing_pool/seg_50000.pt:1516x(wr=0.40)  rl_experiments_v2/exp_growing_pool/seg_100000.pt:805x(wr=0.56)  rl_experiments_v2/exp_growing_pool/seg_150000.pt:1237x(wr=0.52)
episode 160000  train_avg=  +22.1  adv_avg=   -5.8  eval_avg(500)=  +24.8  win_rate= 55.8%  entropy_beta=0.0020  baseline=  -24.4  (179.2s)
  picks: heuristic:2264x(wr=0.49)  rl_experiments_v2/exp_growing_pool/seg_50000.pt:3142x(wr=0.48)  rl_experiments_v2/exp_growing_pool/seg_100000.pt:1884x(wr=0.51)  rl_experiments_v2/exp_growing_pool/seg_150000.pt:2710x(wr=0.49)
episode 165000  train_avg=  +17.1  adv_avg=  +18.4  eval_avg(500)=  +16.9  win_rate= 53.2%  entropy_beta=0.0020  baseline=  +52.8  (267.1s)
  picks: heuristic:3431x(wr=0.54)  rl_experiments_v2/exp_growing_pool/seg_50000.pt:4750x(wr=0.59)  rl_experiments_v2/exp_growing_pool/seg_100000.pt:3138x(wr=0.55)  rl_experiments_v2/exp_growing_pool/seg_150000.pt:3681x(wr=0.53)
episode 170000  train_avg=  +25.8  adv_avg=  +11.7  eval_avg(500)=  +12.3  win_rate= 52.4%  entropy_beta=0.0020  baseline=   +9.7  (354.0s)
  picks: heuristic:4640x(wr=0.61)  rl_experiments_v2/exp_growing_pool/seg_50000.pt:6031x(wr=0.52)  rl_experiments_v2/exp_growing_pool/seg_100000.pt:4562x(wr=0.55)  rl_experiments_v2/exp_growing_pool/seg_150000.pt:4767x(wr=0.56)
episode 175000  train_avg=  -18.7  adv_avg=   -9.2  eval_avg(500)=  +35.6  win_rate= 57.0%  entropy_beta=0.0020  baseline=  -29.0  (444.5s)
  picks: heuristic:5486x(wr=0.56)  rl_experiments_v2/exp_growing_pool/seg_50000.pt:7391x(wr=0.52)  rl_experiments_v2/exp_growing_pool/seg_100000.pt:6318x(wr=0.53)  rl_experiments_v2/exp_growing_pool/seg_150000.pt:5805x(wr=0.35)
episode 180000  train_avg=   -4.5  adv_avg=  -27.1  eval_avg(500)=  +14.3  win_rate= 53.2%  entropy_beta=0.0020  baseline=  +52.3  (535.6s)
  picks: heuristic:6356x(wr=0.54)  rl_experiments_v2/exp_growing_pool/seg_50000.pt:8394x(wr=0.45)  rl_experiments_v2/exp_growing_pool/seg_100000.pt:7475x(wr=0.50)  rl_experiments_v2/exp_growing_pool/seg_150000.pt:7775x(wr=0.49)
episode 185000  train_avg=  -20.9  adv_avg=  +19.4  eval_avg(500)=   -5.1  win_rate= 49.0%  entropy_beta=0.0020  baseline=  -18.3  (627.2s)
  picks: heuristic:7154x(wr=0.54)  rl_experiments_v2/exp_growing_pool/seg_50000.pt:10081x(wr=0.39)  rl_experiments_v2/exp_growing_pool/seg_100000.pt:8641x(wr=0.45)  rl_experiments_v2/exp_growing_pool/seg_150000.pt:9124x(wr=0.55)
episode 190000  train_avg=   -4.6  adv_avg=   +5.8  eval_avg(500)=  +13.1  win_rate= 53.2%  entropy_beta=0.0020  baseline=  +36.3  (723.7s)
  picks: heuristic:7917x(wr=0.54)  rl_experiments_v2/exp_growing_pool/seg_50000.pt:11650x(wr=0.47)  rl_experiments_v2/exp_growing_pool/seg_100000.pt:9786x(wr=0.48)  rl_experiments_v2/exp_growing_pool/seg_150000.pt:10647x(wr=0.50)
episode 195000  train_avg=  +22.9  adv_avg=   -2.7  eval_avg(500)=  +18.5  win_rate= 53.8%  entropy_beta=0.0020  baseline=   -7.7  (819.3s)
  picks: heuristic:9006x(wr=0.52)  rl_experiments_v2/exp_growing_pool/seg_50000.pt:13097x(wr=0.49)  rl_experiments_v2/exp_growing_pool/seg_100000.pt:11020x(wr=0.60)  rl_experiments_v2/exp_growing_pool/seg_150000.pt:11877x(wr=0.57)
episode 200000  train_avg=  -22.7  adv_avg=  -17.1  eval_avg(500)=   +4.5  win_rate= 50.8%  entropy_beta=0.0020  baseline=  -84.5  (908.9s)
  picks: heuristic:10312x(wr=0.48)  rl_experiments_v2/exp_growing_pool/seg_50000.pt:14379x(wr=0.46)  rl_experiments_v2/exp_growing_pool/seg_100000.pt:12121x(wr=0.46)  rl_experiments_v2/exp_growing_pool/seg_150000.pt:13188x(wr=0.47)
poids sauvegardes dans rl_experiments_v2/exp_growing_pool/seg_200000.pt
PFSP picks total: heuristic:10312x(wr=0.48)  rl_experiments_v2/exp_growing_pool/seg_50000.pt:14379x(wr=0.46)  rl_experiments_v2/exp_growing_pool/seg_100000.pt:12121x(wr=0.46)  rl_experiments_v2/exp_growing_pool/seg_150000.pt:13188x(wr=0.47)
