adversaire fige charge depuis rl_experiments_v2/exp_growing_pool/seg_50000.pt
adversaire fige charge depuis rl_experiments_v2/exp_growing_pool/seg_100000.pt
adversaire fige charge depuis rl_experiments_v2/exp_growing_pool/seg_150000.pt
adversaire fige charge depuis rl_experiments_v2/exp_growing_pool/seg_200000.pt
adversaire fige charge depuis rl_experiments_v2/exp_growing_pool/seg_250000.pt
poids charges depuis rl_experiments_v2/exp_growing_pool/seg_250000.pt
episode 255000  train_avg=   +6.9  adv_avg=  +12.0  eval_avg(500)=  +28.6  win_rate= 55.8%  entropy_beta=0.0020  baseline=  -29.7  (95.1s)
  picks: heuristic:572x(wr=0.48)  rl_experiments_v2/exp_growing_pool/seg_50000.pt:603x(wr=0.55)  rl_experiments_v2/exp_growing_pool/seg_100000.pt:734x(wr=0.48)  rl_experiments_v2/exp_growing_pool/seg_150000.pt:837x(wr=0.53)  rl_experiments_v2/exp_growing_pool/seg_200000.pt:864x(wr=0.53)  rl_experiments_v2/exp_growing_pool/seg_250000.pt:1390x(wr=0.53)
episode 260000  train_avg=   +8.0  adv_avg=  +17.1  eval_avg(500)=   +5.6  win_rate= 50.8%  entropy_beta=0.0020  baseline=  +21.4  (186.8s)
  picks: heuristic:1302x(wr=0.54)  rl_experiments_v2/exp_growing_pool/seg_50000.pt:1192x(wr=0.55)  rl_experiments_v2/exp_growing_pool/seg_100000.pt:1783x(wr=0.51)  rl_experiments_v2/exp_growing_pool/seg_150000.pt:1779x(wr=0.49)  rl_experiments_v2/exp_growing_pool/seg_200000.pt:1734x(wr=0.47)  rl_experiments_v2/exp_growing_pool/seg_250000.pt:2210x(wr=0.48)
episode 265000  train_avg=  -32.3  adv_avg=   +4.0  eval_avg(500)=  +22.4  win_rate= 54.4%  entropy_beta=0.0020  baseline=   +2.2  (282.2s)
  picks: heuristic:1726x(wr=0.46)  rl_experiments_v2/exp_growing_pool/seg_50000.pt:1883x(wr=0.46)  rl_experiments_v2/exp_growing_pool/seg_100000.pt:2874x(wr=0.47)  rl_experiments_v2/exp_growing_pool/seg_150000.pt:2731x(wr=0.49)  rl_experiments_v2/exp_growing_pool/seg_200000.pt:2414x(wr=0.42)  rl_experiments_v2/exp_growing_pool/seg_250000.pt:3372x(wr=0.43)
episode 270000  train_avg=  +29.8  adv_avg=   -0.5  eval_avg(500)=  +29.5  win_rate= 56.2%  entropy_beta=0.0020  baseline=  -92.4  (374.3s)
  picks: heuristic:2423x(wr=0.54)  rl_experiments_v2/exp_growing_pool/seg_50000.pt:3010x(wr=0.54)  rl_experiments_v2/exp_growing_pool/seg_100000.pt:3566x(wr=0.53)  rl_experiments_v2/exp_growing_pool/seg_150000.pt:3249x(wr=0.64)  rl_experiments_v2/exp_growing_pool/seg_200000.pt:3521x(wr=0.52)  rl_experiments_v2/exp_growing_pool/seg_250000.pt:4231x(wr=0.52)
episode 275000  train_avg=  +31.9  adv_avg=   -2.0  eval_avg(500)=  +33.9  win_rate= 57.2%  entropy_beta=0.0020  baseline=   -5.4  (468.4s)
  picks: heuristic:3117x(wr=0.58)  rl_experiments_v2/exp_growing_pool/seg_50000.pt:3809x(wr=0.52)  rl_experiments_v2/exp_growing_pool/seg_100000.pt:4271x(wr=0.58)  rl_experiments_v2/exp_growing_pool/seg_150000.pt:3820x(wr=0.59)  rl_experiments_v2/exp_growing_pool/seg_200000.pt:4626x(wr=0.48)  rl_experiments_v2/exp_growing_pool/seg_250000.pt:5357x(wr=0.49)
episode 280000  train_avg=   -1.0  adv_avg=  +17.9  eval_avg(500)=   +9.8  win_rate= 52.4%  entropy_beta=0.0020  baseline=  +18.5  (562.4s)
  picks: heuristic:3613x(wr=0.55)  rl_experiments_v2/exp_growing_pool/seg_50000.pt:4605x(wr=0.47)  rl_experiments_v2/exp_growing_pool/seg_100000.pt:4849x(wr=0.49)  rl_experiments_v2/exp_growing_pool/seg_150000.pt:4561x(wr=0.50)  rl_experiments_v2/exp_growing_pool/seg_200000.pt:5686x(wr=0.46)  rl_experiments_v2/exp_growing_pool/seg_250000.pt:6686x(wr=0.48)
episode 285000  train_avg=   -3.8  adv_avg=  +17.3  eval_avg(500)=  +32.4  win_rate= 56.2%  entropy_beta=0.0020  baseline=   +5.3  (656.1s)
  picks: heuristic:4354x(wr=0.55)  rl_experiments_v2/exp_growing_pool/seg_50000.pt:5372x(wr=0.56)  rl_experiments_v2/exp_growing_pool/seg_100000.pt:5626x(wr=0.51)  rl_experiments_v2/exp_growing_pool/seg_150000.pt:5020x(wr=0.55)  rl_experiments_v2/exp_growing_pool/seg_200000.pt:7305x(wr=0.47)  rl_experiments_v2/exp_growing_pool/seg_250000.pt:7323x(wr=0.50)
episode 290000  train_avg=   +2.9  adv_avg=   -5.3  eval_avg(500)=  +34.0  win_rate= 57.6%  entropy_beta=0.0020  baseline=  +49.6  (750.9s)
  picks: heuristic:4882x(wr=0.61)  rl_experiments_v2/exp_growing_pool/seg_50000.pt:6046x(wr=0.62)  rl_experiments_v2/exp_growing_pool/seg_100000.pt:6722x(wr=0.48)  rl_experiments_v2/exp_growing_pool/seg_150000.pt:6104x(wr=0.54)  rl_experiments_v2/exp_growing_pool/seg_200000.pt:8033x(wr=0.47)  rl_experiments_v2/exp_growing_pool/seg_250000.pt:8213x(wr=0.43)
episode 295000  train_avg=   +8.4  adv_avg=  +27.3  eval_avg(500)=  +21.1  win_rate= 54.0%  entropy_beta=0.0020  baseline=  +23.6  (844.7s)
  picks: heuristic:5396x(wr=0.49)  rl_experiments_v2/exp_growing_pool/seg_50000.pt:6683x(wr=0.62)  rl_experiments_v2/exp_growing_pool/seg_100000.pt:7539x(wr=0.63)  rl_experiments_v2/exp_growing_pool/seg_150000.pt:7133x(wr=0.60)  rl_experiments_v2/exp_growing_pool/seg_200000.pt:9087x(wr=0.41)  rl_experiments_v2/exp_growing_pool/seg_250000.pt:9162x(wr=0.52)
episode 300000  train_avg=  +26.4  adv_avg=   +8.9  eval_avg(500)=   +8.7  win_rate= 52.2%  entropy_beta=0.0020  baseline=  +24.3  (933.0s)
  picks: heuristic:6536x(wr=0.55)  rl_experiments_v2/exp_growing_pool/seg_50000.pt:7312x(wr=0.53)  rl_experiments_v2/exp_growing_pool/seg_100000.pt:8182x(wr=0.51)  rl_experiments_v2/exp_growing_pool/seg_150000.pt:7833x(wr=0.52)  rl_experiments_v2/exp_growing_pool/seg_200000.pt:10271x(wr=0.58)  rl_experiments_v2/exp_growing_pool/seg_250000.pt:9866x(wr=0.51)
poids sauvegardes dans rl_experiments_v2/exp_growing_pool/seg_300000.pt
PFSP picks total: heuristic:6536x(wr=0.55)  rl_experiments_v2/exp_growing_pool/seg_50000.pt:7312x(wr=0.53)  rl_experiments_v2/exp_growing_pool/seg_100000.pt:8182x(wr=0.51)  rl_experiments_v2/exp_growing_pool/seg_150000.pt:7833x(wr=0.52)  rl_experiments_v2/exp_growing_pool/seg_200000.pt:10271x(wr=0.58)  rl_experiments_v2/exp_growing_pool/seg_250000.pt:9866x(wr=0.51)
