poids charges depuis rl_experiments/imit.pt
episode   5000  train_avg=   +8.2  adv_avg=   -8.5  eval_avg(500)=   -8.1  win_rate= 47.8%  entropy_beta=0.0020  baseline=  +11.6  (62.4s)
  picks: heuristic:5000x(wr=0.54)
episode  10000  train_avg=  +23.9  adv_avg=  +17.9  eval_avg(500)=  -13.2  win_rate= 47.8%  entropy_beta=0.0020  baseline=  +11.3  (124.4s)
  picks: heuristic:10000x(wr=0.55)
episode  15000  train_avg=   +1.6  adv_avg=  -19.4  eval_avg(500)=  -13.7  win_rate= 47.2%  entropy_beta=0.0020  baseline=  +36.7  (185.1s)
  picks: heuristic:15000x(wr=0.51)
episode  20000  train_avg=   +7.7  adv_avg=   +9.4  eval_avg(500)=   -3.8  win_rate= 49.6%  entropy_beta=0.0020  baseline=   +0.4  (244.0s)
  picks: heuristic:20000x(wr=0.48)
episode  25000  train_avg=  +24.4  adv_avg=  +21.5  eval_avg(500)=  +22.2  win_rate= 55.4%  entropy_beta=0.0020  baseline=  +46.1  (302.5s)
  picks: heuristic:25000x(wr=0.55)
episode  30000  train_avg=  -12.6  adv_avg=   +2.6  eval_avg(500)=   -4.7  win_rate= 49.4%  entropy_beta=0.0020  baseline=  +29.8  (361.4s)
  picks: heuristic:30000x(wr=0.51)
episode  35000  train_avg=   +1.0  adv_avg=   +1.1  eval_avg(500)=  +12.5  win_rate= 53.0%  entropy_beta=0.0020  baseline=  -43.3  (421.0s)
  picks: heuristic:35000x(wr=0.49)
episode  40000  train_avg=   +5.7  adv_avg=  +13.7  eval_avg(500)=   -4.5  win_rate= 49.2%  entropy_beta=0.0020  baseline=  -34.3  (481.1s)
  picks: heuristic:40000x(wr=0.49)
episode  45000  train_avg=  -14.9  adv_avg=   +1.0  eval_avg(500)=   +5.3  win_rate= 51.6%  entropy_beta=0.0020  baseline=   +8.1  (541.7s)
  picks: heuristic:45000x(wr=0.46)
episode  50000  train_avg=  +17.3  adv_avg=  +12.5  eval_avg(500)=  +19.7  win_rate= 53.8%  entropy_beta=0.0020  baseline=  -39.0  (601.9s)
  picks: heuristic:50000x(wr=0.53)
poids sauvegardes dans rl_experiments_v2/exp_growing_pool/seg_50000.pt
PFSP picks total: heuristic:50000x(wr=0.53)
