adversaire fige charge depuis rl_experiments_v2/exp_growing_pool/seg_50000.pt
adversaire fige charge depuis rl_experiments_v2/exp_growing_pool/seg_100000.pt
adversaire fige charge depuis rl_experiments_v2/exp_growing_pool/seg_150000.pt
adversaire fige charge depuis rl_experiments_v2/exp_growing_pool/seg_200000.pt
adversaire fige charge depuis rl_experiments_v2/exp_growing_pool/seg_250000.pt
adversaire fige charge depuis rl_experiments_v2/exp_growing_pool/seg_300000.pt
adversaire fige charge depuis rl_experiments_v2/exp_growing_pool/seg_350000.pt
adversaire fige charge depuis rl_experiments_v2/exp_growing_pool/seg_400000.pt
adversaire fige charge depuis rl_experiments_v2/exp_growing_pool/seg_450000.pt
poids charges depuis rl_experiments_v2/exp_growing_pool/seg_450000.pt
episode 455000  train_avg=  -17.4  adv_avg=   +9.7  eval_avg(500)=  +22.6  win_rate= 54.8%  entropy_beta=0.0020  baseline=  +24.3  (93.9s)
  picks: heuristic:243x(wr=0.54)  rl_experiments_v2/exp_growing_pool/seg_50000.pt:565x(wr=0.59)  rl_experiments_v2/exp_growing_pool/seg_100000.pt:402x(wr=0.52)  rl_experiments_v2/exp_growing_pool/seg_150000.pt:327x(wr=0.50)  rl_experiments_v2/exp_growing_pool/seg_200000.pt:672x(wr=0.49)  rl_experiments_v2/exp_growing_pool/seg_250000.pt:353x(wr=0.54)  rl_experiments_v2/exp_growing_pool/seg_300000.pt:299x(wr=0.56)  rl_experiments_v2/exp_growing_pool/seg_350000.pt:688x(wr=0.45)  rl_experiments_v2/exp_growing_pool/seg_400000.pt:657x(wr=0.43)  rl_experiments_v2/exp_growing_pool/seg_450000.pt:794x(wr=0.45)
episode 460000  train_avg=  -23.3  adv_avg=  -15.6  eval_avg(500)=   +2.6  win_rate= 50.6%  entropy_beta=0.0020  baseline=  -24.2  (187.7s)
  picks: heuristic:546x(wr=0.53)  rl_experiments_v2/exp_growing_pool/seg_50000.pt:1040x(wr=0.51)  rl_experiments_v2/exp_growing_pool/seg_100000.pt:884x(wr=0.55)  rl_experiments_v2/exp_growing_pool/seg_150000.pt:864x(wr=0.58)  rl_experiments_v2/exp_growing_pool/seg_200000.pt:1225x(wr=0.52)  rl_experiments_v2/exp_growing_pool/seg_250000.pt:617x(wr=0.46)  rl_experiments_v2/exp_growing_pool/seg_300000.pt:849x(wr=0.45)  rl_experiments_v2/exp_growing_pool/seg_350000.pt:1267x(wr=0.49)  rl_experiments_v2/exp_growing_pool/seg_400000.pt:1188x(wr=0.53)  rl_experiments_v2/exp_growing_pool/seg_450000.pt:1520x(wr=0.44)
episode 465000  train_avg=  +44.6  adv_avg=  +22.3  eval_avg(500)=  +23.9  win_rate= 55.4%  entropy_beta=0.0020  baseline=  +41.9  (279.7s)
  picks: heuristic:1078x(wr=0.51)  rl_experiments_v2/exp_growing_pool/seg_50000.pt:1376x(wr=0.53)  rl_experiments_v2/exp_growing_pool/seg_100000.pt:1185x(wr=0.55)  rl_experiments_v2/exp_growing_pool/seg_150000.pt:1343x(wr=0.59)  rl_experiments_v2/exp_growing_pool/seg_200000.pt:1709x(wr=0.58)  rl_experiments_v2/exp_growing_pool/seg_250000.pt:1179x(wr=0.49)  rl_experiments_v2/exp_growing_pool/seg_300000.pt:1313x(wr=0.59)  rl_experiments_v2/exp_growing_pool/seg_350000.pt:1696x(wr=0.53)  rl_experiments_v2/exp_growing_pool/seg_400000.pt:1892x(wr=0.57)  rl_experiments_v2/exp_growing_pool/seg_450000.pt:2229x(wr=0.50)
episode 470000  train_avg=   -7.5  adv_avg=   -3.8  eval_avg(500)=  +22.6  win_rate= 55.4%  entropy_beta=0.0020  baseline=   -0.9  (372.3s)
  picks: heuristic:1519x(wr=0.49)  rl_experiments_v2/exp_growing_pool/seg_50000.pt:1864x(wr=0.56)  rl_experiments_v2/exp_growing_pool/seg_100000.pt:1718x(wr=0.39)  rl_experiments_v2/exp_growing_pool/seg_150000.pt:1719x(wr=0.54)  rl_experiments_v2/exp_growing_pool/seg_200000.pt:2103x(wr=0.55)  rl_experiments_v2/exp_growing_pool/seg_250000.pt:1925x(wr=0.56)  rl_experiments_v2/exp_growing_pool/seg_300000.pt:1718x(wr=0.56)  rl_experiments_v2/exp_growing_pool/seg_350000.pt:2168x(wr=0.46)  rl_experiments_v2/exp_growing_pool/seg_400000.pt:2468x(wr=0.44)  rl_experiments_v2/exp_growing_pool/seg_450000.pt:2798x(wr=0.43)
episode 475000  train_avg=  +33.0  adv_avg=  -17.5  eval_avg(500)=  +18.6  win_rate= 54.0%  entropy_beta=0.0020  baseline=  -25.3  (467.0s)
  picks: heuristic:1926x(wr=0.43)  rl_experiments_v2/exp_growing_pool/seg_50000.pt:2157x(wr=0.57)  rl_experiments_v2/exp_growing_pool/seg_100000.pt:2291x(wr=0.47)  rl_experiments_v2/exp_growing_pool/seg_150000.pt:2201x(wr=0.57)  rl_experiments_v2/exp_growing_pool/seg_200000.pt:2635x(wr=0.56)  rl_experiments_v2/exp_growing_pool/seg_250000.pt:2270x(wr=0.45)  rl_experiments_v2/exp_growing_pool/seg_300000.pt:2154x(wr=0.47)  rl_experiments_v2/exp_growing_pool/seg_350000.pt:2833x(wr=0.54)  rl_experiments_v2/exp_growing_pool/seg_400000.pt:3197x(wr=0.58)  rl_experiments_v2/exp_growing_pool/seg_450000.pt:3336x(wr=0.55)
episode 480000  train_avg=  -18.6  adv_avg=   +4.7  eval_avg(500)=  +10.3  win_rate= 51.4%  entropy_beta=0.0020  baseline=  +22.2  (559.1s)
  picks: heuristic:2671x(wr=0.55)  rl_experiments_v2/exp_growing_pool/seg_50000.pt:2478x(wr=0.55)  rl_experiments_v2/exp_growing_pool/seg_100000.pt:2890x(wr=0.50)  rl_experiments_v2/exp_growing_pool/seg_150000.pt:2548x(wr=0.48)  rl_experiments_v2/exp_growing_pool/seg_200000.pt:3040x(wr=0.49)  rl_experiments_v2/exp_growing_pool/seg_250000.pt:2843x(wr=0.40)  rl_experiments_v2/exp_growing_pool/seg_300000.pt:2710x(wr=0.51)  rl_experiments_v2/exp_growing_pool/seg_350000.pt:3332x(wr=0.50)  rl_experiments_v2/exp_growing_pool/seg_400000.pt:3570x(wr=0.54)  rl_experiments_v2/exp_growing_pool/seg_450000.pt:3918x(wr=0.47)
episode 485000  train_avg=  -20.9  adv_avg=   -2.4  eval_avg(500)=  +10.6  win_rate= 51.6%  entropy_beta=0.0020  baseline=  -51.1  (655.6s)
  picks: heuristic:3059x(wr=0.44)  rl_experiments_v2/exp_growing_pool/seg_50000.pt:2908x(wr=0.49)  rl_experiments_v2/exp_growing_pool/seg_100000.pt:3261x(wr=0.61)  rl_experiments_v2/exp_growing_pool/seg_150000.pt:2997x(wr=0.56)  rl_experiments_v2/exp_growing_pool/seg_200000.pt:3563x(wr=0.49)  rl_experiments_v2/exp_growing_pool/seg_250000.pt:3498x(wr=0.46)  rl_experiments_v2/exp_growing_pool/seg_300000.pt:3155x(wr=0.46)  rl_experiments_v2/exp_growing_pool/seg_350000.pt:3776x(wr=0.63)  rl_experiments_v2/exp_growing_pool/seg_400000.pt:4064x(wr=0.48)  rl_experiments_v2/exp_growing_pool/seg_450000.pt:4719x(wr=0.44)
episode 490000  train_avg=   -1.6  adv_avg=   +9.2  eval_avg(500)=  +20.1  win_rate= 55.2%  entropy_beta=0.0020  baseline=  +13.6  (749.8s)
  picks: heuristic:3617x(wr=0.47)  rl_experiments_v2/exp_growing_pool/seg_50000.pt:3582x(wr=0.64)  rl_experiments_v2/exp_growing_pool/seg_100000.pt:3396x(wr=0.61)  rl_experiments_v2/exp_growing_pool/seg_150000.pt:3390x(wr=0.57)  rl_experiments_v2/exp_growing_pool/seg_200000.pt:3907x(wr=0.58)  rl_experiments_v2/exp_growing_pool/seg_250000.pt:4125x(wr=0.56)  rl_experiments_v2/exp_growing_pool/seg_300000.pt:3725x(wr=0.59)  rl_experiments_v2/exp_growing_pool/seg_350000.pt:4075x(wr=0.42)  rl_experiments_v2/exp_growing_pool/seg_400000.pt:4752x(wr=0.55)  rl_experiments_v2/exp_growing_pool/seg_450000.pt:5431x(wr=0.47)
episode 495000  train_avg=   -4.4  adv_avg=   -9.0  eval_avg(500)=  +39.5  win_rate= 58.0%  entropy_beta=0.0020  baseline=  +11.0  (848.0s)
  picks: heuristic:3957x(wr=0.66)  rl_experiments_v2/exp_growing_pool/seg_50000.pt:3909x(wr=0.49)  rl_experiments_v2/exp_growing_pool/seg_100000.pt:3737x(wr=0.47)  rl_experiments_v2/exp_growing_pool/seg_150000.pt:3803x(wr=0.52)  rl_experiments_v2/exp_growing_pool/seg_200000.pt:4268x(wr=0.45)  rl_experiments_v2/exp_growing_pool/seg_250000.pt:4553x(wr=0.54)  rl_experiments_v2/exp_growing_pool/seg_300000.pt:4350x(wr=0.51)  rl_experiments_v2/exp_growing_pool/seg_350000.pt:4755x(wr=0.54)  rl_experiments_v2/exp_growing_pool/seg_400000.pt:5224x(wr=0.55)  rl_experiments_v2/exp_growing_pool/seg_450000.pt:6444x(wr=0.52)
episode 500000  train_avg=  +13.7  adv_avg=   +4.1  eval_avg(500)=  +38.5  win_rate= 58.6%  entropy_beta=0.0020  baseline=  +13.0  (945.0s)
  picks: heuristic:4263x(wr=0.47)  rl_experiments_v2/exp_growing_pool/seg_50000.pt:4501x(wr=0.55)  rl_experiments_v2/exp_growing_pool/seg_100000.pt:4232x(wr=0.62)  rl_experiments_v2/exp_growing_pool/seg_150000.pt:4135x(wr=0.52)  rl_experiments_v2/exp_growing_pool/seg_200000.pt:4969x(wr=0.50)  rl_experiments_v2/exp_growing_pool/seg_250000.pt:5214x(wr=0.50)  rl_experiments_v2/exp_growing_pool/seg_300000.pt:4762x(wr=0.55)  rl_experiments_v2/exp_growing_pool/seg_350000.pt:5237x(wr=0.50)  rl_experiments_v2/exp_growing_pool/seg_400000.pt:5630x(wr=0.58)  rl_experiments_v2/exp_growing_pool/seg_450000.pt:7057x(wr=0.48)
poids sauvegardes dans rl_experiments_v2/exp_growing_pool/seg_500000.pt
PFSP picks total: heuristic:4263x(wr=0.47)  rl_experiments_v2/exp_growing_pool/seg_50000.pt:4501x(wr=0.55)  rl_experiments_v2/exp_growing_pool/seg_100000.pt:4232x(wr=0.62)  rl_experiments_v2/exp_growing_pool/seg_150000.pt:4135x(wr=0.52)  rl_experiments_v2/exp_growing_pool/seg_200000.pt:4969x(wr=0.50)  rl_experiments_v2/exp_growing_pool/seg_250000.pt:5214x(wr=0.50)  rl_experiments_v2/exp_growing_pool/seg_300000.pt:4762x(wr=0.55)  rl_experiments_v2/exp_growing_pool/seg_350000.pt:5237x(wr=0.50)  rl_experiments_v2/exp_growing_pool/seg_400000.pt:5630x(wr=0.58)  rl_experiments_v2/exp_growing_pool/seg_450000.pt:7057x(wr=0.48)
