adversaire fige charge depuis rl_experiments_v2/exp_growing_pool/seg_50000.pt
poids charges depuis rl_experiments_v2/exp_growing_pool/seg_50000.pt
episode  55000  train_avg=  -19.4  adv_avg=   -7.2  eval_avg(500)=  +19.7  win_rate= 54.6%  entropy_beta=0.0020  baseline=   -6.0  (76.4s)
  picks: heuristic:2678x(wr=0.38)  rl_experiments_v2/exp_growing_pool/seg_50000.pt:2322x(wr=0.49)
episode  60000  train_avg=  +12.2  adv_avg=  +12.2  eval_avg(500)=  +15.2  win_rate= 53.0%  entropy_beta=0.0020  baseline=  +11.6  (148.0s)
  picks: heuristic:5802x(wr=0.53)  rl_experiments_v2/exp_growing_pool/seg_50000.pt:4198x(wr=0.55)
episode  65000  train_avg=  +35.1  adv_avg=   +2.2  eval_avg(500)=   -1.0  win_rate= 50.4%  entropy_beta=0.0020  baseline=   +3.1  (218.4s)
  picks: heuristic:9220x(wr=0.59)  rl_experiments_v2/exp_growing_pool/seg_50000.pt:5780x(wr=0.54)
episode  70000  train_avg=   +3.5  adv_avg=  +12.7  eval_avg(500)=   +7.8  win_rate= 52.0%  entropy_beta=0.0020  baseline=  -16.8  (294.7s)
  picks: heuristic:11885x(wr=0.52)  rl_experiments_v2/exp_growing_pool/seg_50000.pt:8115x(wr=0.49)
episode  75000  train_avg=  -18.8  adv_avg=   -6.2  eval_avg(500)=  +17.3  win_rate= 53.6%  entropy_beta=0.0020  baseline=   +8.9  (370.4s)
  picks: heuristic:14614x(wr=0.45)  rl_experiments_v2/exp_growing_pool/seg_50000.pt:10386x(wr=0.49)
episode  80000  train_avg=  -11.8  adv_avg=   +2.4  eval_avg(500)=  +18.9  win_rate= 53.6%  entropy_beta=0.0020  baseline=  +64.5  (448.0s)
  picks: heuristic:17275x(wr=0.48)  rl_experiments_v2/exp_growing_pool/seg_50000.pt:12725x(wr=0.53)
episode  85000  train_avg=   +4.8  adv_avg=   -2.5  eval_avg(500)=   +7.8  win_rate= 52.6%  entropy_beta=0.0020  baseline=  -33.3  (525.1s)
  picks: heuristic:20158x(wr=0.50)  rl_experiments_v2/exp_growing_pool/seg_50000.pt:14842x(wr=0.51)
episode  90000  train_avg=   +2.7  adv_avg=   +6.1  eval_avg(500)=   +8.2  win_rate= 51.8%  entropy_beta=0.0020  baseline=  -29.1  (604.1s)
  picks: heuristic:22570x(wr=0.50)  rl_experiments_v2/exp_growing_pool/seg_50000.pt:17430x(wr=0.48)
episode  95000  train_avg=   -5.8  adv_avg=  -14.8  eval_avg(500)=  +28.4  win_rate= 56.4%  entropy_beta=0.0020  baseline=   +8.5  (684.3s)
  picks: heuristic:25102x(wr=0.52)  rl_experiments_v2/exp_growing_pool/seg_50000.pt:19898x(wr=0.50)
episode 100000  train_avg=   -1.9  adv_avg=   +9.4  eval_avg(500)=   +5.8  win_rate= 50.4%  entropy_beta=0.0020  baseline=  +26.4  (759.1s)
  picks: heuristic:27892x(wr=0.54)  rl_experiments_v2/exp_growing_pool/seg_50000.pt:22108x(wr=0.39)
poids sauvegardes dans rl_experiments_v2/exp_growing_pool/seg_100000.pt
PFSP picks total: heuristic:27892x(wr=0.54)  rl_experiments_v2/exp_growing_pool/seg_50000.pt:22108x(wr=0.39)
