adversaire fige charge depuis rl_experiments_v2/exp_growing_pool/seg_50000.pt
adversaire fige charge depuis rl_experiments_v2/exp_growing_pool/seg_100000.pt
adversaire fige charge depuis rl_experiments_v2/exp_growing_pool/seg_150000.pt
adversaire fige charge depuis rl_experiments_v2/exp_growing_pool/seg_200000.pt
adversaire fige charge depuis rl_experiments_v2/exp_growing_pool/seg_250000.pt
adversaire fige charge depuis rl_experiments_v2/exp_growing_pool/seg_300000.pt
adversaire fige charge depuis rl_experiments_v2/exp_growing_pool/seg_350000.pt
adversaire fige charge depuis rl_experiments_v2/exp_growing_pool/seg_400000.pt
poids charges depuis rl_experiments_v2/exp_growing_pool/seg_400000.pt
episode 405000  train_avg=   +9.3  adv_avg=   +0.5  eval_avg(500)=  +22.1  win_rate= 54.8%  entropy_beta=0.0020  baseline=  +26.0  (93.5s)
  picks: heuristic:515x(wr=0.55)  rl_experiments_v2/exp_growing_pool/seg_50000.pt:500x(wr=0.53)  rl_experiments_v2/exp_growing_pool/seg_100000.pt:331x(wr=0.46)  rl_experiments_v2/exp_growing_pool/seg_150000.pt:770x(wr=0.54)  rl_experiments_v2/exp_growing_pool/seg_200000.pt:604x(wr=0.63)  rl_experiments_v2/exp_growing_pool/seg_250000.pt:684x(wr=0.53)  rl_experiments_v2/exp_growing_pool/seg_300000.pt:502x(wr=0.47)  rl_experiments_v2/exp_growing_pool/seg_350000.pt:611x(wr=0.47)  rl_experiments_v2/exp_growing_pool/seg_400000.pt:483x(wr=0.49)
episode 410000  train_avg=   +7.6  adv_avg=   -7.0  eval_avg(500)=  +32.5  win_rate= 57.2%  entropy_beta=0.0020  baseline=  -53.7  (187.1s)
  picks: heuristic:989x(wr=0.52)  rl_experiments_v2/exp_growing_pool/seg_50000.pt:1037x(wr=0.60)  rl_experiments_v2/exp_growing_pool/seg_100000.pt:732x(wr=0.60)  rl_experiments_v2/exp_growing_pool/seg_150000.pt:1314x(wr=0.46)  rl_experiments_v2/exp_growing_pool/seg_200000.pt:1087x(wr=0.49)  rl_experiments_v2/exp_growing_pool/seg_250000.pt:1328x(wr=0.57)  rl_experiments_v2/exp_growing_pool/seg_300000.pt:1064x(wr=0.52)  rl_experiments_v2/exp_growing_pool/seg_350000.pt:1217x(wr=0.57)  rl_experiments_v2/exp_growing_pool/seg_400000.pt:1232x(wr=0.50)
episode 415000  train_avg=  +10.3  adv_avg=  +14.9  eval_avg(500)=  +17.7  win_rate= 54.0%  entropy_beta=0.0020  baseline=  +11.5  (279.3s)
  picks: heuristic:1683x(wr=0.54)  rl_experiments_v2/exp_growing_pool/seg_50000.pt:1588x(wr=0.64)  rl_experiments_v2/exp_growing_pool/seg_100000.pt:1254x(wr=0.51)  rl_experiments_v2/exp_growing_pool/seg_150000.pt:1838x(wr=0.53)  rl_experiments_v2/exp_growing_pool/seg_200000.pt:1478x(wr=0.49)  rl_experiments_v2/exp_growing_pool/seg_250000.pt:1774x(wr=0.52)  rl_experiments_v2/exp_growing_pool/seg_300000.pt:1775x(wr=0.49)  rl_experiments_v2/exp_growing_pool/seg_350000.pt:1665x(wr=0.56)  rl_experiments_v2/exp_growing_pool/seg_400000.pt:1945x(wr=0.48)
episode 420000  train_avg=  +30.2  adv_avg=  +23.6  eval_avg(500)=  +18.1  win_rate= 53.8%  entropy_beta=0.0020  baseline=  +33.8  (373.8s)
  picks: heuristic:2066x(wr=0.50)  rl_experiments_v2/exp_growing_pool/seg_50000.pt:1838x(wr=0.54)  rl_experiments_v2/exp_growing_pool/seg_100000.pt:1703x(wr=0.63)  rl_experiments_v2/exp_growing_pool/seg_150000.pt:2410x(wr=0.56)  rl_experiments_v2/exp_growing_pool/seg_200000.pt:2176x(wr=0.63)  rl_experiments_v2/exp_growing_pool/seg_250000.pt:2368x(wr=0.40)  rl_experiments_v2/exp_growing_pool/seg_300000.pt:2459x(wr=0.46)  rl_experiments_v2/exp_growing_pool/seg_350000.pt:2040x(wr=0.60)  rl_experiments_v2/exp_growing_pool/seg_400000.pt:2940x(wr=0.59)
episode 425000  train_avg=  +19.9  adv_avg=   +2.8  eval_avg(500)=  +24.5  win_rate= 55.8%  entropy_beta=0.0020  baseline=  +69.3  (468.0s)
  picks: heuristic:2488x(wr=0.52)  rl_experiments_v2/exp_growing_pool/seg_50000.pt:2567x(wr=0.52)  rl_experiments_v2/exp_growing_pool/seg_100000.pt:2045x(wr=0.56)  rl_experiments_v2/exp_growing_pool/seg_150000.pt:2913x(wr=0.54)  rl_experiments_v2/exp_growing_pool/seg_200000.pt:2597x(wr=0.50)  rl_experiments_v2/exp_growing_pool/seg_250000.pt:3276x(wr=0.55)  rl_experiments_v2/exp_growing_pool/seg_300000.pt:3030x(wr=0.52)  rl_experiments_v2/exp_growing_pool/seg_350000.pt:2436x(wr=0.57)  rl_experiments_v2/exp_growing_pool/seg_400000.pt:3648x(wr=0.59)
episode 430000  train_avg=   +5.0  adv_avg=   +8.4  eval_avg(500)=   +8.8  win_rate= 52.6%  entropy_beta=0.0020  baseline=  -35.5  (561.6s)
  picks: heuristic:2959x(wr=0.51)  rl_experiments_v2/exp_growing_pool/seg_50000.pt:3124x(wr=0.54)  rl_experiments_v2/exp_growing_pool/seg_100000.pt:2401x(wr=0.52)  rl_experiments_v2/exp_growing_pool/seg_150000.pt:3588x(wr=0.53)  rl_experiments_v2/exp_growing_pool/seg_200000.pt:3282x(wr=0.50)  rl_experiments_v2/exp_growing_pool/seg_250000.pt:4087x(wr=0.45)  rl_experiments_v2/exp_growing_pool/seg_300000.pt:3459x(wr=0.41)  rl_experiments_v2/exp_growing_pool/seg_350000.pt:2970x(wr=0.51)  rl_experiments_v2/exp_growing_pool/seg_400000.pt:4130x(wr=0.55)
episode 435000  train_avg=  -22.7  adv_avg=  -14.3  eval_avg(500)=  +20.4  win_rate= 53.8%  entropy_beta=0.0020  baseline=  +27.5  (656.2s)
  picks: heuristic:3359x(wr=0.57)  rl_experiments_v2/exp_growing_pool/seg_50000.pt:3531x(wr=0.43)  rl_experiments_v2/exp_growing_pool/seg_100000.pt:2995x(wr=0.42)  rl_experiments_v2/exp_growing_pool/seg_150000.pt:4210x(wr=0.62)  rl_experiments_v2/exp_growing_pool/seg_200000.pt:3860x(wr=0.55)  rl_experiments_v2/exp_growing_pool/seg_250000.pt:4620x(wr=0.52)  rl_experiments_v2/exp_growing_pool/seg_300000.pt:4380x(wr=0.47)  rl_experiments_v2/exp_growing_pool/seg_350000.pt:3484x(wr=0.51)  rl_experiments_v2/exp_growing_pool/seg_400000.pt:4561x(wr=0.43)
episode 440000  train_avg=   -4.4  adv_avg=  -12.4  eval_avg(500)=  +13.3  win_rate= 52.8%  entropy_beta=0.0020  baseline=   +3.6  (749.9s)
  picks: heuristic:3811x(wr=0.47)  rl_experiments_v2/exp_growing_pool/seg_50000.pt:3923x(wr=0.54)  rl_experiments_v2/exp_growing_pool/seg_100000.pt:3546x(wr=0.55)  rl_experiments_v2/exp_growing_pool/seg_150000.pt:4523x(wr=0.48)  rl_experiments_v2/exp_growing_pool/seg_200000.pt:4971x(wr=0.52)  rl_experiments_v2/exp_growing_pool/seg_250000.pt:5150x(wr=0.47)  rl_experiments_v2/exp_growing_pool/seg_300000.pt:4786x(wr=0.51)  rl_experiments_v2/exp_growing_pool/seg_350000.pt:4046x(wr=0.53)  rl_experiments_v2/exp_growing_pool/seg_400000.pt:5244x(wr=0.49)
episode 445000  train_avg=   +7.3  adv_avg=   +6.6  eval_avg(500)=   +9.2  win_rate= 52.4%  entropy_beta=0.0020  baseline=  +21.6  (843.1s)
  picks: heuristic:4355x(wr=0.56)  rl_experiments_v2/exp_growing_pool/seg_50000.pt:4438x(wr=0.49)  rl_experiments_v2/exp_growing_pool/seg_100000.pt:4069x(wr=0.47)  rl_experiments_v2/exp_growing_pool/seg_150000.pt:5101x(wr=0.52)  rl_experiments_v2/exp_growing_pool/seg_200000.pt:5409x(wr=0.51)  rl_experiments_v2/exp_growing_pool/seg_250000.pt:5902x(wr=0.49)  rl_experiments_v2/exp_growing_pool/seg_300000.pt:5306x(wr=0.49)  rl_experiments_v2/exp_growing_pool/seg_350000.pt:4450x(wr=0.52)  rl_experiments_v2/exp_growing_pool/seg_400000.pt:5970x(wr=0.47)
episode 450000  train_avg=   -7.0  adv_avg=   -3.4  eval_avg(500)=  +15.0  win_rate= 53.6%  entropy_beta=0.0020  baseline=  -29.2  (937.0s)
  picks: heuristic:4842x(wr=0.45)  rl_experiments_v2/exp_growing_pool/seg_50000.pt:4918x(wr=0.49)  rl_experiments_v2/exp_growing_pool/seg_100000.pt:4555x(wr=0.44)  rl_experiments_v2/exp_growing_pool/seg_150000.pt:5644x(wr=0.55)  rl_experiments_v2/exp_growing_pool/seg_200000.pt:5779x(wr=0.60)  rl_experiments_v2/exp_growing_pool/seg_250000.pt:6372x(wr=0.54)  rl_experiments_v2/exp_growing_pool/seg_300000.pt:6290x(wr=0.48)  rl_experiments_v2/exp_growing_pool/seg_350000.pt:5043x(wr=0.57)  rl_experiments_v2/exp_growing_pool/seg_400000.pt:6557x(wr=0.59)
poids sauvegardes dans rl_experiments_v2/exp_growing_pool/seg_450000.pt
PFSP picks total: heuristic:4842x(wr=0.45)  rl_experiments_v2/exp_growing_pool/seg_50000.pt:4918x(wr=0.49)  rl_experiments_v2/exp_growing_pool/seg_100000.pt:4555x(wr=0.44)  rl_experiments_v2/exp_growing_pool/seg_150000.pt:5644x(wr=0.55)  rl_experiments_v2/exp_growing_pool/seg_200000.pt:5779x(wr=0.60)  rl_experiments_v2/exp_growing_pool/seg_250000.pt:6372x(wr=0.54)  rl_experiments_v2/exp_growing_pool/seg_300000.pt:6290x(wr=0.48)  rl_experiments_v2/exp_growing_pool/seg_350000.pt:5043x(wr=0.57)  rl_experiments_v2/exp_growing_pool/seg_400000.pt:6557x(wr=0.59)
