adversaire fige charge depuis rl_experiments_v2/exp_growing_pool/seg_50000.pt
adversaire fige charge depuis rl_experiments_v2/exp_growing_pool/seg_100000.pt
adversaire fige charge depuis rl_experiments_v2/exp_growing_pool/seg_150000.pt
adversaire fige charge depuis rl_experiments_v2/exp_growing_pool/seg_200000.pt
adversaire fige charge depuis rl_experiments_v2/exp_growing_pool/seg_250000.pt
adversaire fige charge depuis rl_experiments_v2/exp_growing_pool/seg_300000.pt
adversaire fige charge depuis rl_experiments_v2/exp_growing_pool/seg_350000.pt
poids charges depuis rl_experiments_v2/exp_growing_pool/seg_350000.pt
episode 355000  train_avg=   +1.2  adv_avg=   +7.2  eval_avg(500)=  +36.9  win_rate= 58.6%  entropy_beta=0.0020  baseline=  +22.7  (92.9s)
  picks: heuristic:507x(wr=0.47)  rl_experiments_v2/exp_growing_pool/seg_50000.pt:398x(wr=0.57)  rl_experiments_v2/exp_growing_pool/seg_100000.pt:423x(wr=0.49)  rl_experiments_v2/exp_growing_pool/seg_150000.pt:621x(wr=0.56)  rl_experiments_v2/exp_growing_pool/seg_200000.pt:513x(wr=0.50)  rl_experiments_v2/exp_growing_pool/seg_250000.pt:879x(wr=0.58)  rl_experiments_v2/exp_growing_pool/seg_300000.pt:749x(wr=0.46)  rl_experiments_v2/exp_growing_pool/seg_350000.pt:910x(wr=0.50)
episode 360000  train_avg=  -17.9  adv_avg=   +7.9  eval_avg(500)=  +24.9  win_rate= 55.2%  entropy_beta=0.0020  baseline=  -29.7  (183.6s)
  picks: heuristic:1266x(wr=0.53)  rl_experiments_v2/exp_growing_pool/seg_50000.pt:822x(wr=0.50)  rl_experiments_v2/exp_growing_pool/seg_100000.pt:969x(wr=0.46)  rl_experiments_v2/exp_growing_pool/seg_150000.pt:1191x(wr=0.44)  rl_experiments_v2/exp_growing_pool/seg_200000.pt:1122x(wr=0.48)  rl_experiments_v2/exp_growing_pool/seg_250000.pt:1340x(wr=0.61)  rl_experiments_v2/exp_growing_pool/seg_300000.pt:1467x(wr=0.53)  rl_experiments_v2/exp_growing_pool/seg_350000.pt:1823x(wr=0.43)
episode 365000  train_avg=   -1.2  adv_avg=   +3.5  eval_avg(500)=   +9.5  win_rate= 53.4%  entropy_beta=0.0020  baseline=  -34.5  (276.1s)
  picks: heuristic:1815x(wr=0.59)  rl_experiments_v2/exp_growing_pool/seg_50000.pt:1444x(wr=0.52)  rl_experiments_v2/exp_growing_pool/seg_100000.pt:1601x(wr=0.57)  rl_experiments_v2/exp_growing_pool/seg_150000.pt:1707x(wr=0.50)  rl_experiments_v2/exp_growing_pool/seg_200000.pt:1805x(wr=0.47)  rl_experiments_v2/exp_growing_pool/seg_250000.pt:1870x(wr=0.47)  rl_experiments_v2/exp_growing_pool/seg_300000.pt:2073x(wr=0.53)  rl_experiments_v2/exp_growing_pool/seg_350000.pt:2685x(wr=0.42)
episode 370000  train_avg=  -37.9  adv_avg=  -21.1  eval_avg(500)=   +9.9  win_rate= 50.8%  entropy_beta=0.0020  baseline=   +1.1  (371.2s)
  picks: heuristic:2030x(wr=0.54)  rl_experiments_v2/exp_growing_pool/seg_50000.pt:2021x(wr=0.57)  rl_experiments_v2/exp_growing_pool/seg_100000.pt:2288x(wr=0.53)  rl_experiments_v2/exp_growing_pool/seg_150000.pt:2150x(wr=0.50)  rl_experiments_v2/exp_growing_pool/seg_200000.pt:2412x(wr=0.53)  rl_experiments_v2/exp_growing_pool/seg_250000.pt:2750x(wr=0.44)  rl_experiments_v2/exp_growing_pool/seg_300000.pt:2608x(wr=0.48)  rl_experiments_v2/exp_growing_pool/seg_350000.pt:3741x(wr=0.40)
episode 375000  train_avg=   -1.8  adv_avg=   -8.1  eval_avg(500)=  +33.9  win_rate= 57.8%  entropy_beta=0.0020  baseline=  -14.6  (464.3s)
  picks: heuristic:2514x(wr=0.48)  rl_experiments_v2/exp_growing_pool/seg_50000.pt:2608x(wr=0.55)  rl_experiments_v2/exp_growing_pool/seg_100000.pt:2842x(wr=0.54)  rl_experiments_v2/exp_growing_pool/seg_150000.pt:2649x(wr=0.56)  rl_experiments_v2/exp_growing_pool/seg_200000.pt:2982x(wr=0.57)  rl_experiments_v2/exp_growing_pool/seg_250000.pt:3497x(wr=0.54)  rl_experiments_v2/exp_growing_pool/seg_300000.pt:3370x(wr=0.48)  rl_experiments_v2/exp_growing_pool/seg_350000.pt:4538x(wr=0.50)
episode 380000  train_avg=  +17.6  adv_avg=  +16.5  eval_avg(500)=  +16.3  win_rate= 53.2%  entropy_beta=0.0020  baseline=   +9.5  (557.3s)
  picks: heuristic:2981x(wr=0.53)  rl_experiments_v2/exp_growing_pool/seg_50000.pt:3232x(wr=0.52)  rl_experiments_v2/exp_growing_pool/seg_100000.pt:3371x(wr=0.47)  rl_experiments_v2/exp_growing_pool/seg_150000.pt:3036x(wr=0.57)  rl_experiments_v2/exp_growing_pool/seg_200000.pt:3903x(wr=0.52)  rl_experiments_v2/exp_growing_pool/seg_250000.pt:4246x(wr=0.51)  rl_experiments_v2/exp_growing_pool/seg_300000.pt:4088x(wr=0.55)  rl_experiments_v2/exp_growing_pool/seg_350000.pt:5143x(wr=0.52)
episode 385000  train_avg=  +12.1  adv_avg=  +14.5  eval_avg(500)=  +11.9  win_rate= 52.4%  entropy_beta=0.0020  baseline=  +63.5  (649.8s)
  picks: heuristic:3457x(wr=0.48)  rl_experiments_v2/exp_growing_pool/seg_50000.pt:3791x(wr=0.57)  rl_experiments_v2/exp_growing_pool/seg_100000.pt:3869x(wr=0.50)  rl_experiments_v2/exp_growing_pool/seg_150000.pt:3893x(wr=0.51)  rl_experiments_v2/exp_growing_pool/seg_200000.pt:4731x(wr=0.59)  rl_experiments_v2/exp_growing_pool/seg_250000.pt:4959x(wr=0.48)  rl_experiments_v2/exp_growing_pool/seg_300000.pt:4613x(wr=0.57)  rl_experiments_v2/exp_growing_pool/seg_350000.pt:5687x(wr=0.51)
episode 390000  train_avg=  +15.2  adv_avg=   -2.0  eval_avg(500)=   -1.6  win_rate= 50.0%  entropy_beta=0.0020  baseline=   -5.0  (737.4s)
  picks: heuristic:4341x(wr=0.60)  rl_experiments_v2/exp_growing_pool/seg_50000.pt:4261x(wr=0.45)  rl_experiments_v2/exp_growing_pool/seg_100000.pt:4614x(wr=0.56)  rl_experiments_v2/exp_growing_pool/seg_150000.pt:4371x(wr=0.54)  rl_experiments_v2/exp_growing_pool/seg_200000.pt:5319x(wr=0.44)  rl_experiments_v2/exp_growing_pool/seg_250000.pt:5601x(wr=0.46)  rl_experiments_v2/exp_growing_pool/seg_300000.pt:5191x(wr=0.44)  rl_experiments_v2/exp_growing_pool/seg_350000.pt:6302x(wr=0.50)
episode 395000  train_avg=  +12.3  adv_avg=  -10.8  eval_avg(500)=   +5.7  win_rate= 51.2%  entropy_beta=0.0020  baseline=  +11.8  (828.8s)
  picks: heuristic:4761x(wr=0.58)  rl_experiments_v2/exp_growing_pool/seg_50000.pt:4935x(wr=0.47)  rl_experiments_v2/exp_growing_pool/seg_100000.pt:5065x(wr=0.59)  rl_experiments_v2/exp_growing_pool/seg_150000.pt:4858x(wr=0.49)  rl_experiments_v2/exp_growing_pool/seg_200000.pt:6062x(wr=0.45)  rl_experiments_v2/exp_growing_pool/seg_250000.pt:6429x(wr=0.53)  rl_experiments_v2/exp_growing_pool/seg_300000.pt:5978x(wr=0.54)  rl_experiments_v2/exp_growing_pool/seg_350000.pt:6912x(wr=0.48)
episode 400000  train_avg=  +30.9  adv_avg=  +10.1  eval_avg(500)=  +31.7  win_rate= 57.0%  entropy_beta=0.0020  baseline=  +59.4  (920.0s)
  picks: heuristic:5194x(wr=0.50)  rl_experiments_v2/exp_growing_pool/seg_50000.pt:5509x(wr=0.52)  rl_experiments_v2/exp_growing_pool/seg_100000.pt:5639x(wr=0.63)  rl_experiments_v2/exp_growing_pool/seg_150000.pt:5317x(wr=0.56)  rl_experiments_v2/exp_growing_pool/seg_200000.pt:6601x(wr=0.65)  rl_experiments_v2/exp_growing_pool/seg_250000.pt:7525x(wr=0.53)  rl_experiments_v2/exp_growing_pool/seg_300000.pt:6562x(wr=0.49)  rl_experiments_v2/exp_growing_pool/seg_350000.pt:7653x(wr=0.52)
poids sauvegardes dans rl_experiments_v2/exp_growing_pool/seg_400000.pt
PFSP picks total: heuristic:5194x(wr=0.50)  rl_experiments_v2/exp_growing_pool/seg_50000.pt:5509x(wr=0.52)  rl_experiments_v2/exp_growing_pool/seg_100000.pt:5639x(wr=0.63)  rl_experiments_v2/exp_growing_pool/seg_150000.pt:5317x(wr=0.56)  rl_experiments_v2/exp_growing_pool/seg_200000.pt:6601x(wr=0.65)  rl_experiments_v2/exp_growing_pool/seg_250000.pt:7525x(wr=0.53)  rl_experiments_v2/exp_growing_pool/seg_300000.pt:6562x(wr=0.49)  rl_experiments_v2/exp_growing_pool/seg_350000.pt:7653x(wr=0.52)
