poids charges depuis rl_experiments_v3/imit.pt
episode   2000  train_avg=   -8.4  adv_avg=   -8.0  eval_avg(500)=  +13.7  win_rate= 52.8%  entropy_beta=0.0020  baseline=  -17.7  (24.1s)
  picks: heuristic:2000x(wr=0.47)
episode   4000  train_avg=  -28.7  adv_avg=   -3.5  eval_avg(500)=  -18.9  win_rate= 46.4%  entropy_beta=0.0020  baseline=  -53.3  (47.9s)
  picks: heuristic:4000x(wr=0.37)
episode   6000  train_avg=  -16.1  adv_avg=  -15.2  eval_avg(500)=   -3.8  win_rate= 49.2%  entropy_beta=0.0020  baseline=   -9.4  (71.7s)
  picks: heuristic:6000x(wr=0.45)
episode   8000  train_avg=   +5.9  adv_avg=   -2.2  eval_avg(500)=   +5.0  win_rate= 50.0%  entropy_beta=0.0020  baseline=   +0.4  (95.4s)
  picks: heuristic:8000x(wr=0.54)
episode  10000  train_avg=   -0.2  adv_avg=  -16.6  eval_avg(500)=   +4.5  win_rate= 50.8%  entropy_beta=0.0020  baseline=  -30.8  (119.2s)
  picks: heuristic:10000x(wr=0.54)
episode  12000  train_avg=  -17.4  adv_avg=  +21.0  eval_avg(500)=   +6.1  win_rate= 51.0%  entropy_beta=0.0020  baseline=   -8.2  (143.1s)
  picks: heuristic:12000x(wr=0.48)
episode  14000  train_avg=   +7.3  adv_avg=   -6.8  eval_avg(500)=   +4.3  win_rate= 50.8%  entropy_beta=0.0020  baseline=  -37.2  (166.9s)
  picks: heuristic:14000x(wr=0.51)
episode  16000  train_avg=  +26.9  adv_avg=   +6.2  eval_avg(500)=   +3.3  win_rate= 50.6%  entropy_beta=0.0020  baseline=  -15.0  (190.8s)
  picks: heuristic:16000x(wr=0.55)
episode  18000  train_avg=  +15.5  adv_avg=  +16.2  eval_avg(500)=   +5.8  win_rate= 51.4%  entropy_beta=0.0020  baseline=   +8.8  (214.6s)
  picks: heuristic:18000x(wr=0.55)
episode  20000  train_avg=  +32.9  adv_avg=  +12.7  eval_avg(500)=  +13.4  win_rate= 52.2%  entropy_beta=0.0020  baseline=  +18.6  (238.4s)
  picks: heuristic:20000x(wr=0.57)
episode  22000  train_avg=  +12.4  adv_avg=   +3.2  eval_avg(500)=  +23.5  win_rate= 54.6%  entropy_beta=0.0020  baseline=  -16.9  (262.2s)
  picks: heuristic:22000x(wr=0.49)
episode  24000  train_avg=   +8.2  adv_avg=  -16.6  eval_avg(500)=   -5.5  win_rate= 48.8%  entropy_beta=0.0020  baseline=  -37.8  (286.0s)
  picks: heuristic:24000x(wr=0.51)
episode  26000  train_avg=  +14.9  adv_avg=  +27.6  eval_avg(500)=   +5.5  win_rate= 51.0%  entropy_beta=0.0020  baseline=  +38.7  (309.8s)
  picks: heuristic:26000x(wr=0.58)
episode  28000  train_avg=   -5.1  adv_avg=   +8.5  eval_avg(500)=   -2.3  win_rate= 49.8%  entropy_beta=0.0020  baseline=   +2.4  (333.8s)
  picks: heuristic:28000x(wr=0.49)
episode  30000  train_avg=  +10.5  adv_avg=  +22.9  eval_avg(500)=  -12.0  win_rate= 48.0%  entropy_beta=0.0020  baseline=   +1.0  (357.8s)
  picks: heuristic:30000x(wr=0.53)
episode  32000  train_avg=  +21.9  adv_avg=  +21.1  eval_avg(500)=  +12.1  win_rate= 53.0%  entropy_beta=0.0020  baseline=  +47.4  (381.4s)
  picks: heuristic:32000x(wr=0.63)
episode  34000  train_avg=  +24.6  adv_avg=  +32.2  eval_avg(500)=   +7.5  win_rate= 51.8%  entropy_beta=0.0020  baseline=  +51.4  (405.0s)
  picks: heuristic:34000x(wr=0.50)
episode  36000  train_avg=  +14.8  adv_avg=  +10.1  eval_avg(500)=   -4.2  win_rate= 49.2%  entropy_beta=0.0020  baseline=  +41.5  (428.7s)
  picks: heuristic:36000x(wr=0.54)
episode  38000  train_avg=  +26.0  adv_avg=   +7.4  eval_avg(500)=  +14.6  win_rate= 52.4%  entropy_beta=0.0020  baseline=  +35.6  (452.3s)
  picks: heuristic:38000x(wr=0.61)
episode  40000  train_avg=  +23.6  adv_avg=  +22.2  eval_avg(500)=  +11.4  win_rate= 52.8%  entropy_beta=0.0020  baseline=  -10.0  (475.9s)
  picks: heuristic:40000x(wr=0.47)
episode  42000  train_avg=  -14.8  adv_avg=  +18.2  eval_avg(500)=  +13.5  win_rate= 53.0%  entropy_beta=0.0020  baseline=  +18.1  (499.5s)
  picks: heuristic:42000x(wr=0.46)
episode  44000  train_avg=   -3.1  adv_avg=  -13.3  eval_avg(500)=   +4.5  win_rate= 50.4%  entropy_beta=0.0020  baseline=  -22.2  (523.2s)
  picks: heuristic:44000x(wr=0.51)
episode  46000  train_avg=  -20.2  adv_avg=   +0.3  eval_avg(500)=  +16.0  win_rate= 52.8%  entropy_beta=0.0020  baseline=  +12.9  (546.8s)
  picks: heuristic:46000x(wr=0.45)
episode  48000  train_avg=   +3.2  adv_avg=  +12.5  eval_avg(500)=   +3.5  win_rate= 51.0%  entropy_beta=0.0020  baseline=  +43.5  (570.5s)
  picks: heuristic:48000x(wr=0.51)
episode  50000  train_avg=  +29.6  adv_avg=   +5.9  eval_avg(500)=   +6.2  win_rate= 51.2%  entropy_beta=0.0020  baseline=  +17.2  (594.2s)
  picks: heuristic:50000x(wr=0.57)
poids sauvegardes dans rl_experiments_v3/exp_growing_pool_seed21/seg_50000.pt
PFSP picks total: heuristic:50000x(wr=0.57)
