adversaire fige charge depuis rl_experiments_v3/exp_growing_pool_seed21/seg_50000.pt
poids charges depuis rl_experiments_v3/exp_growing_pool_seed21/seg_50000.pt
episode  52000  train_avg=  -11.9  adv_avg=   +4.1  eval_avg(500)=  +20.6  win_rate= 54.6%  entropy_beta=0.0020  baseline=  -36.4  (33.6s)
  picks: heuristic:832x(wr=0.48)  rl_experiments_v3/exp_growing_pool_seed21/seg_50000.pt:1168x(wr=0.49)
episode  54000  train_avg=   -8.3  adv_avg=   +8.2  eval_avg(500)=  +28.3  win_rate= 56.6%  entropy_beta=0.0020  baseline=  +25.9  (67.1s)
  picks: heuristic:1635x(wr=0.56)  rl_experiments_v3/exp_growing_pool_seed21/seg_50000.pt:2365x(wr=0.47)
episode  56000  train_avg=  -13.3  adv_avg=   -8.0  eval_avg(500)=  +15.1  win_rate= 52.2%  entropy_beta=0.0020  baseline=  -51.6  (103.1s)
  picks: heuristic:2125x(wr=0.50)  rl_experiments_v3/exp_growing_pool_seed21/seg_50000.pt:3875x(wr=0.45)
episode  58000  train_avg=  -15.9  adv_avg=   -8.2  eval_avg(500)=  +32.3  win_rate= 57.2%  entropy_beta=0.0020  baseline=  -27.3  (137.9s)
  picks: heuristic:2773x(wr=0.53)  rl_experiments_v3/exp_growing_pool_seed21/seg_50000.pt:5227x(wr=0.50)
episode  60000  train_avg=   -9.6  adv_avg=  -11.3  eval_avg(500)=   +9.7  win_rate= 51.8%  entropy_beta=0.0020  baseline=  -16.7  (170.9s)
  picks: heuristic:3640x(wr=0.47)  rl_experiments_v3/exp_growing_pool_seed21/seg_50000.pt:6360x(wr=0.51)
episode  62000  train_avg=   +8.7  adv_avg=  +11.3  eval_avg(500)=  +18.4  win_rate= 53.8%  entropy_beta=0.0020  baseline=   -7.0  (203.4s)
  picks: heuristic:4581x(wr=0.54)  rl_experiments_v3/exp_growing_pool_seed21/seg_50000.pt:7419x(wr=0.47)
episode  64000  train_avg=   -7.2  adv_avg=   -2.8  eval_avg(500)=  +12.2  win_rate= 52.2%  entropy_beta=0.0020  baseline=  -19.6  (238.8s)
  picks: heuristic:5156x(wr=0.53)  rl_experiments_v3/exp_growing_pool_seed21/seg_50000.pt:8844x(wr=0.56)
episode  66000  train_avg=   +3.0  adv_avg=  +13.5  eval_avg(500)=  +25.0  win_rate= 54.4%  entropy_beta=0.0020  baseline=  +40.5  (271.0s)
  picks: heuristic:6147x(wr=0.45)  rl_experiments_v3/exp_growing_pool_seed21/seg_50000.pt:9853x(wr=0.58)
episode  68000  train_avg=  -26.2  adv_avg=   -0.9  eval_avg(500)=  +29.1  win_rate= 55.6%  entropy_beta=0.0020  baseline=  +25.8  (300.1s)
  picks: heuristic:7522x(wr=0.51)  rl_experiments_v3/exp_growing_pool_seed21/seg_50000.pt:10478x(wr=0.44)
episode  70000  train_avg=  +25.0  adv_avg=  +25.4  eval_avg(500)=  +17.9  win_rate= 54.6%  entropy_beta=0.0020  baseline=  +38.6  (333.4s)
  picks: heuristic:8370x(wr=0.56)  rl_experiments_v3/exp_growing_pool_seed21/seg_50000.pt:11630x(wr=0.54)
episode  72000  train_avg=  +12.2  adv_avg=   +6.7  eval_avg(500)=  +18.9  win_rate= 54.0%  entropy_beta=0.0020  baseline=  +11.6  (366.1s)
  picks: heuristic:9284x(wr=0.53)  rl_experiments_v3/exp_growing_pool_seed21/seg_50000.pt:12716x(wr=0.53)
episode  74000  train_avg=  +27.2  adv_avg=   +0.4  eval_avg(500)=  +12.5  win_rate= 51.8%  entropy_beta=0.0020  baseline=  -27.1  (397.5s)
  picks: heuristic:10364x(wr=0.54)  rl_experiments_v3/exp_growing_pool_seed21/seg_50000.pt:13636x(wr=0.53)
episode  76000  train_avg=  +19.9  adv_avg=  +10.7  eval_avg(500)=  +22.9  win_rate= 55.0%  entropy_beta=0.0020  baseline=  -59.1  (431.1s)
  picks: heuristic:11182x(wr=0.58)  rl_experiments_v3/exp_growing_pool_seed21/seg_50000.pt:14818x(wr=0.49)
episode  78000  train_avg=  -17.4  adv_avg=  +10.8  eval_avg(500)=  +12.0  win_rate= 52.2%  entropy_beta=0.0020  baseline=   +1.8  (466.9s)
  picks: heuristic:11679x(wr=0.44)  rl_experiments_v3/exp_growing_pool_seed21/seg_50000.pt:16321x(wr=0.45)
episode  80000  train_avg=   +1.5  adv_avg=  -20.3  eval_avg(500)=  +10.6  win_rate= 52.0%  entropy_beta=0.0020  baseline=  -51.4  (499.8s)
  picks: heuristic:12566x(wr=0.46)  rl_experiments_v3/exp_growing_pool_seed21/seg_50000.pt:17434x(wr=0.52)
episode  82000  train_avg=  +23.2  adv_avg=   +4.4  eval_avg(500)=   -3.3  win_rate= 49.4%  entropy_beta=0.0020  baseline=   +6.8  (529.2s)
  picks: heuristic:13895x(wr=0.59)  rl_experiments_v3/exp_growing_pool_seed21/seg_50000.pt:18105x(wr=0.54)
episode  84000  train_avg=   +5.7  adv_avg=  +23.6  eval_avg(500)=   +5.5  win_rate= 50.6%  entropy_beta=0.0020  baseline=  +19.5  (564.0s)
  picks: heuristic:14539x(wr=0.59)  rl_experiments_v3/exp_growing_pool_seed21/seg_50000.pt:19461x(wr=0.48)
episode  86000  train_avg=  +23.9  adv_avg=  +11.8  eval_avg(500)=   -0.8  win_rate= 49.4%  entropy_beta=0.0020  baseline=  +36.7  (599.9s)
  picks: heuristic:15048x(wr=0.56)  rl_experiments_v3/exp_growing_pool_seed21/seg_50000.pt:20952x(wr=0.54)
episode  88000  train_avg=   +5.3  adv_avg=   -9.7  eval_avg(500)=   +2.9  win_rate= 50.8%  entropy_beta=0.0020  baseline=  +50.0  (633.5s)
  picks: heuristic:15843x(wr=0.51)  rl_experiments_v3/exp_growing_pool_seed21/seg_50000.pt:22157x(wr=0.54)
episode  90000  train_avg=   +2.9  adv_avg=   +2.0  eval_avg(500)=   +8.3  win_rate= 51.8%  entropy_beta=0.0020  baseline=  -11.0  (665.6s)
  picks: heuristic:16826x(wr=0.52)  rl_experiments_v3/exp_growing_pool_seed21/seg_50000.pt:23174x(wr=0.53)
episode  92000  train_avg=   +5.9  adv_avg=  +24.8  eval_avg(500)=  +12.6  win_rate= 52.2%  entropy_beta=0.0020  baseline=  +66.6  (696.2s)
  picks: heuristic:18021x(wr=0.50)  rl_experiments_v3/exp_growing_pool_seed21/seg_50000.pt:23979x(wr=0.58)
episode  94000  train_avg=  +16.4  adv_avg=  +16.6  eval_avg(500)=  +14.6  win_rate= 53.2%  entropy_beta=0.0020  baseline=   -0.9  (729.4s)
  picks: heuristic:18890x(wr=0.56)  rl_experiments_v3/exp_growing_pool_seed21/seg_50000.pt:25110x(wr=0.46)
episode  96000  train_avg=  -26.9  adv_avg=  -34.1  eval_avg(500)=  +23.8  win_rate= 55.2%  entropy_beta=0.0020  baseline=  -70.9  (765.1s)
  picks: heuristic:19647x(wr=0.50)  rl_experiments_v3/exp_growing_pool_seed21/seg_50000.pt:26353x(wr=0.46)
episode  98000  train_avg=  -17.4  adv_avg=   +3.3  eval_avg(500)=   +9.0  win_rate= 52.2%  entropy_beta=0.0020  baseline=   +5.6  (799.3s)
  picks: heuristic:20566x(wr=0.49)  rl_experiments_v3/exp_growing_pool_seed21/seg_50000.pt:27434x(wr=0.42)
episode 100000  train_avg=   +6.3  adv_avg=  +11.1  eval_avg(500)=  +18.4  win_rate= 54.0%  entropy_beta=0.0020  baseline=  +18.2  (835.5s)
  picks: heuristic:21282x(wr=0.61)  rl_experiments_v3/exp_growing_pool_seed21/seg_50000.pt:28718x(wr=0.46)
poids sauvegardes dans rl_experiments_v3/exp_growing_pool_seed21/seg_100000.pt
PFSP picks total: heuristic:21282x(wr=0.61)  rl_experiments_v3/exp_growing_pool_seed21/seg_50000.pt:28718x(wr=0.46)
