adversaire fige charge depuis rl_experiments_v3/exp_growing_pool_seed21/seg_50000.pt
adversaire fige charge depuis rl_experiments_v3/exp_growing_pool_seed21/seg_100000.pt
poids charges depuis rl_experiments_v3/exp_growing_pool_seed21/seg_100000.pt
episode 102000  train_avg=   +6.5  adv_avg=  +12.8  eval_avg(500)=  +22.8  win_rate= 55.4%  entropy_beta=0.0020  baseline=   +4.0  (37.4s)
  picks: heuristic:646x(wr=0.52)  rl_experiments_v3/exp_growing_pool_seed21/seg_50000.pt:529x(wr=0.49)  rl_experiments_v3/exp_growing_pool_seed21/seg_100000.pt:825x(wr=0.46)
episode 104000  train_avg=  -19.3  adv_avg=  -19.0  eval_avg(500)=  +19.4  win_rate= 54.2%  entropy_beta=0.0020  baseline=  +10.4  (79.2s)
  picks: heuristic:1013x(wr=0.49)  rl_experiments_v3/exp_growing_pool_seed21/seg_50000.pt:1095x(wr=0.45)  rl_experiments_v3/exp_growing_pool_seed21/seg_100000.pt:1892x(wr=0.52)
episode 106000  train_avg=  +11.7  adv_avg=   -0.9  eval_avg(500)=  +17.5  win_rate= 53.2%  entropy_beta=0.0020  baseline=  +33.2  (121.2s)
  picks: heuristic:1495x(wr=0.54)  rl_experiments_v3/exp_growing_pool_seed21/seg_50000.pt:2053x(wr=0.59)  rl_experiments_v3/exp_growing_pool_seed21/seg_100000.pt:2452x(wr=0.48)
episode 108000  train_avg=   +7.8  adv_avg=   +8.5  eval_avg(500)=   +9.6  win_rate= 51.8%  entropy_beta=0.0020  baseline=  +48.7  (160.0s)
  picks: heuristic:2133x(wr=0.54)  rl_experiments_v3/exp_growing_pool_seed21/seg_50000.pt:2380x(wr=0.49)  rl_experiments_v3/exp_growing_pool_seed21/seg_100000.pt:3487x(wr=0.50)
episode 110000  train_avg=  -16.7  adv_avg=  -30.4  eval_avg(500)=  +11.3  win_rate= 52.0%  entropy_beta=0.0020  baseline=  -55.9  (198.4s)
  picks: heuristic:2780x(wr=0.50)  rl_experiments_v3/exp_growing_pool_seed21/seg_50000.pt:3081x(wr=0.45)  rl_experiments_v3/exp_growing_pool_seed21/seg_100000.pt:4139x(wr=0.55)
episode 112000  train_avg=  +10.2  adv_avg=  +17.1  eval_avg(500)=  +20.8  win_rate= 54.8%  entropy_beta=0.0020  baseline=  +48.6  (235.1s)
  picks: heuristic:3637x(wr=0.47)  rl_experiments_v3/exp_growing_pool_seed21/seg_50000.pt:3697x(wr=0.55)  rl_experiments_v3/exp_growing_pool_seed21/seg_100000.pt:4666x(wr=0.54)
episode 114000  train_avg=  -23.2  adv_avg=  +22.4  eval_avg(500)=  +36.7  win_rate= 57.2%  entropy_beta=0.0020  baseline=   -6.0  (272.5s)
  picks: heuristic:4387x(wr=0.56)  rl_experiments_v3/exp_growing_pool_seed21/seg_50000.pt:4286x(wr=0.39)  rl_experiments_v3/exp_growing_pool_seed21/seg_100000.pt:5327x(wr=0.43)
episode 116000  train_avg=  +14.9  adv_avg=   +1.7  eval_avg(500)=   +6.8  win_rate= 51.2%  entropy_beta=0.0020  baseline=  -27.5  (312.5s)
  picks: heuristic:4821x(wr=0.50)  rl_experiments_v3/exp_growing_pool_seed21/seg_50000.pt:5171x(wr=0.57)  rl_experiments_v3/exp_growing_pool_seed21/seg_100000.pt:6008x(wr=0.54)
episode 118000  train_avg=  +46.7  adv_avg=  +25.2  eval_avg(500)=   -6.7  win_rate= 48.4%  entropy_beta=0.0020  baseline=  +74.6  (351.3s)
  picks: heuristic:5463x(wr=0.56)  rl_experiments_v3/exp_growing_pool_seed21/seg_50000.pt:5938x(wr=0.56)  rl_experiments_v3/exp_growing_pool_seed21/seg_100000.pt:6599x(wr=0.52)
episode 120000  train_avg=   -6.4  adv_avg=   -8.3  eval_avg(500)=   -1.1  win_rate= 49.6%  entropy_beta=0.0020  baseline=  +24.4  (391.0s)
  picks: heuristic:5954x(wr=0.44)  rl_experiments_v3/exp_growing_pool_seed21/seg_50000.pt:6649x(wr=0.60)  rl_experiments_v3/exp_growing_pool_seed21/seg_100000.pt:7397x(wr=0.41)
episode 122000  train_avg=  +21.8  adv_avg=   -0.7  eval_avg(500)=  +23.6  win_rate= 55.4%  entropy_beta=0.0020  baseline=  +71.7  (428.4s)
  picks: heuristic:6550x(wr=0.61)  rl_experiments_v3/exp_growing_pool_seed21/seg_50000.pt:7115x(wr=0.52)  rl_experiments_v3/exp_growing_pool_seed21/seg_100000.pt:8335x(wr=0.53)
episode 124000  train_avg=   +9.1  adv_avg=  +34.0  eval_avg(500)=  +11.8  win_rate= 53.2%  entropy_beta=0.0020  baseline=  +50.8  (468.3s)
  picks: heuristic:6908x(wr=0.52)  rl_experiments_v3/exp_growing_pool_seed21/seg_50000.pt:8048x(wr=0.54)  rl_experiments_v3/exp_growing_pool_seed21/seg_100000.pt:9044x(wr=0.48)
episode 126000  train_avg=  +10.5  adv_avg=  +36.3  eval_avg(500)=   +7.2  win_rate= 51.8%  entropy_beta=0.0020  baseline=  +84.8  (506.0s)
  picks: heuristic:7646x(wr=0.59)  rl_experiments_v3/exp_growing_pool_seed21/seg_50000.pt:8424x(wr=0.62)  rl_experiments_v3/exp_growing_pool_seed21/seg_100000.pt:9930x(wr=0.51)
episode 128000  train_avg=   +6.3  adv_avg=   -5.3  eval_avg(500)=  +26.1  win_rate= 56.0%  entropy_beta=0.0020  baseline=  -22.9  (545.7s)
  picks: heuristic:8122x(wr=0.56)  rl_experiments_v3/exp_growing_pool_seed21/seg_50000.pt:8909x(wr=0.46)  rl_experiments_v3/exp_growing_pool_seed21/seg_100000.pt:10969x(wr=0.52)
episode 130000  train_avg=  +13.3  adv_avg=   +1.9  eval_avg(500)=  +17.2  win_rate= 54.0%  entropy_beta=0.0020  baseline=  +27.8  (584.2s)
  picks: heuristic:8737x(wr=0.56)  rl_experiments_v3/exp_growing_pool_seed21/seg_50000.pt:9609x(wr=0.61)  rl_experiments_v3/exp_growing_pool_seed21/seg_100000.pt:11654x(wr=0.47)
episode 132000  train_avg=  +16.9  adv_avg=  +20.6  eval_avg(500)=  +14.9  win_rate= 52.8%  entropy_beta=0.0020  baseline=  +88.6  (622.4s)
  picks: heuristic:9391x(wr=0.56)  rl_experiments_v3/exp_growing_pool_seed21/seg_50000.pt:10092x(wr=0.54)  rl_experiments_v3/exp_growing_pool_seed21/seg_100000.pt:12517x(wr=0.50)
episode 134000  train_avg=   +0.1  adv_avg=   -0.3  eval_avg(500)=  +27.7  win_rate= 55.6%  entropy_beta=0.0020  baseline=  -17.8  (662.8s)
  picks: heuristic:9777x(wr=0.56)  rl_experiments_v3/exp_growing_pool_seed21/seg_50000.pt:10752x(wr=0.59)  rl_experiments_v3/exp_growing_pool_seed21/seg_100000.pt:13471x(wr=0.38)
episode 136000  train_avg=   -2.9  adv_avg=  +26.2  eval_avg(500)=  +25.4  win_rate= 55.2%  entropy_beta=0.0020  baseline=  +28.6  (701.7s)
  picks: heuristic:10374x(wr=0.50)  rl_experiments_v3/exp_growing_pool_seed21/seg_50000.pt:11186x(wr=0.52)  rl_experiments_v3/exp_growing_pool_seed21/seg_100000.pt:14440x(wr=0.39)
episode 138000  train_avg=  -10.0  adv_avg=  -17.7  eval_avg(500)=  +38.0  win_rate= 57.0%  entropy_beta=0.0020  baseline=  -27.2  (741.4s)
  picks: heuristic:10860x(wr=0.47)  rl_experiments_v3/exp_growing_pool_seed21/seg_50000.pt:11795x(wr=0.55)  rl_experiments_v3/exp_growing_pool_seed21/seg_100000.pt:15345x(wr=0.46)
episode 140000  train_avg=   +5.5  adv_avg=  +10.9  eval_avg(500)=  +24.7  win_rate= 55.2%  entropy_beta=0.0020  baseline=  -14.3  (778.8s)
  picks: heuristic:11717x(wr=0.53)  rl_experiments_v3/exp_growing_pool_seed21/seg_50000.pt:12176x(wr=0.52)  rl_experiments_v3/exp_growing_pool_seed21/seg_100000.pt:16107x(wr=0.46)
episode 142000  train_avg=  +24.8  adv_avg=  +17.2  eval_avg(500)=  +13.2  win_rate= 53.2%  entropy_beta=0.0020  baseline=  +25.5  (817.9s)
  picks: heuristic:12058x(wr=0.56)  rl_experiments_v3/exp_growing_pool_seed21/seg_50000.pt:12710x(wr=0.50)  rl_experiments_v3/exp_growing_pool_seed21/seg_100000.pt:17232x(wr=0.60)
episode 144000  train_avg=   +0.4  adv_avg=   -7.9  eval_avg(500)=  +23.3  win_rate= 54.2%  entropy_beta=0.0020  baseline=  +31.8  (856.7s)
  picks: heuristic:12409x(wr=0.53)  rl_experiments_v3/exp_growing_pool_seed21/seg_50000.pt:13936x(wr=0.46)  rl_experiments_v3/exp_growing_pool_seed21/seg_100000.pt:17655x(wr=0.53)
episode 146000  train_avg=   +3.2  adv_avg=   -4.8  eval_avg(500)=   +2.2  win_rate= 49.8%  entropy_beta=0.0020  baseline=  +15.7  (893.4s)
  picks: heuristic:12980x(wr=0.50)  rl_experiments_v3/exp_growing_pool_seed21/seg_50000.pt:14683x(wr=0.49)  rl_experiments_v3/exp_growing_pool_seed21/seg_100000.pt:18337x(wr=0.49)
episode 148000  train_avg=  -11.7  adv_avg=  -16.1  eval_avg(500)=  +24.1  win_rate= 55.0%  entropy_beta=0.0020  baseline=  -29.4  (929.4s)
  picks: heuristic:13653x(wr=0.53)  rl_experiments_v3/exp_growing_pool_seed21/seg_50000.pt:15297x(wr=0.46)  rl_experiments_v3/exp_growing_pool_seed21/seg_100000.pt:19050x(wr=0.45)
episode 150000  train_avg=  +16.4  adv_avg=  +18.5  eval_avg(500)=  +20.2  win_rate= 54.0%  entropy_beta=0.0020  baseline=  +16.8  (964.7s)
  picks: heuristic:14361x(wr=0.57)  rl_experiments_v3/exp_growing_pool_seed21/seg_50000.pt:15728x(wr=0.61)  rl_experiments_v3/exp_growing_pool_seed21/seg_100000.pt:19911x(wr=0.49)
poids sauvegardes dans rl_experiments_v3/exp_growing_pool_seed21/seg_150000.pt
PFSP picks total: heuristic:14361x(wr=0.57)  rl_experiments_v3/exp_growing_pool_seed21/seg_50000.pt:15728x(wr=0.61)  rl_experiments_v3/exp_growing_pool_seed21/seg_100000.pt:19911x(wr=0.49)
