adversaire fige charge depuis rl_experiments_v3/exp_growing_pool_seed21/seg_50000.pt
adversaire fige charge depuis rl_experiments_v3/exp_growing_pool_seed21/seg_100000.pt
adversaire fige charge depuis rl_experiments_v3/exp_growing_pool_seed21/seg_150000.pt
adversaire fige charge depuis rl_experiments_v3/exp_growing_pool_seed21/seg_200000.pt
adversaire fige charge depuis rl_experiments_v3/exp_growing_pool_seed21/seg_250000.pt
poids charges depuis rl_experiments_v3/exp_growing_pool_seed21/seg_250000.pt
episode 252000  train_avg=  +22.3  adv_avg=   +0.9  eval_avg(500)=  +26.8  win_rate= 55.8%  entropy_beta=0.0020  baseline=  -71.8  (39.9s)
  picks: heuristic:389x(wr=0.60)  rl_experiments_v3/exp_growing_pool_seed21/seg_50000.pt:322x(wr=0.57)  rl_experiments_v3/exp_growing_pool_seed21/seg_100000.pt:344x(wr=0.51)  rl_experiments_v3/exp_growing_pool_seed21/seg_150000.pt:432x(wr=0.45)  rl_experiments_v3/exp_growing_pool_seed21/seg_200000.pt:286x(wr=0.52)  rl_experiments_v3/exp_growing_pool_seed21/seg_250000.pt:227x(wr=0.53)
episode 254000  train_avg=   -7.3  adv_avg=  +30.9  eval_avg(500)=  +23.3  win_rate= 54.8%  entropy_beta=0.0020  baseline=  +46.3  (81.8s)
  picks: heuristic:585x(wr=0.56)  rl_experiments_v3/exp_growing_pool_seed21/seg_50000.pt:608x(wr=0.52)  rl_experiments_v3/exp_growing_pool_seed21/seg_100000.pt:628x(wr=0.48)  rl_experiments_v3/exp_growing_pool_seed21/seg_150000.pt:998x(wr=0.44)  rl_experiments_v3/exp_growing_pool_seed21/seg_200000.pt:662x(wr=0.45)  rl_experiments_v3/exp_growing_pool_seed21/seg_250000.pt:519x(wr=0.49)
episode 256000  train_avg=   -8.5  adv_avg=   +9.6  eval_avg(500)=  +26.0  win_rate= 55.4%  entropy_beta=0.0020  baseline=  -21.9  (124.9s)
  picks: heuristic:727x(wr=0.58)  rl_experiments_v3/exp_growing_pool_seed21/seg_50000.pt:845x(wr=0.57)  rl_experiments_v3/exp_growing_pool_seed21/seg_100000.pt:1201x(wr=0.53)  rl_experiments_v3/exp_growing_pool_seed21/seg_150000.pt:1364x(wr=0.50)  rl_experiments_v3/exp_growing_pool_seed21/seg_200000.pt:967x(wr=0.53)  rl_experiments_v3/exp_growing_pool_seed21/seg_250000.pt:896x(wr=0.43)
episode 258000  train_avg=  +25.4  adv_avg=  -10.9  eval_avg(500)=  +21.0  win_rate= 55.0%  entropy_beta=0.0020  baseline=   -9.2  (165.0s)
  picks: heuristic:1047x(wr=0.48)  rl_experiments_v3/exp_growing_pool_seed21/seg_50000.pt:1071x(wr=0.49)  rl_experiments_v3/exp_growing_pool_seed21/seg_100000.pt:1454x(wr=0.50)  rl_experiments_v3/exp_growing_pool_seed21/seg_150000.pt:1683x(wr=0.54)  rl_experiments_v3/exp_growing_pool_seed21/seg_200000.pt:1338x(wr=0.57)  rl_experiments_v3/exp_growing_pool_seed21/seg_250000.pt:1407x(wr=0.52)
episode 260000  train_avg=   +9.4  adv_avg=   -2.3  eval_avg(500)=  +11.1  win_rate= 52.6%  entropy_beta=0.0020  baseline=  -19.6  (205.6s)
  picks: heuristic:1378x(wr=0.55)  rl_experiments_v3/exp_growing_pool_seed21/seg_50000.pt:1478x(wr=0.48)  rl_experiments_v3/exp_growing_pool_seed21/seg_100000.pt:1770x(wr=0.43)  rl_experiments_v3/exp_growing_pool_seed21/seg_150000.pt:2064x(wr=0.61)  rl_experiments_v3/exp_growing_pool_seed21/seg_200000.pt:1657x(wr=0.54)  rl_experiments_v3/exp_growing_pool_seed21/seg_250000.pt:1653x(wr=0.45)
episode 262000  train_avg=  -22.9  adv_avg=   +0.5  eval_avg(500)=  +21.4  win_rate= 55.2%  entropy_beta=0.0020  baseline=   -9.9  (248.3s)
  picks: heuristic:1552x(wr=0.51)  rl_experiments_v3/exp_growing_pool_seed21/seg_50000.pt:1778x(wr=0.48)  rl_experiments_v3/exp_growing_pool_seed21/seg_100000.pt:2273x(wr=0.48)  rl_experiments_v3/exp_growing_pool_seed21/seg_150000.pt:2237x(wr=0.44)  rl_experiments_v3/exp_growing_pool_seed21/seg_200000.pt:2122x(wr=0.44)  rl_experiments_v3/exp_growing_pool_seed21/seg_250000.pt:2038x(wr=0.53)
episode 264000  train_avg=  -13.2  adv_avg=  -22.3  eval_avg(500)=  +21.3  win_rate= 54.2%  entropy_beta=0.0020  baseline=  -53.5  (291.4s)
  picks: heuristic:1723x(wr=0.51)  rl_experiments_v3/exp_growing_pool_seed21/seg_50000.pt:2294x(wr=0.50)  rl_experiments_v3/exp_growing_pool_seed21/seg_100000.pt:2546x(wr=0.38)  rl_experiments_v3/exp_growing_pool_seed21/seg_150000.pt:2609x(wr=0.51)  rl_experiments_v3/exp_growing_pool_seed21/seg_200000.pt:2623x(wr=0.51)  rl_experiments_v3/exp_growing_pool_seed21/seg_250000.pt:2205x(wr=0.52)
episode 266000  train_avg=   -4.5  adv_avg=  +11.2  eval_avg(500)=  +23.5  win_rate= 54.4%  entropy_beta=0.0020  baseline=  +49.9  (333.4s)
  picks: heuristic:2030x(wr=0.47)  rl_experiments_v3/exp_growing_pool_seed21/seg_50000.pt:2577x(wr=0.55)  rl_experiments_v3/exp_growing_pool_seed21/seg_100000.pt:3074x(wr=0.51)  rl_experiments_v3/exp_growing_pool_seed21/seg_150000.pt:2877x(wr=0.60)  rl_experiments_v3/exp_growing_pool_seed21/seg_200000.pt:2914x(wr=0.51)  rl_experiments_v3/exp_growing_pool_seed21/seg_250000.pt:2528x(wr=0.48)
episode 268000  train_avg=   +6.3  adv_avg=   +0.2  eval_avg(500)=  +22.0  win_rate= 54.6%  entropy_beta=0.0020  baseline=  -34.7  (376.0s)
  picks: heuristic:2531x(wr=0.52)  rl_experiments_v3/exp_growing_pool_seed21/seg_50000.pt:2800x(wr=0.51)  rl_experiments_v3/exp_growing_pool_seed21/seg_100000.pt:3354x(wr=0.53)  rl_experiments_v3/exp_growing_pool_seed21/seg_150000.pt:3097x(wr=0.52)  rl_experiments_v3/exp_growing_pool_seed21/seg_200000.pt:3343x(wr=0.64)  rl_experiments_v3/exp_growing_pool_seed21/seg_250000.pt:2875x(wr=0.41)
episode 270000  train_avg=  +18.6  adv_avg=  +27.6  eval_avg(500)=  +24.4  win_rate= 55.8%  entropy_beta=0.0020  baseline=  +12.1  (416.6s)
  picks: heuristic:2739x(wr=0.57)  rl_experiments_v3/exp_growing_pool_seed21/seg_50000.pt:3108x(wr=0.51)  rl_experiments_v3/exp_growing_pool_seed21/seg_100000.pt:3782x(wr=0.53)  rl_experiments_v3/exp_growing_pool_seed21/seg_150000.pt:3442x(wr=0.48)  rl_experiments_v3/exp_growing_pool_seed21/seg_200000.pt:3444x(wr=0.56)  rl_experiments_v3/exp_growing_pool_seed21/seg_250000.pt:3485x(wr=0.50)
episode 272000  train_avg=  +11.9  adv_avg=   +2.6  eval_avg(500)=  +32.8  win_rate= 56.8%  entropy_beta=0.0020  baseline=  -17.9  (456.0s)
  picks: heuristic:3090x(wr=0.51)  rl_experiments_v3/exp_growing_pool_seed21/seg_50000.pt:3539x(wr=0.54)  rl_experiments_v3/exp_growing_pool_seed21/seg_100000.pt:4023x(wr=0.55)  rl_experiments_v3/exp_growing_pool_seed21/seg_150000.pt:3726x(wr=0.55)  rl_experiments_v3/exp_growing_pool_seed21/seg_200000.pt:3842x(wr=0.54)  rl_experiments_v3/exp_growing_pool_seed21/seg_250000.pt:3780x(wr=0.60)
episode 274000  train_avg=   +1.4  adv_avg=  +11.5  eval_avg(500)=  +35.8  win_rate= 57.6%  entropy_beta=0.0020  baseline=  +32.6  (500.9s)
  picks: heuristic:3384x(wr=0.57)  rl_experiments_v3/exp_growing_pool_seed21/seg_50000.pt:3856x(wr=0.47)  rl_experiments_v3/exp_growing_pool_seed21/seg_100000.pt:4270x(wr=0.52)  rl_experiments_v3/exp_growing_pool_seed21/seg_150000.pt:4109x(wr=0.46)  rl_experiments_v3/exp_growing_pool_seed21/seg_200000.pt:4228x(wr=0.51)  rl_experiments_v3/exp_growing_pool_seed21/seg_250000.pt:4153x(wr=0.51)
episode 276000  train_avg=  -30.6  adv_avg=  -20.5  eval_avg(500)=  +12.0  win_rate= 52.2%  entropy_beta=0.0020  baseline=  +22.6  (548.4s)
  picks: heuristic:3512x(wr=0.51)  rl_experiments_v3/exp_growing_pool_seed21/seg_50000.pt:4162x(wr=0.47)  rl_experiments_v3/exp_growing_pool_seed21/seg_100000.pt:4589x(wr=0.45)  rl_experiments_v3/exp_growing_pool_seed21/seg_150000.pt:4607x(wr=0.48)  rl_experiments_v3/exp_growing_pool_seed21/seg_200000.pt:4593x(wr=0.42)  rl_experiments_v3/exp_growing_pool_seed21/seg_250000.pt:4537x(wr=0.48)
episode 278000  train_avg=  +50.1  adv_avg=  +31.6  eval_avg(500)=  +18.1  win_rate= 54.0%  entropy_beta=0.0020  baseline=  +78.2  (591.2s)
  picks: heuristic:3890x(wr=0.61)  rl_experiments_v3/exp_growing_pool_seed21/seg_50000.pt:4389x(wr=0.56)  rl_experiments_v3/exp_growing_pool_seed21/seg_100000.pt:5128x(wr=0.64)  rl_experiments_v3/exp_growing_pool_seed21/seg_150000.pt:4865x(wr=0.52)  rl_experiments_v3/exp_growing_pool_seed21/seg_200000.pt:4964x(wr=0.52)  rl_experiments_v3/exp_growing_pool_seed21/seg_250000.pt:4764x(wr=0.51)
episode 280000  train_avg=   -1.1  adv_avg=   +5.2  eval_avg(500)=  +34.6  win_rate= 57.0%  entropy_beta=0.0020  baseline=   +1.7  (637.7s)
  picks: heuristic:4027x(wr=0.57)  rl_experiments_v3/exp_growing_pool_seed21/seg_50000.pt:4627x(wr=0.53)  rl_experiments_v3/exp_growing_pool_seed21/seg_100000.pt:5417x(wr=0.53)  rl_experiments_v3/exp_growing_pool_seed21/seg_150000.pt:5355x(wr=0.53)  rl_experiments_v3/exp_growing_pool_seed21/seg_200000.pt:5430x(wr=0.49)  rl_experiments_v3/exp_growing_pool_seed21/seg_250000.pt:5144x(wr=0.39)
episode 282000  train_avg=   -7.8  adv_avg=  +12.6  eval_avg(500)=  +29.7  win_rate= 56.6%  entropy_beta=0.0020  baseline=  +15.8  (684.5s)
  picks: heuristic:4184x(wr=0.51)  rl_experiments_v3/exp_growing_pool_seed21/seg_50000.pt:4821x(wr=0.50)  rl_experiments_v3/exp_growing_pool_seed21/seg_100000.pt:5681x(wr=0.48)  rl_experiments_v3/exp_growing_pool_seed21/seg_150000.pt:5670x(wr=0.56)  rl_experiments_v3/exp_growing_pool_seed21/seg_200000.pt:5863x(wr=0.48)  rl_experiments_v3/exp_growing_pool_seed21/seg_250000.pt:5781x(wr=0.54)
episode 284000  train_avg=  +13.4  adv_avg=  +28.5  eval_avg(500)=  +22.0  win_rate= 54.2%  entropy_beta=0.0020  baseline=  +25.2  (729.9s)
  picks: heuristic:4454x(wr=0.55)  rl_experiments_v3/exp_growing_pool_seed21/seg_50000.pt:5059x(wr=0.43)  rl_experiments_v3/exp_growing_pool_seed21/seg_100000.pt:6237x(wr=0.55)  rl_experiments_v3/exp_growing_pool_seed21/seg_150000.pt:5896x(wr=0.53)  rl_experiments_v3/exp_growing_pool_seed21/seg_200000.pt:6236x(wr=0.56)  rl_experiments_v3/exp_growing_pool_seed21/seg_250000.pt:6118x(wr=0.54)
episode 286000  train_avg=   -5.0  adv_avg=   +7.5  eval_avg(500)=  +14.0  win_rate= 54.0%  entropy_beta=0.0020  baseline=  +54.5  (773.3s)
  picks: heuristic:4908x(wr=0.53)  rl_experiments_v3/exp_growing_pool_seed21/seg_50000.pt:5592x(wr=0.49)  rl_experiments_v3/exp_growing_pool_seed21/seg_100000.pt:6426x(wr=0.50)  rl_experiments_v3/exp_growing_pool_seed21/seg_150000.pt:6244x(wr=0.50)  rl_experiments_v3/exp_growing_pool_seed21/seg_200000.pt:6504x(wr=0.49)  rl_experiments_v3/exp_growing_pool_seed21/seg_250000.pt:6326x(wr=0.50)
episode 288000  train_avg=   +5.6  adv_avg=  +15.6  eval_avg(500)=   -4.3  win_rate= 47.8%  entropy_beta=0.0020  baseline=  +28.2  (818.6s)
  picks: heuristic:5210x(wr=0.55)  rl_experiments_v3/exp_growing_pool_seed21/seg_50000.pt:5865x(wr=0.51)  rl_experiments_v3/exp_growing_pool_seed21/seg_100000.pt:6843x(wr=0.53)  rl_experiments_v3/exp_growing_pool_seed21/seg_150000.pt:6546x(wr=0.52)  rl_experiments_v3/exp_growing_pool_seed21/seg_200000.pt:6770x(wr=0.53)  rl_experiments_v3/exp_growing_pool_seed21/seg_250000.pt:6766x(wr=0.51)
episode 290000  train_avg=  +22.1  adv_avg=   +8.6  eval_avg(500)=  +14.0  win_rate= 53.4%  entropy_beta=0.0020  baseline=  +61.5  (862.7s)
  picks: heuristic:5532x(wr=0.55)  rl_experiments_v3/exp_growing_pool_seed21/seg_50000.pt:6402x(wr=0.60)  rl_experiments_v3/exp_growing_pool_seed21/seg_100000.pt:7066x(wr=0.58)  rl_experiments_v3/exp_growing_pool_seed21/seg_150000.pt:6875x(wr=0.42)  rl_experiments_v3/exp_growing_pool_seed21/seg_200000.pt:7032x(wr=0.51)  rl_experiments_v3/exp_growing_pool_seed21/seg_250000.pt:7093x(wr=0.54)
episode 292000  train_avg=   +4.7  adv_avg=  +24.2  eval_avg(500)=  +26.4  win_rate= 55.6%  entropy_beta=0.0020  baseline=   -1.9  (908.9s)
  picks: heuristic:5826x(wr=0.57)  rl_experiments_v3/exp_growing_pool_seed21/seg_50000.pt:6536x(wr=0.60)  rl_experiments_v3/exp_growing_pool_seed21/seg_100000.pt:7374x(wr=0.44)  rl_experiments_v3/exp_growing_pool_seed21/seg_150000.pt:7440x(wr=0.58)  rl_experiments_v3/exp_growing_pool_seed21/seg_200000.pt:7391x(wr=0.48)  rl_experiments_v3/exp_growing_pool_seed21/seg_250000.pt:7433x(wr=0.57)
episode 294000  train_avg=  +17.8  adv_avg=  +12.1  eval_avg(500)=  +16.6  win_rate= 53.0%  entropy_beta=0.0020  baseline=  -24.7  (962.4s)
  picks: heuristic:6004x(wr=0.53)  rl_experiments_v3/exp_growing_pool_seed21/seg_50000.pt:6848x(wr=0.53)  rl_experiments_v3/exp_growing_pool_seed21/seg_100000.pt:7897x(wr=0.52)  rl_experiments_v3/exp_growing_pool_seed21/seg_150000.pt:7708x(wr=0.52)  rl_experiments_v3/exp_growing_pool_seed21/seg_200000.pt:7804x(wr=0.56)  rl_experiments_v3/exp_growing_pool_seed21/seg_250000.pt:7739x(wr=0.44)
episode 296000  train_avg=  +18.9  adv_avg=   +6.2  eval_avg(500)=  +22.3  win_rate= 54.4%  entropy_beta=0.0020  baseline=  +20.0  (1012.3s)
  picks: heuristic:6482x(wr=0.61)  rl_experiments_v3/exp_growing_pool_seed21/seg_50000.pt:7064x(wr=0.48)  rl_experiments_v3/exp_growing_pool_seed21/seg_100000.pt:8339x(wr=0.56)  rl_experiments_v3/exp_growing_pool_seed21/seg_150000.pt:7969x(wr=0.50)  rl_experiments_v3/exp_growing_pool_seed21/seg_200000.pt:7992x(wr=0.59)  rl_experiments_v3/exp_growing_pool_seed21/seg_250000.pt:8154x(wr=0.47)
episode 298000  train_avg=   +2.4  adv_avg=  +20.6  eval_avg(500)=  +36.3  win_rate= 57.8%  entropy_beta=0.0020  baseline=  +17.1  (1064.3s)
  picks: heuristic:6595x(wr=0.60)  rl_experiments_v3/exp_growing_pool_seed21/seg_50000.pt:7561x(wr=0.53)  rl_experiments_v3/exp_growing_pool_seed21/seg_100000.pt:8686x(wr=0.46)  rl_experiments_v3/exp_growing_pool_seed21/seg_150000.pt:8327x(wr=0.46)  rl_experiments_v3/exp_growing_pool_seed21/seg_200000.pt:8146x(wr=0.39)  rl_experiments_v3/exp_growing_pool_seed21/seg_250000.pt:8685x(wr=0.64)
episode 300000  train_avg=  +10.4  adv_avg=  +18.5  eval_avg(500)=   +4.2  win_rate= 50.8%  entropy_beta=0.0020  baseline=  +32.5  (1112.0s)
  picks: heuristic:6733x(wr=0.50)  rl_experiments_v3/exp_growing_pool_seed21/seg_50000.pt:7731x(wr=0.50)  rl_experiments_v3/exp_growing_pool_seed21/seg_100000.pt:9264x(wr=0.51)  rl_experiments_v3/exp_growing_pool_seed21/seg_150000.pt:8743x(wr=0.56)  rl_experiments_v3/exp_growing_pool_seed21/seg_200000.pt:8707x(wr=0.50)  rl_experiments_v3/exp_growing_pool_seed21/seg_250000.pt:8822x(wr=0.48)
poids sauvegardes dans rl_experiments_v3/exp_growing_pool_seed21/seg_300000.pt
PFSP picks total: heuristic:6733x(wr=0.50)  rl_experiments_v3/exp_growing_pool_seed21/seg_50000.pt:7731x(wr=0.50)  rl_experiments_v3/exp_growing_pool_seed21/seg_100000.pt:9264x(wr=0.51)  rl_experiments_v3/exp_growing_pool_seed21/seg_150000.pt:8743x(wr=0.56)  rl_experiments_v3/exp_growing_pool_seed21/seg_200000.pt:8707x(wr=0.50)  rl_experiments_v3/exp_growing_pool_seed21/seg_250000.pt:8822x(wr=0.48)
