adversaire fige charge depuis rl_experiments_v3/exp_growing_pool_seed21/seg_50000.pt
adversaire fige charge depuis rl_experiments_v3/exp_growing_pool_seed21/seg_100000.pt
adversaire fige charge depuis rl_experiments_v3/exp_growing_pool_seed21/seg_150000.pt
adversaire fige charge depuis rl_experiments_v3/exp_growing_pool_seed21/seg_200000.pt
poids charges depuis rl_experiments_v3/exp_growing_pool_seed21/seg_200000.pt
episode 202000  train_avg=  +17.4  adv_avg=   -1.9  eval_avg(500)=  +25.6  win_rate= 56.2%  entropy_beta=0.0020  baseline=  +10.2  (43.3s)
  picks: heuristic:340x(wr=0.53)  rl_experiments_v3/exp_growing_pool_seed21/seg_50000.pt:296x(wr=0.51)  rl_experiments_v3/exp_growing_pool_seed21/seg_100000.pt:376x(wr=0.46)  rl_experiments_v3/exp_growing_pool_seed21/seg_150000.pt:535x(wr=0.56)  rl_experiments_v3/exp_growing_pool_seed21/seg_200000.pt:453x(wr=0.53)
episode 204000  train_avg=   -2.1  adv_avg=  -23.2  eval_avg(500)=   +5.1  win_rate= 50.6%  entropy_beta=0.0020  baseline=  -31.7  (84.6s)
  picks: heuristic:737x(wr=0.58)  rl_experiments_v3/exp_growing_pool_seed21/seg_50000.pt:763x(wr=0.41)  rl_experiments_v3/exp_growing_pool_seed21/seg_100000.pt:991x(wr=0.47)  rl_experiments_v3/exp_growing_pool_seed21/seg_150000.pt:780x(wr=0.44)  rl_experiments_v3/exp_growing_pool_seed21/seg_200000.pt:729x(wr=0.54)
episode 206000  train_avg=   +6.0  adv_avg=   +2.4  eval_avg(500)=   +7.1  win_rate= 51.4%  entropy_beta=0.0020  baseline=   -4.1  (129.3s)
  picks: heuristic:892x(wr=0.50)  rl_experiments_v3/exp_growing_pool_seed21/seg_50000.pt:1474x(wr=0.49)  rl_experiments_v3/exp_growing_pool_seed21/seg_100000.pt:1368x(wr=0.52)  rl_experiments_v3/exp_growing_pool_seed21/seg_150000.pt:1169x(wr=0.53)  rl_experiments_v3/exp_growing_pool_seed21/seg_200000.pt:1097x(wr=0.54)
episode 208000  train_avg=  -17.2  adv_avg=   -4.7  eval_avg(500)=  +23.6  win_rate= 54.8%  entropy_beta=0.0020  baseline=  -15.7  (171.6s)
  picks: heuristic:1281x(wr=0.44)  rl_experiments_v3/exp_growing_pool_seed21/seg_50000.pt:2031x(wr=0.47)  rl_experiments_v3/exp_growing_pool_seed21/seg_100000.pt:1841x(wr=0.55)  rl_experiments_v3/exp_growing_pool_seed21/seg_150000.pt:1522x(wr=0.49)  rl_experiments_v3/exp_growing_pool_seed21/seg_200000.pt:1325x(wr=0.54)
episode 210000  train_avg=   +4.0  adv_avg=   -6.1  eval_avg(500)=  +13.8  win_rate= 53.0%  entropy_beta=0.0020  baseline=  -35.1  (211.8s)
  picks: heuristic:1859x(wr=0.55)  rl_experiments_v3/exp_growing_pool_seed21/seg_50000.pt:2457x(wr=0.42)  rl_experiments_v3/exp_growing_pool_seed21/seg_100000.pt:2122x(wr=0.46)  rl_experiments_v3/exp_growing_pool_seed21/seg_150000.pt:2072x(wr=0.50)  rl_experiments_v3/exp_growing_pool_seed21/seg_200000.pt:1490x(wr=0.61)
episode 212000  train_avg=  +18.0  adv_avg=  +16.0  eval_avg(500)=  +18.4  win_rate= 54.0%  entropy_beta=0.0020  baseline=   -1.1  (253.8s)
  picks: heuristic:2200x(wr=0.54)  rl_experiments_v3/exp_growing_pool_seed21/seg_50000.pt:3042x(wr=0.54)  rl_experiments_v3/exp_growing_pool_seed21/seg_100000.pt:2601x(wr=0.44)  rl_experiments_v3/exp_growing_pool_seed21/seg_150000.pt:2451x(wr=0.52)  rl_experiments_v3/exp_growing_pool_seed21/seg_200000.pt:1706x(wr=0.60)
episode 214000  train_avg=   +2.1  adv_avg=   -3.2  eval_avg(500)=   +9.1  win_rate= 51.4%  entropy_beta=0.0020  baseline=  -63.4  (294.5s)
  picks: heuristic:2438x(wr=0.48)  rl_experiments_v3/exp_growing_pool_seed21/seg_50000.pt:3620x(wr=0.49)  rl_experiments_v3/exp_growing_pool_seed21/seg_100000.pt:3097x(wr=0.50)  rl_experiments_v3/exp_growing_pool_seed21/seg_150000.pt:2858x(wr=0.59)  rl_experiments_v3/exp_growing_pool_seed21/seg_200000.pt:1987x(wr=0.45)
episode 216000  train_avg=  +15.5  adv_avg=  +16.9  eval_avg(500)=   +6.8  win_rate= 51.6%  entropy_beta=0.0020  baseline=   +4.6  (334.6s)
  picks: heuristic:2818x(wr=0.63)  rl_experiments_v3/exp_growing_pool_seed21/seg_50000.pt:4039x(wr=0.48)  rl_experiments_v3/exp_growing_pool_seed21/seg_100000.pt:3478x(wr=0.52)  rl_experiments_v3/exp_growing_pool_seed21/seg_150000.pt:3070x(wr=0.50)  rl_experiments_v3/exp_growing_pool_seed21/seg_200000.pt:2595x(wr=0.45)
episode 218000  train_avg=   +8.9  adv_avg=   +1.9  eval_avg(500)=  +31.2  win_rate= 57.2%  entropy_beta=0.0020  baseline=   +9.2  (375.8s)
  picks: heuristic:2975x(wr=0.45)  rl_experiments_v3/exp_growing_pool_seed21/seg_50000.pt:4401x(wr=0.52)  rl_experiments_v3/exp_growing_pool_seed21/seg_100000.pt:3830x(wr=0.47)  rl_experiments_v3/exp_growing_pool_seed21/seg_150000.pt:3662x(wr=0.51)  rl_experiments_v3/exp_growing_pool_seed21/seg_200000.pt:3132x(wr=0.51)
episode 220000  train_avg=  -13.3  adv_avg=   -9.6  eval_avg(500)=  +14.8  win_rate= 53.0%  entropy_beta=0.0020  baseline=   +0.8  (413.2s)
  picks: heuristic:3530x(wr=0.46)  rl_experiments_v3/exp_growing_pool_seed21/seg_50000.pt:4741x(wr=0.43)  rl_experiments_v3/exp_growing_pool_seed21/seg_100000.pt:4287x(wr=0.43)  rl_experiments_v3/exp_growing_pool_seed21/seg_150000.pt:4012x(wr=0.51)  rl_experiments_v3/exp_growing_pool_seed21/seg_200000.pt:3430x(wr=0.43)
episode 222000  train_avg=   +5.5  adv_avg=   -0.6  eval_avg(500)=  +24.1  win_rate= 54.8%  entropy_beta=0.0020  baseline=   -6.1  (453.8s)
  picks: heuristic:3849x(wr=0.55)  rl_experiments_v3/exp_growing_pool_seed21/seg_50000.pt:5123x(wr=0.52)  rl_experiments_v3/exp_growing_pool_seed21/seg_100000.pt:4918x(wr=0.56)  rl_experiments_v3/exp_growing_pool_seed21/seg_150000.pt:4254x(wr=0.48)  rl_experiments_v3/exp_growing_pool_seed21/seg_200000.pt:3856x(wr=0.49)
episode 224000  train_avg=  +39.5  adv_avg=   +8.9  eval_avg(500)=   +1.6  win_rate= 50.8%  entropy_beta=0.0020  baseline=   -7.9  (494.8s)
  picks: heuristic:4086x(wr=0.56)  rl_experiments_v3/exp_growing_pool_seed21/seg_50000.pt:5600x(wr=0.58)  rl_experiments_v3/exp_growing_pool_seed21/seg_100000.pt:5188x(wr=0.56)  rl_experiments_v3/exp_growing_pool_seed21/seg_150000.pt:4713x(wr=0.52)  rl_experiments_v3/exp_growing_pool_seed21/seg_200000.pt:4413x(wr=0.51)
episode 226000  train_avg=  +36.4  adv_avg=  +19.4  eval_avg(500)=  +11.3  win_rate= 51.4%  entropy_beta=0.0020  baseline=  -17.5  (533.4s)
  picks: heuristic:4511x(wr=0.55)  rl_experiments_v3/exp_growing_pool_seed21/seg_50000.pt:5830x(wr=0.49)  rl_experiments_v3/exp_growing_pool_seed21/seg_100000.pt:5528x(wr=0.57)  rl_experiments_v3/exp_growing_pool_seed21/seg_150000.pt:5299x(wr=0.55)  rl_experiments_v3/exp_growing_pool_seed21/seg_200000.pt:4832x(wr=0.49)
episode 228000  train_avg=   -3.8  adv_avg=  +10.4  eval_avg(500)=  +10.1  win_rate= 52.2%  entropy_beta=0.0020  baseline=  +42.5  (571.7s)
  picks: heuristic:4889x(wr=0.55)  rl_experiments_v3/exp_growing_pool_seed21/seg_50000.pt:6212x(wr=0.51)  rl_experiments_v3/exp_growing_pool_seed21/seg_100000.pt:5848x(wr=0.50)  rl_experiments_v3/exp_growing_pool_seed21/seg_150000.pt:5648x(wr=0.39)  rl_experiments_v3/exp_growing_pool_seed21/seg_200000.pt:5403x(wr=0.58)
episode 230000  train_avg=  +19.9  adv_avg=  +23.2  eval_avg(500)=   +6.2  win_rate= 50.0%  entropy_beta=0.0020  baseline=   +9.6  (610.4s)
  picks: heuristic:5219x(wr=0.58)  rl_experiments_v3/exp_growing_pool_seed21/seg_50000.pt:6515x(wr=0.45)  rl_experiments_v3/exp_growing_pool_seed21/seg_100000.pt:6098x(wr=0.58)  rl_experiments_v3/exp_growing_pool_seed21/seg_150000.pt:6530x(wr=0.57)  rl_experiments_v3/exp_growing_pool_seed21/seg_200000.pt:5638x(wr=0.51)
episode 232000  train_avg=   +1.3  adv_avg=   +5.6  eval_avg(500)=  +22.3  win_rate= 54.0%  entropy_beta=0.0020  baseline=   -4.3  (650.1s)
  picks: heuristic:5497x(wr=0.60)  rl_experiments_v3/exp_growing_pool_seed21/seg_50000.pt:7038x(wr=0.46)  rl_experiments_v3/exp_growing_pool_seed21/seg_100000.pt:6492x(wr=0.45)  rl_experiments_v3/exp_growing_pool_seed21/seg_150000.pt:6718x(wr=0.46)  rl_experiments_v3/exp_growing_pool_seed21/seg_200000.pt:6255x(wr=0.57)
episode 234000  train_avg=  +11.2  adv_avg=   -2.7  eval_avg(500)=   +1.8  win_rate= 50.4%  entropy_beta=0.0020  baseline=   +6.2  (689.8s)
  picks: heuristic:5725x(wr=0.61)  rl_experiments_v3/exp_growing_pool_seed21/seg_50000.pt:7476x(wr=0.43)  rl_experiments_v3/exp_growing_pool_seed21/seg_100000.pt:7094x(wr=0.49)  rl_experiments_v3/exp_growing_pool_seed21/seg_150000.pt:7210x(wr=0.56)  rl_experiments_v3/exp_growing_pool_seed21/seg_200000.pt:6495x(wr=0.50)
episode 236000  train_avg=   +2.2  adv_avg=   +8.6  eval_avg(500)=   +8.9  win_rate= 51.4%  entropy_beta=0.0020  baseline=  +18.2  (730.2s)
  picks: heuristic:5851x(wr=0.60)  rl_experiments_v3/exp_growing_pool_seed21/seg_50000.pt:7983x(wr=0.49)  rl_experiments_v3/exp_growing_pool_seed21/seg_100000.pt:7642x(wr=0.47)  rl_experiments_v3/exp_growing_pool_seed21/seg_150000.pt:7713x(wr=0.49)  rl_experiments_v3/exp_growing_pool_seed21/seg_200000.pt:6811x(wr=0.55)
episode 238000  train_avg=  +12.2  adv_avg=  -21.9  eval_avg(500)=  +16.8  win_rate= 53.8%  entropy_beta=0.0020  baseline=   +4.4  (769.9s)
  picks: heuristic:6133x(wr=0.57)  rl_experiments_v3/exp_growing_pool_seed21/seg_50000.pt:8384x(wr=0.57)  rl_experiments_v3/exp_growing_pool_seed21/seg_100000.pt:8194x(wr=0.54)  rl_experiments_v3/exp_growing_pool_seed21/seg_150000.pt:8255x(wr=0.54)  rl_experiments_v3/exp_growing_pool_seed21/seg_200000.pt:7034x(wr=0.51)
episode 240000  train_avg=  +27.8  adv_avg=  +23.2  eval_avg(500)=  +20.6  win_rate= 54.0%  entropy_beta=0.0020  baseline=  +21.2  (806.9s)
  picks: heuristic:6662x(wr=0.59)  rl_experiments_v3/exp_growing_pool_seed21/seg_50000.pt:8692x(wr=0.47)  rl_experiments_v3/exp_growing_pool_seed21/seg_100000.pt:8581x(wr=0.55)  rl_experiments_v3/exp_growing_pool_seed21/seg_150000.pt:8582x(wr=0.55)  rl_experiments_v3/exp_growing_pool_seed21/seg_200000.pt:7483x(wr=0.56)
episode 242000  train_avg=  +34.0  adv_avg=   -2.1  eval_avg(500)=  +31.4  win_rate= 56.4%  entropy_beta=0.0020  baseline=  +13.9  (847.2s)
  picks: heuristic:6873x(wr=0.47)  rl_experiments_v3/exp_growing_pool_seed21/seg_50000.pt:9397x(wr=0.56)  rl_experiments_v3/exp_growing_pool_seed21/seg_100000.pt:9042x(wr=0.48)  rl_experiments_v3/exp_growing_pool_seed21/seg_150000.pt:8940x(wr=0.57)  rl_experiments_v3/exp_growing_pool_seed21/seg_200000.pt:7748x(wr=0.60)
episode 244000  train_avg=   -5.6  adv_avg=  -21.1  eval_avg(500)=   +7.4  win_rate= 50.6%  entropy_beta=0.0020  baseline=  -72.4  (885.6s)
  picks: heuristic:7348x(wr=0.49)  rl_experiments_v3/exp_growing_pool_seed21/seg_50000.pt:9600x(wr=0.46)  rl_experiments_v3/exp_growing_pool_seed21/seg_100000.pt:9592x(wr=0.43)  rl_experiments_v3/exp_growing_pool_seed21/seg_150000.pt:9358x(wr=0.43)  rl_experiments_v3/exp_growing_pool_seed21/seg_200000.pt:8102x(wr=0.54)
episode 246000  train_avg=  +16.6  adv_avg=  -14.9  eval_avg(500)=  +42.1  win_rate= 58.6%  entropy_beta=0.0020  baseline=  -42.9  (924.9s)
  picks: heuristic:7725x(wr=0.56)  rl_experiments_v3/exp_growing_pool_seed21/seg_50000.pt:9928x(wr=0.56)  rl_experiments_v3/exp_growing_pool_seed21/seg_100000.pt:10151x(wr=0.50)  rl_experiments_v3/exp_growing_pool_seed21/seg_150000.pt:9714x(wr=0.55)  rl_experiments_v3/exp_growing_pool_seed21/seg_200000.pt:8482x(wr=0.53)
episode 248000  train_avg=  -23.6  adv_avg=   -4.8  eval_avg(500)=  +27.6  win_rate= 55.8%  entropy_beta=0.0020  baseline=  -15.6  (965.3s)
  picks: heuristic:7967x(wr=0.62)  rl_experiments_v3/exp_growing_pool_seed21/seg_50000.pt:10388x(wr=0.43)  rl_experiments_v3/exp_growing_pool_seed21/seg_100000.pt:10532x(wr=0.47)  rl_experiments_v3/exp_growing_pool_seed21/seg_150000.pt:10120x(wr=0.45)  rl_experiments_v3/exp_growing_pool_seed21/seg_200000.pt:8993x(wr=0.46)
episode 250000  train_avg=   +8.8  adv_avg=   +2.1  eval_avg(500)=  +27.1  win_rate= 55.6%  entropy_beta=0.0020  baseline=   +7.8  (1007.9s)
  picks: heuristic:8068x(wr=0.65)  rl_experiments_v3/exp_growing_pool_seed21/seg_50000.pt:10807x(wr=0.49)  rl_experiments_v3/exp_growing_pool_seed21/seg_100000.pt:10929x(wr=0.49)  rl_experiments_v3/exp_growing_pool_seed21/seg_150000.pt:10619x(wr=0.49)  rl_experiments_v3/exp_growing_pool_seed21/seg_200000.pt:9577x(wr=0.51)
poids sauvegardes dans rl_experiments_v3/exp_growing_pool_seed21/seg_250000.pt
PFSP picks total: heuristic:8068x(wr=0.65)  rl_experiments_v3/exp_growing_pool_seed21/seg_50000.pt:10807x(wr=0.49)  rl_experiments_v3/exp_growing_pool_seed21/seg_100000.pt:10929x(wr=0.49)  rl_experiments_v3/exp_growing_pool_seed21/seg_150000.pt:10619x(wr=0.49)  rl_experiments_v3/exp_growing_pool_seed21/seg_200000.pt:9577x(wr=0.51)
