adversaire fige charge depuis rl_experiments_v3/exp_growing_pool_seed21/seg_50000.pt
adversaire fige charge depuis rl_experiments_v3/exp_growing_pool_seed21/seg_100000.pt
adversaire fige charge depuis rl_experiments_v3/exp_growing_pool_seed21/seg_150000.pt
poids charges depuis rl_experiments_v3/exp_growing_pool_seed21/seg_150000.pt
episode 152000  train_avg=  +31.0  adv_avg=  +15.8  eval_avg(500)=  +10.2  win_rate= 51.0%  entropy_beta=0.0020  baseline=  +21.3  (37.7s)
  picks: heuristic:576x(wr=0.53)  rl_experiments_v3/exp_growing_pool_seed21/seg_50000.pt:430x(wr=0.53)  rl_experiments_v3/exp_growing_pool_seed21/seg_100000.pt:332x(wr=0.60)  rl_experiments_v3/exp_growing_pool_seed21/seg_150000.pt:662x(wr=0.54)
episode 154000  train_avg=  +25.4  adv_avg=  +38.4  eval_avg(500)=  +21.1  win_rate= 54.4%  entropy_beta=0.0020  baseline=  +58.6  (74.3s)
  picks: heuristic:1245x(wr=0.57)  rl_experiments_v3/exp_growing_pool_seed21/seg_50000.pt:862x(wr=0.47)  rl_experiments_v3/exp_growing_pool_seed21/seg_100000.pt:616x(wr=0.50)  rl_experiments_v3/exp_growing_pool_seed21/seg_150000.pt:1277x(wr=0.54)
episode 156000  train_avg=  -14.8  adv_avg=  -13.8  eval_avg(500)=  +11.3  win_rate= 51.6%  entropy_beta=0.0020  baseline=   +1.4  (114.7s)
  picks: heuristic:1504x(wr=0.45)  rl_experiments_v3/exp_growing_pool_seed21/seg_50000.pt:1540x(wr=0.54)  rl_experiments_v3/exp_growing_pool_seed21/seg_100000.pt:1287x(wr=0.53)  rl_experiments_v3/exp_growing_pool_seed21/seg_150000.pt:1669x(wr=0.39)
episode 158000  train_avg=  +17.9  adv_avg=   +4.7  eval_avg(500)=  +19.2  win_rate= 53.6%  entropy_beta=0.0020  baseline=  -30.7  (154.2s)
  picks: heuristic:1973x(wr=0.54)  rl_experiments_v3/exp_growing_pool_seed21/seg_50000.pt:2028x(wr=0.45)  rl_experiments_v3/exp_growing_pool_seed21/seg_100000.pt:1664x(wr=0.61)  rl_experiments_v3/exp_growing_pool_seed21/seg_150000.pt:2335x(wr=0.47)
episode 160000  train_avg=  -32.3  adv_avg=   -8.0  eval_avg(500)=  +20.8  win_rate= 54.6%  entropy_beta=0.0020  baseline=  +21.7  (193.2s)
  picks: heuristic:2297x(wr=0.47)  rl_experiments_v3/exp_growing_pool_seed21/seg_50000.pt:2727x(wr=0.45)  rl_experiments_v3/exp_growing_pool_seed21/seg_100000.pt:1896x(wr=0.46)  rl_experiments_v3/exp_growing_pool_seed21/seg_150000.pt:3080x(wr=0.53)
episode 162000  train_avg=   -7.8  adv_avg=   -2.7  eval_avg(500)=  +11.8  win_rate= 52.4%  entropy_beta=0.0020  baseline=  +11.8  (228.3s)
  picks: heuristic:2929x(wr=0.48)  rl_experiments_v3/exp_growing_pool_seed21/seg_50000.pt:3266x(wr=0.47)  rl_experiments_v3/exp_growing_pool_seed21/seg_100000.pt:2257x(wr=0.44)  rl_experiments_v3/exp_growing_pool_seed21/seg_150000.pt:3548x(wr=0.49)
episode 164000  train_avg=  +17.4  adv_avg=   -6.6  eval_avg(500)=   +9.9  win_rate= 52.8%  entropy_beta=0.0020  baseline=  +16.4  (266.2s)
  picks: heuristic:3356x(wr=0.52)  rl_experiments_v3/exp_growing_pool_seed21/seg_50000.pt:3626x(wr=0.48)  rl_experiments_v3/exp_growing_pool_seed21/seg_100000.pt:2779x(wr=0.53)  rl_experiments_v3/exp_growing_pool_seed21/seg_150000.pt:4239x(wr=0.55)
episode 166000  train_avg=   +9.2  adv_avg=   -7.2  eval_avg(500)=  +16.5  win_rate= 52.2%  entropy_beta=0.0020  baseline=  +27.4  (305.3s)
  picks: heuristic:3833x(wr=0.52)  rl_experiments_v3/exp_growing_pool_seed21/seg_50000.pt:4231x(wr=0.38)  rl_experiments_v3/exp_growing_pool_seed21/seg_100000.pt:3249x(wr=0.55)  rl_experiments_v3/exp_growing_pool_seed21/seg_150000.pt:4687x(wr=0.57)
episode 168000  train_avg=   -5.7  adv_avg=  +24.0  eval_avg(500)=   -0.8  win_rate= 49.6%  entropy_beta=0.0020  baseline=  +37.7  (343.2s)
  picks: heuristic:4242x(wr=0.49)  rl_experiments_v3/exp_growing_pool_seed21/seg_50000.pt:5036x(wr=0.47)  rl_experiments_v3/exp_growing_pool_seed21/seg_100000.pt:3566x(wr=0.45)  rl_experiments_v3/exp_growing_pool_seed21/seg_150000.pt:5156x(wr=0.54)
episode 170000  train_avg=   +8.4  adv_avg=   +3.2  eval_avg(500)=  +13.9  win_rate= 52.8%  entropy_beta=0.0020  baseline=  +42.2  (383.6s)
  picks: heuristic:4509x(wr=0.50)  rl_experiments_v3/exp_growing_pool_seed21/seg_50000.pt:5763x(wr=0.50)  rl_experiments_v3/exp_growing_pool_seed21/seg_100000.pt:4316x(wr=0.56)  rl_experiments_v3/exp_growing_pool_seed21/seg_150000.pt:5412x(wr=0.50)
episode 172000  train_avg=   +0.9  adv_avg=   +2.1  eval_avg(500)=   +2.2  win_rate= 50.8%  entropy_beta=0.0020  baseline=   -9.3  (422.2s)
  picks: heuristic:4888x(wr=0.58)  rl_experiments_v3/exp_growing_pool_seed21/seg_50000.pt:6298x(wr=0.54)  rl_experiments_v3/exp_growing_pool_seed21/seg_100000.pt:4949x(wr=0.46)  rl_experiments_v3/exp_growing_pool_seed21/seg_150000.pt:5865x(wr=0.45)
episode 174000  train_avg=   +1.9  adv_avg=  -12.7  eval_avg(500)=  +30.5  win_rate= 56.4%  entropy_beta=0.0020  baseline=   +2.1  (464.0s)
  picks: heuristic:5270x(wr=0.53)  rl_experiments_v3/exp_growing_pool_seed21/seg_50000.pt:6687x(wr=0.43)  rl_experiments_v3/exp_growing_pool_seed21/seg_100000.pt:5450x(wr=0.54)  rl_experiments_v3/exp_growing_pool_seed21/seg_150000.pt:6593x(wr=0.47)
episode 176000  train_avg=   +0.2  adv_avg=  +33.4  eval_avg(500)=  +18.9  win_rate= 53.6%  entropy_beta=0.0020  baseline=  +37.1  (504.1s)
  picks: heuristic:5570x(wr=0.51)  rl_experiments_v3/exp_growing_pool_seed21/seg_50000.pt:7490x(wr=0.56)  rl_experiments_v3/exp_growing_pool_seed21/seg_100000.pt:5812x(wr=0.49)  rl_experiments_v3/exp_growing_pool_seed21/seg_150000.pt:7128x(wr=0.51)
episode 178000  train_avg=   -0.5  adv_avg=   +3.3  eval_avg(500)=  +19.1  win_rate= 53.6%  entropy_beta=0.0020  baseline=  +23.2  (544.1s)
  picks: heuristic:5962x(wr=0.44)  rl_experiments_v3/exp_growing_pool_seed21/seg_50000.pt:8371x(wr=0.56)  rl_experiments_v3/exp_growing_pool_seed21/seg_100000.pt:6173x(wr=0.55)  rl_experiments_v3/exp_growing_pool_seed21/seg_150000.pt:7494x(wr=0.48)
episode 180000  train_avg=  -40.1  adv_avg=   -4.2  eval_avg(500)=   +9.2  win_rate= 52.2%  entropy_beta=0.0020  baseline=   -4.4  (581.9s)
  picks: heuristic:6628x(wr=0.40)  rl_experiments_v3/exp_growing_pool_seed21/seg_50000.pt:8724x(wr=0.54)  rl_experiments_v3/exp_growing_pool_seed21/seg_100000.pt:6662x(wr=0.34)  rl_experiments_v3/exp_growing_pool_seed21/seg_150000.pt:7986x(wr=0.54)
episode 182000  train_avg=  -10.2  adv_avg=   -5.4  eval_avg(500)=  +22.8  win_rate= 54.2%  entropy_beta=0.0020  baseline=  +12.8  (620.5s)
  picks: heuristic:7106x(wr=0.55)  rl_experiments_v3/exp_growing_pool_seed21/seg_50000.pt:9141x(wr=0.41)  rl_experiments_v3/exp_growing_pool_seed21/seg_100000.pt:7343x(wr=0.58)  rl_experiments_v3/exp_growing_pool_seed21/seg_150000.pt:8410x(wr=0.48)
episode 184000  train_avg=   -2.5  adv_avg=   +3.2  eval_avg(500)=  +26.3  win_rate= 55.2%  entropy_beta=0.0020  baseline=   +6.7  (659.7s)
  picks: heuristic:7416x(wr=0.59)  rl_experiments_v3/exp_growing_pool_seed21/seg_50000.pt:9904x(wr=0.41)  rl_experiments_v3/exp_growing_pool_seed21/seg_100000.pt:7571x(wr=0.52)  rl_experiments_v3/exp_growing_pool_seed21/seg_150000.pt:9109x(wr=0.53)
episode 186000  train_avg=  -13.2  adv_avg=   +9.1  eval_avg(500)=  +13.3  win_rate= 52.4%  entropy_beta=0.0020  baseline=  +25.2  (703.3s)
  picks: heuristic:7667x(wr=0.46)  rl_experiments_v3/exp_growing_pool_seed21/seg_50000.pt:10778x(wr=0.49)  rl_experiments_v3/exp_growing_pool_seed21/seg_100000.pt:7935x(wr=0.48)  rl_experiments_v3/exp_growing_pool_seed21/seg_150000.pt:9620x(wr=0.50)
episode 188000  train_avg=   -3.6  adv_avg=   -0.8  eval_avg(500)=  +20.1  win_rate= 53.6%  entropy_beta=0.0020  baseline=   -5.1  (746.1s)
  picks: heuristic:8052x(wr=0.62)  rl_experiments_v3/exp_growing_pool_seed21/seg_50000.pt:11192x(wr=0.46)  rl_experiments_v3/exp_growing_pool_seed21/seg_100000.pt:8446x(wr=0.62)  rl_experiments_v3/exp_growing_pool_seed21/seg_150000.pt:10310x(wr=0.41)
episode 190000  train_avg=  +11.7  adv_avg=  +11.5  eval_avg(500)=  +36.9  win_rate= 57.0%  entropy_beta=0.0020  baseline=  -51.7  (787.6s)
  picks: heuristic:8299x(wr=0.51)  rl_experiments_v3/exp_growing_pool_seed21/seg_50000.pt:11640x(wr=0.59)  rl_experiments_v3/exp_growing_pool_seed21/seg_100000.pt:8725x(wr=0.43)  rl_experiments_v3/exp_growing_pool_seed21/seg_150000.pt:11336x(wr=0.51)
episode 192000  train_avg=  -10.4  adv_avg=  -12.9  eval_avg(500)=  +31.8  win_rate= 56.6%  entropy_beta=0.0020  baseline=  +44.1  (826.9s)
  picks: heuristic:8744x(wr=0.49)  rl_experiments_v3/exp_growing_pool_seed21/seg_50000.pt:11928x(wr=0.51)  rl_experiments_v3/exp_growing_pool_seed21/seg_100000.pt:9430x(wr=0.53)  rl_experiments_v3/exp_growing_pool_seed21/seg_150000.pt:11898x(wr=0.47)
episode 194000  train_avg=  +17.8  adv_avg=   +7.9  eval_avg(500)=   +0.7  win_rate= 50.0%  entropy_beta=0.0020  baseline=   +6.1  (868.5s)
  picks: heuristic:9165x(wr=0.61)  rl_experiments_v3/exp_growing_pool_seed21/seg_50000.pt:12445x(wr=0.55)  rl_experiments_v3/exp_growing_pool_seed21/seg_100000.pt:9732x(wr=0.49)  rl_experiments_v3/exp_growing_pool_seed21/seg_150000.pt:12658x(wr=0.52)
episode 196000  train_avg=  -35.0  adv_avg=   +1.4  eval_avg(500)=   +0.5  win_rate= 50.2%  entropy_beta=0.0020  baseline=  -32.9  (908.4s)
  picks: heuristic:9480x(wr=0.49)  rl_experiments_v3/exp_growing_pool_seed21/seg_50000.pt:12850x(wr=0.41)  rl_experiments_v3/exp_growing_pool_seed21/seg_100000.pt:10344x(wr=0.35)  rl_experiments_v3/exp_growing_pool_seed21/seg_150000.pt:13326x(wr=0.50)
episode 198000  train_avg=  +45.9  adv_avg=  +37.4  eval_avg(500)=  +27.9  win_rate= 55.4%  entropy_beta=0.0020  baseline=   +1.7  (948.5s)
  picks: heuristic:9805x(wr=0.51)  rl_experiments_v3/exp_growing_pool_seed21/seg_50000.pt:13431x(wr=0.58)  rl_experiments_v3/exp_growing_pool_seed21/seg_100000.pt:11137x(wr=0.59)  rl_experiments_v3/exp_growing_pool_seed21/seg_150000.pt:13627x(wr=0.54)
episode 200000  train_avg=  -14.8  adv_avg=   +2.2  eval_avg(500)=  +29.8  win_rate= 56.8%  entropy_beta=0.0020  baseline=  -36.8  (989.9s)
  picks: heuristic:10264x(wr=0.47)  rl_experiments_v3/exp_growing_pool_seed21/seg_50000.pt:14020x(wr=0.39)  rl_experiments_v3/exp_growing_pool_seed21/seg_100000.pt:11467x(wr=0.50)  rl_experiments_v3/exp_growing_pool_seed21/seg_150000.pt:14249x(wr=0.46)
poids sauvegardes dans rl_experiments_v3/exp_growing_pool_seed21/seg_200000.pt
PFSP picks total: heuristic:10264x(wr=0.47)  rl_experiments_v3/exp_growing_pool_seed21/seg_50000.pt:14020x(wr=0.39)  rl_experiments_v3/exp_growing_pool_seed21/seg_100000.pt:11467x(wr=0.50)  rl_experiments_v3/exp_growing_pool_seed21/seg_150000.pt:14249x(wr=0.46)
