poids charges depuis rl_experiments_v4/imit_bignet_ent02.pt
episode   5000  train_avg=  +25.7  adv_avg=  +16.3  eval_avg(500)=  +20.0  win_rate= 53.6%  entropy_coef=0.0020  policy_loss=-0.0084  value_loss=1.1261  entropy=0.190  clip_frac= 1.1%  (117.3s)
episode  10000  train_avg=  -12.4  adv_avg=   -0.3  eval_avg(500)=  +15.9  win_rate= 54.0%  entropy_coef=0.0020  policy_loss=-0.0107  value_loss=1.0020  entropy=0.192  clip_frac= 1.7%  (235.4s)
episode  15000  train_avg=  +27.5  adv_avg=   -5.0  eval_avg(500)=  +13.9  win_rate= 52.4%  entropy_coef=0.0020  policy_loss=-0.0082  value_loss=0.9978  entropy=0.204  clip_frac= 1.1%  (355.7s)
episode  20000  train_avg=  +17.8  adv_avg=   +4.7  eval_avg(500)=   -4.2  win_rate= 48.6%  entropy_coef=0.0020  policy_loss=-0.0100  value_loss=1.0154  entropy=0.210  clip_frac= 2.0%  (472.7s)
episode  25000  train_avg=   +7.2  adv_avg=  -10.8  eval_avg(500)=  +21.6  win_rate= 54.4%  entropy_coef=0.0020  policy_loss=-0.0088  value_loss=1.0004  entropy=0.188  clip_frac= 1.4%  (588.3s)
episode  30000  train_avg=  +35.9  adv_avg=  +21.1  eval_avg(500)=  +40.7  win_rate= 59.2%  entropy_coef=0.0020  policy_loss=-0.0095  value_loss=1.0107  entropy=0.193  clip_frac= 1.9%  (704.9s)
episode  35000  train_avg=   +5.3  adv_avg=   +5.5  eval_avg(500)=  +26.5  win_rate= 56.0%  entropy_coef=0.0020  policy_loss=-0.0102  value_loss=1.0017  entropy=0.224  clip_frac= 1.8%  (822.9s)
episode  40000  train_avg=  +10.2  adv_avg=  +13.6  eval_avg(500)=   -1.3  win_rate= 49.4%  entropy_coef=0.0020  policy_loss=-0.0089  value_loss=0.9903  entropy=0.201  clip_frac= 1.5%  (940.1s)
episode  45000  train_avg=  -18.1  adv_avg=  +11.7  eval_avg(500)=  +19.0  win_rate= 54.4%  entropy_coef=0.0020  policy_loss=-0.0108  value_loss=0.9886  entropy=0.205  clip_frac= 2.0%  (1059.0s)
episode  50000  train_avg=   -7.2  adv_avg=  -21.8  eval_avg(500)=  +16.9  win_rate= 53.2%  entropy_coef=0.0020  policy_loss=-0.0097  value_loss=1.0080  entropy=0.209  clip_frac= 1.6%  (1175.5s)
episode  55000  train_avg=   +1.9  adv_avg=  +18.9  eval_avg(500)=   +1.6  win_rate= 50.8%  entropy_coef=0.0020  policy_loss=-0.0107  value_loss=0.9915  entropy=0.205  clip_frac= 1.8%  (1296.3s)
episode  60000  train_avg=  +18.0  adv_avg=   +1.1  eval_avg(500)=  +17.2  win_rate= 53.2%  entropy_coef=0.0020  policy_loss=-0.0113  value_loss=1.0266  entropy=0.197  clip_frac= 2.2%  (1419.2s)
episode  65000  train_avg=   -3.5  adv_avg=  +12.5  eval_avg(500)=  +38.0  win_rate= 58.2%  entropy_coef=0.0020  policy_loss=-0.0127  value_loss=1.0016  entropy=0.207  clip_frac= 2.1%  (1546.9s)
episode  70000  train_avg=  +25.6  adv_avg=  +16.8  eval_avg(500)=  +19.2  win_rate= 54.8%  entropy_coef=0.0020  policy_loss=-0.0097  value_loss=0.9938  entropy=0.199  clip_frac= 1.7%  (1674.0s)
episode  75000  train_avg=  +24.7  adv_avg=   +8.0  eval_avg(500)=  +18.2  win_rate= 54.2%  entropy_coef=0.0020  policy_loss=-0.0108  value_loss=1.0403  entropy=0.210  clip_frac= 1.9%  (1797.4s)
episode  80000  train_avg=   -1.8  adv_avg=  +34.0  eval_avg(500)=  +25.7  win_rate= 56.0%  entropy_coef=0.0020  policy_loss=-0.0101  value_loss=0.9814  entropy=0.212  clip_frac= 2.2%  (1919.7s)
episode  85000  train_avg=   +0.4  adv_avg=  +38.8  eval_avg(500)=  +16.8  win_rate= 52.8%  entropy_coef=0.0020  policy_loss=-0.0120  value_loss=0.9794  entropy=0.216  clip_frac= 2.1%  (2040.4s)
episode  90000  train_avg=   -0.8  adv_avg=   +3.9  eval_avg(500)=  +15.5  win_rate= 52.6%  entropy_coef=0.0020  policy_loss=-0.0098  value_loss=1.0228  entropy=0.191  clip_frac= 1.7%  (2164.3s)
episode  95000  train_avg=  +18.6  adv_avg=  +38.6  eval_avg(500)=  +30.2  win_rate= 56.8%  entropy_coef=0.0020  policy_loss=-0.0109  value_loss=0.9913  entropy=0.191  clip_frac= 2.3%  (2286.4s)
episode 100000  train_avg=  +35.0  adv_avg=  +32.2  eval_avg(500)=  +22.7  win_rate= 55.2%  entropy_coef=0.0020  policy_loss=-0.0090  value_loss=1.0000  entropy=0.203  clip_frac= 1.7%  (2408.4s)
poids sauvegardes dans rl_experiments_v4/exp_shared_deep_lr3e-5_epochs4_vc02_seed21/ppo_100000.pt
