poids charges depuis rl_experiments_v3/imit.pt
episode   5000  train_avg=   +0.7  adv_avg=  +21.0  eval_avg(500)=  +15.1  win_rate= 52.4%  entropy_beta=0.0020  baseline=  +39.2  (65.3s)
episode  10000  train_avg=  -22.6  adv_avg=  -17.1  eval_avg(500)=   +5.3  win_rate= 50.8%  entropy_beta=0.0020  baseline=   -2.1  (130.1s)
episode  15000  train_avg=   -4.4  adv_avg=   +3.0  eval_avg(500)=   +5.4  win_rate= 51.4%  entropy_beta=0.0020  baseline=  +29.5  (195.0s)
episode  20000  train_avg=  -31.9  adv_avg=  -17.1  eval_avg(500)=  +12.1  win_rate= 52.0%  entropy_beta=0.0020  baseline=   +4.7  (260.3s)
episode  25000  train_avg=  +13.9  adv_avg=  +13.6  eval_avg(500)=   +9.6  win_rate= 51.6%  entropy_beta=0.0020  baseline=  -58.3  (325.6s)
episode  30000  train_avg=  +16.2  adv_avg=  +12.3  eval_avg(500)=  +11.5  win_rate= 52.2%  entropy_beta=0.0020  baseline=  +64.6  (389.5s)
episode  35000  train_avg=  -37.8  adv_avg=   -9.4  eval_avg(500)=  +15.0  win_rate= 52.2%  entropy_beta=0.0020  baseline=  -47.4  (455.0s)
episode  40000  train_avg=   -8.0  adv_avg=  +26.5  eval_avg(500)=  +10.1  win_rate= 51.0%  entropy_beta=0.0020  baseline=   -6.3  (519.6s)
episode  45000  train_avg=  +30.5  adv_avg=  +24.9  eval_avg(500)=  +11.2  win_rate= 51.8%  entropy_beta=0.0020  baseline=  +38.4  (582.9s)
episode  50000  train_avg=  +25.8  adv_avg=   -3.0  eval_avg(500)=  +17.1  win_rate= 53.8%  entropy_beta=0.0020  baseline=   -7.3  (646.0s)
episode  55000  train_avg=   +6.8  adv_avg=   +5.0  eval_avg(500)=  +17.8  win_rate= 53.8%  entropy_beta=0.0020  baseline=  -13.0  (711.3s)
episode  60000  train_avg=  +19.4  adv_avg=  +31.6  eval_avg(500)=  +14.4  win_rate= 52.4%  entropy_beta=0.0020  baseline=  -11.1  (778.1s)
episode  65000  train_avg=   -7.9  adv_avg=   -6.9  eval_avg(500)=   +3.0  win_rate= 51.0%  entropy_beta=0.0020  baseline=  -46.8  (848.1s)
episode  70000  train_avg=  +18.0  adv_avg=  +20.9  eval_avg(500)=   +8.8  win_rate= 51.4%  entropy_beta=0.0020  baseline=   +2.4  (914.5s)
episode  75000  train_avg=  +31.6  adv_avg=  +40.3  eval_avg(500)=   +8.6  win_rate= 51.6%  entropy_beta=0.0020  baseline=  +71.8  (979.4s)
episode  80000  train_avg=  +16.7  adv_avg=  +17.9  eval_avg(500)=  +18.3  win_rate= 53.6%  entropy_beta=0.0020  baseline=  -21.1  (1044.1s)
episode  85000  train_avg=  +20.1  adv_avg=  +12.7  eval_avg(500)=  +11.6  win_rate= 51.6%  entropy_beta=0.0020  baseline=  +24.9  (1109.2s)
episode  90000  train_avg=   -7.6  adv_avg=   +3.9  eval_avg(500)=  +17.9  win_rate= 53.2%  entropy_beta=0.0020  baseline=  -34.6  (1173.0s)
episode  95000  train_avg=  +11.4  adv_avg=  +17.8  eval_avg(500)=   +8.2  win_rate= 51.0%  entropy_beta=0.0020  baseline=  +55.8  (1238.2s)
episode 100000  train_avg=   +0.0  adv_avg=   +0.6  eval_avg(500)=  +23.9  win_rate= 55.0%  entropy_beta=0.0020  baseline=  +30.2  (1302.5s)
poids sauvegardes dans rl_experiments_v3/exp_reinforce_lr1e-4_seed21/reinforce_100000.pt
