adversaire fige charge depuis rl_experiments_v3/exp_growing_pool_ppo_seed20/seg_50000.pt
adversaire fige charge depuis rl_experiments_v3/exp_growing_pool_ppo_seed20/seg_100000.pt
adversaire fige charge depuis rl_experiments_v3/exp_growing_pool_ppo_seed20/seg_150000.pt
poids charges depuis rl_experiments_v3/exp_growing_pool_ppo_seed20/seg_150000.pt
poids de value_net charges depuis rl_experiments_v3/exp_growing_pool_ppo_seed20/seg_150000.pt
episode 152000  train_avg=  +15.7  adv_avg=  +14.0  eval_avg(500)=   +8.4  win_rate= 51.8%  entropy_coef=0.0020  policy_loss=-0.0051  value_loss=0.9863  entropy=0.161  clip_frac= 0.6%  (44.0s)
  picks: heuristic:398x(wr=0.52)  rl_experiments_v3/exp_growing_pool_ppo_seed20/seg_50000.pt:621x(wr=0.51)  rl_experiments_v3/exp_growing_pool_ppo_seed20/seg_100000.pt:415x(wr=0.57)  rl_experiments_v3/exp_growing_pool_ppo_seed20/seg_150000.pt:566x(wr=0.54)
episode 154000  train_avg=   -7.6  adv_avg=   -7.1  eval_avg(500)=  +21.1  win_rate= 53.8%  entropy_coef=0.0020  policy_loss=-0.0084  value_loss=0.9819  entropy=0.153  clip_frac= 1.3%  (85.9s)
  picks: heuristic:952x(wr=0.46)  rl_experiments_v3/exp_growing_pool_ppo_seed20/seg_50000.pt:1082x(wr=0.46)  rl_experiments_v3/exp_growing_pool_ppo_seed20/seg_100000.pt:757x(wr=0.42)  rl_experiments_v3/exp_growing_pool_ppo_seed20/seg_150000.pt:1209x(wr=0.56)
episode 156000  train_avg=  +20.6  adv_avg=   -0.5  eval_avg(500)=   +6.7  win_rate= 51.0%  entropy_coef=0.0020  policy_loss=-0.0066  value_loss=0.9901  entropy=0.161  clip_frac= 0.9%  (130.5s)
  picks: heuristic:1312x(wr=0.59)  rl_experiments_v3/exp_growing_pool_ppo_seed20/seg_50000.pt:1572x(wr=0.43)  rl_experiments_v3/exp_growing_pool_ppo_seed20/seg_100000.pt:1414x(wr=0.58)  rl_experiments_v3/exp_growing_pool_ppo_seed20/seg_150000.pt:1702x(wr=0.56)
episode 158000  train_avg=   +7.6  adv_avg=  +14.6  eval_avg(500)=  +12.0  win_rate= 52.4%  entropy_coef=0.0020  policy_loss=-0.0060  value_loss=1.0091  entropy=0.155  clip_frac= 0.6%  (175.8s)
  picks: heuristic:1746x(wr=0.47)  rl_experiments_v3/exp_growing_pool_ppo_seed20/seg_50000.pt:2284x(wr=0.42)  rl_experiments_v3/exp_growing_pool_ppo_seed20/seg_100000.pt:1620x(wr=0.55)  rl_experiments_v3/exp_growing_pool_ppo_seed20/seg_150000.pt:2350x(wr=0.58)
episode 160000  train_avg=   +3.3  adv_avg=  +24.6  eval_avg(500)=  +10.7  win_rate= 51.8%  entropy_coef=0.0020  policy_loss=-0.0095  value_loss=0.9951  entropy=0.167  clip_frac= 1.1%  (219.3s)
  picks: heuristic:2321x(wr=0.58)  rl_experiments_v3/exp_growing_pool_ppo_seed20/seg_50000.pt:2930x(wr=0.49)  rl_experiments_v3/exp_growing_pool_ppo_seed20/seg_100000.pt:2088x(wr=0.45)  rl_experiments_v3/exp_growing_pool_ppo_seed20/seg_150000.pt:2661x(wr=0.39)
episode 162000  train_avg=  +22.4  adv_avg=   +9.8  eval_avg(500)=  +23.5  win_rate= 54.4%  entropy_coef=0.0020  policy_loss=-0.0074  value_loss=0.9711  entropy=0.178  clip_frac= 1.0%  (265.0s)
  picks: heuristic:2596x(wr=0.59)  rl_experiments_v3/exp_growing_pool_ppo_seed20/seg_50000.pt:3422x(wr=0.58)  rl_experiments_v3/exp_growing_pool_ppo_seed20/seg_100000.pt:2613x(wr=0.52)  rl_experiments_v3/exp_growing_pool_ppo_seed20/seg_150000.pt:3369x(wr=0.43)
episode 164000  train_avg=  +22.4  adv_avg=  +22.0  eval_avg(500)=  +18.4  win_rate= 53.8%  entropy_coef=0.0020  policy_loss=-0.0094  value_loss=0.9827  entropy=0.163  clip_frac= 1.2%  (309.6s)
  picks: heuristic:3174x(wr=0.57)  rl_experiments_v3/exp_growing_pool_ppo_seed20/seg_50000.pt:3683x(wr=0.42)  rl_experiments_v3/exp_growing_pool_ppo_seed20/seg_100000.pt:3046x(wr=0.53)  rl_experiments_v3/exp_growing_pool_ppo_seed20/seg_150000.pt:4097x(wr=0.54)
episode 166000  train_avg=   +8.3  adv_avg=  +13.8  eval_avg(500)=  +18.7  win_rate= 53.0%  entropy_coef=0.0020  policy_loss=-0.0061  value_loss=0.9631  entropy=0.154  clip_frac= 0.9%  (355.5s)
  picks: heuristic:3521x(wr=0.55)  rl_experiments_v3/exp_growing_pool_ppo_seed20/seg_50000.pt:4368x(wr=0.46)  rl_experiments_v3/exp_growing_pool_ppo_seed20/seg_100000.pt:3481x(wr=0.54)  rl_experiments_v3/exp_growing_pool_ppo_seed20/seg_150000.pt:4630x(wr=0.56)
episode 168000  train_avg=  +35.0  adv_avg=   +5.6  eval_avg(500)=  +18.7  win_rate= 54.4%  entropy_coef=0.0020  policy_loss=-0.0090  value_loss=0.9668  entropy=0.175  clip_frac= 1.1%  (402.0s)
  picks: heuristic:3854x(wr=0.50)  rl_experiments_v3/exp_growing_pool_ppo_seed20/seg_50000.pt:5050x(wr=0.57)  rl_experiments_v3/exp_growing_pool_ppo_seed20/seg_100000.pt:3999x(wr=0.52)  rl_experiments_v3/exp_growing_pool_ppo_seed20/seg_150000.pt:5097x(wr=0.58)
episode 170000  train_avg=  +10.8  adv_avg=  +24.2  eval_avg(500)=  +12.0  win_rate= 52.4%  entropy_coef=0.0020  policy_loss=-0.0086  value_loss=0.9961  entropy=0.158  clip_frac= 1.4%  (446.4s)
  picks: heuristic:4441x(wr=0.46)  rl_experiments_v3/exp_growing_pool_ppo_seed20/seg_50000.pt:5405x(wr=0.59)  rl_experiments_v3/exp_growing_pool_ppo_seed20/seg_100000.pt:4373x(wr=0.54)  rl_experiments_v3/exp_growing_pool_ppo_seed20/seg_150000.pt:5781x(wr=0.54)
episode 172000  train_avg=   +5.0  adv_avg=  +18.1  eval_avg(500)=  +22.0  win_rate= 54.4%  entropy_coef=0.0020  policy_loss=-0.0075  value_loss=1.0226  entropy=0.147  clip_frac= 0.9%  (488.7s)
  picks: heuristic:5256x(wr=0.57)  rl_experiments_v3/exp_growing_pool_ppo_seed20/seg_50000.pt:5787x(wr=0.53)  rl_experiments_v3/exp_growing_pool_ppo_seed20/seg_100000.pt:4631x(wr=0.47)  rl_experiments_v3/exp_growing_pool_ppo_seed20/seg_150000.pt:6326x(wr=0.44)
episode 174000  train_avg=  +36.3  adv_avg=   +6.2  eval_avg(500)=   +9.0  win_rate= 51.4%  entropy_coef=0.0020  policy_loss=-0.0084  value_loss=0.9964  entropy=0.157  clip_frac= 1.2%  (536.0s)
  picks: heuristic:5675x(wr=0.59)  rl_experiments_v3/exp_growing_pool_ppo_seed20/seg_50000.pt:6273x(wr=0.63)  rl_experiments_v3/exp_growing_pool_ppo_seed20/seg_100000.pt:5185x(wr=0.51)  rl_experiments_v3/exp_growing_pool_ppo_seed20/seg_150000.pt:6867x(wr=0.44)
episode 176000  train_avg=   -2.0  adv_avg=  +16.8  eval_avg(500)=   -2.4  win_rate= 49.6%  entropy_coef=0.0020  policy_loss=-0.0089  value_loss=1.0056  entropy=0.161  clip_frac= 1.2%  (581.5s)
  picks: heuristic:6029x(wr=0.60)  rl_experiments_v3/exp_growing_pool_ppo_seed20/seg_50000.pt:6512x(wr=0.50)  rl_experiments_v3/exp_growing_pool_ppo_seed20/seg_100000.pt:5651x(wr=0.57)  rl_experiments_v3/exp_growing_pool_ppo_seed20/seg_150000.pt:7808x(wr=0.35)
episode 178000  train_avg=   +6.4  adv_avg=  +12.9  eval_avg(500)=  +12.9  win_rate= 52.4%  entropy_coef=0.0020  policy_loss=-0.0089  value_loss=0.9954  entropy=0.162  clip_frac= 1.3%  (628.3s)
  picks: heuristic:6208x(wr=0.57)  rl_experiments_v3/exp_growing_pool_ppo_seed20/seg_50000.pt:7118x(wr=0.52)  rl_experiments_v3/exp_growing_pool_ppo_seed20/seg_100000.pt:5923x(wr=0.50)  rl_experiments_v3/exp_growing_pool_ppo_seed20/seg_150000.pt:8751x(wr=0.47)
episode 180000  train_avg=   +7.8  adv_avg=  +10.3  eval_avg(500)=  +16.5  win_rate= 53.4%  entropy_coef=0.0020  policy_loss=-0.0111  value_loss=1.0039  entropy=0.167  clip_frac= 1.5%  (675.1s)
  picks: heuristic:6421x(wr=0.55)  rl_experiments_v3/exp_growing_pool_ppo_seed20/seg_50000.pt:7821x(wr=0.50)  rl_experiments_v3/exp_growing_pool_ppo_seed20/seg_100000.pt:6388x(wr=0.55)  rl_experiments_v3/exp_growing_pool_ppo_seed20/seg_150000.pt:9370x(wr=0.47)
episode 182000  train_avg=   +2.2  adv_avg=   +9.7  eval_avg(500)=  +27.6  win_rate= 56.2%  entropy_coef=0.0020  policy_loss=-0.0073  value_loss=0.9609  entropy=0.165  clip_frac= 0.9%  (720.0s)
  picks: heuristic:6866x(wr=0.56)  rl_experiments_v3/exp_growing_pool_ppo_seed20/seg_50000.pt:8309x(wr=0.48)  rl_experiments_v3/exp_growing_pool_ppo_seed20/seg_100000.pt:6847x(wr=0.55)  rl_experiments_v3/exp_growing_pool_ppo_seed20/seg_150000.pt:9978x(wr=0.45)
episode 184000  train_avg=   -4.4  adv_avg=   -7.5  eval_avg(500)=   -7.6  win_rate= 48.6%  entropy_coef=0.0020  policy_loss=-0.0088  value_loss=0.9993  entropy=0.145  clip_frac= 0.9%  (766.2s)
  picks: heuristic:7151x(wr=0.48)  rl_experiments_v3/exp_growing_pool_ppo_seed20/seg_50000.pt:8986x(wr=0.56)  rl_experiments_v3/exp_growing_pool_ppo_seed20/seg_100000.pt:7228x(wr=0.44)  rl_experiments_v3/exp_growing_pool_ppo_seed20/seg_150000.pt:10635x(wr=0.46)
episode 186000  train_avg=   +5.9  adv_avg=  +16.1  eval_avg(500)=  +27.7  win_rate= 56.6%  entropy_coef=0.0020  policy_loss=-0.0094  value_loss=1.0097  entropy=0.151  clip_frac= 1.3%  (810.8s)
  picks: heuristic:7689x(wr=0.48)  rl_experiments_v3/exp_growing_pool_ppo_seed20/seg_50000.pt:9298x(wr=0.58)  rl_experiments_v3/exp_growing_pool_ppo_seed20/seg_100000.pt:7680x(wr=0.52)  rl_experiments_v3/exp_growing_pool_ppo_seed20/seg_150000.pt:11333x(wr=0.48)
episode 188000  train_avg=   +5.0  adv_avg=  +20.7  eval_avg(500)=  +26.4  win_rate= 55.4%  entropy_coef=0.0020  policy_loss=-0.0072  value_loss=1.0010  entropy=0.159  clip_frac= 1.1%  (856.7s)
  picks: heuristic:8126x(wr=0.52)  rl_experiments_v3/exp_growing_pool_ppo_seed20/seg_50000.pt:9686x(wr=0.52)  rl_experiments_v3/exp_growing_pool_ppo_seed20/seg_100000.pt:8385x(wr=0.54)  rl_experiments_v3/exp_growing_pool_ppo_seed20/seg_150000.pt:11803x(wr=0.49)
episode 190000  train_avg=   -0.7  adv_avg=  +13.6  eval_avg(500)=  +14.3  win_rate= 52.8%  entropy_coef=0.0020  policy_loss=-0.0055  value_loss=1.0171  entropy=0.152  clip_frac= 0.7%  (902.3s)
  picks: heuristic:8580x(wr=0.52)  rl_experiments_v3/exp_growing_pool_ppo_seed20/seg_50000.pt:10123x(wr=0.51)  rl_experiments_v3/exp_growing_pool_ppo_seed20/seg_100000.pt:8948x(wr=0.53)  rl_experiments_v3/exp_growing_pool_ppo_seed20/seg_150000.pt:12349x(wr=0.51)
episode 192000  train_avg=  +22.9  adv_avg=   +2.7  eval_avg(500)=  +10.5  win_rate= 52.4%  entropy_coef=0.0020  policy_loss=-0.0080  value_loss=1.0566  entropy=0.159  clip_frac= 1.2%  (945.1s)
  picks: heuristic:9256x(wr=0.53)  rl_experiments_v3/exp_growing_pool_ppo_seed20/seg_50000.pt:10509x(wr=0.48)  rl_experiments_v3/exp_growing_pool_ppo_seed20/seg_100000.pt:9415x(wr=0.60)  rl_experiments_v3/exp_growing_pool_ppo_seed20/seg_150000.pt:12820x(wr=0.55)
episode 194000  train_avg=  +30.9  adv_avg=  +15.4  eval_avg(500)=  +21.1  win_rate= 54.4%  entropy_coef=0.0020  policy_loss=-0.0060  value_loss=0.9796  entropy=0.166  clip_frac= 0.7%  (987.7s)
  picks: heuristic:9984x(wr=0.54)  rl_experiments_v3/exp_growing_pool_ppo_seed20/seg_50000.pt:11026x(wr=0.49)  rl_experiments_v3/exp_growing_pool_ppo_seed20/seg_100000.pt:9850x(wr=0.59)  rl_experiments_v3/exp_growing_pool_ppo_seed20/seg_150000.pt:13140x(wr=0.49)
episode 196000  train_avg=   +0.8  adv_avg=  +10.1  eval_avg(500)=   +4.9  win_rate= 51.4%  entropy_coef=0.0020  policy_loss=-0.0074  value_loss=1.0603  entropy=0.190  clip_frac= 1.1%  (1031.5s)
  picks: heuristic:10501x(wr=0.53)  rl_experiments_v3/exp_growing_pool_ppo_seed20/seg_50000.pt:11569x(wr=0.49)  rl_experiments_v3/exp_growing_pool_ppo_seed20/seg_100000.pt:10219x(wr=0.48)  rl_experiments_v3/exp_growing_pool_ppo_seed20/seg_150000.pt:13711x(wr=0.49)
episode 198000  train_avg=  +15.8  adv_avg=   +6.1  eval_avg(500)=   +9.1  win_rate= 52.8%  entropy_coef=0.0020  policy_loss=-0.0052  value_loss=1.0054  entropy=0.145  clip_frac= 0.6%  (1082.7s)
  picks: heuristic:10737x(wr=0.61)  rl_experiments_v3/exp_growing_pool_ppo_seed20/seg_50000.pt:12158x(wr=0.51)  rl_experiments_v3/exp_growing_pool_ppo_seed20/seg_100000.pt:10828x(wr=0.56)  rl_experiments_v3/exp_growing_pool_ppo_seed20/seg_150000.pt:14277x(wr=0.48)
episode 200000  train_avg=   +2.0  adv_avg=   -4.3  eval_avg(500)=  +26.0  win_rate= 56.2%  entropy_coef=0.0020  policy_loss=-0.0070  value_loss=0.9947  entropy=0.166  clip_frac= 0.8%  (1132.4s)
  picks: heuristic:11049x(wr=0.58)  rl_experiments_v3/exp_growing_pool_ppo_seed20/seg_50000.pt:12737x(wr=0.51)  rl_experiments_v3/exp_growing_pool_ppo_seed20/seg_100000.pt:11142x(wr=0.48)  rl_experiments_v3/exp_growing_pool_ppo_seed20/seg_150000.pt:15072x(wr=0.45)
poids sauvegardes dans rl_experiments_v3/exp_growing_pool_ppo_seed20/seg_200000.pt
PFSP picks total: heuristic:11049x(wr=0.58)  rl_experiments_v3/exp_growing_pool_ppo_seed20/seg_50000.pt:12737x(wr=0.51)  rl_experiments_v3/exp_growing_pool_ppo_seed20/seg_100000.pt:11142x(wr=0.48)  rl_experiments_v3/exp_growing_pool_ppo_seed20/seg_150000.pt:15072x(wr=0.45)
