adversaire fige charge depuis rl_experiments_v3/exp_growing_pool_ppo_seed20/seg_50000.pt
adversaire fige charge depuis rl_experiments_v3/exp_growing_pool_ppo_seed20/seg_100000.pt
poids charges depuis rl_experiments_v3/exp_growing_pool_ppo_seed20/seg_100000.pt
poids de value_net charges depuis rl_experiments_v3/exp_growing_pool_ppo_seed20/seg_100000.pt
episode 102000  train_avg=  +28.8  adv_avg=  +12.5  eval_avg(500)=   +9.4  win_rate= 52.2%  entropy_coef=0.0020  policy_loss=-0.0080  value_loss=0.9700  entropy=0.167  clip_frac= 1.2%  (40.2s)
  picks: heuristic:701x(wr=0.52)  rl_experiments_v3/exp_growing_pool_ppo_seed20/seg_50000.pt:777x(wr=0.53)  rl_experiments_v3/exp_growing_pool_ppo_seed20/seg_100000.pt:522x(wr=0.63)
episode 104000  train_avg=  -26.1  adv_avg=  +13.8  eval_avg(500)=   +9.5  win_rate= 51.0%  entropy_coef=0.0020  policy_loss=-0.0072  value_loss=0.9858  entropy=0.173  clip_frac= 0.7%  (79.2s)
  picks: heuristic:1503x(wr=0.51)  rl_experiments_v3/exp_growing_pool_ppo_seed20/seg_50000.pt:1486x(wr=0.52)  rl_experiments_v3/exp_growing_pool_ppo_seed20/seg_100000.pt:1011x(wr=0.36)
episode 106000  train_avg=  +10.4  adv_avg=   -7.5  eval_avg(500)=  +15.3  win_rate= 52.6%  entropy_coef=0.0020  policy_loss=-0.0061  value_loss=1.0425  entropy=0.166  clip_frac= 0.7%  (120.9s)
  picks: heuristic:1955x(wr=0.56)  rl_experiments_v3/exp_growing_pool_ppo_seed20/seg_50000.pt:1808x(wr=0.52)  rl_experiments_v3/exp_growing_pool_ppo_seed20/seg_100000.pt:2237x(wr=0.51)
episode 108000  train_avg=   +1.6  adv_avg=   +0.3  eval_avg(500)=  +25.6  win_rate= 55.6%  entropy_coef=0.0020  policy_loss=-0.0074  value_loss=1.0399  entropy=0.154  clip_frac= 0.9%  (164.0s)
  picks: heuristic:2323x(wr=0.51)  rl_experiments_v3/exp_growing_pool_ppo_seed20/seg_50000.pt:2731x(wr=0.57)  rl_experiments_v3/exp_growing_pool_ppo_seed20/seg_100000.pt:2946x(wr=0.43)
episode 110000  train_avg=  -17.7  adv_avg=   -9.8  eval_avg(500)=  +20.6  win_rate= 53.8%  entropy_coef=0.0020  policy_loss=-0.0122  value_loss=1.0173  entropy=0.151  clip_frac= 1.7%  (205.9s)
  picks: heuristic:2818x(wr=0.38)  rl_experiments_v3/exp_growing_pool_ppo_seed20/seg_50000.pt:3299x(wr=0.47)  rl_experiments_v3/exp_growing_pool_ppo_seed20/seg_100000.pt:3883x(wr=0.54)
episode 112000  train_avg=  +15.0  adv_avg=  +11.0  eval_avg(500)=  +27.2  win_rate= 55.6%  entropy_coef=0.0020  policy_loss=-0.0064  value_loss=0.9992  entropy=0.158  clip_frac= 0.6%  (244.0s)
  picks: heuristic:3728x(wr=0.57)  rl_experiments_v3/exp_growing_pool_ppo_seed20/seg_50000.pt:3957x(wr=0.48)  rl_experiments_v3/exp_growing_pool_ppo_seed20/seg_100000.pt:4315x(wr=0.55)
episode 114000  train_avg=  +19.6  adv_avg=  +17.3  eval_avg(500)=   +4.6  win_rate= 50.0%  entropy_coef=0.0020  policy_loss=-0.0068  value_loss=1.0598  entropy=0.156  clip_frac= 0.9%  (285.0s)
  picks: heuristic:4360x(wr=0.57)  rl_experiments_v3/exp_growing_pool_ppo_seed20/seg_50000.pt:4764x(wr=0.45)  rl_experiments_v3/exp_growing_pool_ppo_seed20/seg_100000.pt:4876x(wr=0.52)
episode 116000  train_avg=  +32.6  adv_avg=   -1.9  eval_avg(500)=  +19.8  win_rate= 54.2%  entropy_coef=0.0020  policy_loss=-0.0098  value_loss=1.0040  entropy=0.185  clip_frac= 1.2%  (327.1s)
  picks: heuristic:4705x(wr=0.51)  rl_experiments_v3/exp_growing_pool_ppo_seed20/seg_50000.pt:6052x(wr=0.62)  rl_experiments_v3/exp_growing_pool_ppo_seed20/seg_100000.pt:5243x(wr=0.45)
episode 118000  train_avg=   -1.1  adv_avg=  -10.4  eval_avg(500)=  +16.5  win_rate= 53.0%  entropy_coef=0.0020  policy_loss=-0.0090  value_loss=0.9868  entropy=0.166  clip_frac= 1.2%  (366.8s)
  picks: heuristic:5356x(wr=0.52)  rl_experiments_v3/exp_growing_pool_ppo_seed20/seg_50000.pt:6518x(wr=0.54)  rl_experiments_v3/exp_growing_pool_ppo_seed20/seg_100000.pt:6126x(wr=0.49)
episode 120000  train_avg=   -1.2  adv_avg=  -14.0  eval_avg(500)=  +15.7  win_rate= 53.4%  entropy_coef=0.0020  policy_loss=-0.0125  value_loss=1.0489  entropy=0.181  clip_frac= 2.0%  (407.6s)
  picks: heuristic:5966x(wr=0.46)  rl_experiments_v3/exp_growing_pool_ppo_seed20/seg_50000.pt:6961x(wr=0.46)  rl_experiments_v3/exp_growing_pool_ppo_seed20/seg_100000.pt:7073x(wr=0.55)
episode 122000  train_avg=   +0.9  adv_avg=   -5.3  eval_avg(500)=   -6.9  win_rate= 49.4%  entropy_coef=0.0020  policy_loss=-0.0079  value_loss=1.0268  entropy=0.162  clip_frac= 1.3%  (447.4s)
  picks: heuristic:6688x(wr=0.59)  rl_experiments_v3/exp_growing_pool_ppo_seed20/seg_50000.pt:7837x(wr=0.39)  rl_experiments_v3/exp_growing_pool_ppo_seed20/seg_100000.pt:7475x(wr=0.57)
episode 124000  train_avg=   -6.5  adv_avg=  +26.1  eval_avg(500)=   +1.7  win_rate= 50.0%  entropy_coef=0.0020  policy_loss=-0.0062  value_loss=0.9878  entropy=0.173  clip_frac= 0.6%  (491.1s)
  picks: heuristic:7103x(wr=0.41)  rl_experiments_v3/exp_growing_pool_ppo_seed20/seg_50000.pt:8997x(wr=0.54)  rl_experiments_v3/exp_growing_pool_ppo_seed20/seg_100000.pt:7900x(wr=0.51)
episode 126000  train_avg=   +8.5  adv_avg=  -11.1  eval_avg(500)=  +21.0  win_rate= 54.2%  entropy_coef=0.0020  policy_loss=-0.0066  value_loss=1.0134  entropy=0.158  clip_frac= 0.8%  (533.4s)
  picks: heuristic:8019x(wr=0.48)  rl_experiments_v3/exp_growing_pool_ppo_seed20/seg_50000.pt:9600x(wr=0.52)  rl_experiments_v3/exp_growing_pool_ppo_seed20/seg_100000.pt:8381x(wr=0.55)
episode 128000  train_avg=  +11.3  adv_avg=  +15.8  eval_avg(500)=  +18.4  win_rate= 54.0%  entropy_coef=0.0020  policy_loss=-0.0051  value_loss=1.0535  entropy=0.145  clip_frac= 0.6%  (576.1s)
  picks: heuristic:8755x(wr=0.61)  rl_experiments_v3/exp_growing_pool_ppo_seed20/seg_50000.pt:10455x(wr=0.53)  rl_experiments_v3/exp_growing_pool_ppo_seed20/seg_100000.pt:8790x(wr=0.40)
episode 130000  train_avg=   +1.9  adv_avg=  +17.9  eval_avg(500)=  +16.1  win_rate= 53.8%  entropy_coef=0.0020  policy_loss=-0.0067  value_loss=0.9885  entropy=0.164  clip_frac= 0.9%  (624.7s)
  picks: heuristic:8998x(wr=0.51)  rl_experiments_v3/exp_growing_pool_ppo_seed20/seg_50000.pt:11037x(wr=0.57)  rl_experiments_v3/exp_growing_pool_ppo_seed20/seg_100000.pt:9965x(wr=0.47)
episode 132000  train_avg=   -0.2  adv_avg=   +6.1  eval_avg(500)=  +19.9  win_rate= 54.0%  entropy_coef=0.0020  policy_loss=-0.0067  value_loss=1.0148  entropy=0.167  clip_frac= 0.7%  (670.5s)
  picks: heuristic:9451x(wr=0.58)  rl_experiments_v3/exp_growing_pool_ppo_seed20/seg_50000.pt:11573x(wr=0.55)  rl_experiments_v3/exp_growing_pool_ppo_seed20/seg_100000.pt:10976x(wr=0.39)
episode 134000  train_avg=   +2.5  adv_avg=   -7.0  eval_avg(500)=   -6.2  win_rate= 49.0%  entropy_coef=0.0020  policy_loss=-0.0082  value_loss=1.0619  entropy=0.184  clip_frac= 1.0%  (716.0s)
  picks: heuristic:9753x(wr=0.47)  rl_experiments_v3/exp_growing_pool_ppo_seed20/seg_50000.pt:12012x(wr=0.50)  rl_experiments_v3/exp_growing_pool_ppo_seed20/seg_100000.pt:12235x(wr=0.48)
episode 136000  train_avg=   -2.4  adv_avg=  +16.1  eval_avg(500)=  +15.5  win_rate= 53.0%  entropy_coef=0.0020  policy_loss=-0.0090  value_loss=0.9884  entropy=0.165  clip_frac= 1.0%  (760.2s)
  picks: heuristic:10347x(wr=0.52)  rl_experiments_v3/exp_growing_pool_ppo_seed20/seg_50000.pt:12664x(wr=0.41)  rl_experiments_v3/exp_growing_pool_ppo_seed20/seg_100000.pt:12989x(wr=0.55)
episode 138000  train_avg=  +28.3  adv_avg=   -2.4  eval_avg(500)=  +12.4  win_rate= 52.6%  entropy_coef=0.0020  policy_loss=-0.0063  value_loss=0.9961  entropy=0.170  clip_frac= 1.0%  (805.2s)
  picks: heuristic:10831x(wr=0.56)  rl_experiments_v3/exp_growing_pool_ppo_seed20/seg_50000.pt:13476x(wr=0.42)  rl_experiments_v3/exp_growing_pool_ppo_seed20/seg_100000.pt:13693x(wr=0.55)
episode 140000  train_avg=  -15.6  adv_avg=   +0.3  eval_avg(500)=  +27.1  win_rate= 55.4%  entropy_coef=0.0020  policy_loss=-0.0094  value_loss=0.9682  entropy=0.173  clip_frac= 1.2%  (852.9s)
  picks: heuristic:11111x(wr=0.55)  rl_experiments_v3/exp_growing_pool_ppo_seed20/seg_50000.pt:14480x(wr=0.42)  rl_experiments_v3/exp_growing_pool_ppo_seed20/seg_100000.pt:14409x(wr=0.56)
episode 142000  train_avg=  -21.5  adv_avg=   +4.4  eval_avg(500)=  +29.7  win_rate= 56.0%  entropy_coef=0.0020  policy_loss=-0.0091  value_loss=0.9826  entropy=0.179  clip_frac= 1.3%  (897.9s)
  picks: heuristic:11486x(wr=0.49)  rl_experiments_v3/exp_growing_pool_ppo_seed20/seg_50000.pt:15631x(wr=0.51)  rl_experiments_v3/exp_growing_pool_ppo_seed20/seg_100000.pt:14883x(wr=0.46)
episode 144000  train_avg=  +18.9  adv_avg=  +30.3  eval_avg(500)=  +19.9  win_rate= 54.0%  entropy_coef=0.0020  policy_loss=-0.0078  value_loss=0.9923  entropy=0.177  clip_frac= 1.2%  (940.3s)
  picks: heuristic:12126x(wr=0.55)  rl_experiments_v3/exp_growing_pool_ppo_seed20/seg_50000.pt:16219x(wr=0.53)  rl_experiments_v3/exp_growing_pool_ppo_seed20/seg_100000.pt:15655x(wr=0.57)
episode 146000  train_avg=   +7.8  adv_avg=  +12.5  eval_avg(500)=   +6.3  win_rate= 51.0%  entropy_coef=0.0020  policy_loss=-0.0089  value_loss=1.0086  entropy=0.180  clip_frac= 1.1%  (984.8s)
  picks: heuristic:12692x(wr=0.54)  rl_experiments_v3/exp_growing_pool_ppo_seed20/seg_50000.pt:17032x(wr=0.54)  rl_experiments_v3/exp_growing_pool_ppo_seed20/seg_100000.pt:16276x(wr=0.54)
episode 148000  train_avg=   -0.5  adv_avg=   +1.2  eval_avg(500)=  +24.6  win_rate= 54.8%  entropy_coef=0.0020  policy_loss=-0.0082  value_loss=0.9939  entropy=0.153  clip_frac= 0.9%  (1026.8s)
  picks: heuristic:13496x(wr=0.49)  rl_experiments_v3/exp_growing_pool_ppo_seed20/seg_50000.pt:17421x(wr=0.60)  rl_experiments_v3/exp_growing_pool_ppo_seed20/seg_100000.pt:17083x(wr=0.53)
episode 150000  train_avg=   -4.8  adv_avg=   -6.5  eval_avg(500)=  +10.3  win_rate= 51.4%  entropy_coef=0.0020  policy_loss=-0.0065  value_loss=0.9781  entropy=0.167  clip_frac= 0.8%  (1069.9s)
  picks: heuristic:14145x(wr=0.52)  rl_experiments_v3/exp_growing_pool_ppo_seed20/seg_50000.pt:17908x(wr=0.53)  rl_experiments_v3/exp_growing_pool_ppo_seed20/seg_100000.pt:17947x(wr=0.48)
poids sauvegardes dans rl_experiments_v3/exp_growing_pool_ppo_seed20/seg_150000.pt
PFSP picks total: heuristic:14145x(wr=0.52)  rl_experiments_v3/exp_growing_pool_ppo_seed20/seg_50000.pt:17908x(wr=0.53)  rl_experiments_v3/exp_growing_pool_ppo_seed20/seg_100000.pt:17947x(wr=0.48)
