adversaire fige charge depuis rl_experiments_v3/exp_growing_pool_ppo_seed20/seg_50000.pt
poids charges depuis rl_experiments_v3/exp_growing_pool_ppo_seed20/seg_50000.pt
poids de value_net charges depuis rl_experiments_v3/exp_growing_pool_ppo_seed20/seg_50000.pt
episode  52000  train_avg=   +4.7  adv_avg=   +0.4  eval_avg(500)=  +20.7  win_rate= 54.6%  entropy_coef=0.0020  policy_loss=-0.0083  value_loss=1.0538  entropy=0.202  clip_frac= 1.0%  (42.5s)
  picks: heuristic:842x(wr=0.57)  rl_experiments_v3/exp_growing_pool_ppo_seed20/seg_50000.pt:1158x(wr=0.48)
episode  54000  train_avg=   +4.9  adv_avg=   -5.3  eval_avg(500)=  +16.4  win_rate= 53.2%  entropy_coef=0.0020  policy_loss=-0.0082  value_loss=0.9808  entropy=0.197  clip_frac= 1.0%  (84.6s)
  picks: heuristic:1729x(wr=0.57)  rl_experiments_v3/exp_growing_pool_ppo_seed20/seg_50000.pt:2271x(wr=0.45)
episode  56000  train_avg=   +7.8  adv_avg=   +5.2  eval_avg(500)=  +12.2  win_rate= 52.0%  entropy_coef=0.0020  policy_loss=-0.0076  value_loss=1.0023  entropy=0.180  clip_frac= 0.8%  (130.7s)
  picks: heuristic:2401x(wr=0.52)  rl_experiments_v3/exp_growing_pool_ppo_seed20/seg_50000.pt:3599x(wr=0.46)
episode  58000  train_avg=  +24.7  adv_avg=  +25.1  eval_avg(500)=  +14.1  win_rate= 52.8%  entropy_coef=0.0020  policy_loss=-0.0086  value_loss=0.9725  entropy=0.197  clip_frac= 1.1%  (174.8s)
  picks: heuristic:3355x(wr=0.53)  rl_experiments_v3/exp_growing_pool_ppo_seed20/seg_50000.pt:4645x(wr=0.48)
episode  60000  train_avg=   +6.3  adv_avg=   +3.6  eval_avg(500)=   -0.1  win_rate= 50.4%  entropy_coef=0.0020  policy_loss=-0.0086  value_loss=1.0018  entropy=0.185  clip_frac= 1.3%  (218.3s)
  picks: heuristic:4263x(wr=0.52)  rl_experiments_v3/exp_growing_pool_ppo_seed20/seg_50000.pt:5737x(wr=0.48)
episode  62000  train_avg=   +9.4  adv_avg=   -2.3  eval_avg(500)=  +22.4  win_rate= 54.6%  entropy_coef=0.0020  policy_loss=-0.0088  value_loss=0.9885  entropy=0.180  clip_frac= 1.1%  (263.2s)
  picks: heuristic:5146x(wr=0.52)  rl_experiments_v3/exp_growing_pool_ppo_seed20/seg_50000.pt:6854x(wr=0.52)
episode  64000  train_avg=   +3.0  adv_avg=  -26.0  eval_avg(500)=  +21.9  win_rate= 54.8%  entropy_coef=0.0020  policy_loss=-0.0073  value_loss=0.9821  entropy=0.173  clip_frac= 0.8%  (308.2s)
  picks: heuristic:6032x(wr=0.56)  rl_experiments_v3/exp_growing_pool_ppo_seed20/seg_50000.pt:7968x(wr=0.52)
episode  66000  train_avg=   +7.4  adv_avg=   -6.1  eval_avg(500)=   -3.0  win_rate= 50.0%  entropy_coef=0.0020  policy_loss=-0.0091  value_loss=1.0677  entropy=0.200  clip_frac= 1.0%  (353.1s)
  picks: heuristic:6947x(wr=0.53)  rl_experiments_v3/exp_growing_pool_ppo_seed20/seg_50000.pt:9053x(wr=0.52)
episode  68000  train_avg=  -48.5  adv_avg=   -3.6  eval_avg(500)=  +19.5  win_rate= 53.8%  entropy_coef=0.0020  policy_loss=-0.0091  value_loss=0.9980  entropy=0.161  clip_frac= 1.2%  (399.9s)
  picks: heuristic:7685x(wr=0.39)  rl_experiments_v3/exp_growing_pool_ppo_seed20/seg_50000.pt:10315x(wr=0.35)
episode  70000  train_avg=   -0.9  adv_avg=   +2.2  eval_avg(500)=   +4.0  win_rate= 50.2%  entropy_coef=0.0020  policy_loss=-0.0093  value_loss=0.9892  entropy=0.184  clip_frac= 0.9%  (445.7s)
  picks: heuristic:8461x(wr=0.51)  rl_experiments_v3/exp_growing_pool_ppo_seed20/seg_50000.pt:11539x(wr=0.50)
episode  72000  train_avg=   -0.6  adv_avg=  +11.3  eval_avg(500)=   +6.0  win_rate= 50.4%  entropy_coef=0.0020  policy_loss=-0.0088  value_loss=0.9910  entropy=0.175  clip_frac= 1.0%  (491.6s)
  picks: heuristic:9218x(wr=0.50)  rl_experiments_v3/exp_growing_pool_ppo_seed20/seg_50000.pt:12782x(wr=0.46)
episode  74000  train_avg=   -4.4  adv_avg=  +36.1  eval_avg(500)=  +11.1  win_rate= 51.6%  entropy_coef=0.0020  policy_loss=-0.0063  value_loss=1.0189  entropy=0.176  clip_frac= 0.7%  (535.3s)
  picks: heuristic:10201x(wr=0.47)  rl_experiments_v3/exp_growing_pool_ppo_seed20/seg_50000.pt:13799x(wr=0.52)
episode  76000  train_avg=  +23.9  adv_avg=  +26.9  eval_avg(500)=  +11.4  win_rate= 52.0%  entropy_coef=0.0020  policy_loss=-0.0063  value_loss=1.0271  entropy=0.177  clip_frac= 0.7%  (575.2s)
  picks: heuristic:11591x(wr=0.60)  rl_experiments_v3/exp_growing_pool_ppo_seed20/seg_50000.pt:14409x(wr=0.55)
episode  78000  train_avg=  -18.9  adv_avg=  -34.3  eval_avg(500)=  +23.1  win_rate= 53.8%  entropy_coef=0.0020  policy_loss=-0.0091  value_loss=1.0103  entropy=0.173  clip_frac= 1.3%  (622.3s)
  picks: heuristic:12287x(wr=0.39)  rl_experiments_v3/exp_growing_pool_ppo_seed20/seg_50000.pt:15713x(wr=0.56)
episode  80000  train_avg=   +5.8  adv_avg=  +18.8  eval_avg(500)=  +16.9  win_rate= 53.0%  entropy_coef=0.0020  policy_loss=-0.0086  value_loss=0.9948  entropy=0.174  clip_frac= 1.4%  (660.1s)
  picks: heuristic:13875x(wr=0.53)  rl_experiments_v3/exp_growing_pool_ppo_seed20/seg_50000.pt:16125x(wr=0.50)
episode  82000  train_avg=   -9.2  adv_avg=   -0.3  eval_avg(500)=  +11.5  win_rate= 52.6%  entropy_coef=0.0020  policy_loss=-0.0083  value_loss=1.0059  entropy=0.182  clip_frac= 1.1%  (702.0s)
  picks: heuristic:14987x(wr=0.56)  rl_experiments_v3/exp_growing_pool_ppo_seed20/seg_50000.pt:17013x(wr=0.43)
episode  84000  train_avg=   +2.1  adv_avg=  +12.8  eval_avg(500)=  +19.8  win_rate= 54.4%  entropy_coef=0.0020  policy_loss=-0.0070  value_loss=0.9967  entropy=0.176  clip_frac= 0.7%  (749.2s)
  picks: heuristic:15616x(wr=0.51)  rl_experiments_v3/exp_growing_pool_ppo_seed20/seg_50000.pt:18384x(wr=0.48)
episode  86000  train_avg=  -14.5  adv_avg=   -9.3  eval_avg(500)=  +23.0  win_rate= 54.8%  entropy_coef=0.0020  policy_loss=-0.0102  value_loss=1.0198  entropy=0.173  clip_frac= 1.2%  (789.6s)
  picks: heuristic:16272x(wr=0.44)  rl_experiments_v3/exp_growing_pool_ppo_seed20/seg_50000.pt:19728x(wr=0.48)
episode  88000  train_avg=  +27.9  adv_avg=  +14.9  eval_avg(500)=  +21.4  win_rate= 52.8%  entropy_coef=0.0020  policy_loss=-0.0088  value_loss=1.0213  entropy=0.163  clip_frac= 1.1%  (826.8s)
  picks: heuristic:17260x(wr=0.52)  rl_experiments_v3/exp_growing_pool_ppo_seed20/seg_50000.pt:20740x(wr=0.53)
episode  90000  train_avg=  +20.3  adv_avg=  +13.8  eval_avg(500)=   +0.3  win_rate= 50.4%  entropy_coef=0.0020  policy_loss=-0.0065  value_loss=1.0198  entropy=0.163  clip_frac= 0.8%  (865.9s)
  picks: heuristic:18177x(wr=0.55)  rl_experiments_v3/exp_growing_pool_ppo_seed20/seg_50000.pt:21823x(wr=0.52)
episode  92000  train_avg=  -37.4  adv_avg=   -9.3  eval_avg(500)=  +12.2  win_rate= 52.4%  entropy_coef=0.0020  policy_loss=-0.0070  value_loss=1.0359  entropy=0.176  clip_frac= 1.1%  (905.2s)
  picks: heuristic:18872x(wr=0.56)  rl_experiments_v3/exp_growing_pool_ppo_seed20/seg_50000.pt:23128x(wr=0.39)
episode  94000  train_avg=   -4.6  adv_avg=   +3.7  eval_avg(500)=  +13.8  win_rate= 52.6%  entropy_coef=0.0020  policy_loss=-0.0083  value_loss=0.9730  entropy=0.201  clip_frac= 1.0%  (946.1s)
  picks: heuristic:19645x(wr=0.47)  rl_experiments_v3/exp_growing_pool_ppo_seed20/seg_50000.pt:24355x(wr=0.53)
episode  96000  train_avg=   +4.9  adv_avg=   -6.4  eval_avg(500)=  +21.0  win_rate= 54.0%  entropy_coef=0.0020  policy_loss=-0.0059  value_loss=1.0095  entropy=0.168  clip_frac= 0.5%  (987.0s)
  picks: heuristic:20697x(wr=0.52)  rl_experiments_v3/exp_growing_pool_ppo_seed20/seg_50000.pt:25303x(wr=0.47)
episode  98000  train_avg=   +5.0  adv_avg=  +16.9  eval_avg(500)=   -3.5  win_rate= 49.0%  entropy_coef=0.0020  policy_loss=-0.0095  value_loss=0.9947  entropy=0.182  clip_frac= 1.1%  (1025.3s)
  picks: heuristic:21588x(wr=0.53)  rl_experiments_v3/exp_growing_pool_ppo_seed20/seg_50000.pt:26412x(wr=0.44)
episode 100000  train_avg=   -9.1  adv_avg=   -4.6  eval_avg(500)=  +16.2  win_rate= 53.4%  entropy_coef=0.0020  policy_loss=-0.0068  value_loss=0.9698  entropy=0.166  clip_frac= 0.7%  (1064.1s)
  picks: heuristic:22288x(wr=0.52)  rl_experiments_v3/exp_growing_pool_ppo_seed20/seg_50000.pt:27712x(wr=0.46)
poids sauvegardes dans rl_experiments_v3/exp_growing_pool_ppo_seed20/seg_100000.pt
PFSP picks total: heuristic:22288x(wr=0.52)  rl_experiments_v3/exp_growing_pool_ppo_seed20/seg_50000.pt:27712x(wr=0.46)
