adversaire fige charge depuis rl_experiments_v3/exp_growing_pool_ppo_seed20/seg_50000.pt
adversaire fige charge depuis rl_experiments_v3/exp_growing_pool_ppo_seed20/seg_100000.pt
adversaire fige charge depuis rl_experiments_v3/exp_growing_pool_ppo_seed20/seg_150000.pt
adversaire fige charge depuis rl_experiments_v3/exp_growing_pool_ppo_seed20/seg_200000.pt
adversaire fige charge depuis rl_experiments_v3/exp_growing_pool_ppo_seed20/seg_250000.pt
poids charges depuis rl_experiments_v3/exp_growing_pool_ppo_seed20/seg_250000.pt
poids de value_net charges depuis rl_experiments_v3/exp_growing_pool_ppo_seed20/seg_250000.pt
episode 252000  train_avg=   +4.0  adv_avg=  +18.2  eval_avg(500)=  +24.2  win_rate= 55.0%  entropy_coef=0.0020  policy_loss=-0.0061  value_loss=1.0318  entropy=0.171  clip_frac= 0.7%  (43.0s)
  picks: heuristic:413x(wr=0.52)  rl_experiments_v3/exp_growing_pool_ppo_seed20/seg_50000.pt:304x(wr=0.59)  rl_experiments_v3/exp_growing_pool_ppo_seed20/seg_100000.pt:286x(wr=0.48)  rl_experiments_v3/exp_growing_pool_ppo_seed20/seg_150000.pt:237x(wr=0.52)  rl_experiments_v3/exp_growing_pool_ppo_seed20/seg_200000.pt:309x(wr=0.50)  rl_experiments_v3/exp_growing_pool_ppo_seed20/seg_250000.pt:451x(wr=0.49)
episode 254000  train_avg=  +22.1  adv_avg=  +13.4  eval_avg(500)=  +11.4  win_rate= 51.8%  entropy_coef=0.0020  policy_loss=-0.0047  value_loss=1.0277  entropy=0.152  clip_frac= 0.4%  (95.2s)
  picks: heuristic:664x(wr=0.56)  rl_experiments_v3/exp_growing_pool_ppo_seed20/seg_50000.pt:438x(wr=0.49)  rl_experiments_v3/exp_growing_pool_ppo_seed20/seg_100000.pt:766x(wr=0.55)  rl_experiments_v3/exp_growing_pool_ppo_seed20/seg_150000.pt:690x(wr=0.55)  rl_experiments_v3/exp_growing_pool_ppo_seed20/seg_200000.pt:680x(wr=0.56)  rl_experiments_v3/exp_growing_pool_ppo_seed20/seg_250000.pt:762x(wr=0.55)
episode 256000  train_avg=   +6.0  adv_avg=  +10.0  eval_avg(500)=  +16.0  win_rate= 54.0%  entropy_coef=0.0020  policy_loss=-0.0091  value_loss=0.9636  entropy=0.170  clip_frac= 1.5%  (144.2s)
  picks: heuristic:952x(wr=0.51)  rl_experiments_v3/exp_growing_pool_ppo_seed20/seg_50000.pt:907x(wr=0.53)  rl_experiments_v3/exp_growing_pool_ppo_seed20/seg_100000.pt:1355x(wr=0.55)  rl_experiments_v3/exp_growing_pool_ppo_seed20/seg_150000.pt:878x(wr=0.55)  rl_experiments_v3/exp_growing_pool_ppo_seed20/seg_200000.pt:894x(wr=0.55)  rl_experiments_v3/exp_growing_pool_ppo_seed20/seg_250000.pt:1014x(wr=0.43)
episode 258000  train_avg=  +33.0  adv_avg=   +1.3  eval_avg(500)=   -9.4  win_rate= 48.0%  entropy_coef=0.0020  policy_loss=-0.0070  value_loss=0.9805  entropy=0.174  clip_frac= 1.0%  (190.2s)
  picks: heuristic:1231x(wr=0.50)  rl_experiments_v3/exp_growing_pool_ppo_seed20/seg_50000.pt:1166x(wr=0.60)  rl_experiments_v3/exp_growing_pool_ppo_seed20/seg_100000.pt:1641x(wr=0.57)  rl_experiments_v3/exp_growing_pool_ppo_seed20/seg_150000.pt:1026x(wr=0.52)  rl_experiments_v3/exp_growing_pool_ppo_seed20/seg_200000.pt:1145x(wr=0.53)  rl_experiments_v3/exp_growing_pool_ppo_seed20/seg_250000.pt:1791x(wr=0.51)
episode 260000  train_avg=  -10.8  adv_avg=   +8.4  eval_avg(500)=  +21.7  win_rate= 54.6%  entropy_coef=0.0020  policy_loss=-0.0059  value_loss=1.0275  entropy=0.162  clip_frac= 0.8%  (237.0s)
  picks: heuristic:1538x(wr=0.61)  rl_experiments_v3/exp_growing_pool_ppo_seed20/seg_50000.pt:1440x(wr=0.47)  rl_experiments_v3/exp_growing_pool_ppo_seed20/seg_100000.pt:1971x(wr=0.39)  rl_experiments_v3/exp_growing_pool_ppo_seed20/seg_150000.pt:1256x(wr=0.53)  rl_experiments_v3/exp_growing_pool_ppo_seed20/seg_200000.pt:1566x(wr=0.49)  rl_experiments_v3/exp_growing_pool_ppo_seed20/seg_250000.pt:2229x(wr=0.53)
episode 262000  train_avg=   -4.6  adv_avg=  +15.2  eval_avg(500)=   +1.4  win_rate= 50.4%  entropy_coef=0.0020  policy_loss=-0.0067  value_loss=0.9997  entropy=0.169  clip_frac= 0.8%  (282.6s)
  picks: heuristic:1690x(wr=0.51)  rl_experiments_v3/exp_growing_pool_ppo_seed20/seg_50000.pt:1721x(wr=0.52)  rl_experiments_v3/exp_growing_pool_ppo_seed20/seg_100000.pt:2638x(wr=0.51)  rl_experiments_v3/exp_growing_pool_ppo_seed20/seg_150000.pt:1549x(wr=0.51)  rl_experiments_v3/exp_growing_pool_ppo_seed20/seg_200000.pt:1944x(wr=0.48)  rl_experiments_v3/exp_growing_pool_ppo_seed20/seg_250000.pt:2458x(wr=0.46)
episode 264000  train_avg=   -6.9  adv_avg=  -14.8  eval_avg(500)=  +17.1  win_rate= 53.0%  entropy_coef=0.0020  policy_loss=-0.0115  value_loss=1.0088  entropy=0.191  clip_frac= 2.0%  (326.5s)
  picks: heuristic:1922x(wr=0.52)  rl_experiments_v3/exp_growing_pool_ppo_seed20/seg_50000.pt:1999x(wr=0.52)  rl_experiments_v3/exp_growing_pool_ppo_seed20/seg_100000.pt:3053x(wr=0.58)  rl_experiments_v3/exp_growing_pool_ppo_seed20/seg_150000.pt:1835x(wr=0.48)  rl_experiments_v3/exp_growing_pool_ppo_seed20/seg_200000.pt:2422x(wr=0.45)  rl_experiments_v3/exp_growing_pool_ppo_seed20/seg_250000.pt:2769x(wr=0.49)
episode 266000  train_avg=  +14.0  adv_avg=   +5.2  eval_avg(500)=  +30.1  win_rate= 56.4%  entropy_coef=0.0020  policy_loss=-0.0080  value_loss=0.9848  entropy=0.165  clip_frac= 1.2%  (374.8s)
  picks: heuristic:2111x(wr=0.59)  rl_experiments_v3/exp_growing_pool_ppo_seed20/seg_50000.pt:2274x(wr=0.59)  rl_experiments_v3/exp_growing_pool_ppo_seed20/seg_100000.pt:3193x(wr=0.58)  rl_experiments_v3/exp_growing_pool_ppo_seed20/seg_150000.pt:2239x(wr=0.49)  rl_experiments_v3/exp_growing_pool_ppo_seed20/seg_200000.pt:3038x(wr=0.47)  rl_experiments_v3/exp_growing_pool_ppo_seed20/seg_250000.pt:3145x(wr=0.50)
episode 268000  train_avg=   -2.1  adv_avg=  -24.2  eval_avg(500)=  +30.4  win_rate= 57.0%  entropy_coef=0.0020  policy_loss=-0.0071  value_loss=0.9985  entropy=0.163  clip_frac= 0.8%  (422.8s)
  picks: heuristic:2295x(wr=0.59)  rl_experiments_v3/exp_growing_pool_ppo_seed20/seg_50000.pt:2519x(wr=0.51)  rl_experiments_v3/exp_growing_pool_ppo_seed20/seg_100000.pt:3395x(wr=0.51)  rl_experiments_v3/exp_growing_pool_ppo_seed20/seg_150000.pt:2586x(wr=0.48)  rl_experiments_v3/exp_growing_pool_ppo_seed20/seg_200000.pt:3456x(wr=0.61)  rl_experiments_v3/exp_growing_pool_ppo_seed20/seg_250000.pt:3749x(wr=0.46)
episode 270000  train_avg=   +0.6  adv_avg=  -14.1  eval_avg(500)=  +26.8  win_rate= 56.6%  entropy_coef=0.0020  policy_loss=-0.0096  value_loss=1.0105  entropy=0.169  clip_frac= 1.8%  (470.4s)
  picks: heuristic:2524x(wr=0.55)  rl_experiments_v3/exp_growing_pool_ppo_seed20/seg_50000.pt:2818x(wr=0.45)  rl_experiments_v3/exp_growing_pool_ppo_seed20/seg_100000.pt:3656x(wr=0.57)  rl_experiments_v3/exp_growing_pool_ppo_seed20/seg_150000.pt:3100x(wr=0.51)  rl_experiments_v3/exp_growing_pool_ppo_seed20/seg_200000.pt:3674x(wr=0.46)  rl_experiments_v3/exp_growing_pool_ppo_seed20/seg_250000.pt:4228x(wr=0.42)
episode 272000  train_avg=  +14.2  adv_avg=   +7.8  eval_avg(500)=  +21.3  win_rate= 54.4%  entropy_coef=0.0020  policy_loss=-0.0054  value_loss=0.9959  entropy=0.153  clip_frac= 0.6%  (517.7s)
  picks: heuristic:2722x(wr=0.60)  rl_experiments_v3/exp_growing_pool_ppo_seed20/seg_50000.pt:3249x(wr=0.55)  rl_experiments_v3/exp_growing_pool_ppo_seed20/seg_100000.pt:3992x(wr=0.47)  rl_experiments_v3/exp_growing_pool_ppo_seed20/seg_150000.pt:3364x(wr=0.55)  rl_experiments_v3/exp_growing_pool_ppo_seed20/seg_200000.pt:4002x(wr=0.47)  rl_experiments_v3/exp_growing_pool_ppo_seed20/seg_250000.pt:4671x(wr=0.54)
episode 274000  train_avg=  -16.8  adv_avg=   -9.8  eval_avg(500)=  +28.0  win_rate= 56.0%  entropy_coef=0.0020  policy_loss=-0.0087  value_loss=1.0231  entropy=0.171  clip_frac= 1.2%  (566.7s)
  picks: heuristic:2853x(wr=0.52)  rl_experiments_v3/exp_growing_pool_ppo_seed20/seg_50000.pt:3579x(wr=0.40)  rl_experiments_v3/exp_growing_pool_ppo_seed20/seg_100000.pt:4394x(wr=0.55)  rl_experiments_v3/exp_growing_pool_ppo_seed20/seg_150000.pt:3603x(wr=0.57)  rl_experiments_v3/exp_growing_pool_ppo_seed20/seg_200000.pt:4622x(wr=0.47)  rl_experiments_v3/exp_growing_pool_ppo_seed20/seg_250000.pt:4949x(wr=0.56)
episode 276000  train_avg=  +11.8  adv_avg=   +3.6  eval_avg(500)=  +34.8  win_rate= 57.8%  entropy_coef=0.0020  policy_loss=-0.0076  value_loss=1.0111  entropy=0.175  clip_frac= 1.2%  (612.9s)
  picks: heuristic:3234x(wr=0.54)  rl_experiments_v3/exp_growing_pool_ppo_seed20/seg_50000.pt:4154x(wr=0.58)  rl_experiments_v3/exp_growing_pool_ppo_seed20/seg_100000.pt:4624x(wr=0.51)  rl_experiments_v3/exp_growing_pool_ppo_seed20/seg_150000.pt:3883x(wr=0.60)  rl_experiments_v3/exp_growing_pool_ppo_seed20/seg_200000.pt:5026x(wr=0.43)  rl_experiments_v3/exp_growing_pool_ppo_seed20/seg_250000.pt:5079x(wr=0.59)
episode 278000  train_avg=  +14.9  adv_avg=  -13.3  eval_avg(500)=   +9.4  win_rate= 52.2%  entropy_coef=0.0020  policy_loss=-0.0093  value_loss=0.9994  entropy=0.165  clip_frac= 1.6%  (659.1s)
  picks: heuristic:3750x(wr=0.47)  rl_experiments_v3/exp_growing_pool_ppo_seed20/seg_50000.pt:4551x(wr=0.57)  rl_experiments_v3/exp_growing_pool_ppo_seed20/seg_100000.pt:4945x(wr=0.51)  rl_experiments_v3/exp_growing_pool_ppo_seed20/seg_150000.pt:4015x(wr=0.56)  rl_experiments_v3/exp_growing_pool_ppo_seed20/seg_200000.pt:5522x(wr=0.49)  rl_experiments_v3/exp_growing_pool_ppo_seed20/seg_250000.pt:5217x(wr=0.50)
episode 280000  train_avg=  +20.0  adv_avg=  +14.4  eval_avg(500)=  +29.8  win_rate= 56.4%  entropy_coef=0.0020  policy_loss=-0.0084  value_loss=0.9932  entropy=0.158  clip_frac= 1.3%  (706.3s)
  picks: heuristic:4123x(wr=0.54)  rl_experiments_v3/exp_growing_pool_ppo_seed20/seg_50000.pt:4745x(wr=0.55)  rl_experiments_v3/exp_growing_pool_ppo_seed20/seg_100000.pt:5305x(wr=0.52)  rl_experiments_v3/exp_growing_pool_ppo_seed20/seg_150000.pt:4342x(wr=0.52)  rl_experiments_v3/exp_growing_pool_ppo_seed20/seg_200000.pt:5927x(wr=0.44)  rl_experiments_v3/exp_growing_pool_ppo_seed20/seg_250000.pt:5558x(wr=0.59)
episode 282000  train_avg=   +5.5  adv_avg=  -13.8  eval_avg(500)=  +12.6  win_rate= 53.0%  entropy_coef=0.0020  policy_loss=-0.0100  value_loss=0.9949  entropy=0.185  clip_frac= 1.5%  (753.9s)
  picks: heuristic:4402x(wr=0.52)  rl_experiments_v3/exp_growing_pool_ppo_seed20/seg_50000.pt:5030x(wr=0.46)  rl_experiments_v3/exp_growing_pool_ppo_seed20/seg_100000.pt:5606x(wr=0.47)  rl_experiments_v3/exp_growing_pool_ppo_seed20/seg_150000.pt:4818x(wr=0.50)  rl_experiments_v3/exp_growing_pool_ppo_seed20/seg_200000.pt:6421x(wr=0.57)  rl_experiments_v3/exp_growing_pool_ppo_seed20/seg_250000.pt:5723x(wr=0.51)
episode 284000  train_avg=   -4.0  adv_avg=   -7.5  eval_avg(500)=  +31.5  win_rate= 55.8%  entropy_coef=0.0020  policy_loss=-0.0094  value_loss=0.9701  entropy=0.183  clip_frac= 1.5%  (798.3s)
  picks: heuristic:4893x(wr=0.57)  rl_experiments_v3/exp_growing_pool_ppo_seed20/seg_50000.pt:5314x(wr=0.43)  rl_experiments_v3/exp_growing_pool_ppo_seed20/seg_100000.pt:5916x(wr=0.58)  rl_experiments_v3/exp_growing_pool_ppo_seed20/seg_150000.pt:5112x(wr=0.47)  rl_experiments_v3/exp_growing_pool_ppo_seed20/seg_200000.pt:6685x(wr=0.44)  rl_experiments_v3/exp_growing_pool_ppo_seed20/seg_250000.pt:6080x(wr=0.49)
episode 286000  train_avg=  -45.4  adv_avg=  +19.5  eval_avg(500)=  +21.3  win_rate= 53.2%  entropy_coef=0.0020  policy_loss=-0.0093  value_loss=1.0200  entropy=0.179  clip_frac= 1.5%  (846.9s)
  picks: heuristic:5025x(wr=0.60)  rl_experiments_v3/exp_growing_pool_ppo_seed20/seg_50000.pt:5690x(wr=0.61)  rl_experiments_v3/exp_growing_pool_ppo_seed20/seg_100000.pt:6032x(wr=0.47)  rl_experiments_v3/exp_growing_pool_ppo_seed20/seg_150000.pt:5634x(wr=0.43)  rl_experiments_v3/exp_growing_pool_ppo_seed20/seg_200000.pt:7195x(wr=0.39)  rl_experiments_v3/exp_growing_pool_ppo_seed20/seg_250000.pt:6424x(wr=0.48)
episode 288000  train_avg=  +23.8  adv_avg=   +9.8  eval_avg(500)=  +13.7  win_rate= 53.0%  entropy_coef=0.0020  policy_loss=-0.0061  value_loss=0.9903  entropy=0.158  clip_frac= 0.7%  (894.2s)
  picks: heuristic:5185x(wr=0.55)  rl_experiments_v3/exp_growing_pool_ppo_seed20/seg_50000.pt:5873x(wr=0.63)  rl_experiments_v3/exp_growing_pool_ppo_seed20/seg_100000.pt:6394x(wr=0.55)  rl_experiments_v3/exp_growing_pool_ppo_seed20/seg_150000.pt:6128x(wr=0.58)  rl_experiments_v3/exp_growing_pool_ppo_seed20/seg_200000.pt:7701x(wr=0.45)  rl_experiments_v3/exp_growing_pool_ppo_seed20/seg_250000.pt:6719x(wr=0.49)
episode 290000  train_avg=  +13.5  adv_avg=  +14.3  eval_avg(500)=  +10.8  win_rate= 51.8%  entropy_coef=0.0020  policy_loss=-0.0062  value_loss=1.0323  entropy=0.169  clip_frac= 0.8%  (940.6s)
  picks: heuristic:5510x(wr=0.51)  rl_experiments_v3/exp_growing_pool_ppo_seed20/seg_50000.pt:6006x(wr=0.52)  rl_experiments_v3/exp_growing_pool_ppo_seed20/seg_100000.pt:6745x(wr=0.49)  rl_experiments_v3/exp_growing_pool_ppo_seed20/seg_150000.pt:6338x(wr=0.61)  rl_experiments_v3/exp_growing_pool_ppo_seed20/seg_200000.pt:8264x(wr=0.50)  rl_experiments_v3/exp_growing_pool_ppo_seed20/seg_250000.pt:7137x(wr=0.49)
episode 292000  train_avg=  +20.7  adv_avg=  +21.0  eval_avg(500)=  +18.1  win_rate= 53.6%  entropy_coef=0.0020  policy_loss=-0.0059  value_loss=1.0404  entropy=0.166  clip_frac= 0.7%  (986.9s)
  picks: heuristic:5835x(wr=0.54)  rl_experiments_v3/exp_growing_pool_ppo_seed20/seg_50000.pt:6272x(wr=0.53)  rl_experiments_v3/exp_growing_pool_ppo_seed20/seg_100000.pt:7272x(wr=0.53)  rl_experiments_v3/exp_growing_pool_ppo_seed20/seg_150000.pt:6474x(wr=0.58)  rl_experiments_v3/exp_growing_pool_ppo_seed20/seg_200000.pt:8584x(wr=0.57)  rl_experiments_v3/exp_growing_pool_ppo_seed20/seg_250000.pt:7563x(wr=0.47)
episode 294000  train_avg=   -3.2  adv_avg=   -4.8  eval_avg(500)=   +5.6  win_rate= 50.4%  entropy_coef=0.0020  policy_loss=-0.0079  value_loss=0.9772  entropy=0.183  clip_frac= 0.9%  (1034.6s)
  picks: heuristic:6134x(wr=0.50)  rl_experiments_v3/exp_growing_pool_ppo_seed20/seg_50000.pt:6664x(wr=0.46)  rl_experiments_v3/exp_growing_pool_ppo_seed20/seg_100000.pt:7568x(wr=0.52)  rl_experiments_v3/exp_growing_pool_ppo_seed20/seg_150000.pt:6634x(wr=0.46)  rl_experiments_v3/exp_growing_pool_ppo_seed20/seg_200000.pt:8963x(wr=0.49)  rl_experiments_v3/exp_growing_pool_ppo_seed20/seg_250000.pt:8037x(wr=0.49)
episode 296000  train_avg=   +4.1  adv_avg=  +12.0  eval_avg(500)=  +17.6  win_rate= 53.8%  entropy_coef=0.0020  policy_loss=-0.0072  value_loss=1.0209  entropy=0.172  clip_frac= 1.1%  (1082.9s)
  picks: heuristic:6328x(wr=0.54)  rl_experiments_v3/exp_growing_pool_ppo_seed20/seg_50000.pt:7253x(wr=0.49)  rl_experiments_v3/exp_growing_pool_ppo_seed20/seg_100000.pt:7767x(wr=0.63)  rl_experiments_v3/exp_growing_pool_ppo_seed20/seg_150000.pt:6959x(wr=0.39)  rl_experiments_v3/exp_growing_pool_ppo_seed20/seg_200000.pt:9284x(wr=0.57)  rl_experiments_v3/exp_growing_pool_ppo_seed20/seg_250000.pt:8409x(wr=0.45)
episode 298000  train_avg=   +3.9  adv_avg=  +14.5  eval_avg(500)=  +17.6  win_rate= 52.8%  entropy_coef=0.0020  policy_loss=-0.0082  value_loss=1.1651  entropy=0.163  clip_frac= 1.0%  (1130.1s)
  picks: heuristic:6762x(wr=0.60)  rl_experiments_v3/exp_growing_pool_ppo_seed20/seg_50000.pt:7532x(wr=0.45)  rl_experiments_v3/exp_growing_pool_ppo_seed20/seg_100000.pt:7853x(wr=0.54)  rl_experiments_v3/exp_growing_pool_ppo_seed20/seg_150000.pt:7549x(wr=0.45)  rl_experiments_v3/exp_growing_pool_ppo_seed20/seg_200000.pt:9490x(wr=0.53)  rl_experiments_v3/exp_growing_pool_ppo_seed20/seg_250000.pt:8814x(wr=0.54)
episode 300000  train_avg=   +9.2  adv_avg=   -8.8  eval_avg(500)=  +24.6  win_rate= 55.0%  entropy_coef=0.0020  policy_loss=-0.0089  value_loss=0.9724  entropy=0.169  clip_frac= 1.3%  (1175.6s)
  picks: heuristic:6956x(wr=0.54)  rl_experiments_v3/exp_growing_pool_ppo_seed20/seg_50000.pt:7888x(wr=0.54)  rl_experiments_v3/exp_growing_pool_ppo_seed20/seg_100000.pt:8083x(wr=0.58)  rl_experiments_v3/exp_growing_pool_ppo_seed20/seg_150000.pt:8021x(wr=0.48)  rl_experiments_v3/exp_growing_pool_ppo_seed20/seg_200000.pt:9686x(wr=0.54)  rl_experiments_v3/exp_growing_pool_ppo_seed20/seg_250000.pt:9366x(wr=0.55)
poids sauvegardes dans rl_experiments_v3/exp_growing_pool_ppo_seed20/seg_300000.pt
PFSP picks total: heuristic:6956x(wr=0.54)  rl_experiments_v3/exp_growing_pool_ppo_seed20/seg_50000.pt:7888x(wr=0.54)  rl_experiments_v3/exp_growing_pool_ppo_seed20/seg_100000.pt:8083x(wr=0.58)  rl_experiments_v3/exp_growing_pool_ppo_seed20/seg_150000.pt:8021x(wr=0.48)  rl_experiments_v3/exp_growing_pool_ppo_seed20/seg_200000.pt:9686x(wr=0.54)  rl_experiments_v3/exp_growing_pool_ppo_seed20/seg_250000.pt:9366x(wr=0.55)
