poids charges depuis rl_experiments_v3/imit.pt
episode   2000  train_avg=  -10.7  adv_avg=   -9.9  eval_avg(500)=   +7.2  win_rate= 51.0%  entropy_coef=0.0020  policy_loss=-0.0056  value_loss=0.9990  entropy=0.196  clip_frac= 0.5%  (31.2s)
  picks: heuristic:2000x(wr=0.48)
episode   4000  train_avg=  -16.5  adv_avg=  -19.1  eval_avg(500)=   +7.0  win_rate= 52.2%  entropy_coef=0.0020  policy_loss=-0.0085  value_loss=1.0005  entropy=0.211  clip_frac= 1.1%  (62.4s)
  picks: heuristic:4000x(wr=0.47)
episode   6000  train_avg=   -6.7  adv_avg=  -20.1  eval_avg(500)=   +9.5  win_rate= 52.6%  entropy_coef=0.0020  policy_loss=-0.0070  value_loss=1.0038  entropy=0.195  clip_frac= 0.6%  (94.2s)
  picks: heuristic:6000x(wr=0.47)
episode   8000  train_avg=  +29.6  adv_avg=   +5.5  eval_avg(500)=   -3.4  win_rate= 48.6%  entropy_coef=0.0020  policy_loss=-0.0092  value_loss=1.0200  entropy=0.201  clip_frac= 1.0%  (126.5s)
  picks: heuristic:8000x(wr=0.57)
episode  10000  train_avg=  +16.8  adv_avg=   +6.0  eval_avg(500)=   +9.4  win_rate= 52.6%  entropy_coef=0.0020  policy_loss=-0.0089  value_loss=1.0002  entropy=0.202  clip_frac= 1.3%  (158.6s)
  picks: heuristic:10000x(wr=0.55)
episode  12000  train_avg=  +22.4  adv_avg=  +17.5  eval_avg(500)=  +11.0  win_rate= 52.2%  entropy_coef=0.0020  policy_loss=-0.0059  value_loss=0.9952  entropy=0.186  clip_frac= 0.5%  (190.6s)
  picks: heuristic:12000x(wr=0.51)
episode  14000  train_avg=  +20.4  adv_avg=  +35.0  eval_avg(500)=   +4.8  win_rate= 51.4%  entropy_coef=0.0020  policy_loss=-0.0053  value_loss=1.0046  entropy=0.197  clip_frac= 0.4%  (222.5s)
  picks: heuristic:14000x(wr=0.62)
episode  16000  train_avg=  +25.9  adv_avg=   -2.8  eval_avg(500)=  +10.5  win_rate= 52.4%  entropy_coef=0.0020  policy_loss=-0.0073  value_loss=1.0092  entropy=0.211  clip_frac= 0.7%  (255.4s)
  picks: heuristic:16000x(wr=0.59)
episode  18000  train_avg=  +15.1  adv_avg=  +22.4  eval_avg(500)=  +18.4  win_rate= 53.8%  entropy_coef=0.0020  policy_loss=-0.0110  value_loss=1.0433  entropy=0.200  clip_frac= 1.3%  (289.0s)
  picks: heuristic:18000x(wr=0.53)
episode  20000  train_avg=   -8.2  adv_avg=   +5.2  eval_avg(500)=   +8.9  win_rate= 52.0%  entropy_coef=0.0020  policy_loss=-0.0105  value_loss=0.9748  entropy=0.207  clip_frac= 1.1%  (323.2s)
  picks: heuristic:20000x(wr=0.49)
episode  22000  train_avg=   +1.6  adv_avg=   -7.5  eval_avg(500)=   +2.6  win_rate= 49.4%  entropy_coef=0.0020  policy_loss=-0.0065  value_loss=0.9919  entropy=0.199  clip_frac= 0.6%  (353.3s)
  picks: heuristic:22000x(wr=0.49)
episode  24000  train_avg=   +5.5  adv_avg=  +13.4  eval_avg(500)=  +22.0  win_rate= 54.2%  entropy_coef=0.0020  policy_loss=-0.0106  value_loss=1.0127  entropy=0.206  clip_frac= 1.2%  (386.0s)
  picks: heuristic:24000x(wr=0.51)
episode  26000  train_avg=   -1.8  adv_avg=   +3.7  eval_avg(500)=  +16.8  win_rate= 53.4%  entropy_coef=0.0020  policy_loss=-0.0076  value_loss=0.9931  entropy=0.206  clip_frac= 0.9%  (420.6s)
  picks: heuristic:26000x(wr=0.51)
episode  28000  train_avg=  -10.4  adv_avg=   -2.6  eval_avg(500)=   -0.7  win_rate= 49.2%  entropy_coef=0.0020  policy_loss=-0.0075  value_loss=1.0073  entropy=0.197  clip_frac= 0.6%  (450.2s)
  picks: heuristic:28000x(wr=0.48)
episode  30000  train_avg=  +16.4  adv_avg=   +2.2  eval_avg(500)=   -7.0  win_rate= 48.4%  entropy_coef=0.0020  policy_loss=-0.0079  value_loss=0.9983  entropy=0.177  clip_frac= 0.9%  (481.8s)
  picks: heuristic:30000x(wr=0.56)
episode  32000  train_avg=  +31.6  adv_avg=   +6.2  eval_avg(500)=   +2.1  win_rate= 51.0%  entropy_coef=0.0020  policy_loss=-0.0069  value_loss=0.9847  entropy=0.192  clip_frac= 0.6%  (513.0s)
  picks: heuristic:32000x(wr=0.51)
episode  34000  train_avg=  +10.0  adv_avg=   +3.2  eval_avg(500)=  +13.1  win_rate= 52.6%  entropy_coef=0.0020  policy_loss=-0.0105  value_loss=1.0160  entropy=0.181  clip_frac= 1.3%  (546.1s)
  picks: heuristic:34000x(wr=0.54)
episode  36000  train_avg=   -4.5  adv_avg=  -15.7  eval_avg(500)=  +22.9  win_rate= 54.6%  entropy_coef=0.0020  policy_loss=-0.0089  value_loss=1.0210  entropy=0.189  clip_frac= 1.2%  (579.2s)
  picks: heuristic:36000x(wr=0.48)
episode  38000  train_avg=  -10.4  adv_avg=   -0.9  eval_avg(500)=  +18.2  win_rate= 54.2%  entropy_coef=0.0020  policy_loss=-0.0101  value_loss=0.9947  entropy=0.191  clip_frac= 1.4%  (611.9s)
  picks: heuristic:38000x(wr=0.52)
episode  40000  train_avg=  -19.0  adv_avg=   -5.8  eval_avg(500)=  +20.3  win_rate= 53.8%  entropy_coef=0.0020  policy_loss=-0.0083  value_loss=1.0162  entropy=0.185  clip_frac= 1.2%  (645.4s)
  picks: heuristic:40000x(wr=0.43)
episode  42000  train_avg=  -27.1  adv_avg=   +3.8  eval_avg(500)=  +21.5  win_rate= 53.6%  entropy_coef=0.0020  policy_loss=-0.0085  value_loss=0.9842  entropy=0.197  clip_frac= 1.1%  (678.1s)
  picks: heuristic:42000x(wr=0.42)
episode  44000  train_avg=  +30.9  adv_avg=  +23.6  eval_avg(500)=  +15.2  win_rate= 53.0%  entropy_coef=0.0020  policy_loss=-0.0060  value_loss=0.9942  entropy=0.180  clip_frac= 0.6%  (711.3s)
  picks: heuristic:44000x(wr=0.52)
episode  46000  train_avg=  -20.4  adv_avg=  -11.4  eval_avg(500)=   +3.5  win_rate= 49.8%  entropy_coef=0.0020  policy_loss=-0.0075  value_loss=1.0151  entropy=0.195  clip_frac= 0.7%  (745.3s)
  picks: heuristic:46000x(wr=0.43)
episode  48000  train_avg=   +4.5  adv_avg=   +6.8  eval_avg(500)=  +19.2  win_rate= 54.0%  entropy_coef=0.0020  policy_loss=-0.0085  value_loss=0.9722  entropy=0.208  clip_frac= 0.9%  (778.9s)
  picks: heuristic:48000x(wr=0.47)
episode  50000  train_avg=  +12.4  adv_avg=  +14.9  eval_avg(500)=   +5.8  win_rate= 50.8%  entropy_coef=0.0020  policy_loss=-0.0094  value_loss=0.9822  entropy=0.200  clip_frac= 1.6%  (811.7s)
  picks: heuristic:50000x(wr=0.52)
poids sauvegardes dans rl_experiments_v3/exp_growing_pool_ppo_seed20/seg_50000.pt
PFSP picks total: heuristic:50000x(wr=0.52)
