adversaire fige charge depuis rl_experiments_v3/exp_growing_pool_ppo_seed20/seg_50000.pt
adversaire fige charge depuis rl_experiments_v3/exp_growing_pool_ppo_seed20/seg_100000.pt
adversaire fige charge depuis rl_experiments_v3/exp_growing_pool_ppo_seed20/seg_150000.pt
adversaire fige charge depuis rl_experiments_v3/exp_growing_pool_ppo_seed20/seg_200000.pt
poids charges depuis rl_experiments_v3/exp_growing_pool_ppo_seed20/seg_200000.pt
poids de value_net charges depuis rl_experiments_v3/exp_growing_pool_ppo_seed20/seg_200000.pt
episode 202000  train_avg=  +22.2  adv_avg=   +3.9  eval_avg(500)=  +22.0  win_rate= 54.4%  entropy_coef=0.0020  policy_loss=-0.0071  value_loss=0.9966  entropy=0.156  clip_frac= 1.0%  (47.7s)
  picks: heuristic:363x(wr=0.54)  rl_experiments_v3/exp_growing_pool_ppo_seed20/seg_50000.pt:536x(wr=0.52)  rl_experiments_v3/exp_growing_pool_ppo_seed20/seg_100000.pt:386x(wr=0.50)  rl_experiments_v3/exp_growing_pool_ppo_seed20/seg_150000.pt:355x(wr=0.56)  rl_experiments_v3/exp_growing_pool_ppo_seed20/seg_200000.pt:360x(wr=0.43)
episode 204000  train_avg=  +14.4  adv_avg=  +34.6  eval_avg(500)=  +21.4  win_rate= 54.8%  entropy_coef=0.0020  policy_loss=-0.0093  value_loss=0.9691  entropy=0.175  clip_frac= 1.2%  (94.6s)
  picks: heuristic:692x(wr=0.57)  rl_experiments_v3/exp_growing_pool_ppo_seed20/seg_50000.pt:889x(wr=0.52)  rl_experiments_v3/exp_growing_pool_ppo_seed20/seg_100000.pt:821x(wr=0.51)  rl_experiments_v3/exp_growing_pool_ppo_seed20/seg_150000.pt:573x(wr=0.46)  rl_experiments_v3/exp_growing_pool_ppo_seed20/seg_200000.pt:1025x(wr=0.51)
episode 206000  train_avg=   -1.9  adv_avg=   -7.2  eval_avg(500)=  +23.6  win_rate= 54.8%  entropy_coef=0.0020  policy_loss=-0.0084  value_loss=1.0125  entropy=0.164  clip_frac= 1.4%  (140.8s)
  picks: heuristic:1041x(wr=0.51)  rl_experiments_v3/exp_growing_pool_ppo_seed20/seg_50000.pt:1282x(wr=0.49)  rl_experiments_v3/exp_growing_pool_ppo_seed20/seg_100000.pt:1175x(wr=0.53)  rl_experiments_v3/exp_growing_pool_ppo_seed20/seg_150000.pt:1086x(wr=0.49)  rl_experiments_v3/exp_growing_pool_ppo_seed20/seg_200000.pt:1416x(wr=0.56)
episode 208000  train_avg=  +17.4  adv_avg=   -6.5  eval_avg(500)=  +16.2  win_rate= 52.6%  entropy_coef=0.0020  policy_loss=-0.0059  value_loss=1.0212  entropy=0.169  clip_frac= 0.7%  (184.5s)
  picks: heuristic:1409x(wr=0.58)  rl_experiments_v3/exp_growing_pool_ppo_seed20/seg_50000.pt:1693x(wr=0.55)  rl_experiments_v3/exp_growing_pool_ppo_seed20/seg_100000.pt:1428x(wr=0.51)  rl_experiments_v3/exp_growing_pool_ppo_seed20/seg_150000.pt:1808x(wr=0.55)  rl_experiments_v3/exp_growing_pool_ppo_seed20/seg_200000.pt:1662x(wr=0.43)
episode 210000  train_avg=  +29.6  adv_avg=   +3.2  eval_avg(500)=  +30.9  win_rate= 57.0%  entropy_coef=0.0020  policy_loss=-0.0097  value_loss=0.9649  entropy=0.179  clip_frac= 1.4%  (231.4s)
  picks: heuristic:1637x(wr=0.55)  rl_experiments_v3/exp_growing_pool_ppo_seed20/seg_50000.pt:1995x(wr=0.60)  rl_experiments_v3/exp_growing_pool_ppo_seed20/seg_100000.pt:1942x(wr=0.53)  rl_experiments_v3/exp_growing_pool_ppo_seed20/seg_150000.pt:2071x(wr=0.52)  rl_experiments_v3/exp_growing_pool_ppo_seed20/seg_200000.pt:2355x(wr=0.53)
episode 212000  train_avg=  +11.7  adv_avg=   +6.7  eval_avg(500)=  +29.2  win_rate= 56.6%  entropy_coef=0.0020  policy_loss=-0.0076  value_loss=1.0123  entropy=0.165  clip_frac= 0.9%  (273.7s)
  picks: heuristic:1943x(wr=0.58)  rl_experiments_v3/exp_growing_pool_ppo_seed20/seg_50000.pt:2368x(wr=0.49)  rl_experiments_v3/exp_growing_pool_ppo_seed20/seg_100000.pt:2449x(wr=0.55)  rl_experiments_v3/exp_growing_pool_ppo_seed20/seg_150000.pt:2521x(wr=0.50)  rl_experiments_v3/exp_growing_pool_ppo_seed20/seg_200000.pt:2719x(wr=0.54)
episode 214000  train_avg=   +7.3  adv_avg=   +5.3  eval_avg(500)=  +15.3  win_rate= 51.8%  entropy_coef=0.0020  policy_loss=-0.0114  value_loss=1.0268  entropy=0.163  clip_frac= 1.5%  (317.4s)
  picks: heuristic:2205x(wr=0.58)  rl_experiments_v3/exp_growing_pool_ppo_seed20/seg_50000.pt:2909x(wr=0.54)  rl_experiments_v3/exp_growing_pool_ppo_seed20/seg_100000.pt:2716x(wr=0.45)  rl_experiments_v3/exp_growing_pool_ppo_seed20/seg_150000.pt:3033x(wr=0.52)  rl_experiments_v3/exp_growing_pool_ppo_seed20/seg_200000.pt:3137x(wr=0.48)
episode 216000  train_avg=   -2.1  adv_avg=   +1.5  eval_avg(500)=  +25.3  win_rate= 54.6%  entropy_coef=0.0020  policy_loss=-0.0087  value_loss=1.0050  entropy=0.179  clip_frac= 1.2%  (366.5s)
  picks: heuristic:2505x(wr=0.55)  rl_experiments_v3/exp_growing_pool_ppo_seed20/seg_50000.pt:3386x(wr=0.54)  rl_experiments_v3/exp_growing_pool_ppo_seed20/seg_100000.pt:3174x(wr=0.46)  rl_experiments_v3/exp_growing_pool_ppo_seed20/seg_150000.pt:3355x(wr=0.43)  rl_experiments_v3/exp_growing_pool_ppo_seed20/seg_200000.pt:3580x(wr=0.44)
episode 218000  train_avg=   -9.3  adv_avg=   +0.1  eval_avg(500)=   -8.1  win_rate= 47.6%  entropy_coef=0.0020  policy_loss=-0.0107  value_loss=1.0049  entropy=0.171  clip_frac= 1.6%  (410.8s)
  picks: heuristic:2671x(wr=0.50)  rl_experiments_v3/exp_growing_pool_ppo_seed20/seg_50000.pt:3566x(wr=0.58)  rl_experiments_v3/exp_growing_pool_ppo_seed20/seg_100000.pt:3953x(wr=0.51)  rl_experiments_v3/exp_growing_pool_ppo_seed20/seg_150000.pt:3756x(wr=0.62)  rl_experiments_v3/exp_growing_pool_ppo_seed20/seg_200000.pt:4054x(wr=0.48)
episode 220000  train_avg=  -30.5  adv_avg=   -9.6  eval_avg(500)=   +5.0  win_rate= 50.8%  entropy_coef=0.0020  policy_loss=-0.0076  value_loss=0.9923  entropy=0.161  clip_frac= 0.9%  (454.9s)
  picks: heuristic:3089x(wr=0.40)  rl_experiments_v3/exp_growing_pool_ppo_seed20/seg_50000.pt:3801x(wr=0.59)  rl_experiments_v3/exp_growing_pool_ppo_seed20/seg_100000.pt:4314x(wr=0.52)  rl_experiments_v3/exp_growing_pool_ppo_seed20/seg_150000.pt:4039x(wr=0.50)  rl_experiments_v3/exp_growing_pool_ppo_seed20/seg_200000.pt:4757x(wr=0.42)
episode 222000  train_avg=   +5.8  adv_avg=  +32.9  eval_avg(500)=  +31.9  win_rate= 56.8%  entropy_coef=0.0020  policy_loss=-0.0088  value_loss=1.0307  entropy=0.182  clip_frac= 1.0%  (500.1s)
  picks: heuristic:3605x(wr=0.53)  rl_experiments_v3/exp_growing_pool_ppo_seed20/seg_50000.pt:3935x(wr=0.56)  rl_experiments_v3/exp_growing_pool_ppo_seed20/seg_100000.pt:4703x(wr=0.48)  rl_experiments_v3/exp_growing_pool_ppo_seed20/seg_150000.pt:4323x(wr=0.56)  rl_experiments_v3/exp_growing_pool_ppo_seed20/seg_200000.pt:5434x(wr=0.49)
episode 224000  train_avg=  +18.1  adv_avg=   +2.6  eval_avg(500)=  +10.1  win_rate= 52.0%  entropy_coef=0.0020  policy_loss=-0.0084  value_loss=0.9683  entropy=0.166  clip_frac= 1.1%  (545.8s)
  picks: heuristic:3863x(wr=0.52)  rl_experiments_v3/exp_growing_pool_ppo_seed20/seg_50000.pt:4491x(wr=0.52)  rl_experiments_v3/exp_growing_pool_ppo_seed20/seg_100000.pt:5056x(wr=0.55)  rl_experiments_v3/exp_growing_pool_ppo_seed20/seg_150000.pt:4704x(wr=0.57)  rl_experiments_v3/exp_growing_pool_ppo_seed20/seg_200000.pt:5886x(wr=0.46)
episode 226000  train_avg=  +36.5  adv_avg=   -6.8  eval_avg(500)=   +9.7  win_rate= 52.2%  entropy_coef=0.0020  policy_loss=-0.0071  value_loss=0.9877  entropy=0.175  clip_frac= 0.9%  (589.6s)
  picks: heuristic:4201x(wr=0.55)  rl_experiments_v3/exp_growing_pool_ppo_seed20/seg_50000.pt:4910x(wr=0.59)  rl_experiments_v3/exp_growing_pool_ppo_seed20/seg_100000.pt:5449x(wr=0.51)  rl_experiments_v3/exp_growing_pool_ppo_seed20/seg_150000.pt:5021x(wr=0.57)  rl_experiments_v3/exp_growing_pool_ppo_seed20/seg_200000.pt:6419x(wr=0.53)
episode 228000  train_avg=  -13.7  adv_avg=   +0.1  eval_avg(500)=  +19.1  win_rate= 54.0%  entropy_coef=0.0020  policy_loss=-0.0075  value_loss=0.9863  entropy=0.186  clip_frac= 0.8%  (630.8s)
  picks: heuristic:4624x(wr=0.53)  rl_experiments_v3/exp_growing_pool_ppo_seed20/seg_50000.pt:5076x(wr=0.60)  rl_experiments_v3/exp_growing_pool_ppo_seed20/seg_100000.pt:5863x(wr=0.48)  rl_experiments_v3/exp_growing_pool_ppo_seed20/seg_150000.pt:5349x(wr=0.47)  rl_experiments_v3/exp_growing_pool_ppo_seed20/seg_200000.pt:7088x(wr=0.52)
episode 230000  train_avg=  -11.2  adv_avg=   +2.7  eval_avg(500)=  +11.2  win_rate= 52.0%  entropy_coef=0.0020  policy_loss=-0.0079  value_loss=1.0302  entropy=0.176  clip_frac= 1.0%  (673.7s)
  picks: heuristic:4823x(wr=0.55)  rl_experiments_v3/exp_growing_pool_ppo_seed20/seg_50000.pt:5308x(wr=0.49)  rl_experiments_v3/exp_growing_pool_ppo_seed20/seg_100000.pt:6392x(wr=0.47)  rl_experiments_v3/exp_growing_pool_ppo_seed20/seg_150000.pt:6091x(wr=0.46)  rl_experiments_v3/exp_growing_pool_ppo_seed20/seg_200000.pt:7386x(wr=0.46)
episode 232000  train_avg=  +14.5  adv_avg=  +14.3  eval_avg(500)=  +26.8  win_rate= 55.4%  entropy_coef=0.0020  policy_loss=-0.0088  value_loss=0.9899  entropy=0.180  clip_frac= 1.0%  (718.5s)
  picks: heuristic:5082x(wr=0.58)  rl_experiments_v3/exp_growing_pool_ppo_seed20/seg_50000.pt:5595x(wr=0.51)  rl_experiments_v3/exp_growing_pool_ppo_seed20/seg_100000.pt:6737x(wr=0.53)  rl_experiments_v3/exp_growing_pool_ppo_seed20/seg_150000.pt:6695x(wr=0.56)  rl_experiments_v3/exp_growing_pool_ppo_seed20/seg_200000.pt:7891x(wr=0.51)
episode 234000  train_avg=   -3.5  adv_avg=   +0.3  eval_avg(500)=   +7.7  win_rate= 51.2%  entropy_coef=0.0020  policy_loss=-0.0060  value_loss=0.9636  entropy=0.152  clip_frac= 0.6%  (765.9s)
  picks: heuristic:5374x(wr=0.55)  rl_experiments_v3/exp_growing_pool_ppo_seed20/seg_50000.pt:6074x(wr=0.51)  rl_experiments_v3/exp_growing_pool_ppo_seed20/seg_100000.pt:7121x(wr=0.42)  rl_experiments_v3/exp_growing_pool_ppo_seed20/seg_150000.pt:7059x(wr=0.51)  rl_experiments_v3/exp_growing_pool_ppo_seed20/seg_200000.pt:8372x(wr=0.58)
episode 236000  train_avg=   +8.2  adv_avg=   -0.3  eval_avg(500)=  +36.0  win_rate= 57.2%  entropy_coef=0.0020  policy_loss=-0.0059  value_loss=1.0152  entropy=0.168  clip_frac= 0.6%  (813.9s)
  picks: heuristic:5689x(wr=0.57)  rl_experiments_v3/exp_growing_pool_ppo_seed20/seg_50000.pt:6438x(wr=0.51)  rl_experiments_v3/exp_growing_pool_ppo_seed20/seg_100000.pt:7610x(wr=0.55)  rl_experiments_v3/exp_growing_pool_ppo_seed20/seg_150000.pt:7516x(wr=0.46)  rl_experiments_v3/exp_growing_pool_ppo_seed20/seg_200000.pt:8747x(wr=0.49)
episode 238000  train_avg=   -1.0  adv_avg=   +8.2  eval_avg(500)=  +29.7  win_rate= 56.6%  entropy_coef=0.0020  policy_loss=-0.0085  value_loss=0.9931  entropy=0.181  clip_frac= 1.2%  (865.1s)
  picks: heuristic:5890x(wr=0.58)  rl_experiments_v3/exp_growing_pool_ppo_seed20/seg_50000.pt:6707x(wr=0.50)  rl_experiments_v3/exp_growing_pool_ppo_seed20/seg_100000.pt:8001x(wr=0.45)  rl_experiments_v3/exp_growing_pool_ppo_seed20/seg_150000.pt:7958x(wr=0.50)  rl_experiments_v3/exp_growing_pool_ppo_seed20/seg_200000.pt:9444x(wr=0.51)
episode 240000  train_avg=  +38.7  adv_avg=  +16.6  eval_avg(500)=  +18.5  win_rate= 53.6%  entropy_coef=0.0020  policy_loss=-0.0054  value_loss=1.0184  entropy=0.141  clip_frac= 0.7%  (916.7s)
  picks: heuristic:6062x(wr=0.57)  rl_experiments_v3/exp_growing_pool_ppo_seed20/seg_50000.pt:7153x(wr=0.57)  rl_experiments_v3/exp_growing_pool_ppo_seed20/seg_100000.pt:8472x(wr=0.54)  rl_experiments_v3/exp_growing_pool_ppo_seed20/seg_150000.pt:8312x(wr=0.58)  rl_experiments_v3/exp_growing_pool_ppo_seed20/seg_200000.pt:10001x(wr=0.58)
episode 242000  train_avg=   +0.8  adv_avg=  +24.8  eval_avg(500)=  +28.5  win_rate= 57.0%  entropy_coef=0.0020  policy_loss=-0.0069  value_loss=1.0029  entropy=0.168  clip_frac= 0.8%  (966.3s)
  picks: heuristic:6575x(wr=0.55)  rl_experiments_v3/exp_growing_pool_ppo_seed20/seg_50000.pt:7559x(wr=0.50)  rl_experiments_v3/exp_growing_pool_ppo_seed20/seg_100000.pt:8845x(wr=0.51)  rl_experiments_v3/exp_growing_pool_ppo_seed20/seg_150000.pt:8746x(wr=0.47)  rl_experiments_v3/exp_growing_pool_ppo_seed20/seg_200000.pt:10275x(wr=0.51)
episode 244000  train_avg=   +5.8  adv_avg=   +8.1  eval_avg(500)=  +21.3  win_rate= 54.6%  entropy_coef=0.0020  policy_loss=-0.0077  value_loss=0.9168  entropy=0.144  clip_frac= 1.1%  (1012.5s)
  picks: heuristic:6979x(wr=0.56)  rl_experiments_v3/exp_growing_pool_ppo_seed20/seg_50000.pt:7995x(wr=0.43)  rl_experiments_v3/exp_growing_pool_ppo_seed20/seg_100000.pt:9204x(wr=0.53)  rl_experiments_v3/exp_growing_pool_ppo_seed20/seg_150000.pt:9096x(wr=0.54)  rl_experiments_v3/exp_growing_pool_ppo_seed20/seg_200000.pt:10726x(wr=0.59)
episode 246000  train_avg=  +31.3  adv_avg=  +10.1  eval_avg(500)=  +20.2  win_rate= 54.0%  entropy_coef=0.0020  policy_loss=-0.0080  value_loss=1.0245  entropy=0.157  clip_frac= 1.0%  (1057.9s)
  picks: heuristic:7181x(wr=0.54)  rl_experiments_v3/exp_growing_pool_ppo_seed20/seg_50000.pt:8685x(wr=0.54)  rl_experiments_v3/exp_growing_pool_ppo_seed20/seg_100000.pt:9487x(wr=0.52)  rl_experiments_v3/exp_growing_pool_ppo_seed20/seg_150000.pt:9567x(wr=0.60)  rl_experiments_v3/exp_growing_pool_ppo_seed20/seg_200000.pt:11080x(wr=0.52)
episode 248000  train_avg=  +22.3  adv_avg=  +15.7  eval_avg(500)=  +10.7  win_rate= 52.2%  entropy_coef=0.0020  policy_loss=-0.0088  value_loss=1.0215  entropy=0.157  clip_frac= 1.2%  (1106.3s)
  picks: heuristic:7557x(wr=0.49)  rl_experiments_v3/exp_growing_pool_ppo_seed20/seg_50000.pt:9166x(wr=0.58)  rl_experiments_v3/exp_growing_pool_ppo_seed20/seg_100000.pt:9861x(wr=0.56)  rl_experiments_v3/exp_growing_pool_ppo_seed20/seg_150000.pt:10001x(wr=0.49)  rl_experiments_v3/exp_growing_pool_ppo_seed20/seg_200000.pt:11415x(wr=0.53)
episode 250000  train_avg=  +10.9  adv_avg=  +20.2  eval_avg(500)=  +29.7  win_rate= 56.6%  entropy_coef=0.0020  policy_loss=-0.0068  value_loss=1.0019  entropy=0.146  clip_frac= 1.1%  (1145.4s)
  picks: heuristic:8301x(wr=0.59)  rl_experiments_v3/exp_growing_pool_ppo_seed20/seg_50000.pt:9470x(wr=0.45)  rl_experiments_v3/exp_growing_pool_ppo_seed20/seg_100000.pt:10135x(wr=0.54)  rl_experiments_v3/exp_growing_pool_ppo_seed20/seg_150000.pt:10385x(wr=0.52)  rl_experiments_v3/exp_growing_pool_ppo_seed20/seg_200000.pt:11709x(wr=0.63)
poids sauvegardes dans rl_experiments_v3/exp_growing_pool_ppo_seed20/seg_250000.pt
PFSP picks total: heuristic:8301x(wr=0.59)  rl_experiments_v3/exp_growing_pool_ppo_seed20/seg_50000.pt:9470x(wr=0.45)  rl_experiments_v3/exp_growing_pool_ppo_seed20/seg_100000.pt:10135x(wr=0.54)  rl_experiments_v3/exp_growing_pool_ppo_seed20/seg_150000.pt:10385x(wr=0.52)  rl_experiments_v3/exp_growing_pool_ppo_seed20/seg_200000.pt:11709x(wr=0.63)
