poids charges depuis rl_experiments_v4/imit_bignet_ent02.pt
episode   5000  train_avg=  -38.4  adv_avg=  -11.3  eval_avg(500)=   -8.3  win_rate= 47.8%  entropy_coef=0.0020  policy_loss=-0.0076  value_loss=1.0043  aux_loss=0.4481  entropy=0.198  clip_frac= 1.0%  (128.2s)
episode  10000  train_avg=  +10.2  adv_avg=   +2.2  eval_avg(500)=   +8.9  win_rate= 52.0%  entropy_coef=0.0020  policy_loss=-0.0121  value_loss=1.0221  aux_loss=0.3848  entropy=0.218  clip_frac= 2.0%  (259.5s)
episode  15000  train_avg=  +18.5  adv_avg=  +21.5  eval_avg(500)=  +18.8  win_rate= 54.2%  entropy_coef=0.0020  policy_loss=-0.0094  value_loss=0.9994  aux_loss=0.3956  entropy=0.200  clip_frac= 1.4%  (389.0s)
episode  20000  train_avg=   +1.7  adv_avg=  +17.2  eval_avg(500)=  +16.2  win_rate= 53.2%  entropy_coef=0.0020  policy_loss=-0.0104  value_loss=1.0037  aux_loss=0.3416  entropy=0.211  clip_frac= 1.5%  (519.7s)
episode  25000  train_avg=   +1.8  adv_avg=  -10.2  eval_avg(500)=   -2.2  win_rate= 49.0%  entropy_coef=0.0020  policy_loss=-0.0071  value_loss=0.9949  aux_loss=0.3345  entropy=0.191  clip_frac= 0.9%  (646.6s)
episode  30000  train_avg=  +10.6  adv_avg=  +29.7  eval_avg(500)=  +11.1  win_rate= 51.6%  entropy_coef=0.0020  policy_loss=-0.0102  value_loss=0.9887  aux_loss=0.3204  entropy=0.205  clip_frac= 1.5%  (768.0s)
episode  35000  train_avg=  +29.8  adv_avg=  +22.1  eval_avg(500)=  +15.0  win_rate= 52.0%  entropy_coef=0.0020  policy_loss=-0.0104  value_loss=0.9975  aux_loss=0.2851  entropy=0.205  clip_frac= 1.6%  (891.2s)
episode  40000  train_avg=  +16.9  adv_avg=  +27.6  eval_avg(500)=   +7.5  win_rate= 51.8%  entropy_coef=0.0020  policy_loss=-0.0097  value_loss=1.0263  aux_loss=0.3511  entropy=0.195  clip_frac= 1.7%  (1022.4s)
episode  45000  train_avg=  +25.4  adv_avg=  +42.4  eval_avg(500)=  +27.6  win_rate= 55.8%  entropy_coef=0.0020  policy_loss=-0.0108  value_loss=1.0532  aux_loss=0.3134  entropy=0.201  clip_frac= 2.0%  (1152.8s)
episode  50000  train_avg=  +16.5  adv_avg=  +10.7  eval_avg(500)=  +22.3  win_rate= 55.0%  entropy_coef=0.0020  policy_loss=-0.0116  value_loss=0.9867  aux_loss=0.2175  entropy=0.220  clip_frac= 2.2%  (1288.0s)
episode  55000  train_avg=  +22.8  adv_avg=   -7.2  eval_avg(500)=  +17.5  win_rate= 53.8%  entropy_coef=0.0020  policy_loss=-0.0125  value_loss=1.0005  aux_loss=0.2618  entropy=0.190  clip_frac= 2.7%  (1418.6s)
episode  60000  train_avg=  +40.4  adv_avg=  +25.5  eval_avg(500)=  +31.5  win_rate= 57.0%  entropy_coef=0.0020  policy_loss=-0.0100  value_loss=1.0133  aux_loss=0.2783  entropy=0.202  clip_frac= 2.2%  (1543.0s)
episode  65000  train_avg=  +12.6  adv_avg=  +24.5  eval_avg(500)=  +22.9  win_rate= 55.2%  entropy_coef=0.0020  policy_loss=-0.0080  value_loss=1.0009  aux_loss=0.2906  entropy=0.204  clip_frac= 1.6%  (1669.7s)
episode  70000  train_avg=  +25.5  adv_avg=  +35.2  eval_avg(500)=  +20.6  win_rate= 54.6%  entropy_coef=0.0020  policy_loss=-0.0084  value_loss=0.9984  aux_loss=0.2412  entropy=0.186  clip_frac= 1.4%  (1791.6s)
episode  75000  train_avg=   -1.1  adv_avg=  +41.0  eval_avg(500)=  +11.3  win_rate= 52.4%  entropy_coef=0.0020  policy_loss=-0.0102  value_loss=1.0797  aux_loss=0.2748  entropy=0.183  clip_frac= 2.3%  (1915.5s)
episode  80000  train_avg=  +28.1  adv_avg=  +17.2  eval_avg(500)=  +31.9  win_rate= 56.6%  entropy_coef=0.0020  policy_loss=-0.0101  value_loss=1.0053  aux_loss=0.2504  entropy=0.184  clip_frac= 1.9%  (2041.3s)
episode  85000  train_avg=  +16.2  adv_avg=   +4.7  eval_avg(500)=  +16.4  win_rate= 53.6%  entropy_coef=0.0020  policy_loss=-0.0089  value_loss=0.9814  aux_loss=0.2368  entropy=0.190  clip_frac= 1.8%  (2171.0s)
episode  90000  train_avg=   -5.9  adv_avg=   -6.2  eval_avg(500)=  +17.0  win_rate= 53.8%  entropy_coef=0.0020  policy_loss=-0.0127  value_loss=0.9659  aux_loss=0.3064  entropy=0.210  clip_frac= 2.3%  (2298.1s)
episode  95000  train_avg=  +27.5  adv_avg=  +22.2  eval_avg(500)=  +10.2  win_rate= 52.2%  entropy_coef=0.0020  policy_loss=-0.0105  value_loss=0.9377  aux_loss=0.2670  entropy=0.195  clip_frac= 1.7%  (2412.8s)
episode 100000  train_avg=  +15.4  adv_avg=  +15.9  eval_avg(500)=  +21.8  win_rate= 54.4%  entropy_coef=0.0020  policy_loss=-0.0056  value_loss=1.0509  aux_loss=0.2211  entropy=0.174  clip_frac= 1.0%  (2532.0s)
poids sauvegardes dans rl_experiments_v5/exp_shared_aux_lr3e-5_epochs4_vc02_ac01_seed30/ppo_100000.pt
