poids charges depuis rl_experiments_v4/imit_bignet_ent02.pt
episode   5000  train_avg=  +11.4  adv_avg=  +17.8  eval_avg(500)=  +26.9  win_rate= 55.2%  entropy_coef=0.0020  policy_loss=-0.0126  value_loss=1.0204  entropy=0.192  clip_frac= 1.8%  (117.5s)
episode  10000  train_avg=  -17.6  adv_avg=  +14.8  eval_avg(500)=  +14.6  win_rate= 53.2%  entropy_coef=0.0020  policy_loss=-0.0069  value_loss=0.9985  entropy=0.183  clip_frac= 0.9%  (228.8s)
episode  15000  train_avg=  +13.9  adv_avg=  +19.1  eval_avg(500)=  +11.4  win_rate= 52.6%  entropy_coef=0.0020  policy_loss=-0.0099  value_loss=0.9997  entropy=0.225  clip_frac= 1.6%  (335.3s)
episode  20000  train_avg=  -25.9  adv_avg=   -0.5  eval_avg(500)=  +28.5  win_rate= 55.6%  entropy_coef=0.0020  policy_loss=-0.0064  value_loss=1.0059  entropy=0.174  clip_frac= 0.8%  (445.4s)
episode  25000  train_avg=  +23.1  adv_avg=   +8.8  eval_avg(500)=  +21.7  win_rate= 55.0%  entropy_coef=0.0020  policy_loss=-0.0102  value_loss=1.0339  entropy=0.215  clip_frac= 1.7%  (558.6s)
episode  30000  train_avg=  -12.2  adv_avg=   +7.4  eval_avg(500)=  +29.2  win_rate= 56.0%  entropy_coef=0.0020  policy_loss=-0.0080  value_loss=0.9868  entropy=0.202  clip_frac= 1.0%  (670.4s)
episode  35000  train_avg=  +37.7  adv_avg=  +17.7  eval_avg(500)=  +16.1  win_rate= 53.6%  entropy_coef=0.0020  policy_loss=-0.0075  value_loss=1.0300  entropy=0.188  clip_frac= 1.4%  (786.7s)
episode  40000  train_avg=  +24.1  adv_avg=   +0.9  eval_avg(500)=   -8.7  win_rate= 47.8%  entropy_coef=0.0020  policy_loss=-0.0116  value_loss=0.9891  entropy=0.208  clip_frac= 1.6%  (899.9s)
episode  45000  train_avg=  +46.0  adv_avg=  +48.0  eval_avg(500)=   -1.3  win_rate= 49.4%  entropy_coef=0.0020  policy_loss=-0.0081  value_loss=0.9837  entropy=0.201  clip_frac= 1.3%  (1009.2s)
episode  50000  train_avg=  -21.2  adv_avg=  +12.2  eval_avg(500)=  +14.5  win_rate= 52.6%  entropy_coef=0.0020  policy_loss=-0.0103  value_loss=1.0021  entropy=0.207  clip_frac= 1.7%  (1123.3s)
episode  55000  train_avg=  +31.0  adv_avg=   +7.3  eval_avg(500)=  +27.4  win_rate= 56.2%  entropy_coef=0.0020  policy_loss=-0.0087  value_loss=0.9725  entropy=0.206  clip_frac= 1.2%  (1235.0s)
episode  60000  train_avg=   +7.8  adv_avg=  +30.1  eval_avg(500)=  +26.1  win_rate= 55.8%  entropy_coef=0.0020  policy_loss=-0.0091  value_loss=0.9740  entropy=0.166  clip_frac= 1.5%  (1345.5s)
episode  65000  train_avg=  +11.0  adv_avg=  +13.9  eval_avg(500)=   +8.4  win_rate= 50.2%  entropy_coef=0.0020  policy_loss=-0.0063  value_loss=0.9861  entropy=0.186  clip_frac= 1.0%  (1454.2s)
episode  70000  train_avg=  +34.0  adv_avg=  +18.2  eval_avg(500)=  +21.9  win_rate= 54.6%  entropy_coef=0.0020  policy_loss=-0.0115  value_loss=0.9906  entropy=0.182  clip_frac= 2.4%  (1562.9s)
episode  75000  train_avg=  +12.3  adv_avg=   -8.4  eval_avg(500)=  +31.9  win_rate= 56.6%  entropy_coef=0.0020  policy_loss=-0.0092  value_loss=0.9727  entropy=0.188  clip_frac= 1.8%  (1671.4s)
episode  80000  train_avg=  +22.4  adv_avg=   +5.3  eval_avg(500)=   +8.4  win_rate= 51.6%  entropy_coef=0.0020  policy_loss=-0.0078  value_loss=0.9920  entropy=0.189  clip_frac= 1.1%  (1779.2s)
episode  85000  train_avg=  +18.2  adv_avg=  +16.0  eval_avg(500)=  +15.7  win_rate= 53.0%  entropy_coef=0.0020  policy_loss=-0.0090  value_loss=0.9682  entropy=0.193  clip_frac= 1.3%  (1892.5s)
episode  90000  train_avg=  +23.4  adv_avg=  +30.4  eval_avg(500)=  +18.9  win_rate= 53.8%  entropy_coef=0.0020  policy_loss=-0.0104  value_loss=1.0074  entropy=0.184  clip_frac= 1.8%  (2004.3s)
episode  95000  train_avg=  +38.2  adv_avg=  +26.4  eval_avg(500)=  +29.8  win_rate= 56.0%  entropy_coef=0.0020  policy_loss=-0.0098  value_loss=0.9970  entropy=0.177  clip_frac= 2.2%  (2119.4s)
episode 100000  train_avg=  +12.3  adv_avg=  +17.8  eval_avg(500)=  +22.2  win_rate= 54.4%  entropy_coef=0.0020  policy_loss=-0.0102  value_loss=0.9788  entropy=0.178  clip_frac= 2.0%  (2229.8s)
poids sauvegardes dans rl_experiments_v4/exp_shared_lr3e-5_epochs4_vc02_seed21/ppo_100000.pt
