poids charges depuis rl_experiments_v3/imit.pt
episode   5000  train_avg=  -19.6  adv_avg=   +7.5  eval_avg(500)=  +10.7  win_rate= 51.8%  entropy_beta=0.0020  baseline=  -14.6  (95.5s)
episode  10000  train_avg=  +14.7  adv_avg=   -5.4  eval_avg(500)=   -1.6  win_rate= 50.0%  entropy_beta=0.0020  baseline=  +18.6  (185.5s)
episode  15000  train_avg=   +2.8  adv_avg=  +10.6  eval_avg(500)=  +23.4  win_rate= 54.2%  entropy_beta=0.0020  baseline=   -3.3  (276.4s)
episode  20000  train_avg=  +10.8  adv_avg=   -6.2  eval_avg(500)=   -3.5  win_rate= 50.0%  entropy_beta=0.0020  baseline=  -31.8  (372.3s)
episode  25000  train_avg=   -0.9  adv_avg=   +0.8  eval_avg(500)=  +19.3  win_rate= 53.4%  entropy_beta=0.0020  baseline=  -28.3  (471.4s)
episode  30000  train_avg=  +30.9  adv_avg=  +16.1  eval_avg(500)=  +25.4  win_rate= 54.8%  entropy_beta=0.0020  baseline=  +71.8  (561.5s)
episode  35000  train_avg=   -3.6  adv_avg=  -16.5  eval_avg(500)=   +5.8  win_rate= 51.4%  entropy_beta=0.0020  baseline=  +38.9  (659.5s)
episode  40000  train_avg=  +17.2  adv_avg=   +6.4  eval_avg(500)=   +6.3  win_rate= 51.0%  entropy_beta=0.0020  baseline=   -4.4  (755.0s)
episode  45000  train_avg=  -13.1  adv_avg=   +3.8  eval_avg(500)=   +5.8  win_rate= 51.4%  entropy_beta=0.0020  baseline=  +16.5  (838.6s)
episode  50000  train_avg=   +6.1  adv_avg=  +10.0  eval_avg(500)=   -1.1  win_rate= 49.0%  entropy_beta=0.0020  baseline=  +39.9  (913.9s)
episode  55000  train_avg=  +15.8  adv_avg=  -23.8  eval_avg(500)=  +26.1  win_rate= 57.0%  entropy_beta=0.0020  baseline=  -37.9  (994.4s)
episode  60000  train_avg=   +8.9  adv_avg=  +18.5  eval_avg(500)=   +8.3  win_rate= 51.2%  entropy_beta=0.0020  baseline=  -26.4  (1067.5s)
episode  65000  train_avg=  +22.2  adv_avg=  +16.3  eval_avg(500)=   -7.7  win_rate= 48.6%  entropy_beta=0.0020  baseline=   -0.2  (1143.7s)
episode  70000  train_avg=   +7.0  adv_avg=  -18.4  eval_avg(500)=  +21.1  win_rate= 54.2%  entropy_beta=0.0020  baseline=   -4.3  (1217.9s)
episode  75000  train_avg=  +19.6  adv_avg=   -4.5  eval_avg(500)=   +6.8  win_rate= 52.6%  entropy_beta=0.0020  baseline=  -21.7  (1298.3s)
episode  80000  train_avg=   +8.8  adv_avg=  +17.2  eval_avg(500)=  +12.0  win_rate= 53.0%  entropy_beta=0.0020  baseline=   +4.3  (1403.9s)
episode  85000  train_avg=   +8.4  adv_avg=  -20.4  eval_avg(500)=  +26.3  win_rate= 55.2%  entropy_beta=0.0020  baseline=  +37.7  (1496.3s)
episode  90000  train_avg=  +14.5  adv_avg=  +31.8  eval_avg(500)=   +9.8  win_rate= 52.0%  entropy_beta=0.0020  baseline=  +57.9  (1590.5s)
episode  95000  train_avg=  +24.1  adv_avg=  +14.6  eval_avg(500)=  +13.1  win_rate= 51.8%  entropy_beta=0.0020  baseline=  +50.0  (1681.2s)
episode 100000  train_avg=   -1.3  adv_avg=   -1.4  eval_avg(500)=  +10.0  win_rate= 52.8%  entropy_beta=0.0020  baseline=   -8.6  (1775.8s)
poids sauvegardes dans rl_experiments_v3/exp_reinforce_lr1e-4/reinforce_100000.pt
