poids charges depuis rl_experiments_v3/imit_ablated.pt
episode   5000  train_avg=  -21.0  adv_avg=   +5.4  eval_avg(500)=   -4.9  win_rate= 48.8%  entropy_coef=0.0020  policy_loss=-0.0080  value_loss=0.0000  entropy=0.196  clip_frac= 1.0%  (67.3s)
episode  10000  train_avg=   +5.2  adv_avg=  +16.4  eval_avg(500)=   +9.9  win_rate= 51.2%  entropy_coef=0.0020  policy_loss=-0.0097  value_loss=0.0000  entropy=0.179  clip_frac= 1.2%  (133.7s)
episode  15000  train_avg=  +19.5  adv_avg=  -10.5  eval_avg(500)=  +10.7  win_rate= 51.8%  entropy_coef=0.0020  policy_loss=-0.0085  value_loss=0.0000  entropy=0.208  clip_frac= 1.1%  (200.3s)
episode  20000  train_avg=  -17.9  adv_avg=   +2.6  eval_avg(500)=  +11.9  win_rate= 52.0%  entropy_coef=0.0020  policy_loss=-0.0089  value_loss=0.0000  entropy=0.194  clip_frac= 1.0%  (267.2s)
episode  25000  train_avg=  +32.4  adv_avg=  +13.4  eval_avg(500)=  +17.7  win_rate= 53.8%  entropy_coef=0.0020  policy_loss=-0.0077  value_loss=0.0000  entropy=0.168  clip_frac= 0.9%  (333.6s)
episode  30000  train_avg=  +32.4  adv_avg=   +6.8  eval_avg(500)=   -8.8  win_rate= 47.8%  entropy_coef=0.0020  policy_loss=-0.0119  value_loss=0.0000  entropy=0.216  clip_frac= 1.5%  (401.8s)
episode  35000  train_avg=  -27.4  adv_avg=   +7.2  eval_avg(500)=   +0.7  win_rate= 50.6%  entropy_coef=0.0020  policy_loss=-0.0092  value_loss=0.0000  entropy=0.191  clip_frac= 1.1%  (470.3s)
episode  40000  train_avg=   -1.2  adv_avg=   -1.6  eval_avg(500)=  +18.2  win_rate= 53.8%  entropy_coef=0.0020  policy_loss=-0.0132  value_loss=0.0000  entropy=0.205  clip_frac= 1.6%  (542.2s)
episode  45000  train_avg=   -8.7  adv_avg=   +8.7  eval_avg(500)=   -3.4  win_rate= 48.2%  entropy_coef=0.0020  policy_loss=-0.0086  value_loss=0.0000  entropy=0.191  clip_frac= 1.1%  (610.0s)
episode  50000  train_avg=  +26.1  adv_avg=  +43.2  eval_avg(500)=  +14.6  win_rate= 52.6%  entropy_coef=0.0020  policy_loss=-0.0079  value_loss=0.0000  entropy=0.175  clip_frac= 0.9%  (676.9s)
episode  55000  train_avg=  +15.5  adv_avg=   -8.0  eval_avg(500)=  +16.1  win_rate= 52.8%  entropy_coef=0.0020  policy_loss=-0.0106  value_loss=0.0000  entropy=0.175  clip_frac= 1.4%  (743.2s)
episode  60000  train_avg=   +7.4  adv_avg=  -16.6  eval_avg(500)=   +0.2  win_rate= 49.2%  entropy_coef=0.0020  policy_loss=-0.0093  value_loss=0.0000  entropy=0.169  clip_frac= 1.5%  (809.4s)
episode  65000  train_avg=  +38.7  adv_avg=  +24.8  eval_avg(500)=  +10.5  win_rate= 52.2%  entropy_coef=0.0020  policy_loss=-0.0095  value_loss=0.0000  entropy=0.185  clip_frac= 1.0%  (875.5s)
episode  70000  train_avg=  +29.4  adv_avg=  +20.5  eval_avg(500)=   +8.2  win_rate= 51.6%  entropy_coef=0.0020  policy_loss=-0.0080  value_loss=0.0000  entropy=0.158  clip_frac= 0.9%  (942.2s)
episode  75000  train_avg=  +39.9  adv_avg=  +44.2  eval_avg(500)=  +22.2  win_rate= 55.2%  entropy_coef=0.0020  policy_loss=-0.0098  value_loss=0.0000  entropy=0.196  clip_frac= 1.1%  (1008.0s)
episode  80000  train_avg=  +14.0  adv_avg=  +13.5  eval_avg(500)=  +19.3  win_rate= 54.4%  entropy_coef=0.0020  policy_loss=-0.0063  value_loss=0.0000  entropy=0.160  clip_frac= 1.0%  (1074.0s)
episode  85000  train_avg=  -21.2  adv_avg=  +10.9  eval_avg(500)=  +20.0  win_rate= 54.2%  entropy_coef=0.0020  policy_loss=-0.0083  value_loss=0.0000  entropy=0.162  clip_frac= 1.2%  (1140.2s)
episode  90000  train_avg=  +32.8  adv_avg=  +13.8  eval_avg(500)=   +1.9  win_rate= 51.0%  entropy_coef=0.0020  policy_loss=-0.0043  value_loss=0.0000  entropy=0.160  clip_frac= 0.5%  (1206.1s)
episode  95000  train_avg=   +9.5  adv_avg=  -12.8  eval_avg(500)=   -0.2  win_rate= 49.0%  entropy_coef=0.0020  policy_loss=-0.0057  value_loss=0.0000  entropy=0.145  clip_frac= 0.8%  (1272.0s)
episode 100000  train_avg=   +9.2  adv_avg=   -4.4  eval_avg(500)=  +10.7  win_rate= 53.0%  entropy_coef=0.0020  policy_loss=-0.0091  value_loss=0.0000  entropy=0.159  clip_frac= 1.6%  (1337.7s)
poids sauvegardes dans rl_experiments_v3/exp_ppo_ablated_nocritic_seed22/ppo_100000.pt
