poids charges depuis rl_experiments_v3/imit.pt
episode   5000  train_avg=  -26.5  adv_avg=   -7.2  eval_avg(500)=   +5.1  win_rate= 51.2%  entropy_beta=0.0020  baseline=  +22.3  (64.6s)
episode  10000  train_avg=  +32.4  adv_avg=   +0.5  eval_avg(500)=  +13.0  win_rate= 52.4%  entropy_beta=0.0020  baseline=  -33.8  (128.7s)
episode  15000  train_avg=  -11.7  adv_avg=   -2.7  eval_avg(500)=  +24.0  win_rate= 54.4%  entropy_beta=0.0020  baseline=  +27.5  (194.3s)
episode  20000  train_avg=  -20.2  adv_avg=   -5.9  eval_avg(500)=   +7.3  win_rate= 50.4%  entropy_beta=0.0020  baseline=  +20.2  (259.4s)
episode  25000  train_avg=  -14.6  adv_avg=  -16.2  eval_avg(500)=  +19.3  win_rate= 54.0%  entropy_beta=0.0020  baseline=   +3.3  (325.4s)
episode  30000  train_avg=   +8.8  adv_avg=   -7.4  eval_avg(500)=  +11.4  win_rate= 51.4%  entropy_beta=0.0020  baseline=  +31.9  (387.0s)
episode  35000  train_avg=   -9.2  adv_avg=  +19.3  eval_avg(500)=  +19.3  win_rate= 53.8%  entropy_beta=0.0020  baseline=   -6.4  (447.7s)
episode  40000  train_avg=   +5.8  adv_avg=   +6.5  eval_avg(500)=  +30.9  win_rate= 55.8%  entropy_beta=0.0020  baseline=   -3.4  (508.6s)
episode  45000  train_avg=  +34.9  adv_avg=   +8.1  eval_avg(500)=   +0.4  win_rate= 50.2%  entropy_beta=0.0020  baseline=  +62.6  (571.8s)
episode  50000  train_avg=  +10.8  adv_avg=  +12.9  eval_avg(500)=   +7.7  win_rate= 51.0%  entropy_beta=0.0020  baseline=  +15.1  (635.8s)
episode  55000  train_avg=  +19.1  adv_avg=   -5.0  eval_avg(500)=  +11.5  win_rate= 52.2%  entropy_beta=0.0020  baseline=   -1.5  (700.3s)
episode  60000  train_avg=  -16.1  adv_avg=   -2.1  eval_avg(500)=   +7.4  win_rate= 50.4%  entropy_beta=0.0020  baseline=  -43.3  (764.3s)
episode  65000  train_avg=   -8.0  adv_avg=   -0.1  eval_avg(500)=  +16.2  win_rate= 53.8%  entropy_beta=0.0020  baseline=  +32.1  (826.7s)
episode  70000  train_avg=  +38.9  adv_avg=   +7.9  eval_avg(500)=  +21.7  win_rate= 54.4%  entropy_beta=0.0020  baseline=  -27.4  (891.9s)
episode  75000  train_avg=   -9.6  adv_avg=   -3.0  eval_avg(500)=  +15.7  win_rate= 52.0%  entropy_beta=0.0020  baseline=  +34.9  (956.0s)
episode  80000  train_avg=  +37.0  adv_avg=  +28.4  eval_avg(500)=   +5.5  win_rate= 50.0%  entropy_beta=0.0020  baseline=  +30.2  (1019.5s)
episode  85000  train_avg=  -14.3  adv_avg=  -14.2  eval_avg(500)=  +19.4  win_rate= 53.6%  entropy_beta=0.0020  baseline=  +31.9  (1082.7s)
episode  90000  train_avg=  +21.9  adv_avg=  +37.9  eval_avg(500)=  +34.3  win_rate= 57.0%  entropy_beta=0.0020  baseline=  +12.1  (1147.6s)
episode  95000  train_avg=   +9.7  adv_avg=  +14.1  eval_avg(500)=  +18.3  win_rate= 52.8%  entropy_beta=0.0020  baseline=  -20.9  (1212.2s)
episode 100000  train_avg=  +13.2  adv_avg=  +34.0  eval_avg(500)=  +13.4  win_rate= 52.0%  entropy_beta=0.0020  baseline=   -5.9  (1276.7s)
poids sauvegardes dans rl_experiments_v3/exp_reinforce_lr3e-5_seed23/reinforce_100000.pt
