/home/lsr/anaconda3/envs/env_coinche/lib/python3.13/site-packages/torch/autograd/graph.py:882: UserWarning: CUDA initialization: Unexpected error from cudaGetDeviceCount(). Did you run some cuda functions before calling NumCudaDevices() that might have already set an error? Error 804: forward compatibility was attempted on non supported HW (Triggered internally at /pytorch/c10/cuda/CUDAFunctions.cpp:119.)
  return Variable._execution_engine.run_backward(  # Calls into the C++ engine to run the backward pass
poids charges depuis rl_experiments_v3/imit_bignet.pt
episode   5000  train_avg=  +12.5  adv_avg=   -3.4  eval_avg(500)=  -14.2  win_rate= 46.8%  entropy_beta=0.0020  baseline=  +21.5  (113.5s)
episode  10000  train_avg=   -4.8  adv_avg=   +2.2  eval_avg(500)=  +18.7  win_rate= 54.4%  entropy_beta=0.0020  baseline=  -26.6  (222.8s)
episode  15000  train_avg=   +0.6  adv_avg=  +13.0  eval_avg(500)=  +13.4  win_rate= 53.0%  entropy_beta=0.0020  baseline=   +7.3  (329.9s)
episode  20000  train_avg=   -3.9  adv_avg=  +26.4  eval_avg(500)=   +8.0  win_rate= 51.4%  entropy_beta=0.0020  baseline=  +22.4  (437.4s)
episode  25000  train_avg=   +2.6  adv_avg=   +5.8  eval_avg(500)=   +3.5  win_rate= 50.6%  entropy_beta=0.0020  baseline=  +17.4  (543.7s)
episode  30000  train_avg=   -6.5  adv_avg=   -6.8  eval_avg(500)=   +6.4  win_rate= 51.8%  entropy_beta=0.0020  baseline=  -39.3  (650.1s)
episode  35000  train_avg=  +25.3  adv_avg=   +7.1  eval_avg(500)=   +6.5  win_rate= 50.8%  entropy_beta=0.0020  baseline=  -27.9  (756.2s)
episode  40000  train_avg=  +14.2  adv_avg=   +1.2  eval_avg(500)=  +10.7  win_rate= 51.2%  entropy_beta=0.0020  baseline=   +1.1  (862.5s)
episode  45000  train_avg=  +19.9  adv_avg=  +10.3  eval_avg(500)=  +13.2  win_rate= 53.0%  entropy_beta=0.0020  baseline=  +19.9  (968.6s)
episode  50000  train_avg=  +28.5  adv_avg=  +27.8  eval_avg(500)=  +18.2  win_rate= 53.8%  entropy_beta=0.0020  baseline=  +47.0  (1074.6s)
episode  55000  train_avg=  +12.5  adv_avg=  +11.3  eval_avg(500)=  +27.7  win_rate= 56.8%  entropy_beta=0.0020  baseline=  +47.4  (1180.9s)
episode  60000  train_avg=   +8.7  adv_avg=  +14.7  eval_avg(500)=   -2.1  win_rate= 49.2%  entropy_beta=0.0020  baseline=  +82.8  (1287.1s)
episode  65000  train_avg=  +36.5  adv_avg=  +33.7  eval_avg(500)=   +7.0  win_rate= 50.4%  entropy_beta=0.0020  baseline=   +4.1  (1393.3s)
episode  70000  train_avg=  +15.8  adv_avg=  +23.4  eval_avg(500)=  +23.2  win_rate= 55.2%  entropy_beta=0.0020  baseline=  -37.6  (1499.6s)
episode  75000  train_avg=  +12.2  adv_avg=  -11.5  eval_avg(500)=   +0.7  win_rate= 50.4%  entropy_beta=0.0020  baseline=   -4.9  (1608.3s)
episode  80000  train_avg=   -0.7  adv_avg=   +2.1  eval_avg(500)=   -5.8  win_rate= 48.4%  entropy_beta=0.0020  baseline=  -11.1  (1713.5s)
episode  85000  train_avg=  +11.2  adv_avg=   -7.8  eval_avg(500)=  +11.4  win_rate= 52.0%  entropy_beta=0.0020  baseline=  -16.2  (1818.7s)
episode  90000  train_avg=  +35.4  adv_avg=  +34.0  eval_avg(500)=  +40.2  win_rate= 58.0%  entropy_beta=0.0020  baseline=  +53.4  (1924.1s)
episode  95000  train_avg=   +4.6  adv_avg=  +15.6  eval_avg(500)=   +0.0  win_rate= 50.0%  entropy_beta=0.0020  baseline=  +13.2  (2028.6s)
episode 100000  train_avg=  +13.4  adv_avg=  +12.0  eval_avg(500)=  +18.6  win_rate= 54.6%  entropy_beta=0.0020  baseline=  -21.9  (2133.0s)
poids sauvegardes dans rl_experiments_v3/exp_reinforce_bignet_seed20/reinforce_100000.pt
