poids charges depuis rl_experiments_v3/imit.pt
episode   2000  train_avg=  -20.6  adv_avg=  -20.6  eval_avg(500)=   -5.1  win_rate= 48.8%  entropy_coef=0.0020  policy_loss=-0.0103  value_loss=0.9554  entropy=0.195  clip_frac= 1.7%  (28.0s)
episode   4000  train_avg=   -6.0  adv_avg=   -6.0  eval_avg(500)=   -1.2  win_rate= 49.8%  entropy_coef=0.0020  policy_loss=-0.0080  value_loss=0.8662  entropy=0.198  clip_frac= 1.0%  (55.5s)
episode   6000  train_avg=  -24.8  adv_avg=  -24.8  eval_avg(500)=  -12.1  win_rate= 47.6%  entropy_coef=0.0020  policy_loss=-0.0094  value_loss=0.7966  entropy=0.197  clip_frac= 1.2%  (83.0s)
episode   8000  train_avg=   +9.8  adv_avg=   +9.8  eval_avg(500)=  +10.5  win_rate= 52.2%  entropy_coef=0.0020  policy_loss=-0.0093  value_loss=0.8291  entropy=0.216  clip_frac= 1.2%  (110.8s)
episode  10000  train_avg=  +21.4  adv_avg=  +21.4  eval_avg(500)=  +18.4  win_rate= 53.6%  entropy_coef=0.0020  policy_loss=-0.0076  value_loss=0.6987  entropy=0.193  clip_frac= 1.0%  (138.2s)
episode  12000  train_avg=  +42.9  adv_avg=  +42.9  eval_avg(500)=  +12.6  win_rate= 53.4%  entropy_coef=0.0020  policy_loss=-0.0091  value_loss=0.8363  entropy=0.225  clip_frac= 1.0%  (165.6s)
episode  14000  train_avg=  -36.1  adv_avg=  -36.1  eval_avg(500)=  -11.2  win_rate= 46.8%  entropy_coef=0.0020  policy_loss=-0.0097  value_loss=0.6178  entropy=0.199  clip_frac= 1.4%  (193.1s)
episode  16000  train_avg=  -40.1  adv_avg=  -40.1  eval_avg(500)=  +35.9  win_rate= 57.0%  entropy_coef=0.0020  policy_loss=-0.0071  value_loss=0.6532  entropy=0.186  clip_frac= 0.8%  (221.0s)
episode  18000  train_avg=   -0.4  adv_avg=   -0.4  eval_avg(500)=   +4.1  win_rate= 51.4%  entropy_coef=0.0020  policy_loss=-0.0078  value_loss=0.7848  entropy=0.201  clip_frac= 1.0%  (250.9s)
episode  20000  train_avg=   +3.6  adv_avg=   +3.6  eval_avg(500)=  -10.7  win_rate= 46.6%  entropy_coef=0.0020  policy_loss=-0.0077  value_loss=0.6319  entropy=0.197  clip_frac= 1.0%  (279.6s)
episode  22000  train_avg=   +0.6  adv_avg=   +0.6  eval_avg(500)=   +9.6  win_rate= 51.6%  entropy_coef=0.0020  policy_loss=-0.0109  value_loss=0.6944  entropy=0.216  clip_frac= 1.4%  (305.4s)
episode  24000  train_avg=  +13.2  adv_avg=  +13.2  eval_avg(500)=  +10.2  win_rate= 53.0%  entropy_coef=0.0020  policy_loss=-0.0088  value_loss=0.7416  entropy=0.213  clip_frac= 0.9%  (331.4s)
episode  26000  train_avg=   +5.7  adv_avg=   +5.7  eval_avg(500)=   +6.3  win_rate= 51.2%  entropy_coef=0.0020  policy_loss=-0.0091  value_loss=0.8534  entropy=0.213  clip_frac= 1.5%  (357.1s)
episode  28000  train_avg=  +30.6  adv_avg=  +30.6  eval_avg(500)=   +8.9  win_rate= 51.4%  entropy_coef=0.0020  policy_loss=-0.0088  value_loss=0.6117  entropy=0.208  clip_frac= 1.1%  (382.7s)
episode  30000  train_avg=   -9.4  adv_avg=   -9.4  eval_avg(500)=   +8.4  win_rate= 51.6%  entropy_coef=0.0020  policy_loss=-0.0088  value_loss=0.7008  entropy=0.207  clip_frac= 1.3%  (408.5s)
episode  32000  train_avg=  +14.0  adv_avg=  +14.0  eval_avg(500)=   +3.4  win_rate= 51.4%  entropy_coef=0.0020  policy_loss=-0.0108  value_loss=0.7929  entropy=0.209  clip_frac= 1.7%  (434.5s)
episode  34000  train_avg=  -12.0  adv_avg=  -12.0  eval_avg(500)=   -5.4  win_rate= 48.8%  entropy_coef=0.0020  policy_loss=-0.0097  value_loss=0.7106  entropy=0.226  clip_frac= 1.1%  (460.2s)
episode  36000  train_avg=  +14.3  adv_avg=  +14.3  eval_avg(500)=   -0.6  win_rate= 49.6%  entropy_coef=0.0020  policy_loss=-0.0090  value_loss=0.8229  entropy=0.212  clip_frac= 1.1%  (485.9s)
episode  38000  train_avg=  +12.8  adv_avg=  +12.8  eval_avg(500)=  +11.6  win_rate= 52.4%  entropy_coef=0.0020  policy_loss=-0.0071  value_loss=0.7843  entropy=0.183  clip_frac= 0.7%  (511.6s)
episode  40000  train_avg=   +6.9  adv_avg=   +6.9  eval_avg(500)=  +26.1  win_rate= 56.0%  entropy_coef=0.0020  policy_loss=-0.0087  value_loss=0.8161  entropy=0.192  clip_frac= 1.3%  (537.5s)
episode  42000  train_avg=  +50.6  adv_avg=  +50.6  eval_avg(500)=  +14.7  win_rate= 53.0%  entropy_coef=0.0020  policy_loss=-0.0099  value_loss=0.6464  entropy=0.195  clip_frac= 1.3%  (563.0s)
episode  44000  train_avg=   +0.2  adv_avg=   +0.2  eval_avg(500)=   +4.9  win_rate= 51.0%  entropy_coef=0.0020  policy_loss=-0.0074  value_loss=0.7786  entropy=0.179  clip_frac= 0.9%  (589.0s)
episode  46000  train_avg=   +4.6  adv_avg=   +4.6  eval_avg(500)=  +29.5  win_rate= 56.2%  entropy_coef=0.0020  policy_loss=-0.0113  value_loss=0.8751  entropy=0.225  clip_frac= 1.5%  (614.5s)
episode  48000  train_avg=  -10.2  adv_avg=  -10.2  eval_avg(500)=  +15.5  win_rate= 53.2%  entropy_coef=0.0020  policy_loss=-0.0078  value_loss=0.8036  entropy=0.190  clip_frac= 1.1%  (640.2s)
episode  50000  train_avg=  +14.9  adv_avg=  +14.9  eval_avg(500)=   -2.2  win_rate= 48.4%  entropy_coef=0.0020  policy_loss=-0.0099  value_loss=0.5852  entropy=0.195  clip_frac= 1.6%  (665.8s)
poids sauvegardes dans rl_experiments_v3/exp_ppo_lr3e-5_nocf/ppo_50000.pt
