poids charges depuis rl_experiments/imit.pt
poids de value_net charges depuis rl_experiments/value_imit.pt
episode   2000  train_avg=   +4.5  adv_avg=  -16.9  eval_avg(500)=  +10.6  win_rate= 52.0%  entropy_coef=0.0020  policy_loss=-0.0166  value_loss=1.0032  entropy=0.215  (26.5s)
episode   4000  train_avg=   +1.2  adv_avg=   -6.8  eval_avg(500)=   +7.7  win_rate= 52.0%  entropy_coef=0.0020  policy_loss=-0.0160  value_loss=0.9514  entropy=0.199  (53.0s)
episode   6000  train_avg=   +5.8  adv_avg=   +8.6  eval_avg(500)=  -12.9  win_rate= 47.8%  entropy_coef=0.0020  policy_loss=-0.0143  value_loss=1.0079  entropy=0.197  (79.3s)
episode   8000  train_avg=   -3.2  adv_avg=  -30.7  eval_avg(500)=   -4.8  win_rate= 48.8%  entropy_coef=0.0020  policy_loss=-0.0176  value_loss=1.0082  entropy=0.190  (106.8s)
episode  10000  train_avg=   +3.6  adv_avg=  -12.6  eval_avg(500)=  +16.1  win_rate= 53.8%  entropy_coef=0.0020  policy_loss=-0.0154  value_loss=1.0051  entropy=0.213  (134.4s)
episode  12000  train_avg=   +3.5  adv_avg=  -14.6  eval_avg(500)=   +5.6  win_rate= 51.6%  entropy_coef=0.0020  policy_loss=-0.0141  value_loss=1.0087  entropy=0.191  (161.7s)
episode  14000  train_avg=   -5.5  adv_avg=   -6.5  eval_avg(500)=   -6.8  win_rate= 48.2%  entropy_coef=0.0020  policy_loss=-0.0169  value_loss=0.9695  entropy=0.193  (188.0s)
episode  16000  train_avg=  -14.2  adv_avg=  -33.5  eval_avg(500)=  -11.9  win_rate= 47.2%  entropy_coef=0.0020  policy_loss=-0.0115  value_loss=1.0157  entropy=0.192  (215.1s)
episode  18000  train_avg=  +13.5  adv_avg=   -4.0  eval_avg(500)=   -4.2  win_rate= 49.4%  entropy_coef=0.0020  policy_loss=-0.0143  value_loss=1.0581  entropy=0.193  (241.8s)
episode  20000  train_avg=  +23.8  adv_avg=  +22.6  eval_avg(500)=   -8.2  win_rate= 48.0%  entropy_coef=0.0020  policy_loss=-0.0186  value_loss=1.0706  entropy=0.204  (269.1s)
episode  22000  train_avg=   -4.9  adv_avg=   +4.5  eval_avg(500)=   -4.3  win_rate= 49.8%  entropy_coef=0.0020  policy_loss=-0.0156  value_loss=1.0116  entropy=0.161  (296.7s)
episode  24000  train_avg=  -15.4  adv_avg=   +5.1  eval_avg(500)=   -7.1  win_rate= 48.0%  entropy_coef=0.0020  policy_loss=-0.0145  value_loss=0.9762  entropy=0.187  (325.0s)
episode  26000  train_avg=  -17.2  adv_avg=   -3.8  eval_avg(500)=   -4.5  win_rate= 49.4%  entropy_coef=0.0020  policy_loss=-0.0133  value_loss=1.0243  entropy=0.180  (353.3s)
episode  28000  train_avg=  -16.1  adv_avg=   -5.5  eval_avg(500)=   -2.3  win_rate= 49.2%  entropy_coef=0.0020  policy_loss=-0.0132  value_loss=1.0378  entropy=0.173  (381.9s)
episode  30000  train_avg=  +24.6  adv_avg=  +22.0  eval_avg(500)=   -4.9  win_rate= 49.6%  entropy_coef=0.0020  policy_loss=-0.0141  value_loss=1.0068  entropy=0.173  (410.5s)
episode  32000  train_avg=  +14.9  adv_avg=  -11.7  eval_avg(500)=  +22.0  win_rate= 55.0%  entropy_coef=0.0020  policy_loss=-0.0133  value_loss=1.0138  entropy=0.176  (439.1s)
episode  34000  train_avg=   -4.1  adv_avg=  +12.3  eval_avg(500)=   +2.1  win_rate= 50.0%  entropy_coef=0.0020  policy_loss=-0.0137  value_loss=1.0018  entropy=0.175  (467.5s)
episode  36000  train_avg=   -6.0  adv_avg=  -22.3  eval_avg(500)=   -1.2  win_rate= 49.4%  entropy_coef=0.0020  policy_loss=-0.0144  value_loss=1.0020  entropy=0.170  (495.9s)
episode  38000  train_avg=   +5.0  adv_avg=   +4.9  eval_avg(500)=   +6.7  win_rate= 50.8%  entropy_coef=0.0020  policy_loss=-0.0092  value_loss=1.0046  entropy=0.156  (523.4s)
episode  40000  train_avg=  -15.6  adv_avg=  +12.8  eval_avg(500)=   +3.1  win_rate= 50.2%  entropy_coef=0.0020  policy_loss=-0.0159  value_loss=0.9447  entropy=0.166  (554.3s)
episode  42000  train_avg=   +8.4  adv_avg=   +0.8  eval_avg(500)=   +8.0  win_rate= 51.4%  entropy_coef=0.0020  policy_loss=-0.0187  value_loss=1.0638  entropy=0.196  (581.2s)
episode  44000  train_avg=  +19.9  adv_avg=   +6.9  eval_avg(500)=   +4.4  win_rate= 50.8%  entropy_coef=0.0020  policy_loss=-0.0155  value_loss=0.9873  entropy=0.179  (608.1s)
episode  46000  train_avg=  -17.6  adv_avg=  -19.2  eval_avg(500)=   +8.3  win_rate= 51.8%  entropy_coef=0.0020  policy_loss=-0.0153  value_loss=0.9748  entropy=0.177  (635.0s)
episode  48000  train_avg=   +4.5  adv_avg=  -16.6  eval_avg(500)=   -7.3  win_rate= 48.0%  entropy_coef=0.0020  policy_loss=-0.0133  value_loss=1.0169  entropy=0.178  (662.3s)
episode  50000  train_avg=  -17.3  adv_avg=   +3.7  eval_avg(500)=  +23.9  win_rate= 55.4%  entropy_coef=0.0020  policy_loss=-0.0143  value_loss=0.9800  entropy=0.187  (689.1s)
poids sauvegardes dans rl_experiments_v2/exp_ppo_round1_valuepretrain/ppo_50000.pt
