/home/lsr/anaconda3/envs/env_coinche/lib/python3.13/site-packages/torch/autograd/graph.py:882: UserWarning: CUDA initialization: Unexpected error from cudaGetDeviceCount(). Did you run some cuda functions before calling NumCudaDevices() that might have already set an error? Error 804: forward compatibility was attempted on non supported HW (Triggered internally at /pytorch/c10/cuda/CUDAFunctions.cpp:119.)
  return Variable._execution_engine.run_backward(  # Calls into the C++ engine to run the backward pass
poids charges depuis rl_experiments_v4/imit_bignet_ent02.pt
episode   5000  train_avg=   +9.4  adv_avg=   +4.1  eval_avg(500)=   -3.5  win_rate= 49.4%  entropy_beta=0.0020  baseline=   +0.8  (118.1s)
episode  10000  train_avg=   -9.6  adv_avg=  +13.1  eval_avg(500)=   +8.5  win_rate= 51.6%  entropy_beta=0.0020  baseline=  +13.9  (238.5s)
episode  15000  train_avg=   +9.4  adv_avg=  +28.3  eval_avg(500)=  +14.4  win_rate= 54.0%  entropy_beta=0.0020  baseline=  +41.1  (375.8s)
episode  20000  train_avg=  -10.7  adv_avg=   +0.3  eval_avg(500)=  +22.5  win_rate= 55.0%  entropy_beta=0.0020  baseline=  +12.7  (492.5s)
episode  25000  train_avg=   +8.9  adv_avg=  +18.3  eval_avg(500)=  +16.0  win_rate= 53.2%  entropy_beta=0.0020  baseline=  +12.4  (611.9s)
episode  30000  train_avg=   -1.7  adv_avg=   -2.2  eval_avg(500)=   -0.2  win_rate= 50.2%  entropy_beta=0.0020  baseline=  -23.3  (730.3s)
episode  35000  train_avg=   +2.4  adv_avg=   +1.4  eval_avg(500)=  +14.6  win_rate= 53.2%  entropy_beta=0.0020  baseline=   -1.6  (845.8s)
episode  40000  train_avg=  +26.4  adv_avg=   +4.3  eval_avg(500)=   -0.4  win_rate= 50.0%  entropy_beta=0.0020  baseline=  -18.5  (962.5s)
episode  45000  train_avg=  +38.0  adv_avg=  +13.7  eval_avg(500)=  +29.8  win_rate= 56.4%  entropy_beta=0.0020  baseline=  +26.1  (1082.9s)
episode  50000  train_avg=  +21.5  adv_avg=   +9.4  eval_avg(500)=  +34.7  win_rate= 57.4%  entropy_beta=0.0020  baseline=  -19.5  (1200.2s)
episode  55000  train_avg=   +0.3  adv_avg=   +8.1  eval_avg(500)=  +25.0  win_rate= 54.6%  entropy_beta=0.0020  baseline=  +36.9  (1321.3s)
episode  60000  train_avg=  +29.1  adv_avg=  +32.6  eval_avg(500)=  +41.9  win_rate= 58.8%  entropy_beta=0.0020  baseline=  +22.4  (1446.9s)
episode  65000  train_avg=  +10.4  adv_avg=  +13.2  eval_avg(500)=  +16.6  win_rate= 53.2%  entropy_beta=0.0020  baseline=  +57.7  (1573.2s)
episode  70000  train_avg=   +0.3  adv_avg=  +23.9  eval_avg(500)=  +29.0  win_rate= 55.6%  entropy_beta=0.0020  baseline=  +34.3  (1698.1s)
episode  75000  train_avg=  +38.2  adv_avg=  +20.9  eval_avg(500)=  +18.9  win_rate= 53.8%  entropy_beta=0.0020  baseline=   +5.3  (1818.8s)
episode  80000  train_avg=  -10.7  adv_avg=  +17.8  eval_avg(500)=  +26.1  win_rate= 56.0%  entropy_beta=0.0020  baseline=  +14.2  (1927.6s)
episode  85000  train_avg=  +29.7  adv_avg=  +14.2  eval_avg(500)=  +21.7  win_rate= 55.0%  entropy_beta=0.0020  baseline=  -20.0  (2036.7s)
episode  90000  train_avg=  +60.6  adv_avg=  +22.6  eval_avg(500)=   +7.5  win_rate= 51.4%  entropy_beta=0.0020  baseline=  +20.0  (2145.9s)
episode  95000  train_avg=  +17.0  adv_avg=   +5.8  eval_avg(500)=  +25.9  win_rate= 56.0%  entropy_beta=0.0020  baseline=  -38.3  (2260.0s)
episode 100000  train_avg=  +17.1  adv_avg=  +10.7  eval_avg(500)=  +47.4  win_rate= 59.0%  entropy_beta=0.0020  baseline=  +14.2  (2368.0s)
poids sauvegardes dans rl_experiments_v4/exp_reinforce_bignet_ent02_lr3e-5_seed20/reinforce_100000.pt
