poids charges depuis rl_experiments_v4/imit_bignet_ent02.pt
episode   5000  train_avg=   -0.1  adv_avg=   +8.5  eval_avg(500)=  +35.9  win_rate= 57.6%  entropy_coef=0.0020  policy_loss=-0.0078  value_loss=1.0151  aux_loss=0.5165  entropy=0.208  clip_frac= 0.9%  (116.4s)
episode  10000  train_avg=  -25.4  adv_avg=   +6.2  eval_avg(500)=  +14.8  win_rate= 52.4%  entropy_coef=0.0020  policy_loss=-0.0097  value_loss=1.0148  aux_loss=0.4600  entropy=0.197  clip_frac= 1.5%  (240.9s)
episode  15000  train_avg=  -28.1  adv_avg=  -14.1  eval_avg(500)=   +9.4  win_rate= 52.0%  entropy_coef=0.0020  policy_loss=-0.0097  value_loss=1.0099  aux_loss=0.4096  entropy=0.180  clip_frac= 1.7%  (361.8s)
episode  20000  train_avg=  +20.7  adv_avg=  +13.7  eval_avg(500)=  +11.5  win_rate= 52.0%  entropy_coef=0.0020  policy_loss=-0.0102  value_loss=1.0044  aux_loss=0.4479  entropy=0.203  clip_frac= 1.6%  (486.9s)
episode  25000  train_avg=  +26.4  adv_avg=   +5.6  eval_avg(500)=  +15.1  win_rate= 52.8%  entropy_coef=0.0020  policy_loss=-0.0104  value_loss=0.9943  aux_loss=0.4695  entropy=0.190  clip_frac= 1.8%  (613.6s)
episode  30000  train_avg=   +7.2  adv_avg=  +10.5  eval_avg(500)=  +12.6  win_rate= 52.2%  entropy_coef=0.0020  policy_loss=-0.0073  value_loss=0.9951  aux_loss=0.4211  entropy=0.178  clip_frac= 1.1%  (739.3s)
episode  35000  train_avg=  +17.4  adv_avg=   -7.6  eval_avg(500)=  +17.9  win_rate= 52.2%  entropy_coef=0.0020  policy_loss=-0.0088  value_loss=1.0033  aux_loss=0.3792  entropy=0.211  clip_frac= 1.3%  (862.4s)
episode  40000  train_avg=  +27.1  adv_avg=  +19.2  eval_avg(500)=  +30.1  win_rate= 56.0%  entropy_coef=0.0020  policy_loss=-0.0083  value_loss=1.0631  aux_loss=0.4395  entropy=0.190  clip_frac= 1.1%  (985.2s)
episode  45000  train_avg=  +76.7  adv_avg=  +39.3  eval_avg(500)=  +15.9  win_rate= 52.6%  entropy_coef=0.0020  policy_loss=-0.0089  value_loss=1.0028  aux_loss=0.3974  entropy=0.202  clip_frac= 1.2%  (1115.2s)
episode  50000  train_avg=  +42.7  adv_avg=  +26.8  eval_avg(500)=   +7.2  win_rate= 51.0%  entropy_coef=0.0020  policy_loss=-0.0119  value_loss=0.9938  aux_loss=0.3973  entropy=0.187  clip_frac= 1.9%  (1243.0s)
episode  55000  train_avg=  +10.1  adv_avg=  +24.4  eval_avg(500)=  +19.8  win_rate= 54.2%  entropy_coef=0.0020  policy_loss=-0.0106  value_loss=0.9971  aux_loss=0.4052  entropy=0.207  clip_frac= 1.7%  (1362.3s)
episode  60000  train_avg=   -0.5  adv_avg=  +11.6  eval_avg(500)=  +40.6  win_rate= 58.4%  entropy_coef=0.0020  policy_loss=-0.0094  value_loss=0.9847  aux_loss=0.3944  entropy=0.193  clip_frac= 1.4%  (1481.5s)
episode  65000  train_avg=  +54.6  adv_avg=  +72.2  eval_avg(500)=  +39.0  win_rate= 58.8%  entropy_coef=0.0020  policy_loss=-0.0101  value_loss=1.0099  aux_loss=0.2970  entropy=0.194  clip_frac= 1.9%  (1612.5s)
episode  70000  train_avg=   +1.4  adv_avg=   -2.7  eval_avg(500)=  +20.3  win_rate= 54.4%  entropy_coef=0.0020  policy_loss=-0.0098  value_loss=0.9864  aux_loss=0.3153  entropy=0.176  clip_frac= 1.6%  (1742.9s)
episode  75000  train_avg=  +18.5  adv_avg=  +19.8  eval_avg(500)=  +17.1  win_rate= 53.2%  entropy_coef=0.0020  policy_loss=-0.0105  value_loss=0.9478  aux_loss=0.3565  entropy=0.203  clip_frac= 1.9%  (1870.1s)
episode  80000  train_avg=  +13.6  adv_avg=   +7.2  eval_avg(500)=  +34.4  win_rate= 56.2%  entropy_coef=0.0020  policy_loss=-0.0092  value_loss=0.9881  aux_loss=0.3844  entropy=0.192  clip_frac= 1.8%  (1993.2s)
episode  85000  train_avg=  +34.5  adv_avg=  +23.4  eval_avg(500)=  +40.2  win_rate= 58.8%  entropy_coef=0.0020  policy_loss=-0.0102  value_loss=0.9928  aux_loss=0.3171  entropy=0.206  clip_frac= 1.6%  (2106.9s)
episode  90000  train_avg=  +33.5  adv_avg=   +8.2  eval_avg(500)=  +16.9  win_rate= 53.6%  entropy_coef=0.0020  policy_loss=-0.0094  value_loss=0.9854  aux_loss=0.3130  entropy=0.185  clip_frac= 1.5%  (2240.5s)
episode  95000  train_avg=  +23.4  adv_avg=   +2.9  eval_avg(500)=  +19.9  win_rate= 54.4%  entropy_coef=0.0020  policy_loss=-0.0092  value_loss=0.9893  aux_loss=0.3101  entropy=0.211  clip_frac= 1.5%  (2370.1s)
episode 100000  train_avg=   +9.0  adv_avg=   +0.1  eval_avg(500)=  +20.0  win_rate= 53.6%  entropy_coef=0.0020  policy_loss=-0.0089  value_loss=0.9770  aux_loss=0.2665  entropy=0.198  clip_frac= 1.5%  (2496.0s)
poids sauvegardes dans rl_experiments_v5/exp_shared_aux_lr3e-5_epochs4_vc02_ac002_seed30/ppo_100000.pt
