poids charges depuis rl_experiments_v4/imit_bignet_ent02.pt
episode   2000  train_avg=  -16.9  adv_avg=   -6.7  eval_avg(500)=   -2.0  win_rate= 49.4%  entropy_coef=0.0020  policy_loss=-0.0098  value_loss=0.9998  entropy=0.192  clip_frac= 1.5%  (48.8s)
  picks: heuristic:2000x(wr=0.47)
episode   4000  train_avg=   +2.8  adv_avg=   +0.9  eval_avg(500)=   -3.4  win_rate= 48.0%  entropy_coef=0.0020  policy_loss=-0.0089  value_loss=0.9964  entropy=0.191  clip_frac= 1.3%  (96.7s)
  picks: heuristic:4000x(wr=0.47)
episode   6000  train_avg=  -26.9  adv_avg=   +2.6  eval_avg(500)=  +11.9  win_rate= 52.4%  entropy_coef=0.0020  policy_loss=-0.0080  value_loss=1.0300  entropy=0.195  clip_frac= 1.2%  (144.2s)
  picks: heuristic:6000x(wr=0.40)
episode   8000  train_avg=  +15.9  adv_avg=   +5.5  eval_avg(500)=  +15.9  win_rate= 52.6%  entropy_coef=0.0020  policy_loss=-0.0107  value_loss=1.0012  entropy=0.169  clip_frac= 1.7%  (188.7s)
  picks: heuristic:8000x(wr=0.55)
episode  10000  train_avg=  -21.8  adv_avg=   +9.9  eval_avg(500)=  +14.4  win_rate= 53.6%  entropy_coef=0.0020  policy_loss=-0.0066  value_loss=0.9866  entropy=0.195  clip_frac= 0.8%  (233.7s)
  picks: heuristic:10000x(wr=0.40)
episode  12000  train_avg=  +13.4  adv_avg=  +18.1  eval_avg(500)=  +11.4  win_rate= 51.8%  entropy_coef=0.0020  policy_loss=-0.0060  value_loss=1.0014  entropy=0.180  clip_frac= 0.9%  (278.0s)
  picks: heuristic:12000x(wr=0.57)
episode  14000  train_avg=   +2.2  adv_avg=  -11.2  eval_avg(500)=  +21.1  win_rate= 53.4%  entropy_coef=0.0020  policy_loss=-0.0087  value_loss=1.0170  entropy=0.191  clip_frac= 1.6%  (323.4s)
  picks: heuristic:14000x(wr=0.52)
episode  16000  train_avg=  +36.0  adv_avg=  +23.9  eval_avg(500)=  +26.5  win_rate= 56.0%  entropy_coef=0.0020  policy_loss=-0.0049  value_loss=1.0019  entropy=0.180  clip_frac= 0.6%  (368.3s)
  picks: heuristic:16000x(wr=0.56)
episode  18000  train_avg=  +15.9  adv_avg=  +25.7  eval_avg(500)=  +11.2  win_rate= 51.8%  entropy_coef=0.0020  policy_loss=-0.0084  value_loss=1.0522  entropy=0.177  clip_frac= 1.7%  (412.3s)
  picks: heuristic:18000x(wr=0.53)
episode  20000  train_avg=   +3.0  adv_avg=   +4.0  eval_avg(500)=  +14.4  win_rate= 53.0%  entropy_coef=0.0020  policy_loss=-0.0078  value_loss=1.0146  entropy=0.186  clip_frac= 1.4%  (455.7s)
  picks: heuristic:20000x(wr=0.51)
episode  22000  train_avg=  -16.8  adv_avg=   +7.5  eval_avg(500)=  +22.0  win_rate= 54.2%  entropy_coef=0.0020  policy_loss=-0.0099  value_loss=1.0037  entropy=0.215  clip_frac= 1.4%  (499.2s)
  picks: heuristic:22000x(wr=0.45)
episode  24000  train_avg=   +4.6  adv_avg=   +8.4  eval_avg(500)=  +21.0  win_rate= 54.8%  entropy_coef=0.0020  policy_loss=-0.0092  value_loss=1.0012  entropy=0.199  clip_frac= 1.4%  (543.3s)
  picks: heuristic:24000x(wr=0.50)
episode  26000  train_avg=  +10.7  adv_avg=   -0.5  eval_avg(500)=   +6.8  win_rate= 51.4%  entropy_coef=0.0020  policy_loss=-0.0085  value_loss=0.9928  entropy=0.184  clip_frac= 1.1%  (586.8s)
  picks: heuristic:26000x(wr=0.47)
episode  28000  train_avg=  +19.5  adv_avg=  +20.0  eval_avg(500)=  +10.6  win_rate= 53.0%  entropy_coef=0.0020  policy_loss=-0.0108  value_loss=0.9782  entropy=0.206  clip_frac= 1.8%  (630.7s)
  picks: heuristic:28000x(wr=0.62)
episode  30000  train_avg=  +45.2  adv_avg=  +32.1  eval_avg(500)=  +23.3  win_rate= 55.2%  entropy_coef=0.0020  policy_loss=-0.0078  value_loss=1.0184  entropy=0.185  clip_frac= 1.0%  (675.8s)
  picks: heuristic:30000x(wr=0.57)
episode  32000  train_avg=  +15.6  adv_avg=   +0.0  eval_avg(500)=   +7.2  win_rate= 51.4%  entropy_coef=0.0020  policy_loss=-0.0094  value_loss=1.0289  entropy=0.176  clip_frac= 1.9%  (720.2s)
  picks: heuristic:32000x(wr=0.56)
episode  34000  train_avg=  +15.7  adv_avg=   +6.0  eval_avg(500)=  +15.4  win_rate= 53.0%  entropy_coef=0.0020  policy_loss=-0.0104  value_loss=0.9919  entropy=0.189  clip_frac= 1.5%  (764.5s)
  picks: heuristic:34000x(wr=0.45)
episode  36000  train_avg=   -0.8  adv_avg=   +2.9  eval_avg(500)=  +21.2  win_rate= 54.2%  entropy_coef=0.0020  policy_loss=-0.0093  value_loss=0.9993  entropy=0.188  clip_frac= 1.4%  (808.0s)
  picks: heuristic:36000x(wr=0.50)
episode  38000  train_avg=   +6.8  adv_avg=  +22.9  eval_avg(500)=   +8.6  win_rate= 52.8%  entropy_coef=0.0020  policy_loss=-0.0062  value_loss=0.9943  entropy=0.190  clip_frac= 0.8%  (851.7s)
  picks: heuristic:38000x(wr=0.55)
episode  40000  train_avg=  -10.8  adv_avg=  -14.9  eval_avg(500)=   +2.9  win_rate= 50.8%  entropy_coef=0.0020  policy_loss=-0.0091  value_loss=1.0830  entropy=0.191  clip_frac= 1.4%  (896.3s)
  picks: heuristic:40000x(wr=0.45)
episode  42000  train_avg=   -8.0  adv_avg=   -2.5  eval_avg(500)=  +52.2  win_rate= 61.4%  entropy_coef=0.0020  policy_loss=-0.0074  value_loss=1.0205  entropy=0.186  clip_frac= 1.3%  (943.1s)
  picks: heuristic:42000x(wr=0.54)
episode  44000  train_avg=  +26.9  adv_avg=   +4.7  eval_avg(500)=  +13.8  win_rate= 53.4%  entropy_coef=0.0020  policy_loss=-0.0073  value_loss=0.9769  entropy=0.186  clip_frac= 1.1%  (991.5s)
  picks: heuristic:44000x(wr=0.46)
episode  46000  train_avg=   -5.8  adv_avg=  +22.9  eval_avg(500)=  +26.7  win_rate= 56.6%  entropy_coef=0.0020  policy_loss=-0.0093  value_loss=0.9911  entropy=0.187  clip_frac= 1.7%  (1042.9s)
  picks: heuristic:46000x(wr=0.44)
episode  48000  train_avg=   +5.4  adv_avg=   +2.4  eval_avg(500)=  +16.3  win_rate= 53.4%  entropy_coef=0.0020  policy_loss=-0.0103  value_loss=0.9978  entropy=0.180  clip_frac= 1.8%  (1095.2s)
  picks: heuristic:48000x(wr=0.52)
episode  50000  train_avg=   +8.6  adv_avg=  +21.8  eval_avg(500)=  +12.8  win_rate= 52.6%  entropy_coef=0.0020  policy_loss=-0.0081  value_loss=0.9886  entropy=0.194  clip_frac= 1.5%  (1148.1s)
  picks: heuristic:50000x(wr=0.47)
poids sauvegardes dans rl_experiments_v4/exp_growing_pool_shared/seg_50000.pt
PFSP picks total: heuristic:50000x(wr=0.47)
