adversaire fige charge depuis rl_experiments_v4/exp_growing_pool_shared/seg_50000.pt
adversaire fige charge depuis rl_experiments_v4/exp_growing_pool_shared/seg_100000.pt
adversaire fige charge depuis rl_experiments_v4/exp_growing_pool_shared/seg_150000.pt
adversaire fige charge depuis rl_experiments_v4/exp_growing_pool_shared/seg_200000.pt
adversaire fige charge depuis rl_experiments_v4/exp_growing_pool_shared/seg_250000.pt
poids charges depuis rl_experiments_v4/exp_growing_pool_shared/seg_250000.pt
episode 252000  train_avg=  +15.5  adv_avg=  -17.2  eval_avg(500)=  +22.4  win_rate= 54.2%  entropy_coef=0.0020  policy_loss=-0.0101  value_loss=1.0319  entropy=0.191  clip_frac= 1.9%  (78.0s)
  picks: heuristic:211x(wr=0.62)  rl_experiments_v4/exp_growing_pool_shared/seg_50000.pt:496x(wr=0.57)  rl_experiments_v4/exp_growing_pool_shared/seg_100000.pt:294x(wr=0.47)  rl_experiments_v4/exp_growing_pool_shared/seg_150000.pt:252x(wr=0.56)  rl_experiments_v4/exp_growing_pool_shared/seg_200000.pt:241x(wr=0.63)  rl_experiments_v4/exp_growing_pool_shared/seg_250000.pt:506x(wr=0.48)
episode 254000  train_avg=  -10.7  adv_avg=   +7.5  eval_avg(500)=  +23.1  win_rate= 54.4%  entropy_coef=0.0020  policy_loss=-0.0109  value_loss=1.0166  entropy=0.185  clip_frac= 2.2%  (157.7s)
  picks: heuristic:353x(wr=0.59)  rl_experiments_v4/exp_growing_pool_shared/seg_50000.pt:780x(wr=0.50)  rl_experiments_v4/exp_growing_pool_shared/seg_100000.pt:872x(wr=0.45)  rl_experiments_v4/exp_growing_pool_shared/seg_150000.pt:593x(wr=0.43)  rl_experiments_v4/exp_growing_pool_shared/seg_200000.pt:410x(wr=0.52)  rl_experiments_v4/exp_growing_pool_shared/seg_250000.pt:992x(wr=0.43)
episode 256000  train_avg=  -13.9  adv_avg=  -12.5  eval_avg(500)=  +31.5  win_rate= 56.4%  entropy_coef=0.0020  policy_loss=-0.0080  value_loss=0.9893  entropy=0.199  clip_frac= 1.1%  (234.6s)
  picks: heuristic:563x(wr=0.48)  rl_experiments_v4/exp_growing_pool_shared/seg_50000.pt:1099x(wr=0.43)  rl_experiments_v4/exp_growing_pool_shared/seg_100000.pt:1162x(wr=0.49)  rl_experiments_v4/exp_growing_pool_shared/seg_150000.pt:1003x(wr=0.45)  rl_experiments_v4/exp_growing_pool_shared/seg_200000.pt:804x(wr=0.55)  rl_experiments_v4/exp_growing_pool_shared/seg_250000.pt:1369x(wr=0.49)
episode 258000  train_avg=   -4.2  adv_avg=   +5.8  eval_avg(500)=  +43.8  win_rate= 58.6%  entropy_coef=0.0020  policy_loss=-0.0106  value_loss=1.0219  entropy=0.179  clip_frac= 2.3%  (311.6s)
  picks: heuristic:826x(wr=0.59)  rl_experiments_v4/exp_growing_pool_shared/seg_50000.pt:1465x(wr=0.56)  rl_experiments_v4/exp_growing_pool_shared/seg_100000.pt:1470x(wr=0.49)  rl_experiments_v4/exp_growing_pool_shared/seg_150000.pt:1520x(wr=0.46)  rl_experiments_v4/exp_growing_pool_shared/seg_200000.pt:998x(wr=0.48)  rl_experiments_v4/exp_growing_pool_shared/seg_250000.pt:1721x(wr=0.45)
episode 260000  train_avg=  +28.7  adv_avg=  +33.1  eval_avg(500)=  +14.1  win_rate= 52.6%  entropy_coef=0.0020  policy_loss=-0.0083  value_loss=0.9658  entropy=0.191  clip_frac= 1.2%  (390.7s)
  picks: heuristic:980x(wr=0.61)  rl_experiments_v4/exp_growing_pool_shared/seg_50000.pt:1690x(wr=0.55)  rl_experiments_v4/exp_growing_pool_shared/seg_100000.pt:1676x(wr=0.54)  rl_experiments_v4/exp_growing_pool_shared/seg_150000.pt:2174x(wr=0.52)  rl_experiments_v4/exp_growing_pool_shared/seg_200000.pt:1421x(wr=0.56)  rl_experiments_v4/exp_growing_pool_shared/seg_250000.pt:2059x(wr=0.44)
episode 262000  train_avg=  +15.4  adv_avg=   +8.6  eval_avg(500)=  +18.8  win_rate= 54.0%  entropy_coef=0.0020  policy_loss=-0.0100  value_loss=0.9752  entropy=0.190  clip_frac= 1.4%  (471.3s)
  picks: heuristic:1125x(wr=0.57)  rl_experiments_v4/exp_growing_pool_shared/seg_50000.pt:1971x(wr=0.48)  rl_experiments_v4/exp_growing_pool_shared/seg_100000.pt:1931x(wr=0.49)  rl_experiments_v4/exp_growing_pool_shared/seg_150000.pt:2494x(wr=0.47)  rl_experiments_v4/exp_growing_pool_shared/seg_200000.pt:1866x(wr=0.54)  rl_experiments_v4/exp_growing_pool_shared/seg_250000.pt:2613x(wr=0.52)
episode 264000  train_avg=  +18.4  adv_avg=   +6.1  eval_avg(500)=  +19.2  win_rate= 53.6%  entropy_coef=0.0020  policy_loss=-0.0114  value_loss=0.9992  entropy=0.191  clip_frac= 2.3%  (556.2s)
  picks: heuristic:1312x(wr=0.52)  rl_experiments_v4/exp_growing_pool_shared/seg_50000.pt:2290x(wr=0.49)  rl_experiments_v4/exp_growing_pool_shared/seg_100000.pt:2267x(wr=0.50)  rl_experiments_v4/exp_growing_pool_shared/seg_150000.pt:2976x(wr=0.53)  rl_experiments_v4/exp_growing_pool_shared/seg_200000.pt:2127x(wr=0.46)  rl_experiments_v4/exp_growing_pool_shared/seg_250000.pt:3028x(wr=0.58)
episode 266000  train_avg=   -2.4  adv_avg=   -6.9  eval_avg(500)=  +29.3  win_rate= 55.6%  entropy_coef=0.0020  policy_loss=-0.0085  value_loss=0.9631  entropy=0.194  clip_frac= 1.9%  (641.4s)
  picks: heuristic:1504x(wr=0.60)  rl_experiments_v4/exp_growing_pool_shared/seg_50000.pt:2807x(wr=0.53)  rl_experiments_v4/exp_growing_pool_shared/seg_100000.pt:2582x(wr=0.52)  rl_experiments_v4/exp_growing_pool_shared/seg_150000.pt:3387x(wr=0.58)  rl_experiments_v4/exp_growing_pool_shared/seg_200000.pt:2573x(wr=0.55)  rl_experiments_v4/exp_growing_pool_shared/seg_250000.pt:3147x(wr=0.48)
episode 268000  train_avg=   -7.1  adv_avg=   +9.2  eval_avg(500)=  +32.0  win_rate= 56.0%  entropy_coef=0.0020  policy_loss=-0.0068  value_loss=0.9653  entropy=0.190  clip_frac= 2.3%  (721.5s)
  picks: heuristic:1689x(wr=0.58)  rl_experiments_v4/exp_growing_pool_shared/seg_50000.pt:3112x(wr=0.56)  rl_experiments_v4/exp_growing_pool_shared/seg_100000.pt:2940x(wr=0.52)  rl_experiments_v4/exp_growing_pool_shared/seg_150000.pt:3614x(wr=0.49)  rl_experiments_v4/exp_growing_pool_shared/seg_200000.pt:3017x(wr=0.51)  rl_experiments_v4/exp_growing_pool_shared/seg_250000.pt:3628x(wr=0.50)
episode 270000  train_avg=  -13.4  adv_avg=   -7.8  eval_avg(500)=  +34.0  win_rate= 57.2%  entropy_coef=0.0020  policy_loss=-0.0095  value_loss=0.9972  entropy=0.207  clip_frac= 1.9%  (799.9s)
  picks: heuristic:2050x(wr=0.46)  rl_experiments_v4/exp_growing_pool_shared/seg_50000.pt:3266x(wr=0.51)  rl_experiments_v4/exp_growing_pool_shared/seg_100000.pt:3257x(wr=0.51)  rl_experiments_v4/exp_growing_pool_shared/seg_150000.pt:4092x(wr=0.57)  rl_experiments_v4/exp_growing_pool_shared/seg_200000.pt:3360x(wr=0.47)  rl_experiments_v4/exp_growing_pool_shared/seg_250000.pt:3975x(wr=0.46)
episode 272000  train_avg=   -7.7  adv_avg=   +0.1  eval_avg(500)=  +14.3  win_rate= 52.6%  entropy_coef=0.0020  policy_loss=-0.0102  value_loss=0.9657  entropy=0.203  clip_frac= 1.6%  (876.8s)
  picks: heuristic:2402x(wr=0.45)  rl_experiments_v4/exp_growing_pool_shared/seg_50000.pt:3711x(wr=0.46)  rl_experiments_v4/exp_growing_pool_shared/seg_100000.pt:3600x(wr=0.54)  rl_experiments_v4/exp_growing_pool_shared/seg_150000.pt:4233x(wr=0.53)  rl_experiments_v4/exp_growing_pool_shared/seg_200000.pt:3788x(wr=0.45)  rl_experiments_v4/exp_growing_pool_shared/seg_250000.pt:4266x(wr=0.52)
episode 274000  train_avg=  +11.9  adv_avg=   -6.1  eval_avg(500)=  +19.1  win_rate= 53.8%  entropy_coef=0.0020  policy_loss=-0.0073  value_loss=0.9792  entropy=0.203  clip_frac= 1.3%  (951.7s)
  picks: heuristic:2874x(wr=0.59)  rl_experiments_v4/exp_growing_pool_shared/seg_50000.pt:4014x(wr=0.61)  rl_experiments_v4/exp_growing_pool_shared/seg_100000.pt:3767x(wr=0.47)  rl_experiments_v4/exp_growing_pool_shared/seg_150000.pt:4619x(wr=0.47)  rl_experiments_v4/exp_growing_pool_shared/seg_200000.pt:4141x(wr=0.55)  rl_experiments_v4/exp_growing_pool_shared/seg_250000.pt:4585x(wr=0.51)
episode 276000  train_avg=   -1.9  adv_avg=   +6.7  eval_avg(500)=  +11.0  win_rate= 52.4%  entropy_coef=0.0020  policy_loss=-0.0104  value_loss=0.9807  entropy=0.191  clip_frac= 1.9%  (1026.5s)
  picks: heuristic:3136x(wr=0.55)  rl_experiments_v4/exp_growing_pool_shared/seg_50000.pt:4254x(wr=0.50)  rl_experiments_v4/exp_growing_pool_shared/seg_100000.pt:4339x(wr=0.50)  rl_experiments_v4/exp_growing_pool_shared/seg_150000.pt:4992x(wr=0.56)  rl_experiments_v4/exp_growing_pool_shared/seg_200000.pt:4413x(wr=0.53)  rl_experiments_v4/exp_growing_pool_shared/seg_250000.pt:4866x(wr=0.55)
episode 278000  train_avg=   +7.8  adv_avg=   +2.1  eval_avg(500)=  +20.2  win_rate= 55.0%  entropy_coef=0.0020  policy_loss=-0.0098  value_loss=0.9811  entropy=0.192  clip_frac= 1.7%  (1102.1s)
  picks: heuristic:3305x(wr=0.61)  rl_experiments_v4/exp_growing_pool_shared/seg_50000.pt:4640x(wr=0.43)  rl_experiments_v4/exp_growing_pool_shared/seg_100000.pt:4783x(wr=0.47)  rl_experiments_v4/exp_growing_pool_shared/seg_150000.pt:5300x(wr=0.59)  rl_experiments_v4/exp_growing_pool_shared/seg_200000.pt:4786x(wr=0.48)  rl_experiments_v4/exp_growing_pool_shared/seg_250000.pt:5186x(wr=0.50)
episode 280000  train_avg=   +5.8  adv_avg=   +8.8  eval_avg(500)=  +15.1  win_rate= 53.0%  entropy_coef=0.0020  policy_loss=-0.0089  value_loss=0.9901  entropy=0.190  clip_frac= 1.8%  (1179.3s)
  picks: heuristic:3428x(wr=0.58)  rl_experiments_v4/exp_growing_pool_shared/seg_50000.pt:5121x(wr=0.66)  rl_experiments_v4/exp_growing_pool_shared/seg_100000.pt:5123x(wr=0.47)  rl_experiments_v4/exp_growing_pool_shared/seg_150000.pt:5569x(wr=0.44)  rl_experiments_v4/exp_growing_pool_shared/seg_200000.pt:5171x(wr=0.48)  rl_experiments_v4/exp_growing_pool_shared/seg_250000.pt:5588x(wr=0.53)
episode 282000  train_avg=   -7.5  adv_avg=   +6.8  eval_avg(500)=  +12.7  win_rate= 52.0%  entropy_coef=0.0020  policy_loss=-0.0105  value_loss=0.9947  entropy=0.192  clip_frac= 2.1%  (1253.9s)
  picks: heuristic:3651x(wr=0.52)  rl_experiments_v4/exp_growing_pool_shared/seg_50000.pt:5224x(wr=0.57)  rl_experiments_v4/exp_growing_pool_shared/seg_100000.pt:5609x(wr=0.43)  rl_experiments_v4/exp_growing_pool_shared/seg_150000.pt:6027x(wr=0.49)  rl_experiments_v4/exp_growing_pool_shared/seg_200000.pt:5618x(wr=0.58)  rl_experiments_v4/exp_growing_pool_shared/seg_250000.pt:5871x(wr=0.47)
episode 284000  train_avg=  +17.6  adv_avg=   -1.9  eval_avg(500)=  +19.1  win_rate= 54.4%  entropy_coef=0.0020  policy_loss=-0.0118  value_loss=0.9621  entropy=0.199  clip_frac= 2.6%  (1326.4s)
  picks: heuristic:3983x(wr=0.57)  rl_experiments_v4/exp_growing_pool_shared/seg_50000.pt:5390x(wr=0.54)  rl_experiments_v4/exp_growing_pool_shared/seg_100000.pt:6384x(wr=0.54)  rl_experiments_v4/exp_growing_pool_shared/seg_150000.pt:6292x(wr=0.50)  rl_experiments_v4/exp_growing_pool_shared/seg_200000.pt:5770x(wr=0.51)  rl_experiments_v4/exp_growing_pool_shared/seg_250000.pt:6181x(wr=0.41)
episode 286000  train_avg=   -0.7  adv_avg=  +13.4  eval_avg(500)=  +19.9  win_rate= 54.0%  entropy_coef=0.0020  policy_loss=-0.0095  value_loss=1.0099  entropy=0.198  clip_frac= 1.8%  (1402.2s)
  picks: heuristic:4176x(wr=0.63)  rl_experiments_v4/exp_growing_pool_shared/seg_50000.pt:5688x(wr=0.49)  rl_experiments_v4/exp_growing_pool_shared/seg_100000.pt:6616x(wr=0.53)  rl_experiments_v4/exp_growing_pool_shared/seg_150000.pt:6616x(wr=0.48)  rl_experiments_v4/exp_growing_pool_shared/seg_200000.pt:6084x(wr=0.58)  rl_experiments_v4/exp_growing_pool_shared/seg_250000.pt:6820x(wr=0.52)
episode 288000  train_avg=   -1.7  adv_avg=  +13.9  eval_avg(500)=  +26.2  win_rate= 54.4%  entropy_coef=0.0020  policy_loss=-0.0086  value_loss=1.0021  entropy=0.190  clip_frac= 1.6%  (1477.8s)
  picks: heuristic:4325x(wr=0.54)  rl_experiments_v4/exp_growing_pool_shared/seg_50000.pt:6102x(wr=0.42)  rl_experiments_v4/exp_growing_pool_shared/seg_100000.pt:6977x(wr=0.58)  rl_experiments_v4/exp_growing_pool_shared/seg_150000.pt:7060x(wr=0.53)  rl_experiments_v4/exp_growing_pool_shared/seg_200000.pt:6417x(wr=0.50)  rl_experiments_v4/exp_growing_pool_shared/seg_250000.pt:7119x(wr=0.51)
episode 290000  train_avg=  +16.4  adv_avg=  +24.4  eval_avg(500)=  +19.9  win_rate= 54.6%  entropy_coef=0.0020  policy_loss=-0.0097  value_loss=0.9846  entropy=0.194  clip_frac= 1.8%  (1554.9s)
  picks: heuristic:4499x(wr=0.56)  rl_experiments_v4/exp_growing_pool_shared/seg_50000.pt:6565x(wr=0.46)  rl_experiments_v4/exp_growing_pool_shared/seg_100000.pt:7146x(wr=0.59)  rl_experiments_v4/exp_growing_pool_shared/seg_150000.pt:7358x(wr=0.47)  rl_experiments_v4/exp_growing_pool_shared/seg_200000.pt:6848x(wr=0.60)  rl_experiments_v4/exp_growing_pool_shared/seg_250000.pt:7584x(wr=0.53)
episode 292000  train_avg=   +2.3  adv_avg=   -6.0  eval_avg(500)=   +4.1  win_rate= 51.0%  entropy_coef=0.0020  policy_loss=-0.0079  value_loss=0.9768  entropy=0.193  clip_frac= 1.7%  (1630.1s)
  picks: heuristic:4674x(wr=0.58)  rl_experiments_v4/exp_growing_pool_shared/seg_50000.pt:6955x(wr=0.58)  rl_experiments_v4/exp_growing_pool_shared/seg_100000.pt:7390x(wr=0.52)  rl_experiments_v4/exp_growing_pool_shared/seg_150000.pt:8138x(wr=0.47)  rl_experiments_v4/exp_growing_pool_shared/seg_200000.pt:7040x(wr=0.59)  rl_experiments_v4/exp_growing_pool_shared/seg_250000.pt:7803x(wr=0.48)
episode 294000  train_avg=   -0.2  adv_avg=  -11.6  eval_avg(500)=  +21.6  win_rate= 54.0%  entropy_coef=0.0020  policy_loss=-0.0101  value_loss=0.9984  entropy=0.197  clip_frac= 2.1%  (1705.8s)
  picks: heuristic:4975x(wr=0.52)  rl_experiments_v4/exp_growing_pool_shared/seg_50000.pt:7145x(wr=0.57)  rl_experiments_v4/exp_growing_pool_shared/seg_100000.pt:7787x(wr=0.52)  rl_experiments_v4/exp_growing_pool_shared/seg_150000.pt:8616x(wr=0.49)  rl_experiments_v4/exp_growing_pool_shared/seg_200000.pt:7237x(wr=0.54)  rl_experiments_v4/exp_growing_pool_shared/seg_250000.pt:8240x(wr=0.44)
episode 296000  train_avg=  +15.4  adv_avg=  +14.2  eval_avg(500)=  +16.1  win_rate= 53.0%  entropy_coef=0.0020  policy_loss=-0.0072  value_loss=0.9817  entropy=0.200  clip_frac= 1.6%  (1782.4s)
  picks: heuristic:5207x(wr=0.62)  rl_experiments_v4/exp_growing_pool_shared/seg_50000.pt:7346x(wr=0.55)  rl_experiments_v4/exp_growing_pool_shared/seg_100000.pt:8049x(wr=0.56)  rl_experiments_v4/exp_growing_pool_shared/seg_150000.pt:9037x(wr=0.48)  rl_experiments_v4/exp_growing_pool_shared/seg_200000.pt:7722x(wr=0.55)  rl_experiments_v4/exp_growing_pool_shared/seg_250000.pt:8639x(wr=0.50)
episode 298000  train_avg=   +8.2  adv_avg=  +14.3  eval_avg(500)=  +28.1  win_rate= 56.0%  entropy_coef=0.0020  policy_loss=-0.0084  value_loss=1.0074  entropy=0.178  clip_frac= 1.5%  (1859.6s)
  picks: heuristic:5357x(wr=0.56)  rl_experiments_v4/exp_growing_pool_shared/seg_50000.pt:7728x(wr=0.55)  rl_experiments_v4/exp_growing_pool_shared/seg_100000.pt:8343x(wr=0.48)  rl_experiments_v4/exp_growing_pool_shared/seg_150000.pt:9425x(wr=0.54)  rl_experiments_v4/exp_growing_pool_shared/seg_200000.pt:8144x(wr=0.54)  rl_experiments_v4/exp_growing_pool_shared/seg_250000.pt:9003x(wr=0.46)
episode 300000  train_avg=  +10.0  adv_avg=   -3.2  eval_avg(500)=  +20.5  win_rate= 54.6%  entropy_coef=0.0020  policy_loss=-0.0099  value_loss=0.9747  entropy=0.197  clip_frac= 2.0%  (1935.1s)
  picks: heuristic:5547x(wr=0.56)  rl_experiments_v4/exp_growing_pool_shared/seg_50000.pt:7901x(wr=0.57)  rl_experiments_v4/exp_growing_pool_shared/seg_100000.pt:8895x(wr=0.64)  rl_experiments_v4/exp_growing_pool_shared/seg_150000.pt:9652x(wr=0.43)  rl_experiments_v4/exp_growing_pool_shared/seg_200000.pt:8576x(wr=0.52)  rl_experiments_v4/exp_growing_pool_shared/seg_250000.pt:9429x(wr=0.49)
poids sauvegardes dans rl_experiments_v4/exp_growing_pool_shared/seg_300000.pt
PFSP picks total: heuristic:5547x(wr=0.56)  rl_experiments_v4/exp_growing_pool_shared/seg_50000.pt:7901x(wr=0.57)  rl_experiments_v4/exp_growing_pool_shared/seg_100000.pt:8895x(wr=0.64)  rl_experiments_v4/exp_growing_pool_shared/seg_150000.pt:9652x(wr=0.43)  rl_experiments_v4/exp_growing_pool_shared/seg_200000.pt:8576x(wr=0.52)  rl_experiments_v4/exp_growing_pool_shared/seg_250000.pt:9429x(wr=0.49)
