adversaire fige charge depuis rl_experiments_v4/exp_growing_pool_shared/seg_50000.pt
adversaire fige charge depuis rl_experiments_v4/exp_growing_pool_shared/seg_100000.pt
adversaire fige charge depuis rl_experiments_v4/exp_growing_pool_shared/seg_150000.pt
poids charges depuis rl_experiments_v4/exp_growing_pool_shared/seg_150000.pt
episode 152000  train_avg=  -13.4  adv_avg=  +14.3  eval_avg(500)=  +22.0  win_rate= 54.8%  entropy_coef=0.0020  policy_loss=-0.0108  value_loss=0.9900  entropy=0.217  clip_frac= 1.7%  (70.0s)
  picks: heuristic:387x(wr=0.48)  rl_experiments_v4/exp_growing_pool_shared/seg_50000.pt:462x(wr=0.58)  rl_experiments_v4/exp_growing_pool_shared/seg_100000.pt:333x(wr=0.49)  rl_experiments_v4/exp_growing_pool_shared/seg_150000.pt:818x(wr=0.46)
episode 154000  train_avg=   -5.2  adv_avg=   -9.7  eval_avg(500)=  +21.8  win_rate= 54.6%  entropy_coef=0.0020  policy_loss=-0.0083  value_loss=0.9846  entropy=0.208  clip_frac= 1.0%  (138.5s)
  picks: heuristic:854x(wr=0.57)  rl_experiments_v4/exp_growing_pool_shared/seg_50000.pt:812x(wr=0.55)  rl_experiments_v4/exp_growing_pool_shared/seg_100000.pt:782x(wr=0.49)  rl_experiments_v4/exp_growing_pool_shared/seg_150000.pt:1552x(wr=0.44)
episode 156000  train_avg=  +33.3  adv_avg=  +26.1  eval_avg(500)=  +32.1  win_rate= 56.4%  entropy_coef=0.0020  policy_loss=-0.0113  value_loss=0.9719  entropy=0.224  clip_frac= 1.3%  (209.9s)
  picks: heuristic:1141x(wr=0.61)  rl_experiments_v4/exp_growing_pool_shared/seg_50000.pt:1135x(wr=0.55)  rl_experiments_v4/exp_growing_pool_shared/seg_100000.pt:1396x(wr=0.63)  rl_experiments_v4/exp_growing_pool_shared/seg_150000.pt:2328x(wr=0.50)
episode 158000  train_avg=   -2.2  adv_avg=   +4.4  eval_avg(500)=  +12.2  win_rate= 52.2%  entropy_coef=0.0020  policy_loss=-0.0056  value_loss=0.9776  entropy=0.217  clip_frac= 0.7%  (278.9s)
  picks: heuristic:1600x(wr=0.48)  rl_experiments_v4/exp_growing_pool_shared/seg_50000.pt:1640x(wr=0.62)  rl_experiments_v4/exp_growing_pool_shared/seg_100000.pt:1809x(wr=0.51)  rl_experiments_v4/exp_growing_pool_shared/seg_150000.pt:2951x(wr=0.40)
episode 160000  train_avg=  +26.7  adv_avg=   +8.1  eval_avg(500)=  +30.2  win_rate= 56.0%  entropy_coef=0.0020  policy_loss=-0.0110  value_loss=0.9980  entropy=0.219  clip_frac= 2.3%  (349.6s)
  picks: heuristic:1942x(wr=0.48)  rl_experiments_v4/exp_growing_pool_shared/seg_50000.pt:2013x(wr=0.68)  rl_experiments_v4/exp_growing_pool_shared/seg_100000.pt:2347x(wr=0.53)  rl_experiments_v4/exp_growing_pool_shared/seg_150000.pt:3698x(wr=0.49)
episode 162000  train_avg=  +12.1  adv_avg=   +0.8  eval_avg(500)=  +31.1  win_rate= 56.0%  entropy_coef=0.0020  policy_loss=-0.0091  value_loss=1.0106  entropy=0.213  clip_frac= 1.4%  (416.5s)
  picks: heuristic:2509x(wr=0.52)  rl_experiments_v4/exp_growing_pool_shared/seg_50000.pt:2215x(wr=0.51)  rl_experiments_v4/exp_growing_pool_shared/seg_100000.pt:2944x(wr=0.56)  rl_experiments_v4/exp_growing_pool_shared/seg_150000.pt:4332x(wr=0.49)
episode 164000  train_avg=   -1.5  adv_avg=   -9.7  eval_avg(500)=  +21.6  win_rate= 54.8%  entropy_coef=0.0020  policy_loss=-0.0097  value_loss=0.9859  entropy=0.201  clip_frac= 2.0%  (485.8s)
  picks: heuristic:2936x(wr=0.60)  rl_experiments_v4/exp_growing_pool_shared/seg_50000.pt:2564x(wr=0.52)  rl_experiments_v4/exp_growing_pool_shared/seg_100000.pt:3419x(wr=0.44)  rl_experiments_v4/exp_growing_pool_shared/seg_150000.pt:5081x(wr=0.55)
episode 166000  train_avg=  -21.4  adv_avg=  -24.6  eval_avg(500)=  +16.9  win_rate= 53.6%  entropy_coef=0.0020  policy_loss=-0.0088  value_loss=0.9836  entropy=0.206  clip_frac= 1.6%  (557.1s)
  picks: heuristic:3245x(wr=0.37)  rl_experiments_v4/exp_growing_pool_shared/seg_50000.pt:3166x(wr=0.51)  rl_experiments_v4/exp_growing_pool_shared/seg_100000.pt:4112x(wr=0.53)  rl_experiments_v4/exp_growing_pool_shared/seg_150000.pt:5477x(wr=0.50)
episode 168000  train_avg=  -12.8  adv_avg=   +7.7  eval_avg(500)=  +13.2  win_rate= 52.6%  entropy_coef=0.0020  policy_loss=-0.0097  value_loss=1.0040  entropy=0.189  clip_frac= 1.4%  (622.0s)
  picks: heuristic:3939x(wr=0.52)  rl_experiments_v4/exp_growing_pool_shared/seg_50000.pt:3552x(wr=0.57)  rl_experiments_v4/exp_growing_pool_shared/seg_100000.pt:4398x(wr=0.45)  rl_experiments_v4/exp_growing_pool_shared/seg_150000.pt:6111x(wr=0.45)
episode 170000  train_avg=   -2.9  adv_avg=  +12.8  eval_avg(500)=  +23.8  win_rate= 56.0%  entropy_coef=0.0020  policy_loss=-0.0075  value_loss=0.9851  entropy=0.206  clip_frac= 1.5%  (692.6s)
  picks: heuristic:4276x(wr=0.58)  rl_experiments_v4/exp_growing_pool_shared/seg_50000.pt:3985x(wr=0.43)  rl_experiments_v4/exp_growing_pool_shared/seg_100000.pt:4836x(wr=0.57)  rl_experiments_v4/exp_growing_pool_shared/seg_150000.pt:6903x(wr=0.47)
episode 172000  train_avg=  -17.1  adv_avg=  -27.3  eval_avg(500)=  +30.1  win_rate= 55.6%  entropy_coef=0.0020  policy_loss=-0.0080  value_loss=1.0527  entropy=0.199  clip_frac= 1.4%  (765.6s)
  picks: heuristic:4469x(wr=0.58)  rl_experiments_v4/exp_growing_pool_shared/seg_50000.pt:4730x(wr=0.54)  rl_experiments_v4/exp_growing_pool_shared/seg_100000.pt:5220x(wr=0.38)  rl_experiments_v4/exp_growing_pool_shared/seg_150000.pt:7581x(wr=0.45)
episode 174000  train_avg=   +9.9  adv_avg=  +22.7  eval_avg(500)=  +28.1  win_rate= 55.8%  entropy_coef=0.0020  policy_loss=-0.0086  value_loss=0.9954  entropy=0.210  clip_frac= 1.3%  (838.2s)
  picks: heuristic:4708x(wr=0.52)  rl_experiments_v4/exp_growing_pool_shared/seg_50000.pt:5137x(wr=0.58)  rl_experiments_v4/exp_growing_pool_shared/seg_100000.pt:5929x(wr=0.44)  rl_experiments_v4/exp_growing_pool_shared/seg_150000.pt:8226x(wr=0.54)
episode 176000  train_avg=   -1.9  adv_avg=  +18.9  eval_avg(500)=  +58.2  win_rate= 61.6%  entropy_coef=0.0020  policy_loss=-0.0108  value_loss=0.9815  entropy=0.221  clip_frac= 2.1%  (910.7s)
  picks: heuristic:5127x(wr=0.45)  rl_experiments_v4/exp_growing_pool_shared/seg_50000.pt:5552x(wr=0.54)  rl_experiments_v4/exp_growing_pool_shared/seg_100000.pt:6701x(wr=0.49)  rl_experiments_v4/exp_growing_pool_shared/seg_150000.pt:8620x(wr=0.52)
episode 178000  train_avg=   -5.5  adv_avg=   -2.6  eval_avg(500)=  +23.9  win_rate= 54.8%  entropy_coef=0.0020  policy_loss=-0.0108  value_loss=1.0390  entropy=0.210  clip_frac= 2.1%  (977.8s)
  picks: heuristic:5836x(wr=0.49)  rl_experiments_v4/exp_growing_pool_shared/seg_50000.pt:5937x(wr=0.59)  rl_experiments_v4/exp_growing_pool_shared/seg_100000.pt:7150x(wr=0.40)  rl_experiments_v4/exp_growing_pool_shared/seg_150000.pt:9077x(wr=0.49)
episode 180000  train_avg=  +23.9  adv_avg=  +18.6  eval_avg(500)=  +47.2  win_rate= 59.4%  entropy_coef=0.0020  policy_loss=-0.0070  value_loss=0.9800  entropy=0.206  clip_frac= 1.5%  (1052.6s)
  picks: heuristic:6178x(wr=0.54)  rl_experiments_v4/exp_growing_pool_shared/seg_50000.pt:6418x(wr=0.50)  rl_experiments_v4/exp_growing_pool_shared/seg_100000.pt:7940x(wr=0.55)  rl_experiments_v4/exp_growing_pool_shared/seg_150000.pt:9464x(wr=0.54)
episode 182000  train_avg=   +2.1  adv_avg=  +16.6  eval_avg(500)=  +31.3  win_rate= 56.2%  entropy_coef=0.0020  policy_loss=-0.0110  value_loss=1.0484  entropy=0.201  clip_frac= 1.8%  (1125.8s)
  picks: heuristic:6609x(wr=0.54)  rl_experiments_v4/exp_growing_pool_shared/seg_50000.pt:6989x(wr=0.52)  rl_experiments_v4/exp_growing_pool_shared/seg_100000.pt:8363x(wr=0.49)  rl_experiments_v4/exp_growing_pool_shared/seg_150000.pt:10039x(wr=0.50)
episode 184000  train_avg=  -19.1  adv_avg=   +2.7  eval_avg(500)=  +45.3  win_rate= 59.8%  entropy_coef=0.0020  policy_loss=-0.0078  value_loss=1.0313  entropy=0.191  clip_frac= 1.3%  (1199.7s)
  picks: heuristic:7019x(wr=0.54)  rl_experiments_v4/exp_growing_pool_shared/seg_50000.pt:7472x(wr=0.47)  rl_experiments_v4/exp_growing_pool_shared/seg_100000.pt:8835x(wr=0.48)  rl_experiments_v4/exp_growing_pool_shared/seg_150000.pt:10674x(wr=0.43)
episode 186000  train_avg=  -14.7  adv_avg=   +7.6  eval_avg(500)=  +24.9  win_rate= 54.6%  entropy_coef=0.0020  policy_loss=-0.0097  value_loss=0.9942  entropy=0.190  clip_frac= 1.7%  (1276.4s)
  picks: heuristic:7227x(wr=0.54)  rl_experiments_v4/exp_growing_pool_shared/seg_50000.pt:8041x(wr=0.41)  rl_experiments_v4/exp_growing_pool_shared/seg_100000.pt:9396x(wr=0.50)  rl_experiments_v4/exp_growing_pool_shared/seg_150000.pt:11336x(wr=0.50)
episode 188000  train_avg=   -7.5  adv_avg=   -7.8  eval_avg(500)=  +11.5  win_rate= 52.6%  entropy_coef=0.0020  policy_loss=-0.0099  value_loss=1.0121  entropy=0.180  clip_frac= 2.1%  (1350.1s)
  picks: heuristic:7582x(wr=0.57)  rl_experiments_v4/exp_growing_pool_shared/seg_50000.pt:8646x(wr=0.41)  rl_experiments_v4/exp_growing_pool_shared/seg_100000.pt:9961x(wr=0.47)  rl_experiments_v4/exp_growing_pool_shared/seg_150000.pt:11811x(wr=0.50)
episode 190000  train_avg=  +36.2  adv_avg=  +19.8  eval_avg(500)=  +22.6  win_rate= 54.8%  entropy_coef=0.0020  policy_loss=-0.0094  value_loss=0.9718  entropy=0.187  clip_frac= 1.8%  (1421.7s)
  picks: heuristic:7952x(wr=0.58)  rl_experiments_v4/exp_growing_pool_shared/seg_50000.pt:9308x(wr=0.58)  rl_experiments_v4/exp_growing_pool_shared/seg_100000.pt:10477x(wr=0.58)  rl_experiments_v4/exp_growing_pool_shared/seg_150000.pt:12263x(wr=0.45)
episode 192000  train_avg=   +7.5  adv_avg=   +8.3  eval_avg(500)=  +12.4  win_rate= 53.0%  entropy_coef=0.0020  policy_loss=-0.0114  value_loss=1.0073  entropy=0.198  clip_frac= 2.2%  (1496.5s)
  picks: heuristic:8249x(wr=0.51)  rl_experiments_v4/exp_growing_pool_shared/seg_50000.pt:9554x(wr=0.52)  rl_experiments_v4/exp_growing_pool_shared/seg_100000.pt:10940x(wr=0.51)  rl_experiments_v4/exp_growing_pool_shared/seg_150000.pt:13257x(wr=0.49)
episode 194000  train_avg=  +15.3  adv_avg=   +6.8  eval_avg(500)=  +18.4  win_rate= 53.0%  entropy_coef=0.0020  policy_loss=-0.0076  value_loss=1.0199  entropy=0.195  clip_frac= 1.3%  (1568.0s)
  picks: heuristic:8721x(wr=0.53)  rl_experiments_v4/exp_growing_pool_shared/seg_50000.pt:9984x(wr=0.54)  rl_experiments_v4/exp_growing_pool_shared/seg_100000.pt:11419x(wr=0.56)  rl_experiments_v4/exp_growing_pool_shared/seg_150000.pt:13876x(wr=0.51)
episode 196000  train_avg=  +13.3  adv_avg=   -6.5  eval_avg(500)=  +24.4  win_rate= 54.8%  entropy_coef=0.0020  policy_loss=-0.0080  value_loss=0.9945  entropy=0.184  clip_frac= 1.4%  (1639.5s)
  picks: heuristic:9104x(wr=0.49)  rl_experiments_v4/exp_growing_pool_shared/seg_50000.pt:10363x(wr=0.51)  rl_experiments_v4/exp_growing_pool_shared/seg_100000.pt:11970x(wr=0.60)  rl_experiments_v4/exp_growing_pool_shared/seg_150000.pt:14563x(wr=0.48)
episode 198000  train_avg=  +31.8  adv_avg=  +30.4  eval_avg(500)=  +32.7  win_rate= 57.0%  entropy_coef=0.0020  policy_loss=-0.0122  value_loss=0.9860  entropy=0.194  clip_frac= 2.5%  (1705.1s)
  picks: heuristic:9850x(wr=0.60)  rl_experiments_v4/exp_growing_pool_shared/seg_50000.pt:10769x(wr=0.51)  rl_experiments_v4/exp_growing_pool_shared/seg_100000.pt:12407x(wr=0.46)  rl_experiments_v4/exp_growing_pool_shared/seg_150000.pt:14974x(wr=0.53)
episode 200000  train_avg=  +12.6  adv_avg=  +10.6  eval_avg(500)=  +33.3  win_rate= 57.0%  entropy_coef=0.0020  policy_loss=-0.0078  value_loss=0.9829  entropy=0.171  clip_frac= 1.4%  (1778.5s)
  picks: heuristic:10106x(wr=0.64)  rl_experiments_v4/exp_growing_pool_shared/seg_50000.pt:11228x(wr=0.53)  rl_experiments_v4/exp_growing_pool_shared/seg_100000.pt:13029x(wr=0.66)  rl_experiments_v4/exp_growing_pool_shared/seg_150000.pt:15637x(wr=0.47)
poids sauvegardes dans rl_experiments_v4/exp_growing_pool_shared/seg_200000.pt
PFSP picks total: heuristic:10106x(wr=0.64)  rl_experiments_v4/exp_growing_pool_shared/seg_50000.pt:11228x(wr=0.53)  rl_experiments_v4/exp_growing_pool_shared/seg_100000.pt:13029x(wr=0.66)  rl_experiments_v4/exp_growing_pool_shared/seg_150000.pt:15637x(wr=0.47)
