adversaire fige charge depuis rl_experiments_v4/exp_growing_pool_shared/seg_50000.pt
poids charges depuis rl_experiments_v4/exp_growing_pool_shared/seg_50000.pt
episode  52000  train_avg=  -47.1  adv_avg=  -10.0  eval_avg(500)=  +22.2  win_rate= 54.6%  entropy_coef=0.0020  policy_loss=-0.0075  value_loss=0.9952  entropy=0.183  clip_frac= 1.3%  (74.6s)
  picks: heuristic:755x(wr=0.49)  rl_experiments_v4/exp_growing_pool_shared/seg_50000.pt:1245x(wr=0.42)
episode  54000  train_avg=   -9.8  adv_avg=   -9.1  eval_avg(500)=  +20.3  win_rate= 53.2%  entropy_coef=0.0020  policy_loss=-0.0091  value_loss=0.9783  entropy=0.191  clip_frac= 1.1%  (146.8s)
  picks: heuristic:1323x(wr=0.55)  rl_experiments_v4/exp_growing_pool_shared/seg_50000.pt:2677x(wr=0.48)
episode  56000  train_avg=   -2.6  adv_avg=  +12.6  eval_avg(500)=   +1.6  win_rate= 50.2%  entropy_coef=0.0020  policy_loss=-0.0108  value_loss=0.9960  entropy=0.188  clip_frac= 1.8%  (215.9s)
  picks: heuristic:1920x(wr=0.54)  rl_experiments_v4/exp_growing_pool_shared/seg_50000.pt:4080x(wr=0.48)
episode  58000  train_avg=   +4.9  adv_avg=   -1.7  eval_avg(500)=  +35.3  win_rate= 58.0%  entropy_coef=0.0020  policy_loss=-0.0084  value_loss=1.0097  entropy=0.173  clip_frac= 1.3%  (280.8s)
  picks: heuristic:2734x(wr=0.50)  rl_experiments_v4/exp_growing_pool_shared/seg_50000.pt:5266x(wr=0.54)
episode  60000  train_avg=   +0.4  adv_avg=   -3.3  eval_avg(500)=  +20.9  win_rate= 53.6%  entropy_coef=0.0020  policy_loss=-0.0108  value_loss=1.0049  entropy=0.187  clip_frac= 1.7%  (342.6s)
  picks: heuristic:3662x(wr=0.51)  rl_experiments_v4/exp_growing_pool_shared/seg_50000.pt:6338x(wr=0.47)
episode  62000  train_avg=   -9.8  adv_avg=   +7.3  eval_avg(500)=  +34.1  win_rate= 56.8%  entropy_coef=0.0020  policy_loss=-0.0078  value_loss=0.9806  entropy=0.187  clip_frac= 0.9%  (413.0s)
  picks: heuristic:4576x(wr=0.62)  rl_experiments_v4/exp_growing_pool_shared/seg_50000.pt:7424x(wr=0.41)
episode  64000  train_avg=  -30.6  adv_avg=   +5.1  eval_avg(500)=  +19.0  win_rate= 54.8%  entropy_coef=0.0020  policy_loss=-0.0082  value_loss=0.9695  entropy=0.170  clip_frac= 1.3%  (488.4s)
  picks: heuristic:5177x(wr=0.46)  rl_experiments_v4/exp_growing_pool_shared/seg_50000.pt:8823x(wr=0.45)
episode  66000  train_avg=   +2.7  adv_avg=   +7.9  eval_avg(500)=   +6.8  win_rate= 51.6%  entropy_coef=0.0020  policy_loss=-0.0090  value_loss=0.9861  entropy=0.188  clip_frac= 1.3%  (561.9s)
  picks: heuristic:5927x(wr=0.51)  rl_experiments_v4/exp_growing_pool_shared/seg_50000.pt:10073x(wr=0.48)
episode  68000  train_avg=   +4.8  adv_avg=   -6.6  eval_avg(500)=  +19.1  win_rate= 54.2%  entropy_coef=0.0020  policy_loss=-0.0083  value_loss=1.0040  entropy=0.184  clip_frac= 1.0%  (628.6s)
  picks: heuristic:6698x(wr=0.63)  rl_experiments_v4/exp_growing_pool_shared/seg_50000.pt:11302x(wr=0.49)
episode  70000  train_avg=   -0.9  adv_avg=  +23.8  eval_avg(500)=  +21.0  win_rate= 54.8%  entropy_coef=0.0020  policy_loss=-0.0090  value_loss=1.0439  entropy=0.192  clip_frac= 1.6%  (698.3s)
  picks: heuristic:7244x(wr=0.45)  rl_experiments_v4/exp_growing_pool_shared/seg_50000.pt:12756x(wr=0.62)
episode  72000  train_avg=  +32.1  adv_avg=   +2.9  eval_avg(500)=  +19.3  win_rate= 54.2%  entropy_coef=0.0020  policy_loss=-0.0084  value_loss=0.9973  entropy=0.178  clip_frac= 1.3%  (760.1s)
  picks: heuristic:8319x(wr=0.57)  rl_experiments_v4/exp_growing_pool_shared/seg_50000.pt:13681x(wr=0.55)
episode  74000  train_avg=  -11.3  adv_avg=   -2.1  eval_avg(500)=  +10.9  win_rate= 52.0%  entropy_coef=0.0020  policy_loss=-0.0087  value_loss=1.0403  entropy=0.192  clip_frac= 1.1%  (826.2s)
  picks: heuristic:9078x(wr=0.44)  rl_experiments_v4/exp_growing_pool_shared/seg_50000.pt:14922x(wr=0.47)
episode  76000  train_avg=  +12.3  adv_avg=   -4.2  eval_avg(500)=   +7.4  win_rate= 51.2%  entropy_coef=0.0020  policy_loss=-0.0060  value_loss=1.0264  entropy=0.183  clip_frac= 0.8%  (891.9s)
  picks: heuristic:9847x(wr=0.49)  rl_experiments_v4/exp_growing_pool_shared/seg_50000.pt:16153x(wr=0.50)
episode  78000  train_avg=  +37.5  adv_avg=  +23.1  eval_avg(500)=  +38.9  win_rate= 57.2%  entropy_coef=0.0020  policy_loss=-0.0107  value_loss=0.9876  entropy=0.185  clip_frac= 1.6%  (956.6s)
  picks: heuristic:10781x(wr=0.62)  rl_experiments_v4/exp_growing_pool_shared/seg_50000.pt:17219x(wr=0.57)
episode  80000  train_avg=   +4.1  adv_avg=   -3.5  eval_avg(500)=  +15.2  win_rate= 53.4%  entropy_coef=0.0020  policy_loss=-0.0099  value_loss=0.9974  entropy=0.194  clip_frac= 1.6%  (1025.9s)
  picks: heuristic:11504x(wr=0.51)  rl_experiments_v4/exp_growing_pool_shared/seg_50000.pt:18496x(wr=0.50)
episode  82000  train_avg=  +10.4  adv_avg=  +12.9  eval_avg(500)=  +38.9  win_rate= 57.8%  entropy_coef=0.0020  policy_loss=-0.0097  value_loss=0.9816  entropy=0.197  clip_frac= 1.7%  (1097.8s)
  picks: heuristic:12411x(wr=0.53)  rl_experiments_v4/exp_growing_pool_shared/seg_50000.pt:19589x(wr=0.55)
episode  84000  train_avg=  +18.5  adv_avg=   +8.2  eval_avg(500)=  +15.0  win_rate= 53.0%  entropy_coef=0.0020  policy_loss=-0.0086  value_loss=0.9977  entropy=0.197  clip_frac= 1.4%  (1165.2s)
  picks: heuristic:13468x(wr=0.62)  rl_experiments_v4/exp_growing_pool_shared/seg_50000.pt:20532x(wr=0.47)
episode  86000  train_avg=   -3.5  adv_avg=  +11.8  eval_avg(500)=  +34.2  win_rate= 57.2%  entropy_coef=0.0020  policy_loss=-0.0101  value_loss=0.9870  entropy=0.186  clip_frac= 1.9%  (1237.4s)
  picks: heuristic:14196x(wr=0.52)  rl_experiments_v4/exp_growing_pool_shared/seg_50000.pt:21804x(wr=0.48)
episode  88000  train_avg=  -17.6  adv_avg=   +1.6  eval_avg(500)=   +6.2  win_rate= 50.6%  entropy_coef=0.0020  policy_loss=-0.0094  value_loss=0.9866  entropy=0.201  clip_frac= 1.6%  (1303.4s)
  picks: heuristic:14929x(wr=0.47)  rl_experiments_v4/exp_growing_pool_shared/seg_50000.pt:23071x(wr=0.46)
episode  90000  train_avg=  -13.2  adv_avg=   -0.5  eval_avg(500)=  +23.2  win_rate= 54.6%  entropy_coef=0.0020  policy_loss=-0.0086  value_loss=0.9787  entropy=0.192  clip_frac= 1.3%  (1367.4s)
  picks: heuristic:15687x(wr=0.48)  rl_experiments_v4/exp_growing_pool_shared/seg_50000.pt:24313x(wr=0.43)
episode  92000  train_avg=   -9.1  adv_avg=  +15.4  eval_avg(500)=  +24.4  win_rate= 55.6%  entropy_coef=0.0020  policy_loss=-0.0109  value_loss=1.0012  entropy=0.217  clip_frac= 2.0%  (1429.4s)
  picks: heuristic:16587x(wr=0.55)  rl_experiments_v4/exp_growing_pool_shared/seg_50000.pt:25413x(wr=0.46)
episode  94000  train_avg=  +35.7  adv_avg=  +16.5  eval_avg(500)=  +40.0  win_rate= 58.6%  entropy_coef=0.0020  policy_loss=-0.0081  value_loss=1.0091  entropy=0.204  clip_frac= 1.4%  (1493.0s)
  picks: heuristic:17305x(wr=0.58)  rl_experiments_v4/exp_growing_pool_shared/seg_50000.pt:26695x(wr=0.55)
episode  96000  train_avg=  +27.9  adv_avg=   +4.0  eval_avg(500)=   +2.5  win_rate= 50.6%  entropy_coef=0.0020  policy_loss=-0.0104  value_loss=0.9766  entropy=0.200  clip_frac= 1.8%  (1555.9s)
  picks: heuristic:18023x(wr=0.62)  rl_experiments_v4/exp_growing_pool_shared/seg_50000.pt:27977x(wr=0.51)
episode  98000  train_avg=   +7.6  adv_avg=  -14.6  eval_avg(500)=  +27.8  win_rate= 56.6%  entropy_coef=0.0020  policy_loss=-0.0090  value_loss=0.9889  entropy=0.194  clip_frac= 1.7%  (1622.9s)
  picks: heuristic:18491x(wr=0.54)  rl_experiments_v4/exp_growing_pool_shared/seg_50000.pt:29509x(wr=0.49)
episode 100000  train_avg=  +15.9  adv_avg=  +12.1  eval_avg(500)=   -2.5  win_rate= 49.4%  entropy_coef=0.0020  policy_loss=-0.0109  value_loss=1.0004  entropy=0.181  clip_frac= 1.9%  (1686.3s)
  picks: heuristic:19171x(wr=0.56)  rl_experiments_v4/exp_growing_pool_shared/seg_50000.pt:30829x(wr=0.52)
poids sauvegardes dans rl_experiments_v4/exp_growing_pool_shared/seg_100000.pt
PFSP picks total: heuristic:19171x(wr=0.56)  rl_experiments_v4/exp_growing_pool_shared/seg_50000.pt:30829x(wr=0.52)
