adversaire fige charge depuis rl_experiments_v4/exp_growing_pool_shared/seg_50000.pt
adversaire fige charge depuis rl_experiments_v4/exp_growing_pool_shared/seg_100000.pt
poids charges depuis rl_experiments_v4/exp_growing_pool_shared/seg_100000.pt
episode 102000  train_avg=   -6.4  adv_avg=   +6.2  eval_avg(500)=  +27.7  win_rate= 56.4%  entropy_coef=0.0020  policy_loss=-0.0074  value_loss=1.0625  entropy=0.189  clip_frac= 1.4%  (60.5s)
  picks: heuristic:884x(wr=0.53)  rl_experiments_v4/exp_growing_pool_shared/seg_50000.pt:489x(wr=0.42)  rl_experiments_v4/exp_growing_pool_shared/seg_100000.pt:627x(wr=0.44)
episode 104000  train_avg=  -10.7  adv_avg=  +19.4  eval_avg(500)=  +22.0  win_rate= 54.4%  entropy_coef=0.0020  policy_loss=-0.0064  value_loss=1.0468  entropy=0.183  clip_frac= 1.0%  (127.2s)
  picks: heuristic:1383x(wr=0.55)  rl_experiments_v4/exp_growing_pool_shared/seg_50000.pt:1188x(wr=0.49)  rl_experiments_v4/exp_growing_pool_shared/seg_100000.pt:1429x(wr=0.41)
episode 106000  train_avg=  -14.8  adv_avg=  +14.2  eval_avg(500)=  +25.3  win_rate= 55.0%  entropy_coef=0.0020  policy_loss=-0.0083  value_loss=0.9933  entropy=0.200  clip_frac= 1.3%  (190.7s)
  picks: heuristic:2039x(wr=0.57)  rl_experiments_v4/exp_growing_pool_shared/seg_50000.pt:1651x(wr=0.55)  rl_experiments_v4/exp_growing_pool_shared/seg_100000.pt:2310x(wr=0.44)
episode 108000  train_avg=  +46.9  adv_avg=  +31.9  eval_avg(500)=  +11.2  win_rate= 52.4%  entropy_coef=0.0020  policy_loss=-0.0065  value_loss=0.9755  entropy=0.197  clip_frac= 1.0%  (257.9s)
  picks: heuristic:2488x(wr=0.58)  rl_experiments_v4/exp_growing_pool_shared/seg_50000.pt:2325x(wr=0.57)  rl_experiments_v4/exp_growing_pool_shared/seg_100000.pt:3187x(wr=0.56)
episode 110000  train_avg=   -5.0  adv_avg=   -2.1  eval_avg(500)=  +24.8  win_rate= 54.8%  entropy_coef=0.0020  policy_loss=-0.0124  value_loss=1.0109  entropy=0.182  clip_frac= 1.9%  (323.8s)
  picks: heuristic:3001x(wr=0.55)  rl_experiments_v4/exp_growing_pool_shared/seg_50000.pt:3035x(wr=0.54)  rl_experiments_v4/exp_growing_pool_shared/seg_100000.pt:3964x(wr=0.44)
episode 112000  train_avg=  +10.0  adv_avg=   +6.4  eval_avg(500)=  +11.3  win_rate= 52.6%  entropy_coef=0.0020  policy_loss=-0.0103  value_loss=1.0173  entropy=0.177  clip_frac= 2.3%  (391.0s)
  picks: heuristic:3434x(wr=0.53)  rl_experiments_v4/exp_growing_pool_shared/seg_50000.pt:3442x(wr=0.47)  rl_experiments_v4/exp_growing_pool_shared/seg_100000.pt:5124x(wr=0.52)
episode 114000  train_avg=   -8.3  adv_avg=   -3.1  eval_avg(500)=   +4.0  win_rate= 50.8%  entropy_coef=0.0020  policy_loss=-0.0073  value_loss=1.0434  entropy=0.185  clip_frac= 1.3%  (456.8s)
  picks: heuristic:3950x(wr=0.49)  rl_experiments_v4/exp_growing_pool_shared/seg_50000.pt:4217x(wr=0.46)  rl_experiments_v4/exp_growing_pool_shared/seg_100000.pt:5833x(wr=0.45)
episode 116000  train_avg=  -11.9  adv_avg=   +4.7  eval_avg(500)=   +9.0  win_rate= 51.6%  entropy_coef=0.0020  policy_loss=-0.0100  value_loss=1.0151  entropy=0.181  clip_frac= 2.2%  (523.6s)
  picks: heuristic:4431x(wr=0.58)  rl_experiments_v4/exp_growing_pool_shared/seg_50000.pt:4944x(wr=0.49)  rl_experiments_v4/exp_growing_pool_shared/seg_100000.pt:6625x(wr=0.40)
episode 118000  train_avg=   +1.6  adv_avg=  +14.4  eval_avg(500)=  +33.5  win_rate= 56.4%  entropy_coef=0.0020  policy_loss=-0.0101  value_loss=0.9855  entropy=0.205  clip_frac= 2.0%  (591.1s)
  picks: heuristic:4831x(wr=0.57)  rl_experiments_v4/exp_growing_pool_shared/seg_50000.pt:5562x(wr=0.47)  rl_experiments_v4/exp_growing_pool_shared/seg_100000.pt:7607x(wr=0.53)
episode 120000  train_avg=   +6.3  adv_avg=   -3.9  eval_avg(500)=   +9.2  win_rate= 52.4%  entropy_coef=0.0020  policy_loss=-0.0081  value_loss=0.9887  entropy=0.172  clip_frac= 1.0%  (660.2s)
  picks: heuristic:5143x(wr=0.55)  rl_experiments_v4/exp_growing_pool_shared/seg_50000.pt:6741x(wr=0.53)  rl_experiments_v4/exp_growing_pool_shared/seg_100000.pt:8116x(wr=0.53)
episode 122000  train_avg=   +1.6  adv_avg=   -6.1  eval_avg(500)=  +18.6  win_rate= 53.4%  entropy_coef=0.0020  policy_loss=-0.0096  value_loss=1.0006  entropy=0.198  clip_frac= 1.5%  (727.9s)
  picks: heuristic:5539x(wr=0.53)  rl_experiments_v4/exp_growing_pool_shared/seg_50000.pt:7639x(wr=0.53)  rl_experiments_v4/exp_growing_pool_shared/seg_100000.pt:8822x(wr=0.49)
episode 124000  train_avg=  -18.6  adv_avg=  +12.1  eval_avg(500)=  +22.9  win_rate= 54.0%  entropy_coef=0.0020  policy_loss=-0.0086  value_loss=0.9586  entropy=0.206  clip_frac= 1.6%  (794.1s)
  picks: heuristic:6054x(wr=0.48)  rl_experiments_v4/exp_growing_pool_shared/seg_50000.pt:8388x(wr=0.47)  rl_experiments_v4/exp_growing_pool_shared/seg_100000.pt:9558x(wr=0.47)
episode 126000  train_avg=  +34.3  adv_avg=   +3.5  eval_avg(500)=  +16.7  win_rate= 53.0%  entropy_coef=0.0020  policy_loss=-0.0073  value_loss=0.9740  entropy=0.226  clip_frac= 1.2%  (857.6s)
  picks: heuristic:6722x(wr=0.56)  rl_experiments_v4/exp_growing_pool_shared/seg_50000.pt:8947x(wr=0.52)  rl_experiments_v4/exp_growing_pool_shared/seg_100000.pt:10331x(wr=0.53)
episode 128000  train_avg=   +8.1  adv_avg=  +12.8  eval_avg(500)=  +41.7  win_rate= 58.6%  entropy_coef=0.0020  policy_loss=-0.0094  value_loss=1.0287  entropy=0.204  clip_frac= 1.5%  (922.8s)
  picks: heuristic:7275x(wr=0.61)  rl_experiments_v4/exp_growing_pool_shared/seg_50000.pt:9522x(wr=0.48)  rl_experiments_v4/exp_growing_pool_shared/seg_100000.pt:11203x(wr=0.42)
episode 130000  train_avg=  +25.7  adv_avg=   -2.3  eval_avg(500)=  +26.9  win_rate= 55.2%  entropy_coef=0.0020  policy_loss=-0.0116  value_loss=1.0010  entropy=0.210  clip_frac= 2.2%  (992.2s)
  picks: heuristic:7562x(wr=0.52)  rl_experiments_v4/exp_growing_pool_shared/seg_50000.pt:10214x(wr=0.60)  rl_experiments_v4/exp_growing_pool_shared/seg_100000.pt:12224x(wr=0.54)
episode 132000  train_avg=   +3.2  adv_avg=   +1.8  eval_avg(500)=  +22.9  win_rate= 55.0%  entropy_coef=0.0020  policy_loss=-0.0076  value_loss=1.0354  entropy=0.197  clip_frac= 1.1%  (1052.9s)
  picks: heuristic:8425x(wr=0.50)  rl_experiments_v4/exp_growing_pool_shared/seg_50000.pt:10735x(wr=0.56)  rl_experiments_v4/exp_growing_pool_shared/seg_100000.pt:12840x(wr=0.44)
episode 134000  train_avg=   +2.2  adv_avg=   -6.1  eval_avg(500)=  +31.5  win_rate= 56.8%  entropy_coef=0.0020  policy_loss=-0.0087  value_loss=1.0059  entropy=0.203  clip_frac= 2.0%  (1119.0s)
  picks: heuristic:8924x(wr=0.50)  rl_experiments_v4/exp_growing_pool_shared/seg_50000.pt:10979x(wr=0.52)  rl_experiments_v4/exp_growing_pool_shared/seg_100000.pt:14097x(wr=0.47)
episode 136000  train_avg=  +34.6  adv_avg=  +13.6  eval_avg(500)=  +19.7  win_rate= 54.6%  entropy_coef=0.0020  policy_loss=-0.0094  value_loss=1.0573  entropy=0.190  clip_frac= 1.5%  (1183.7s)
  picks: heuristic:9513x(wr=0.58)  rl_experiments_v4/exp_growing_pool_shared/seg_50000.pt:11531x(wr=0.47)  rl_experiments_v4/exp_growing_pool_shared/seg_100000.pt:14956x(wr=0.62)
episode 138000  train_avg=  -29.4  adv_avg=  -24.4  eval_avg(500)=  +26.2  win_rate= 55.8%  entropy_coef=0.0020  policy_loss=-0.0090  value_loss=1.1400  entropy=0.202  clip_frac= 1.8%  (1247.8s)
  picks: heuristic:10137x(wr=0.46)  rl_experiments_v4/exp_growing_pool_shared/seg_50000.pt:12516x(wr=0.46)  rl_experiments_v4/exp_growing_pool_shared/seg_100000.pt:15347x(wr=0.40)
episode 140000  train_avg=  +25.3  adv_avg=  +18.5  eval_avg(500)=  +21.6  win_rate= 54.0%  entropy_coef=0.0020  policy_loss=-0.0050  value_loss=0.9876  entropy=0.205  clip_frac= 0.8%  (1313.0s)
  picks: heuristic:10709x(wr=0.64)  rl_experiments_v4/exp_growing_pool_shared/seg_50000.pt:13077x(wr=0.55)  rl_experiments_v4/exp_growing_pool_shared/seg_100000.pt:16214x(wr=0.44)
episode 142000  train_avg=  +23.0  adv_avg=  +35.9  eval_avg(500)=  +44.0  win_rate= 58.6%  entropy_coef=0.0020  policy_loss=-0.0126  value_loss=0.9984  entropy=0.201  clip_frac= 1.8%  (1383.9s)
  picks: heuristic:10901x(wr=0.49)  rl_experiments_v4/exp_growing_pool_shared/seg_50000.pt:14037x(wr=0.63)  rl_experiments_v4/exp_growing_pool_shared/seg_100000.pt:17062x(wr=0.47)
episode 144000  train_avg=  -13.0  adv_avg=  +19.3  eval_avg(500)=  +14.2  win_rate= 53.2%  entropy_coef=0.0020  policy_loss=-0.0103  value_loss=0.9877  entropy=0.209  clip_frac= 1.9%  (1445.6s)
  picks: heuristic:11675x(wr=0.49)  rl_experiments_v4/exp_growing_pool_shared/seg_50000.pt:14492x(wr=0.50)  rl_experiments_v4/exp_growing_pool_shared/seg_100000.pt:17833x(wr=0.47)
episode 146000  train_avg=  +10.8  adv_avg=   +4.5  eval_avg(500)=  +23.1  win_rate= 53.4%  entropy_coef=0.0020  policy_loss=-0.0055  value_loss=1.0476  entropy=0.185  clip_frac= 1.3%  (1512.0s)
  picks: heuristic:12156x(wr=0.47)  rl_experiments_v4/exp_growing_pool_shared/seg_50000.pt:15122x(wr=0.59)  rl_experiments_v4/exp_growing_pool_shared/seg_100000.pt:18722x(wr=0.53)
episode 148000  train_avg=   -1.6  adv_avg=   +8.4  eval_avg(500)=  +20.9  win_rate= 55.0%  entropy_coef=0.0020  policy_loss=-0.0078  value_loss=0.9938  entropy=0.208  clip_frac= 1.1%  (1575.7s)
  picks: heuristic:12831x(wr=0.48)  rl_experiments_v4/exp_growing_pool_shared/seg_50000.pt:15780x(wr=0.47)  rl_experiments_v4/exp_growing_pool_shared/seg_100000.pt:19389x(wr=0.58)
episode 150000  train_avg=  +17.9  adv_avg=   -0.9  eval_avg(500)=  +28.4  win_rate= 56.0%  entropy_coef=0.0020  policy_loss=-0.0106  value_loss=1.0173  entropy=0.216  clip_frac= 2.0%  (1637.3s)
  picks: heuristic:13614x(wr=0.61)  rl_experiments_v4/exp_growing_pool_shared/seg_50000.pt:16491x(wr=0.51)  rl_experiments_v4/exp_growing_pool_shared/seg_100000.pt:19895x(wr=0.51)
poids sauvegardes dans rl_experiments_v4/exp_growing_pool_shared/seg_150000.pt
PFSP picks total: heuristic:13614x(wr=0.61)  rl_experiments_v4/exp_growing_pool_shared/seg_50000.pt:16491x(wr=0.51)  rl_experiments_v4/exp_growing_pool_shared/seg_100000.pt:19895x(wr=0.51)
