adversaire fige charge depuis rl_experiments_v4/exp_growing_pool_shared/seg_50000.pt
adversaire fige charge depuis rl_experiments_v4/exp_growing_pool_shared/seg_100000.pt
adversaire fige charge depuis rl_experiments_v4/exp_growing_pool_shared/seg_150000.pt
adversaire fige charge depuis rl_experiments_v4/exp_growing_pool_shared/seg_200000.pt
poids charges depuis rl_experiments_v4/exp_growing_pool_shared/seg_200000.pt
episode 202000  train_avg=  +44.8  adv_avg=  +33.4  eval_avg(500)=  +29.3  win_rate= 56.2%  entropy_coef=0.0020  policy_loss=-0.0107  value_loss=0.9502  entropy=0.189  clip_frac= 1.4%  (73.4s)
  picks: heuristic:336x(wr=0.48)  rl_experiments_v4/exp_growing_pool_shared/seg_50000.pt:494x(wr=0.57)  rl_experiments_v4/exp_growing_pool_shared/seg_100000.pt:334x(wr=0.55)  rl_experiments_v4/exp_growing_pool_shared/seg_150000.pt:426x(wr=0.56)  rl_experiments_v4/exp_growing_pool_shared/seg_200000.pt:410x(wr=0.55)
episode 204000  train_avg=  -18.2  adv_avg=   +0.9  eval_avg(500)=  +28.2  win_rate= 55.4%  entropy_coef=0.0020  policy_loss=-0.0089  value_loss=1.0274  entropy=0.189  clip_frac= 1.4%  (142.8s)
  picks: heuristic:812x(wr=0.48)  rl_experiments_v4/exp_growing_pool_shared/seg_50000.pt:937x(wr=0.49)  rl_experiments_v4/exp_growing_pool_shared/seg_100000.pt:590x(wr=0.53)  rl_experiments_v4/exp_growing_pool_shared/seg_150000.pt:784x(wr=0.42)  rl_experiments_v4/exp_growing_pool_shared/seg_200000.pt:877x(wr=0.52)
episode 206000  train_avg=   +8.4  adv_avg=  -10.5  eval_avg(500)=  +26.4  win_rate= 55.0%  entropy_coef=0.0020  policy_loss=-0.0102  value_loss=1.0944  entropy=0.182  clip_frac= 1.7%  (216.3s)
  picks: heuristic:1131x(wr=0.53)  rl_experiments_v4/exp_growing_pool_shared/seg_50000.pt:1420x(wr=0.57)  rl_experiments_v4/exp_growing_pool_shared/seg_100000.pt:919x(wr=0.41)  rl_experiments_v4/exp_growing_pool_shared/seg_150000.pt:1373x(wr=0.47)  rl_experiments_v4/exp_growing_pool_shared/seg_200000.pt:1157x(wr=0.51)
episode 208000  train_avg=   -2.7  adv_avg=   +5.6  eval_avg(500)=  +35.8  win_rate= 57.0%  entropy_coef=0.0020  policy_loss=-0.0083  value_loss=1.0084  entropy=0.189  clip_frac= 1.9%  (294.7s)
  picks: heuristic:1370x(wr=0.61)  rl_experiments_v4/exp_growing_pool_shared/seg_50000.pt:1715x(wr=0.49)  rl_experiments_v4/exp_growing_pool_shared/seg_100000.pt:1444x(wr=0.44)  rl_experiments_v4/exp_growing_pool_shared/seg_150000.pt:1869x(wr=0.47)  rl_experiments_v4/exp_growing_pool_shared/seg_200000.pt:1602x(wr=0.51)
episode 210000  train_avg=  -18.6  adv_avg=   -6.1  eval_avg(500)=  +27.7  win_rate= 55.2%  entropy_coef=0.0020  policy_loss=-0.0111  value_loss=1.0156  entropy=0.185  clip_frac= 1.9%  (371.8s)
  picks: heuristic:1572x(wr=0.58)  rl_experiments_v4/exp_growing_pool_shared/seg_50000.pt:2028x(wr=0.44)  rl_experiments_v4/exp_growing_pool_shared/seg_100000.pt:1946x(wr=0.55)  rl_experiments_v4/exp_growing_pool_shared/seg_150000.pt:2317x(wr=0.47)  rl_experiments_v4/exp_growing_pool_shared/seg_200000.pt:2137x(wr=0.49)
episode 212000  train_avg=   +8.4  adv_avg=   +5.2  eval_avg(500)=  +21.1  win_rate= 55.2%  entropy_coef=0.0020  policy_loss=-0.0062  value_loss=0.9819  entropy=0.182  clip_frac= 1.0%  (450.9s)
  picks: heuristic:1773x(wr=0.55)  rl_experiments_v4/exp_growing_pool_shared/seg_50000.pt:2482x(wr=0.55)  rl_experiments_v4/exp_growing_pool_shared/seg_100000.pt:2236x(wr=0.51)  rl_experiments_v4/exp_growing_pool_shared/seg_150000.pt:2884x(wr=0.47)  rl_experiments_v4/exp_growing_pool_shared/seg_200000.pt:2625x(wr=0.53)
episode 214000  train_avg=   +3.2  adv_avg=  +27.8  eval_avg(500)=  +18.1  win_rate= 53.0%  entropy_coef=0.0020  policy_loss=-0.0116  value_loss=0.9741  entropy=0.201  clip_frac= 2.0%  (525.7s)
  picks: heuristic:2166x(wr=0.52)  rl_experiments_v4/exp_growing_pool_shared/seg_50000.pt:2759x(wr=0.55)  rl_experiments_v4/exp_growing_pool_shared/seg_100000.pt:2778x(wr=0.48)  rl_experiments_v4/exp_growing_pool_shared/seg_150000.pt:3328x(wr=0.55)  rl_experiments_v4/exp_growing_pool_shared/seg_200000.pt:2969x(wr=0.56)
episode 216000  train_avg=   +3.5  adv_avg=   +8.9  eval_avg(500)=  +23.4  win_rate= 54.4%  entropy_coef=0.0020  policy_loss=-0.0090  value_loss=0.9761  entropy=0.180  clip_frac= 1.7%  (596.9s)
  picks: heuristic:2690x(wr=0.54)  rl_experiments_v4/exp_growing_pool_shared/seg_50000.pt:3224x(wr=0.51)  rl_experiments_v4/exp_growing_pool_shared/seg_100000.pt:3227x(wr=0.48)  rl_experiments_v4/exp_growing_pool_shared/seg_150000.pt:3576x(wr=0.52)  rl_experiments_v4/exp_growing_pool_shared/seg_200000.pt:3283x(wr=0.47)
episode 218000  train_avg=  +35.2  adv_avg=  +24.8  eval_avg(500)=  +39.0  win_rate= 58.0%  entropy_coef=0.0020  policy_loss=-0.0123  value_loss=1.0004  entropy=0.186  clip_frac= 2.4%  (669.7s)
  picks: heuristic:3094x(wr=0.54)  rl_experiments_v4/exp_growing_pool_shared/seg_50000.pt:3563x(wr=0.56)  rl_experiments_v4/exp_growing_pool_shared/seg_100000.pt:3771x(wr=0.54)  rl_experiments_v4/exp_growing_pool_shared/seg_150000.pt:3935x(wr=0.54)  rl_experiments_v4/exp_growing_pool_shared/seg_200000.pt:3637x(wr=0.60)
episode 220000  train_avg=  +10.1  adv_avg=  +36.5  eval_avg(500)=  +22.3  win_rate= 54.2%  entropy_coef=0.0020  policy_loss=-0.0111  value_loss=0.9783  entropy=0.197  clip_frac= 2.1%  (743.6s)
  picks: heuristic:3411x(wr=0.57)  rl_experiments_v4/exp_growing_pool_shared/seg_50000.pt:3839x(wr=0.53)  rl_experiments_v4/exp_growing_pool_shared/seg_100000.pt:4471x(wr=0.51)  rl_experiments_v4/exp_growing_pool_shared/seg_150000.pt:4347x(wr=0.49)  rl_experiments_v4/exp_growing_pool_shared/seg_200000.pt:3932x(wr=0.52)
episode 222000  train_avg=   +8.9  adv_avg=  +25.6  eval_avg(500)=  +34.2  win_rate= 57.2%  entropy_coef=0.0020  policy_loss=-0.0098  value_loss=0.9888  entropy=0.190  clip_frac= 2.2%  (817.0s)
  picks: heuristic:3781x(wr=0.56)  rl_experiments_v4/exp_growing_pool_shared/seg_50000.pt:4142x(wr=0.51)  rl_experiments_v4/exp_growing_pool_shared/seg_100000.pt:4849x(wr=0.45)  rl_experiments_v4/exp_growing_pool_shared/seg_150000.pt:4907x(wr=0.55)  rl_experiments_v4/exp_growing_pool_shared/seg_200000.pt:4321x(wr=0.52)
episode 224000  train_avg=  +14.6  adv_avg=   +9.9  eval_avg(500)=  +36.4  win_rate= 57.4%  entropy_coef=0.0020  policy_loss=-0.0114  value_loss=0.9779  entropy=0.197  clip_frac= 1.7%  (893.6s)
  picks: heuristic:4086x(wr=0.57)  rl_experiments_v4/exp_growing_pool_shared/seg_50000.pt:4619x(wr=0.57)  rl_experiments_v4/exp_growing_pool_shared/seg_100000.pt:5393x(wr=0.47)  rl_experiments_v4/exp_growing_pool_shared/seg_150000.pt:5251x(wr=0.50)  rl_experiments_v4/exp_growing_pool_shared/seg_200000.pt:4651x(wr=0.55)
episode 226000  train_avg=  +27.4  adv_avg=   +5.9  eval_avg(500)=  +17.6  win_rate= 53.8%  entropy_coef=0.0020  policy_loss=-0.0100  value_loss=1.0222  entropy=0.188  clip_frac= 2.5%  (968.1s)
  picks: heuristic:4381x(wr=0.47)  rl_experiments_v4/exp_growing_pool_shared/seg_50000.pt:4872x(wr=0.50)  rl_experiments_v4/exp_growing_pool_shared/seg_100000.pt:5918x(wr=0.62)  rl_experiments_v4/exp_growing_pool_shared/seg_150000.pt:5750x(wr=0.57)  rl_experiments_v4/exp_growing_pool_shared/seg_200000.pt:5079x(wr=0.53)
episode 228000  train_avg=  +10.6  adv_avg=  +20.4  eval_avg(500)=  +34.9  win_rate= 57.6%  entropy_coef=0.0020  policy_loss=-0.0105  value_loss=1.0303  entropy=0.190  clip_frac= 1.9%  (1041.8s)
  picks: heuristic:4759x(wr=0.62)  rl_experiments_v4/exp_growing_pool_shared/seg_50000.pt:5266x(wr=0.52)  rl_experiments_v4/exp_growing_pool_shared/seg_100000.pt:6092x(wr=0.47)  rl_experiments_v4/exp_growing_pool_shared/seg_150000.pt:6372x(wr=0.50)  rl_experiments_v4/exp_growing_pool_shared/seg_200000.pt:5511x(wr=0.55)
episode 230000  train_avg=  +11.1  adv_avg=   +1.5  eval_avg(500)=  +31.7  win_rate= 56.8%  entropy_coef=0.0020  policy_loss=-0.0100  value_loss=0.9641  entropy=0.195  clip_frac= 1.5%  (1117.9s)
  picks: heuristic:4997x(wr=0.49)  rl_experiments_v4/exp_growing_pool_shared/seg_50000.pt:5721x(wr=0.50)  rl_experiments_v4/exp_growing_pool_shared/seg_100000.pt:6606x(wr=0.42)  rl_experiments_v4/exp_growing_pool_shared/seg_150000.pt:6857x(wr=0.60)  rl_experiments_v4/exp_growing_pool_shared/seg_200000.pt:5819x(wr=0.52)
episode 232000  train_avg=   -7.0  adv_avg=   -0.8  eval_avg(500)=  +12.6  win_rate= 52.6%  entropy_coef=0.0020  policy_loss=-0.0099  value_loss=0.9920  entropy=0.203  clip_frac= 1.3%  (1191.1s)
  picks: heuristic:5358x(wr=0.51)  rl_experiments_v4/exp_growing_pool_shared/seg_50000.pt:6228x(wr=0.48)  rl_experiments_v4/exp_growing_pool_shared/seg_100000.pt:7125x(wr=0.56)  rl_experiments_v4/exp_growing_pool_shared/seg_150000.pt:7081x(wr=0.45)  rl_experiments_v4/exp_growing_pool_shared/seg_200000.pt:6208x(wr=0.50)
episode 234000  train_avg=   +3.6  adv_avg=  -10.5  eval_avg(500)=  +15.4  win_rate= 52.4%  entropy_coef=0.0020  policy_loss=-0.0102  value_loss=0.9807  entropy=0.216  clip_frac= 1.7%  (1272.5s)
  picks: heuristic:5674x(wr=0.47)  rl_experiments_v4/exp_growing_pool_shared/seg_50000.pt:6547x(wr=0.51)  rl_experiments_v4/exp_growing_pool_shared/seg_100000.pt:7478x(wr=0.56)  rl_experiments_v4/exp_growing_pool_shared/seg_150000.pt:7581x(wr=0.45)  rl_experiments_v4/exp_growing_pool_shared/seg_200000.pt:6720x(wr=0.48)
episode 236000  train_avg=  +19.9  adv_avg=  +10.2  eval_avg(500)=  +29.2  win_rate= 56.0%  entropy_coef=0.0020  policy_loss=-0.0088  value_loss=0.9738  entropy=0.193  clip_frac= 1.6%  (1345.3s)
  picks: heuristic:6171x(wr=0.57)  rl_experiments_v4/exp_growing_pool_shared/seg_50000.pt:6925x(wr=0.48)  rl_experiments_v4/exp_growing_pool_shared/seg_100000.pt:7733x(wr=0.54)  rl_experiments_v4/exp_growing_pool_shared/seg_150000.pt:7963x(wr=0.56)  rl_experiments_v4/exp_growing_pool_shared/seg_200000.pt:7208x(wr=0.49)
episode 238000  train_avg=   +8.5  adv_avg=   +8.6  eval_avg(500)=  +35.5  win_rate= 57.6%  entropy_coef=0.0020  policy_loss=-0.0078  value_loss=0.9694  entropy=0.185  clip_frac= 1.6%  (1424.5s)
  picks: heuristic:6458x(wr=0.45)  rl_experiments_v4/exp_growing_pool_shared/seg_50000.pt:7521x(wr=0.57)  rl_experiments_v4/exp_growing_pool_shared/seg_100000.pt:8043x(wr=0.58)  rl_experiments_v4/exp_growing_pool_shared/seg_150000.pt:8321x(wr=0.45)  rl_experiments_v4/exp_growing_pool_shared/seg_200000.pt:7657x(wr=0.50)
episode 240000  train_avg=  -18.2  adv_avg=  -23.2  eval_avg(500)=  +30.1  win_rate= 56.2%  entropy_coef=0.0020  policy_loss=-0.0102  value_loss=1.0792  entropy=0.194  clip_frac= 2.3%  (1500.7s)
  picks: heuristic:6839x(wr=0.65)  rl_experiments_v4/exp_growing_pool_shared/seg_50000.pt:7726x(wr=0.50)  rl_experiments_v4/exp_growing_pool_shared/seg_100000.pt:8307x(wr=0.51)  rl_experiments_v4/exp_growing_pool_shared/seg_150000.pt:9040x(wr=0.44)  rl_experiments_v4/exp_growing_pool_shared/seg_200000.pt:8088x(wr=0.49)
episode 242000  train_avg=  -11.8  adv_avg=  +22.6  eval_avg(500)=  +27.7  win_rate= 55.4%  entropy_coef=0.0020  policy_loss=-0.0111  value_loss=1.0065  entropy=0.192  clip_frac= 1.9%  (1577.4s)
  picks: heuristic:6996x(wr=0.57)  rl_experiments_v4/exp_growing_pool_shared/seg_50000.pt:8068x(wr=0.50)  rl_experiments_v4/exp_growing_pool_shared/seg_100000.pt:8709x(wr=0.50)  rl_experiments_v4/exp_growing_pool_shared/seg_150000.pt:9597x(wr=0.45)  rl_experiments_v4/exp_growing_pool_shared/seg_200000.pt:8630x(wr=0.48)
episode 244000  train_avg=   +8.1  adv_avg=   +9.6  eval_avg(500)=  +23.9  win_rate= 54.6%  entropy_coef=0.0020  policy_loss=-0.0079  value_loss=0.9934  entropy=0.191  clip_frac= 1.1%  (1648.9s)
  picks: heuristic:7518x(wr=0.60)  rl_experiments_v4/exp_growing_pool_shared/seg_50000.pt:8387x(wr=0.44)  rl_experiments_v4/exp_growing_pool_shared/seg_100000.pt:9019x(wr=0.47)  rl_experiments_v4/exp_growing_pool_shared/seg_150000.pt:10015x(wr=0.46)  rl_experiments_v4/exp_growing_pool_shared/seg_200000.pt:9061x(wr=0.45)
episode 246000  train_avg=  -16.2  adv_avg=   +8.2  eval_avg(500)=  +17.8  win_rate= 53.6%  entropy_coef=0.0020  policy_loss=-0.0109  value_loss=0.9659  entropy=0.194  clip_frac= 1.7%  (1724.1s)
  picks: heuristic:7826x(wr=0.50)  rl_experiments_v4/exp_growing_pool_shared/seg_50000.pt:8931x(wr=0.50)  rl_experiments_v4/exp_growing_pool_shared/seg_100000.pt:9388x(wr=0.49)  rl_experiments_v4/exp_growing_pool_shared/seg_150000.pt:10411x(wr=0.46)  rl_experiments_v4/exp_growing_pool_shared/seg_200000.pt:9444x(wr=0.51)
episode 248000  train_avg=   +8.4  adv_avg=  -11.7  eval_avg(500)=  +34.5  win_rate= 57.2%  entropy_coef=0.0020  policy_loss=-0.0104  value_loss=0.9749  entropy=0.197  clip_frac= 1.7%  (1800.7s)
  picks: heuristic:8180x(wr=0.54)  rl_experiments_v4/exp_growing_pool_shared/seg_50000.pt:9204x(wr=0.54)  rl_experiments_v4/exp_growing_pool_shared/seg_100000.pt:9918x(wr=0.49)  rl_experiments_v4/exp_growing_pool_shared/seg_150000.pt:10978x(wr=0.53)  rl_experiments_v4/exp_growing_pool_shared/seg_200000.pt:9720x(wr=0.53)
episode 250000  train_avg=  +13.3  adv_avg=  +16.4  eval_avg(500)=  +22.6  win_rate= 53.6%  entropy_coef=0.0020  policy_loss=-0.0094  value_loss=0.9634  entropy=0.197  clip_frac= 1.8%  (1872.6s)
  picks: heuristic:8641x(wr=0.54)  rl_experiments_v4/exp_growing_pool_shared/seg_50000.pt:9640x(wr=0.60)  rl_experiments_v4/exp_growing_pool_shared/seg_100000.pt:10479x(wr=0.52)  rl_experiments_v4/exp_growing_pool_shared/seg_150000.pt:11213x(wr=0.53)  rl_experiments_v4/exp_growing_pool_shared/seg_200000.pt:10027x(wr=0.52)
poids sauvegardes dans rl_experiments_v4/exp_growing_pool_shared/seg_250000.pt
PFSP picks total: heuristic:8641x(wr=0.54)  rl_experiments_v4/exp_growing_pool_shared/seg_50000.pt:9640x(wr=0.60)  rl_experiments_v4/exp_growing_pool_shared/seg_100000.pt:10479x(wr=0.52)  rl_experiments_v4/exp_growing_pool_shared/seg_150000.pt:11213x(wr=0.53)  rl_experiments_v4/exp_growing_pool_shared/seg_200000.pt:10027x(wr=0.52)
