poids charges depuis rl_experiments_v3/imit.pt
episode   5000  train_avg=  -17.2  adv_avg=   +7.1  eval_avg(500)=  +13.9  win_rate= 52.6%  entropy_coef=0.0020  policy_loss=-0.0065  value_loss=1.0053  entropy=0.183  clip_frac= 0.8%  (84.7s)
episode  10000  train_avg=   +9.9  adv_avg=  +18.4  eval_avg(500)=  +10.3  win_rate= 52.2%  entropy_coef=0.0020  policy_loss=-0.0077  value_loss=1.0031  entropy=0.192  clip_frac= 0.9%  (168.9s)
episode  15000  train_avg=   +2.5  adv_avg=   -5.0  eval_avg(500)=  +13.8  win_rate= 52.2%  entropy_coef=0.0020  policy_loss=-0.0101  value_loss=0.9966  entropy=0.177  clip_frac= 1.4%  (244.5s)
episode  20000  train_avg=  +24.7  adv_avg=  +22.1  eval_avg(500)=  +15.6  win_rate= 53.2%  entropy_coef=0.0020  policy_loss=-0.0105  value_loss=1.0115  entropy=0.196  clip_frac= 1.5%  (319.7s)
episode  25000  train_avg=  -12.3  adv_avg=   -2.2  eval_avg(500)=  +20.3  win_rate= 53.0%  entropy_coef=0.0020  policy_loss=-0.0096  value_loss=0.9932  entropy=0.203  clip_frac= 1.3%  (396.7s)
episode  30000  train_avg=   -2.6  adv_avg=  -27.9  eval_avg(500)=   +9.3  win_rate= 50.8%  entropy_coef=0.0020  policy_loss=-0.0083  value_loss=1.0086  entropy=0.179  clip_frac= 1.2%  (471.5s)
episode  35000  train_avg=  +12.8  adv_avg=   +0.3  eval_avg(500)=   +8.9  win_rate= 51.2%  entropy_coef=0.0020  policy_loss=-0.0055  value_loss=0.9647  entropy=0.185  clip_frac= 0.3%  (546.2s)
episode  40000  train_avg=  -12.1  adv_avg=   -5.9  eval_avg(500)=   +9.4  win_rate= 52.0%  entropy_coef=0.0020  policy_loss=-0.0084  value_loss=0.9558  entropy=0.184  clip_frac= 1.0%  (630.1s)
episode  45000  train_avg=  +12.2  adv_avg=   -3.5  eval_avg(500)=  +14.0  win_rate= 52.8%  entropy_coef=0.0020  policy_loss=-0.0084  value_loss=1.0074  entropy=0.188  clip_frac= 0.9%  (715.5s)
episode  50000  train_avg=  +15.8  adv_avg=   +9.1  eval_avg(500)=   +2.9  win_rate= 50.6%  entropy_coef=0.0020  policy_loss=-0.0087  value_loss=1.0360  entropy=0.181  clip_frac= 0.9%  (795.3s)
episode  55000  train_avg=  +20.4  adv_avg=   -2.6  eval_avg(500)=   +1.3  win_rate= 49.8%  entropy_coef=0.0020  policy_loss=-0.0101  value_loss=0.9604  entropy=0.169  clip_frac= 1.3%  (871.1s)
episode  60000  train_avg=  +10.2  adv_avg=  +24.1  eval_avg(500)=  +19.1  win_rate= 53.6%  entropy_coef=0.0020  policy_loss=-0.0092  value_loss=1.0038  entropy=0.177  clip_frac= 1.3%  (960.3s)
episode  65000  train_avg=  +28.4  adv_avg=  +23.1  eval_avg(500)=  +22.5  win_rate= 53.8%  entropy_coef=0.0020  policy_loss=-0.0078  value_loss=0.9853  entropy=0.158  clip_frac= 0.7%  (1041.5s)
episode  70000  train_avg=   +0.8  adv_avg=  +42.1  eval_avg(500)=   +1.8  win_rate= 50.6%  entropy_coef=0.0020  policy_loss=-0.0080  value_loss=0.9666  entropy=0.169  clip_frac= 0.9%  (1119.9s)
episode  75000  train_avg=  +13.9  adv_avg=   +4.5  eval_avg(500)=  +15.3  win_rate= 52.0%  entropy_coef=0.0020  policy_loss=-0.0090  value_loss=1.0056  entropy=0.177  clip_frac= 1.1%  (1197.0s)
episode  80000  train_avg=  -19.9  adv_avg=   +7.8  eval_avg(500)=   +1.6  win_rate= 50.8%  entropy_coef=0.0020  policy_loss=-0.0086  value_loss=1.0507  entropy=0.173  clip_frac= 1.0%  (1275.5s)
episode  85000  train_avg=  -15.2  adv_avg=  -14.1  eval_avg(500)=  +23.0  win_rate= 54.6%  entropy_coef=0.0020  policy_loss=-0.0072  value_loss=0.9626  entropy=0.156  clip_frac= 1.0%  (1353.8s)
episode  90000  train_avg=  +21.4  adv_avg=  +17.4  eval_avg(500)=  +19.4  win_rate= 53.4%  entropy_coef=0.0020  policy_loss=-0.0057  value_loss=0.9770  entropy=0.153  clip_frac= 0.7%  (1430.0s)
episode  95000  train_avg=  +35.9  adv_avg=   +0.5  eval_avg(500)=  +12.2  win_rate= 51.8%  entropy_coef=0.0020  policy_loss=-0.0079  value_loss=0.9988  entropy=0.184  clip_frac= 0.9%  (1506.7s)
episode 100000  train_avg=  +20.2  adv_avg=  +29.6  eval_avg(500)=  +28.6  win_rate= 56.6%  entropy_coef=0.0020  policy_loss=-0.0088  value_loss=0.9635  entropy=0.169  clip_frac= 1.3%  (1582.7s)
poids sauvegardes dans rl_experiments_v3/exp_ppo_centralized_critic_seed21/ppo_100000.pt
