poids charges depuis rl_experiments_v4/imit_bignet_ent02.pt
episode   5000  train_avg=   +5.0  adv_avg=  -15.6  eval_avg(500)=   +0.8  win_rate= 50.0%  entropy_coef=0.0020  policy_loss=-0.0105  value_loss=0.9977  entropy=0.188  clip_frac= 1.9%  (116.7s)
episode  10000  train_avg=  +16.3  adv_avg=  +11.0  eval_avg(500)=  +22.7  win_rate= 54.4%  entropy_coef=0.0020  policy_loss=-0.0106  value_loss=1.0243  entropy=0.212  clip_frac= 1.6%  (244.9s)
episode  15000  train_avg=  -13.1  adv_avg=  -13.9  eval_avg(500)=  +14.4  win_rate= 52.8%  entropy_coef=0.0020  policy_loss=-0.0077  value_loss=1.0147  entropy=0.198  clip_frac= 1.4%  (361.1s)
episode  20000  train_avg=  +12.4  adv_avg=  +13.5  eval_avg(500)=  +17.6  win_rate= 53.8%  entropy_coef=0.0020  policy_loss=-0.0116  value_loss=1.0802  entropy=0.193  clip_frac= 2.2%  (468.3s)
episode  25000  train_avg=  -12.8  adv_avg=   -6.6  eval_avg(500)=  +14.5  win_rate= 52.6%  entropy_coef=0.0020  policy_loss=-0.0082  value_loss=1.0031  entropy=0.201  clip_frac= 1.0%  (577.0s)
episode  30000  train_avg=   +0.5  adv_avg=  +24.7  eval_avg(500)=  +19.6  win_rate= 54.6%  entropy_coef=0.0020  policy_loss=-0.0119  value_loss=1.0250  entropy=0.204  clip_frac= 1.8%  (685.7s)
episode  35000  train_avg=   +8.4  adv_avg=   -8.5  eval_avg(500)=   +8.7  win_rate= 51.4%  entropy_coef=0.0020  policy_loss=-0.0092  value_loss=1.0193  entropy=0.193  clip_frac= 1.4%  (793.3s)
episode  40000  train_avg=   +5.4  adv_avg=  +15.5  eval_avg(500)=   -0.7  win_rate= 50.6%  entropy_coef=0.0020  policy_loss=-0.0085  value_loss=1.0274  entropy=0.213  clip_frac= 1.3%  (900.2s)
episode  45000  train_avg=  +46.2  adv_avg=  +27.6  eval_avg(500)=  +17.1  win_rate= 52.6%  entropy_coef=0.0020  policy_loss=-0.0078  value_loss=1.0039  entropy=0.197  clip_frac= 1.3%  (1006.1s)
episode  50000  train_avg=   +6.1  adv_avg=  +28.9  eval_avg(500)=  +12.1  win_rate= 51.6%  entropy_coef=0.0020  policy_loss=-0.0107  value_loss=1.0308  entropy=0.206  clip_frac= 1.6%  (1116.1s)
episode  55000  train_avg=  +22.6  adv_avg=  +11.7  eval_avg(500)=   -0.0  win_rate= 49.4%  entropy_coef=0.0020  policy_loss=-0.0095  value_loss=0.9967  entropy=0.208  clip_frac= 1.6%  (1222.6s)
episode  60000  train_avg=  +19.9  adv_avg=  +14.1  eval_avg(500)=  +36.0  win_rate= 57.4%  entropy_coef=0.0020  policy_loss=-0.0094  value_loss=1.0150  entropy=0.205  clip_frac= 2.0%  (1328.1s)
episode  65000  train_avg=   -1.7  adv_avg=   -5.0  eval_avg(500)=  +32.4  win_rate= 56.4%  entropy_coef=0.0020  policy_loss=-0.0066  value_loss=1.0007  entropy=0.186  clip_frac= 1.0%  (1434.1s)
episode  70000  train_avg=  +46.2  adv_avg=  +47.8  eval_avg(500)=  +16.2  win_rate= 53.4%  entropy_coef=0.0020  policy_loss=-0.0104  value_loss=1.0231  entropy=0.183  clip_frac= 1.7%  (1539.6s)
episode  75000  train_avg=  +50.6  adv_avg=  +51.6  eval_avg(500)=  +30.3  win_rate= 56.0%  entropy_coef=0.0020  policy_loss=-0.0105  value_loss=0.9696  entropy=0.195  clip_frac= 2.1%  (1648.7s)
episode  80000  train_avg=  +37.0  adv_avg=  +21.3  eval_avg(500)=  +37.4  win_rate= 57.4%  entropy_coef=0.0020  policy_loss=-0.0091  value_loss=0.9985  entropy=0.163  clip_frac= 1.6%  (1755.4s)
episode  85000  train_avg=  +19.5  adv_avg=  +30.6  eval_avg(500)=  +20.8  win_rate= 55.2%  entropy_coef=0.0020  policy_loss=-0.0115  value_loss=0.9812  entropy=0.203  clip_frac= 2.0%  (1863.2s)
episode  90000  train_avg=  +22.6  adv_avg=   -8.0  eval_avg(500)=  +30.1  win_rate= 55.8%  entropy_coef=0.0020  policy_loss=-0.0093  value_loss=1.0352  entropy=0.183  clip_frac= 1.5%  (1969.5s)
episode  95000  train_avg=   -9.1  adv_avg=  +14.6  eval_avg(500)=  +41.3  win_rate= 59.4%  entropy_coef=0.0020  policy_loss=-0.0114  value_loss=0.9876  entropy=0.181  clip_frac= 2.0%  (2078.2s)
episode 100000  train_avg=  +26.6  adv_avg=  +57.0  eval_avg(500)=   -0.0  win_rate= 49.8%  entropy_coef=0.0020  policy_loss=-0.0097  value_loss=0.9817  entropy=0.192  clip_frac= 1.7%  (2189.0s)
poids sauvegardes dans rl_experiments_v4/exp_shared_lr3e-5_epochs4_vc02_seed23/ppo_100000.pt
