poids charges depuis rl_experiments_v3/imit.pt
episode   5000  train_avg=  -18.2  adv_avg=  +13.0  eval_avg(500)=  +12.2  win_rate= 52.4%  entropy_coef=0.0020  policy_loss=-0.0081  value_loss=1.0068  entropy=0.203  clip_frac= 1.0%  (69.5s)
episode  10000  train_avg=   +8.9  adv_avg=   +0.6  eval_avg(500)=  +18.7  win_rate= 53.4%  entropy_coef=0.0020  policy_loss=-0.0065  value_loss=1.0616  entropy=0.199  clip_frac= 0.5%  (138.5s)
episode  15000  train_avg=   +9.3  adv_avg=  +12.5  eval_avg(500)=  +17.1  win_rate= 54.0%  entropy_coef=0.0020  policy_loss=-0.0081  value_loss=1.0021  entropy=0.201  clip_frac= 0.9%  (207.2s)
episode  20000  train_avg=  +26.3  adv_avg=   -3.5  eval_avg(500)=   +8.9  win_rate= 51.6%  entropy_coef=0.0020  policy_loss=-0.0094  value_loss=0.9897  entropy=0.199  clip_frac= 1.0%  (276.0s)
episode  25000  train_avg=   +3.6  adv_avg=   -5.5  eval_avg(500)=   +2.8  win_rate= 50.0%  entropy_coef=0.0020  policy_loss=-0.0081  value_loss=1.0524  entropy=0.185  clip_frac= 1.0%  (345.6s)
episode  30000  train_avg=  +23.3  adv_avg=  +16.5  eval_avg(500)=   +7.6  win_rate= 51.6%  entropy_coef=0.0020  policy_loss=-0.0101  value_loss=0.9656  entropy=0.201  clip_frac= 1.4%  (414.0s)
episode  35000  train_avg=   -3.8  adv_avg=  +12.4  eval_avg(500)=   -1.8  win_rate= 48.8%  entropy_coef=0.0020  policy_loss=-0.0117  value_loss=0.9809  entropy=0.192  clip_frac= 1.9%  (482.5s)
episode  40000  train_avg=  +12.7  adv_avg=   +6.1  eval_avg(500)=   -5.2  win_rate= 48.8%  entropy_coef=0.0020  policy_loss=-0.0097  value_loss=0.9825  entropy=0.191  clip_frac= 1.0%  (551.1s)
episode  45000  train_avg=  +21.9  adv_avg=   +7.9  eval_avg(500)=  +14.0  win_rate= 52.2%  entropy_coef=0.0020  policy_loss=-0.0075  value_loss=0.9885  entropy=0.185  clip_frac= 0.9%  (622.0s)
episode  50000  train_avg=  +13.3  adv_avg=   -6.2  eval_avg(500)=   -2.6  win_rate= 49.2%  entropy_coef=0.0020  policy_loss=-0.0056  value_loss=0.9762  entropy=0.149  clip_frac= 0.5%  (704.4s)
episode  55000  train_avg=  +35.6  adv_avg=  +15.9  eval_avg(500)=  +13.3  win_rate= 51.6%  entropy_coef=0.0020  policy_loss=-0.0066  value_loss=0.9816  entropy=0.184  clip_frac= 0.6%  (778.2s)
episode  60000  train_avg=   -5.6  adv_avg=   -4.8  eval_avg(500)=  +11.7  win_rate= 52.2%  entropy_coef=0.0020  policy_loss=-0.0076  value_loss=0.9943  entropy=0.169  clip_frac= 0.9%  (850.5s)
episode  65000  train_avg=   -2.0  adv_avg=  +30.8  eval_avg(500)=  +10.5  win_rate= 52.0%  entropy_coef=0.0020  policy_loss=-0.0084  value_loss=1.0847  entropy=0.190  clip_frac= 1.1%  (923.3s)
episode  70000  train_avg=   +2.5  adv_avg=   +2.3  eval_avg(500)=   +5.5  win_rate= 50.6%  entropy_coef=0.0020  policy_loss=-0.0080  value_loss=0.9855  entropy=0.167  clip_frac= 0.9%  (996.4s)
episode  75000  train_avg=  +21.8  adv_avg=  +21.3  eval_avg(500)=  +21.8  win_rate= 54.6%  entropy_coef=0.0020  policy_loss=-0.0099  value_loss=0.9997  entropy=0.172  clip_frac= 1.8%  (1078.8s)
episode  80000  train_avg=   -3.4  adv_avg=   +7.2  eval_avg(500)=  +18.6  win_rate= 54.0%  entropy_coef=0.0020  policy_loss=-0.0056  value_loss=1.0023  entropy=0.166  clip_frac= 0.6%  (1154.8s)
episode  85000  train_avg=   -2.5  adv_avg=   -7.9  eval_avg(500)=   +8.4  win_rate= 52.0%  entropy_coef=0.0020  policy_loss=-0.0083  value_loss=0.9801  entropy=0.167  clip_frac= 1.0%  (1229.2s)
episode  90000  train_avg=  +14.3  adv_avg=  +37.0  eval_avg(500)=  +25.2  win_rate= 56.0%  entropy_coef=0.0020  policy_loss=-0.0070  value_loss=1.0166  entropy=0.174  clip_frac= 0.7%  (1303.9s)
episode  95000  train_avg=  +12.0  adv_avg=   -4.5  eval_avg(500)=   +7.9  win_rate= 51.4%  entropy_coef=0.0020  policy_loss=-0.0074  value_loss=1.1013  entropy=0.167  clip_frac= 0.9%  (1377.8s)
episode 100000  train_avg=  +11.0  adv_avg=  +34.5  eval_avg(500)=  +26.7  win_rate= 55.8%  entropy_coef=0.0020  policy_loss=-0.0089  value_loss=1.0091  entropy=0.186  clip_frac= 1.3%  (1450.5s)
poids sauvegardes dans rl_experiments_v3/exp_ppo_centralized_critic_seed22/ppo_100000.pt
