poids charges depuis rl_experiments_v3/imit.pt
episode   2000  train_avg=  -16.7  adv_avg=  -14.6  eval_avg(500)=   +1.2  win_rate= 50.4%  entropy_coef=0.0020  policy_loss=-0.0141  value_loss=0.9965  entropy=0.220  clip_frac= 2.3%  (32.9s)
episode   4000  train_avg=   +6.6  adv_avg=   +2.5  eval_avg(500)=   +9.9  win_rate= 52.2%  entropy_coef=0.0020  policy_loss=-0.0153  value_loss=0.9997  entropy=0.224  clip_frac= 2.8%  (65.3s)
episode   6000  train_avg=   +9.3  adv_avg=   +4.4  eval_avg(500)=  +16.2  win_rate= 53.8%  entropy_coef=0.0020  policy_loss=-0.0140  value_loss=1.0060  entropy=0.197  clip_frac= 1.8%  (97.3s)
episode   8000  train_avg=   +6.6  adv_avg=   +1.7  eval_avg(500)=   +6.6  win_rate= 51.0%  entropy_coef=0.0020  policy_loss=-0.0146  value_loss=1.0000  entropy=0.202  clip_frac= 3.1%  (129.8s)
episode  10000  train_avg=  -12.8  adv_avg=   -5.5  eval_avg(500)=   -6.3  win_rate= 48.4%  entropy_coef=0.0020  policy_loss=-0.0144  value_loss=1.0001  entropy=0.198  clip_frac= 2.8%  (161.7s)
episode  12000  train_avg=   +5.2  adv_avg=   -2.6  eval_avg(500)=  -16.9  win_rate= 46.6%  entropy_coef=0.0020  policy_loss=-0.0171  value_loss=0.9786  entropy=0.206  clip_frac= 3.5%  (193.8s)
episode  14000  train_avg=   -4.3  adv_avg=   +6.3  eval_avg(500)=  +10.8  win_rate= 51.8%  entropy_coef=0.0020  policy_loss=-0.0112  value_loss=1.0162  entropy=0.196  clip_frac= 1.9%  (225.8s)
episode  16000  train_avg=   +4.7  adv_avg=   -6.3  eval_avg(500)=   +6.8  win_rate= 51.6%  entropy_coef=0.0020  policy_loss=-0.0166  value_loss=0.9892  entropy=0.219  clip_frac= 2.9%  (258.3s)
episode  18000  train_avg=   -6.5  adv_avg=   +4.4  eval_avg(500)=   +8.8  win_rate= 52.2%  entropy_coef=0.0020  policy_loss=-0.0153  value_loss=1.0337  entropy=0.197  clip_frac= 3.1%  (290.4s)
episode  20000  train_avg=  +15.2  adv_avg=  +22.1  eval_avg(500)=   +2.1  win_rate= 51.4%  entropy_coef=0.0020  policy_loss=-0.0109  value_loss=1.0134  entropy=0.187  clip_frac= 2.1%  (322.4s)
episode  22000  train_avg=  +28.8  adv_avg=   +7.2  eval_avg(500)=   +8.4  win_rate= 52.2%  entropy_coef=0.0020  policy_loss=-0.0151  value_loss=1.0062  entropy=0.193  clip_frac= 3.8%  (355.1s)
episode  24000  train_avg=   -6.0  adv_avg=  +17.9  eval_avg(500)=   +2.5  win_rate= 50.8%  entropy_coef=0.0020  policy_loss=-0.0122  value_loss=0.9977  entropy=0.210  clip_frac= 2.6%  (387.3s)
episode  26000  train_avg=   +7.2  adv_avg=  +14.3  eval_avg(500)=   -3.6  win_rate= 49.4%  entropy_coef=0.0020  policy_loss=-0.0143  value_loss=0.9697  entropy=0.219  clip_frac= 3.0%  (419.1s)
episode  28000  train_avg=   +4.8  adv_avg=  +15.0  eval_avg(500)=  +18.4  win_rate= 54.2%  entropy_coef=0.0020  policy_loss=-0.0144  value_loss=0.9718  entropy=0.212  clip_frac= 2.6%  (450.9s)
episode  30000  train_avg=   -7.1  adv_avg=  +24.1  eval_avg(500)=  +16.9  win_rate= 53.4%  entropy_coef=0.0020  policy_loss=-0.0146  value_loss=0.9757  entropy=0.202  clip_frac= 2.9%  (482.7s)
episode  32000  train_avg=  +20.0  adv_avg=   +9.2  eval_avg(500)=  +19.8  win_rate= 54.8%  entropy_coef=0.0020  policy_loss=-0.0141  value_loss=1.0469  entropy=0.186  clip_frac= 2.3%  (515.0s)
episode  34000  train_avg=  -13.6  adv_avg=  +10.6  eval_avg(500)=   -5.2  win_rate= 48.2%  entropy_coef=0.0020  policy_loss=-0.0141  value_loss=0.9945  entropy=0.186  clip_frac= 2.8%  (546.8s)
episode  36000  train_avg=   -0.2  adv_avg=   -9.0  eval_avg(500)=   -0.8  win_rate= 50.8%  entropy_coef=0.0020  policy_loss=-0.0117  value_loss=0.9548  entropy=0.183  clip_frac= 2.8%  (578.6s)
episode  38000  train_avg=   +1.6  adv_avg=   +6.9  eval_avg(500)=   +0.7  win_rate= 49.8%  entropy_coef=0.0020  policy_loss=-0.0125  value_loss=1.0049  entropy=0.164  clip_frac= 2.5%  (610.5s)
episode  40000  train_avg=   +8.3  adv_avg=   -3.5  eval_avg(500)=  +15.5  win_rate= 53.4%  entropy_coef=0.0020  policy_loss=-0.0139  value_loss=0.9562  entropy=0.172  clip_frac= 3.3%  (642.7s)
episode  42000  train_avg=  +21.1  adv_avg=   +6.1  eval_avg(500)=   +2.2  win_rate= 50.2%  entropy_coef=0.0020  policy_loss=-0.0124  value_loss=1.0388  entropy=0.168  clip_frac= 2.4%  (674.5s)
episode  44000  train_avg=  +23.2  adv_avg=  +30.1  eval_avg(500)=   +8.6  win_rate= 52.4%  entropy_coef=0.0020  policy_loss=-0.0118  value_loss=1.0172  entropy=0.171  clip_frac= 2.4%  (706.3s)
episode  46000  train_avg=  +14.2  adv_avg=  +17.9  eval_avg(500)=  +17.2  win_rate= 53.8%  entropy_coef=0.0020  policy_loss=-0.0140  value_loss=0.9963  entropy=0.200  clip_frac= 2.7%  (738.1s)
episode  48000  train_avg=  +15.8  adv_avg=  +17.9  eval_avg(500)=   +2.1  win_rate= 51.0%  entropy_coef=0.0020  policy_loss=-0.0115  value_loss=0.9964  entropy=0.189  clip_frac= 2.6%  (770.4s)
episode  50000  train_avg=  +39.9  adv_avg=  +38.6  eval_avg(500)=   +7.5  win_rate= 52.2%  entropy_coef=0.0020  policy_loss=-0.0150  value_loss=1.0600  entropy=0.199  clip_frac= 3.3%  (802.2s)
episode  52000  train_avg=  +14.5  adv_avg=   +7.9  eval_avg(500)=   +6.7  win_rate= 51.4%  entropy_coef=0.0020  policy_loss=-0.0184  value_loss=0.9773  entropy=0.197  clip_frac= 4.1%  (834.0s)
episode  54000  train_avg=   -8.4  adv_avg=  +12.4  eval_avg(500)=   +2.2  win_rate= 50.2%  entropy_coef=0.0020  policy_loss=-0.0123  value_loss=1.0042  entropy=0.185  clip_frac= 2.4%  (865.8s)
episode  56000  train_avg=   -0.8  adv_avg=   +0.1  eval_avg(500)=   +7.5  win_rate= 51.4%  entropy_coef=0.0020  policy_loss=-0.0129  value_loss=0.9763  entropy=0.177  clip_frac= 2.9%  (898.0s)
episode  58000  train_avg=   -9.7  adv_avg=  -24.8  eval_avg(500)=   +5.4  win_rate= 50.8%  entropy_coef=0.0020  policy_loss=-0.0144  value_loss=0.9962  entropy=0.175  clip_frac= 3.2%  (929.8s)
episode  60000  train_avg=  +24.7  adv_avg=  +35.2  eval_avg(500)=   +5.7  win_rate= 51.2%  entropy_coef=0.0020  policy_loss=-0.0129  value_loss=0.9754  entropy=0.170  clip_frac= 2.8%  (961.6s)
episode  62000  train_avg=  +17.8  adv_avg=   +8.9  eval_avg(500)=  +22.4  win_rate= 54.6%  entropy_coef=0.0020  policy_loss=-0.0127  value_loss=0.9506  entropy=0.167  clip_frac= 2.8%  (993.4s)
episode  64000  train_avg=  +14.3  adv_avg=   -6.2  eval_avg(500)=   +0.3  win_rate= 50.4%  entropy_coef=0.0020  policy_loss=-0.0164  value_loss=1.0204  entropy=0.178  clip_frac= 4.2%  (1025.6s)
episode  66000  train_avg=  +17.1  adv_avg=  +12.8  eval_avg(500)=  +24.0  win_rate= 55.2%  entropy_coef=0.0020  policy_loss=-0.0120  value_loss=0.9514  entropy=0.166  clip_frac= 2.9%  (1057.5s)
episode  68000  train_avg=  +15.5  adv_avg=   +8.4  eval_avg(500)=  +10.0  win_rate= 52.2%  entropy_coef=0.0020  policy_loss=-0.0172  value_loss=1.0108  entropy=0.184  clip_frac= 3.5%  (1090.6s)
episode  70000  train_avg=  +22.2  adv_avg=  +13.8  eval_avg(500)=  +17.9  win_rate= 54.4%  entropy_coef=0.0020  policy_loss=-0.0091  value_loss=0.9578  entropy=0.159  clip_frac= 1.8%  (1126.8s)
episode  72000  train_avg=   +9.4  adv_avg=   +7.6  eval_avg(500)=  +23.7  win_rate= 55.4%  entropy_coef=0.0020  policy_loss=-0.0092  value_loss=0.9600  entropy=0.178  clip_frac= 2.1%  (1163.5s)
episode  74000  train_avg=  +16.6  adv_avg=  +22.7  eval_avg(500)=  +21.8  win_rate= 54.2%  entropy_coef=0.0020  policy_loss=-0.0141  value_loss=1.0624  entropy=0.172  clip_frac= 3.5%  (1201.8s)
episode  76000  train_avg=  +12.2  adv_avg=  +11.7  eval_avg(500)=  +10.1  win_rate= 51.6%  entropy_coef=0.0020  policy_loss=-0.0120  value_loss=0.9602  entropy=0.165  clip_frac= 2.9%  (1236.8s)
episode  78000  train_avg=  +16.0  adv_avg=   -1.3  eval_avg(500)=  +10.6  win_rate= 52.4%  entropy_coef=0.0020  policy_loss=-0.0141  value_loss=0.9963  entropy=0.172  clip_frac= 3.4%  (1272.8s)
episode  80000  train_avg=  +19.9  adv_avg=   +1.2  eval_avg(500)=  +11.9  win_rate= 52.2%  entropy_coef=0.0020  policy_loss=-0.0114  value_loss=0.9926  entropy=0.189  clip_frac= 2.1%  (1316.1s)
episode  82000  train_avg=  -13.6  adv_avg=  -16.4  eval_avg(500)=  +19.9  win_rate= 54.8%  entropy_coef=0.0020  policy_loss=-0.0127  value_loss=1.0058  entropy=0.166  clip_frac= 2.3%  (1350.4s)
episode  84000  train_avg=   +3.4  adv_avg=  +28.2  eval_avg(500)=   -1.3  win_rate= 50.2%  entropy_coef=0.0020  policy_loss=-0.0152  value_loss=1.0011  entropy=0.181  clip_frac= 3.8%  (1385.8s)
episode  86000  train_avg=   -3.1  adv_avg=  +23.4  eval_avg(500)=  +11.6  win_rate= 52.2%  entropy_coef=0.0020  policy_loss=-0.0124  value_loss=0.9807  entropy=0.166  clip_frac= 2.5%  (1420.5s)
episode  88000  train_avg=  +31.6  adv_avg=  +19.2  eval_avg(500)=  +16.8  win_rate= 54.2%  entropy_coef=0.0020  policy_loss=-0.0099  value_loss=0.9854  entropy=0.166  clip_frac= 2.6%  (1454.9s)
episode  90000  train_avg=   +2.2  adv_avg=   +1.8  eval_avg(500)=  +31.4  win_rate= 57.2%  entropy_coef=0.0020  policy_loss=-0.0110  value_loss=0.9569  entropy=0.163  clip_frac= 2.3%  (1492.0s)
episode  92000  train_avg=  +16.1  adv_avg=   -9.1  eval_avg(500)=  +21.6  win_rate= 54.6%  entropy_coef=0.0020  policy_loss=-0.0134  value_loss=1.0000  entropy=0.148  clip_frac= 2.6%  (1526.2s)
episode  94000  train_avg=   +7.8  adv_avg=  +39.3  eval_avg(500)=  +28.1  win_rate= 55.8%  entropy_coef=0.0020  policy_loss=-0.0107  value_loss=1.0139  entropy=0.170  clip_frac= 2.5%  (1560.4s)
episode  96000  train_avg=   -4.8  adv_avg=   -8.2  eval_avg(500)=  +14.2  win_rate= 52.8%  entropy_coef=0.0020  policy_loss=-0.0139  value_loss=1.0134  entropy=0.183  clip_frac= 3.4%  (1595.4s)
episode  98000  train_avg=  +13.2  adv_avg=  +29.0  eval_avg(500)=  +14.0  win_rate= 53.6%  entropy_coef=0.0020  policy_loss=-0.0116  value_loss=1.0852  entropy=0.154  clip_frac= 3.0%  (1630.3s)
episode 100000  train_avg=   +1.9  adv_avg=  +17.1  eval_avg(500)=  +19.5  win_rate= 54.8%  entropy_coef=0.0020  policy_loss=-0.0146  value_loss=0.9801  entropy=0.167  clip_frac= 3.4%  (1665.1s)
poids sauvegardes dans rl_experiments_v3/exp_ppo_lr3e-5_epochs16/ppo_100000.pt
