poids charges depuis rl_experiments_v3/imit.pt
episode   5000  train_avg=  +20.2  adv_avg=  +21.1  eval_avg(500)=   +6.2  win_rate= 51.0%  entropy_coef=0.0020  policy_loss=-0.0104  value_loss=1.0174  entropy=0.210  clip_frac= 1.3%  (80.3s)
episode  10000  train_avg=   +6.7  adv_avg=   +0.9  eval_avg(500)=  +16.1  win_rate= 53.4%  entropy_coef=0.0020  policy_loss=-0.0151  value_loss=0.9808  entropy=0.182  clip_frac= 2.4%  (161.1s)
episode  15000  train_avg=  -17.7  adv_avg=  +11.7  eval_avg(500)=   -2.0  win_rate= 50.6%  entropy_coef=0.0020  policy_loss=-0.0122  value_loss=0.9923  entropy=0.212  clip_frac= 2.1%  (242.8s)
episode  20000  train_avg=  -12.4  adv_avg=  -14.4  eval_avg(500)=   -1.0  win_rate= 49.4%  entropy_coef=0.0020  policy_loss=-0.0145  value_loss=0.9681  entropy=0.199  clip_frac= 3.1%  (322.4s)
episode  25000  train_avg=   +0.8  adv_avg=  +11.1  eval_avg(500)=  +20.5  win_rate= 54.4%  entropy_coef=0.0020  policy_loss=-0.0124  value_loss=0.9896  entropy=0.186  clip_frac= 2.0%  (401.9s)
episode  30000  train_avg=   -8.7  adv_avg=  -16.8  eval_avg(500)=   +5.6  win_rate= 51.4%  entropy_coef=0.0020  policy_loss=-0.0155  value_loss=0.9802  entropy=0.213  clip_frac= 3.1%  (481.3s)
episode  35000  train_avg=  +17.1  adv_avg=  +14.8  eval_avg(500)=   +7.5  win_rate= 52.0%  entropy_coef=0.0020  policy_loss=-0.0136  value_loss=1.0149  entropy=0.179  clip_frac= 2.8%  (561.7s)
episode  40000  train_avg=  +13.5  adv_avg=   -6.1  eval_avg(500)=   +2.2  win_rate= 51.2%  entropy_coef=0.0020  policy_loss=-0.0186  value_loss=0.9888  entropy=0.208  clip_frac= 3.9%  (644.1s)
episode  45000  train_avg=  +29.8  adv_avg=   +8.5  eval_avg(500)=  +15.2  win_rate= 53.8%  entropy_coef=0.0020  policy_loss=-0.0150  value_loss=0.9781  entropy=0.184  clip_frac= 2.9%  (723.7s)
episode  50000  train_avg=   +9.6  adv_avg=   +6.6  eval_avg(500)=   +3.7  win_rate= 50.6%  entropy_coef=0.0020  policy_loss=-0.0145  value_loss=0.9697  entropy=0.199  clip_frac= 3.0%  (803.5s)
episode  55000  train_avg=  +13.3  adv_avg=  +16.1  eval_avg(500)=  +14.1  win_rate= 52.8%  entropy_coef=0.0020  policy_loss=-0.0143  value_loss=0.9674  entropy=0.199  clip_frac= 3.0%  (884.1s)
episode  60000  train_avg=  +15.2  adv_avg=   -0.8  eval_avg(500)=   +1.2  win_rate= 49.6%  entropy_coef=0.0020  policy_loss=-0.0141  value_loss=1.0150  entropy=0.207  clip_frac= 3.1%  (965.2s)
episode  65000  train_avg=  +19.9  adv_avg=  +31.1  eval_avg(500)=   +2.1  win_rate= 50.2%  entropy_coef=0.0020  policy_loss=-0.0127  value_loss=0.9692  entropy=0.180  clip_frac= 2.8%  (1046.6s)
episode  70000  train_avg=   -7.8  adv_avg=  -20.8  eval_avg(500)=  +24.7  win_rate= 55.6%  entropy_coef=0.0020  policy_loss=-0.0151  value_loss=1.0253  entropy=0.184  clip_frac= 3.4%  (1127.9s)
episode  75000  train_avg=   -2.3  adv_avg=  +17.1  eval_avg(500)=  +13.1  win_rate= 52.8%  entropy_coef=0.0020  policy_loss=-0.0097  value_loss=1.0216  entropy=0.167  clip_frac= 2.3%  (1209.6s)
episode  80000  train_avg=   +2.3  adv_avg=   -2.7  eval_avg(500)=  +10.1  win_rate= 52.0%  entropy_coef=0.0020  policy_loss=-0.0148  value_loss=0.9990  entropy=0.180  clip_frac= 3.7%  (1290.0s)
episode  85000  train_avg=   -7.2  adv_avg=   -1.1  eval_avg(500)=  +24.7  win_rate= 54.4%  entropy_coef=0.0020  policy_loss=-0.0128  value_loss=0.9409  entropy=0.167  clip_frac= 2.8%  (1370.2s)
episode  90000  train_avg=   -4.5  adv_avg=   -5.8  eval_avg(500)=  +12.1  win_rate= 52.4%  entropy_coef=0.0020  policy_loss=-0.0162  value_loss=0.9736  entropy=0.187  clip_frac= 3.8%  (1452.8s)
episode  95000  train_avg=   +3.5  adv_avg=   -0.7  eval_avg(500)=  +20.6  win_rate= 53.6%  entropy_coef=0.0020  policy_loss=-0.0131  value_loss=0.9921  entropy=0.176  clip_frac= 3.0%  (1534.1s)
episode 100000  train_avg=   +7.5  adv_avg=  +38.2  eval_avg(500)=  +21.4  win_rate= 54.4%  entropy_coef=0.0020  policy_loss=-0.0153  value_loss=1.0062  entropy=0.159  clip_frac= 3.1%  (1614.8s)
poids sauvegardes dans rl_experiments_v3/exp_ppo_lr3e-5_epochs16_seed21/ppo_100000.pt
