poids charges depuis rl_experiments_v3/imit.pt
episode   5000  train_avg=  -22.9  adv_avg=   +0.5  eval_avg(500)=   +8.1  win_rate= 52.2%  entropy_coef=0.0020  policy_loss=-0.0098  value_loss=0.9962  entropy=0.219  clip_frac= 1.2%  (69.8s)
episode  10000  train_avg=  +19.8  adv_avg=  +39.0  eval_avg(500)=   -5.1  win_rate= 48.8%  entropy_coef=0.0020  policy_loss=-0.0102  value_loss=0.9955  entropy=0.195  clip_frac= 1.1%  (139.6s)
episode  15000  train_avg=  +12.9  adv_avg=   +0.8  eval_avg(500)=  +16.6  win_rate= 53.2%  entropy_coef=0.0020  policy_loss=-0.0069  value_loss=1.0020  entropy=0.205  clip_frac= 0.7%  (209.3s)
episode  20000  train_avg=  +26.1  adv_avg=  +12.5  eval_avg(500)=   +3.4  win_rate= 50.2%  entropy_coef=0.0020  policy_loss=-0.0084  value_loss=0.9890  entropy=0.212  clip_frac= 1.1%  (280.2s)
episode  25000  train_avg=  +14.5  adv_avg=  +11.9  eval_avg(500)=  +21.9  win_rate= 54.2%  entropy_coef=0.0020  policy_loss=-0.0082  value_loss=0.9969  entropy=0.184  clip_frac= 0.8%  (352.9s)
episode  30000  train_avg=   -8.7  adv_avg=  +15.1  eval_avg(500)=  +13.8  win_rate= 53.0%  entropy_coef=0.0020  policy_loss=-0.0091  value_loss=0.9718  entropy=0.206  clip_frac= 1.1%  (425.3s)
episode  35000  train_avg=   +8.1  adv_avg=   +0.3  eval_avg(500)=  +18.8  win_rate= 52.8%  entropy_coef=0.0020  policy_loss=-0.0110  value_loss=1.0075  entropy=0.200  clip_frac= 1.6%  (497.7s)
episode  40000  train_avg=  +23.4  adv_avg=  +33.0  eval_avg(500)=  +19.2  win_rate= 54.2%  entropy_coef=0.0020  policy_loss=-0.0076  value_loss=0.9867  entropy=0.176  clip_frac= 0.9%  (569.7s)
episode  45000  train_avg=   +6.9  adv_avg=  -17.1  eval_avg(500)=  +24.1  win_rate= 54.6%  entropy_coef=0.0020  policy_loss=-0.0087  value_loss=1.0228  entropy=0.183  clip_frac= 1.1%  (639.9s)
episode  50000  train_avg=  -17.9  adv_avg=  +16.3  eval_avg(500)=  +12.5  win_rate= 53.0%  entropy_coef=0.0020  policy_loss=-0.0096  value_loss=1.0276  entropy=0.198  clip_frac= 1.2%  (709.9s)
episode  55000  train_avg=   -4.1  adv_avg=   +7.2  eval_avg(500)=  +10.1  win_rate= 52.0%  entropy_coef=0.0020  policy_loss=-0.0094  value_loss=0.9973  entropy=0.187  clip_frac= 1.1%  (779.9s)
episode  60000  train_avg=  -13.8  adv_avg=   +9.8  eval_avg(500)=   +2.9  win_rate= 50.2%  entropy_coef=0.0020  policy_loss=-0.0092  value_loss=1.0253  entropy=0.194  clip_frac= 1.2%  (852.8s)
episode  65000  train_avg=  +19.9  adv_avg=   +6.1  eval_avg(500)=  +16.7  win_rate= 53.8%  entropy_coef=0.0020  policy_loss=-0.0093  value_loss=0.9698  entropy=0.200  clip_frac= 1.5%  (927.0s)
episode  70000  train_avg=  +29.4  adv_avg=  +17.1  eval_avg(500)=  +21.1  win_rate= 54.8%  entropy_coef=0.0020  policy_loss=-0.0059  value_loss=0.9892  entropy=0.183  clip_frac= 0.6%  (999.3s)
episode  75000  train_avg=  -14.6  adv_avg=   +2.1  eval_avg(500)=  +22.5  win_rate= 53.8%  entropy_coef=0.0020  policy_loss=-0.0076  value_loss=0.9866  entropy=0.184  clip_frac= 0.8%  (1081.8s)
episode  80000  train_avg=  +27.8  adv_avg=  +27.0  eval_avg(500)=  +23.9  win_rate= 54.2%  entropy_coef=0.0020  policy_loss=-0.0069  value_loss=0.9682  entropy=0.194  clip_frac= 0.9%  (1160.1s)
episode  85000  train_avg=  +23.2  adv_avg=   +5.6  eval_avg(500)=  +15.7  win_rate= 53.0%  entropy_coef=0.0020  policy_loss=-0.0059  value_loss=0.9797  entropy=0.169  clip_frac= 0.7%  (1236.4s)
episode  90000  train_avg=  +12.4  adv_avg=   +8.6  eval_avg(500)=  +20.4  win_rate= 54.2%  entropy_coef=0.0020  policy_loss=-0.0081  value_loss=0.9974  entropy=0.160  clip_frac= 1.1%  (1311.0s)
episode  95000  train_avg=  -12.2  adv_avg=  +14.0  eval_avg(500)=  +12.1  win_rate= 52.6%  entropy_coef=0.0020  policy_loss=-0.0079  value_loss=0.9612  entropy=0.170  clip_frac= 1.0%  (1381.8s)
episode 100000  train_avg=   +6.2  adv_avg=  -12.7  eval_avg(500)=  +14.9  win_rate= 53.4%  entropy_coef=0.0020  policy_loss=-0.0070  value_loss=0.9960  entropy=0.172  clip_frac= 0.9%  (1455.2s)
poids sauvegardes dans rl_experiments_v3/exp_ppo_centralized_critic_seed25/ppo_100000.pt
