adversaire fige charge depuis rl_experiments_v4/exp_growing_pool_bignet/seg_50000.pt
adversaire fige charge depuis rl_experiments_v4/exp_growing_pool_bignet/seg_100000.pt
poids charges depuis rl_experiments_v4/exp_growing_pool_bignet/seg_100000.pt
episode 102000  train_avg=  -13.4  adv_avg=  -20.1  eval_avg(500)=  +19.3  win_rate= 53.8%  entropy_beta=0.0020  baseline=  -19.1  (68.8s)
  picks: heuristic:521x(wr=0.46)  rl_experiments_v4/exp_growing_pool_bignet/seg_50000.pt:830x(wr=0.46)  rl_experiments_v4/exp_growing_pool_bignet/seg_100000.pt:649x(wr=0.50)
episode 104000  train_avg=  +31.4  adv_avg=  +25.1  eval_avg(500)=  +28.9  win_rate= 55.6%  entropy_beta=0.0020  baseline=   +9.7  (137.1s)
  picks: heuristic:1049x(wr=0.54)  rl_experiments_v4/exp_growing_pool_bignet/seg_50000.pt:1772x(wr=0.58)  rl_experiments_v4/exp_growing_pool_bignet/seg_100000.pt:1179x(wr=0.50)
episode 106000  train_avg=   +1.0  adv_avg=  +28.7  eval_avg(500)=  +28.0  win_rate= 55.6%  entropy_beta=0.0020  baseline=  +72.4  (203.8s)
  picks: heuristic:1667x(wr=0.48)  rl_experiments_v4/exp_growing_pool_bignet/seg_50000.pt:2419x(wr=0.48)  rl_experiments_v4/exp_growing_pool_bignet/seg_100000.pt:1914x(wr=0.51)
episode 108000  train_avg=  -16.3  adv_avg=  +18.4  eval_avg(500)=  +20.7  win_rate= 55.2%  entropy_beta=0.0020  baseline=   +4.7  (269.9s)
  picks: heuristic:2281x(wr=0.49)  rl_experiments_v4/exp_growing_pool_bignet/seg_50000.pt:2930x(wr=0.58)  rl_experiments_v4/exp_growing_pool_bignet/seg_100000.pt:2789x(wr=0.45)
episode 110000  train_avg=  -19.9  adv_avg=   +4.8  eval_avg(500)=  +15.1  win_rate= 53.4%  entropy_beta=0.0020  baseline=  +46.1  (335.0s)
  picks: heuristic:2940x(wr=0.48)  rl_experiments_v4/exp_growing_pool_bignet/seg_50000.pt:3382x(wr=0.45)  rl_experiments_v4/exp_growing_pool_bignet/seg_100000.pt:3678x(wr=0.44)
episode 112000  train_avg=   -9.2  adv_avg=   -7.1  eval_avg(500)=   +9.6  win_rate= 52.2%  entropy_beta=0.0020  baseline=  -18.4  (401.8s)
  picks: heuristic:3493x(wr=0.50)  rl_experiments_v4/exp_growing_pool_bignet/seg_50000.pt:4157x(wr=0.53)  rl_experiments_v4/exp_growing_pool_bignet/seg_100000.pt:4350x(wr=0.51)
episode 114000  train_avg=  -31.9  adv_avg=   +0.9  eval_avg(500)=  +21.9  win_rate= 54.4%  entropy_beta=0.0020  baseline=   +7.0  (468.1s)
  picks: heuristic:4092x(wr=0.48)  rl_experiments_v4/exp_growing_pool_bignet/seg_50000.pt:4817x(wr=0.46)  rl_experiments_v4/exp_growing_pool_bignet/seg_100000.pt:5091x(wr=0.40)
episode 116000  train_avg=   +9.4  adv_avg=  +26.1  eval_avg(500)=  +20.6  win_rate= 54.0%  entropy_beta=0.0020  baseline=  +57.7  (535.1s)
  picks: heuristic:4637x(wr=0.57)  rl_experiments_v4/exp_growing_pool_bignet/seg_50000.pt:5668x(wr=0.53)  rl_experiments_v4/exp_growing_pool_bignet/seg_100000.pt:5695x(wr=0.44)
episode 118000  train_avg=  -32.1  adv_avg=  -31.0  eval_avg(500)=  +46.2  win_rate= 59.2%  entropy_beta=0.0020  baseline=  -46.4  (604.8s)
  picks: heuristic:5013x(wr=0.42)  rl_experiments_v4/exp_growing_pool_bignet/seg_50000.pt:6111x(wr=0.49)  rl_experiments_v4/exp_growing_pool_bignet/seg_100000.pt:6876x(wr=0.43)
episode 120000  train_avg=  +31.3  adv_avg=   -4.1  eval_avg(500)=  +18.1  win_rate= 53.6%  entropy_beta=0.0020  baseline=  -43.2  (669.7s)
  picks: heuristic:5682x(wr=0.49)  rl_experiments_v4/exp_growing_pool_bignet/seg_50000.pt:6846x(wr=0.64)  rl_experiments_v4/exp_growing_pool_bignet/seg_100000.pt:7472x(wr=0.55)
episode 122000  train_avg=   -1.9  adv_avg=   +9.3  eval_avg(500)=  +12.5  win_rate= 51.6%  entropy_beta=0.0020  baseline=   +4.1  (732.8s)
  picks: heuristic:6466x(wr=0.47)  rl_experiments_v4/exp_growing_pool_bignet/seg_50000.pt:7097x(wr=0.55)  rl_experiments_v4/exp_growing_pool_bignet/seg_100000.pt:8437x(wr=0.51)
episode 124000  train_avg=   +3.6  adv_avg=  -27.1  eval_avg(500)=  +30.8  win_rate= 56.0%  entropy_beta=0.0020  baseline=  -60.3  (795.0s)
  picks: heuristic:7318x(wr=0.53)  rl_experiments_v4/exp_growing_pool_bignet/seg_50000.pt:7581x(wr=0.51)  rl_experiments_v4/exp_growing_pool_bignet/seg_100000.pt:9101x(wr=0.45)
episode 126000  train_avg=   -3.6  adv_avg=   +3.7  eval_avg(500)=  +35.2  win_rate= 56.6%  entropy_beta=0.0020  baseline=   -6.3  (863.8s)
  picks: heuristic:7749x(wr=0.56)  rl_experiments_v4/exp_growing_pool_bignet/seg_50000.pt:8221x(wr=0.57)  rl_experiments_v4/exp_growing_pool_bignet/seg_100000.pt:10030x(wr=0.46)
episode 128000  train_avg=  -10.1  adv_avg=  +21.8  eval_avg(500)=  +22.5  win_rate= 54.2%  entropy_beta=0.0020  baseline=  +27.0  (934.1s)
  picks: heuristic:8099x(wr=0.52)  rl_experiments_v4/exp_growing_pool_bignet/seg_50000.pt:8671x(wr=0.53)  rl_experiments_v4/exp_growing_pool_bignet/seg_100000.pt:11230x(wr=0.47)
episode 130000  train_avg=  -10.2  adv_avg=  +13.2  eval_avg(500)=  +33.3  win_rate= 56.4%  entropy_beta=0.0020  baseline=  -19.9  (1001.3s)
  picks: heuristic:8635x(wr=0.50)  rl_experiments_v4/exp_growing_pool_bignet/seg_50000.pt:9316x(wr=0.44)  rl_experiments_v4/exp_growing_pool_bignet/seg_100000.pt:12049x(wr=0.48)
episode 132000  train_avg=  +11.8  adv_avg=   +2.0  eval_avg(500)=  +16.0  win_rate= 52.4%  entropy_beta=0.0020  baseline=  +11.1  (1068.3s)
  picks: heuristic:9140x(wr=0.59)  rl_experiments_v4/exp_growing_pool_bignet/seg_50000.pt:10098x(wr=0.46)  rl_experiments_v4/exp_growing_pool_bignet/seg_100000.pt:12762x(wr=0.56)
episode 134000  train_avg=  -29.1  adv_avg=  -34.9  eval_avg(500)=  +23.5  win_rate= 54.4%  entropy_beta=0.0020  baseline=   -7.9  (1137.5s)
  picks: heuristic:9495x(wr=0.56)  rl_experiments_v4/exp_growing_pool_bignet/seg_50000.pt:11174x(wr=0.36)  rl_experiments_v4/exp_growing_pool_bignet/seg_100000.pt:13331x(wr=0.49)
episode 136000  train_avg=  +22.4  adv_avg=  +11.3  eval_avg(500)=  +19.1  win_rate= 53.8%  entropy_beta=0.0020  baseline=  +24.0  (1204.7s)
  picks: heuristic:9966x(wr=0.57)  rl_experiments_v4/exp_growing_pool_bignet/seg_50000.pt:12324x(wr=0.55)  rl_experiments_v4/exp_growing_pool_bignet/seg_100000.pt:13710x(wr=0.51)
episode 138000  train_avg=   -8.3  adv_avg=  -10.4  eval_avg(500)=  +36.0  win_rate= 56.4%  entropy_beta=0.0020  baseline=  -18.1  (1272.1s)
  picks: heuristic:10429x(wr=0.43)  rl_experiments_v4/exp_growing_pool_bignet/seg_50000.pt:13053x(wr=0.46)  rl_experiments_v4/exp_growing_pool_bignet/seg_100000.pt:14518x(wr=0.51)
episode 140000  train_avg=  +18.4  adv_avg=  +20.1  eval_avg(500)=  +27.1  win_rate= 55.8%  entropy_beta=0.0020  baseline=  +67.5  (1337.1s)
  picks: heuristic:11043x(wr=0.49)  rl_experiments_v4/exp_growing_pool_bignet/seg_50000.pt:13789x(wr=0.50)  rl_experiments_v4/exp_growing_pool_bignet/seg_100000.pt:15168x(wr=0.59)
episode 142000  train_avg=  +11.9  adv_avg=  +43.5  eval_avg(500)=   +4.8  win_rate= 50.2%  entropy_beta=0.0020  baseline=  +44.8  (1396.2s)
  picks: heuristic:12034x(wr=0.64)  rl_experiments_v4/exp_growing_pool_bignet/seg_50000.pt:14394x(wr=0.48)  rl_experiments_v4/exp_growing_pool_bignet/seg_100000.pt:15572x(wr=0.50)
episode 144000  train_avg=   +6.5  adv_avg=   +8.7  eval_avg(500)=  +33.6  win_rate= 56.8%  entropy_beta=0.0020  baseline=   -9.1  (1464.2s)
  picks: heuristic:12469x(wr=0.59)  rl_experiments_v4/exp_growing_pool_bignet/seg_50000.pt:15263x(wr=0.56)  rl_experiments_v4/exp_growing_pool_bignet/seg_100000.pt:16268x(wr=0.47)
episode 146000  train_avg=   -9.3  adv_avg=   +6.3  eval_avg(500)=  +35.0  win_rate= 56.4%  entropy_beta=0.0020  baseline=  +22.3  (1533.3s)
  picks: heuristic:12820x(wr=0.64)  rl_experiments_v4/exp_growing_pool_bignet/seg_50000.pt:16072x(wr=0.47)  rl_experiments_v4/exp_growing_pool_bignet/seg_100000.pt:17108x(wr=0.45)
episode 148000  train_avg=   -5.8  adv_avg=   -2.7  eval_avg(500)=  +14.9  win_rate= 53.4%  entropy_beta=0.0020  baseline=  -58.4  (1600.1s)
  picks: heuristic:13328x(wr=0.49)  rl_experiments_v4/exp_growing_pool_bignet/seg_50000.pt:16850x(wr=0.48)  rl_experiments_v4/exp_growing_pool_bignet/seg_100000.pt:17822x(wr=0.47)
episode 150000  train_avg=   -2.7  adv_avg=   +7.6  eval_avg(500)=  +31.3  win_rate= 56.2%  entropy_beta=0.0020  baseline=   +7.3  (1666.9s)
  picks: heuristic:13834x(wr=0.53)  rl_experiments_v4/exp_growing_pool_bignet/seg_50000.pt:17647x(wr=0.46)  rl_experiments_v4/exp_growing_pool_bignet/seg_100000.pt:18519x(wr=0.52)
poids sauvegardes dans rl_experiments_v4/exp_growing_pool_bignet/seg_150000.pt
PFSP picks total: heuristic:13834x(wr=0.53)  rl_experiments_v4/exp_growing_pool_bignet/seg_50000.pt:17647x(wr=0.46)  rl_experiments_v4/exp_growing_pool_bignet/seg_100000.pt:18519x(wr=0.52)
