adversaire fige charge depuis rl_experiments_v4/exp_growing_pool_bignet/seg_50000.pt
adversaire fige charge depuis rl_experiments_v4/exp_growing_pool_bignet/seg_100000.pt
adversaire fige charge depuis rl_experiments_v4/exp_growing_pool_bignet/seg_150000.pt
adversaire fige charge depuis rl_experiments_v4/exp_growing_pool_bignet/seg_200000.pt
adversaire fige charge depuis rl_experiments_v4/exp_growing_pool_bignet/seg_250000.pt
poids charges depuis rl_experiments_v4/exp_growing_pool_bignet/seg_250000.pt
episode 252000  train_avg=  -12.8  adv_avg=  -16.2  eval_avg(500)=  +41.0  win_rate= 58.6%  entropy_beta=0.0020  baseline=  -37.2  (83.8s)
  picks: heuristic:220x(wr=0.65)  rl_experiments_v4/exp_growing_pool_bignet/seg_50000.pt:288x(wr=0.48)  rl_experiments_v4/exp_growing_pool_bignet/seg_100000.pt:490x(wr=0.51)  rl_experiments_v4/exp_growing_pool_bignet/seg_150000.pt:449x(wr=0.46)  rl_experiments_v4/exp_growing_pool_bignet/seg_200000.pt:221x(wr=0.47)  rl_experiments_v4/exp_growing_pool_bignet/seg_250000.pt:332x(wr=0.50)
episode 254000  train_avg=  +23.5  adv_avg=   -2.3  eval_avg(500)=  +15.2  win_rate= 53.4%  entropy_beta=0.0020  baseline=  -31.2  (166.8s)
  picks: heuristic:384x(wr=0.57)  rl_experiments_v4/exp_growing_pool_bignet/seg_50000.pt:643x(wr=0.63)  rl_experiments_v4/exp_growing_pool_bignet/seg_100000.pt:778x(wr=0.62)  rl_experiments_v4/exp_growing_pool_bignet/seg_150000.pt:816x(wr=0.53)  rl_experiments_v4/exp_growing_pool_bignet/seg_200000.pt:731x(wr=0.55)  rl_experiments_v4/exp_growing_pool_bignet/seg_250000.pt:648x(wr=0.47)
episode 256000  train_avg=  +22.8  adv_avg=  +20.5  eval_avg(500)=  +27.7  win_rate= 55.4%  entropy_beta=0.0020  baseline=   +2.4  (249.0s)
  picks: heuristic:824x(wr=0.53)  rl_experiments_v4/exp_growing_pool_bignet/seg_50000.pt:869x(wr=0.55)  rl_experiments_v4/exp_growing_pool_bignet/seg_100000.pt:928x(wr=0.52)  rl_experiments_v4/exp_growing_pool_bignet/seg_150000.pt:1168x(wr=0.57)  rl_experiments_v4/exp_growing_pool_bignet/seg_200000.pt:976x(wr=0.65)  rl_experiments_v4/exp_growing_pool_bignet/seg_250000.pt:1235x(wr=0.50)
episode 258000  train_avg=   -3.5  adv_avg=   -5.2  eval_avg(500)=  +50.5  win_rate= 60.4%  entropy_beta=0.0020  baseline=  +11.8  (333.1s)
  picks: heuristic:1092x(wr=0.57)  rl_experiments_v4/exp_growing_pool_bignet/seg_50000.pt:1199x(wr=0.54)  rl_experiments_v4/exp_growing_pool_bignet/seg_100000.pt:1295x(wr=0.47)  rl_experiments_v4/exp_growing_pool_bignet/seg_150000.pt:1382x(wr=0.52)  rl_experiments_v4/exp_growing_pool_bignet/seg_200000.pt:1097x(wr=0.57)  rl_experiments_v4/exp_growing_pool_bignet/seg_250000.pt:1935x(wr=0.47)
episode 260000  train_avg=  +46.0  adv_avg=  +17.7  eval_avg(500)=  +27.5  win_rate= 55.0%  entropy_beta=0.0020  baseline=  +11.2  (420.1s)
  picks: heuristic:1258x(wr=0.60)  rl_experiments_v4/exp_growing_pool_bignet/seg_50000.pt:1431x(wr=0.50)  rl_experiments_v4/exp_growing_pool_bignet/seg_100000.pt:1715x(wr=0.58)  rl_experiments_v4/exp_growing_pool_bignet/seg_150000.pt:1727x(wr=0.65)  rl_experiments_v4/exp_growing_pool_bignet/seg_200000.pt:1358x(wr=0.57)  rl_experiments_v4/exp_growing_pool_bignet/seg_250000.pt:2511x(wr=0.54)
episode 262000  train_avg=   -5.5  adv_avg=   +5.4  eval_avg(500)=  +35.3  win_rate= 57.6%  entropy_beta=0.0020  baseline=  +24.8  (499.0s)
  picks: heuristic:1538x(wr=0.55)  rl_experiments_v4/exp_growing_pool_bignet/seg_50000.pt:1913x(wr=0.37)  rl_experiments_v4/exp_growing_pool_bignet/seg_100000.pt:2061x(wr=0.44)  rl_experiments_v4/exp_growing_pool_bignet/seg_150000.pt:1971x(wr=0.51)  rl_experiments_v4/exp_growing_pool_bignet/seg_200000.pt:1691x(wr=0.51)  rl_experiments_v4/exp_growing_pool_bignet/seg_250000.pt:2826x(wr=0.64)
episode 264000  train_avg=  +11.3  adv_avg=   +4.3  eval_avg(500)=  +45.2  win_rate= 59.4%  entropy_beta=0.0020  baseline=  -21.8  (576.2s)
  picks: heuristic:1771x(wr=0.48)  rl_experiments_v4/exp_growing_pool_bignet/seg_50000.pt:2679x(wr=0.51)  rl_experiments_v4/exp_growing_pool_bignet/seg_100000.pt:2376x(wr=0.51)  rl_experiments_v4/exp_growing_pool_bignet/seg_150000.pt:2253x(wr=0.51)  rl_experiments_v4/exp_growing_pool_bignet/seg_200000.pt:1936x(wr=0.53)  rl_experiments_v4/exp_growing_pool_bignet/seg_250000.pt:2985x(wr=0.56)
episode 266000  train_avg=  -13.0  adv_avg=   -5.0  eval_avg(500)=  +31.9  win_rate= 56.4%  entropy_beta=0.0020  baseline=  +25.0  (660.2s)
  picks: heuristic:2129x(wr=0.46)  rl_experiments_v4/exp_growing_pool_bignet/seg_50000.pt:3153x(wr=0.40)  rl_experiments_v4/exp_growing_pool_bignet/seg_100000.pt:2593x(wr=0.52)  rl_experiments_v4/exp_growing_pool_bignet/seg_150000.pt:2609x(wr=0.53)  rl_experiments_v4/exp_growing_pool_bignet/seg_200000.pt:2291x(wr=0.49)  rl_experiments_v4/exp_growing_pool_bignet/seg_250000.pt:3225x(wr=0.56)
episode 268000  train_avg=  +27.9  adv_avg=   +8.0  eval_avg(500)=  +36.1  win_rate= 57.6%  entropy_beta=0.0020  baseline=   +3.8  (744.1s)
  picks: heuristic:2374x(wr=0.52)  rl_experiments_v4/exp_growing_pool_bignet/seg_50000.pt:3830x(wr=0.55)  rl_experiments_v4/exp_growing_pool_bignet/seg_100000.pt:2905x(wr=0.62)  rl_experiments_v4/exp_growing_pool_bignet/seg_150000.pt:2818x(wr=0.56)  rl_experiments_v4/exp_growing_pool_bignet/seg_200000.pt:2555x(wr=0.57)  rl_experiments_v4/exp_growing_pool_bignet/seg_250000.pt:3518x(wr=0.48)
episode 270000  train_avg=  +24.1  adv_avg=   -7.0  eval_avg(500)=  +35.5  win_rate= 57.0%  entropy_beta=0.0020  baseline=  -18.5  (819.7s)
  picks: heuristic:2859x(wr=0.46)  rl_experiments_v4/exp_growing_pool_bignet/seg_50000.pt:4084x(wr=0.52)  rl_experiments_v4/exp_growing_pool_bignet/seg_100000.pt:3124x(wr=0.58)  rl_experiments_v4/exp_growing_pool_bignet/seg_150000.pt:3096x(wr=0.56)  rl_experiments_v4/exp_growing_pool_bignet/seg_200000.pt:2907x(wr=0.58)  rl_experiments_v4/exp_growing_pool_bignet/seg_250000.pt:3930x(wr=0.53)
episode 272000  train_avg=   +5.7  adv_avg=   +4.2  eval_avg(500)=   +9.4  win_rate= 51.6%  entropy_beta=0.0020  baseline=  -11.6  (892.9s)
  picks: heuristic:3217x(wr=0.58)  rl_experiments_v4/exp_growing_pool_bignet/seg_50000.pt:4319x(wr=0.48)  rl_experiments_v4/exp_growing_pool_bignet/seg_100000.pt:3626x(wr=0.55)  rl_experiments_v4/exp_growing_pool_bignet/seg_150000.pt:3407x(wr=0.44)  rl_experiments_v4/exp_growing_pool_bignet/seg_200000.pt:3131x(wr=0.58)  rl_experiments_v4/exp_growing_pool_bignet/seg_250000.pt:4300x(wr=0.46)
episode 274000  train_avg=  +11.7  adv_avg=  -17.9  eval_avg(500)=  +28.1  win_rate= 55.8%  entropy_beta=0.0020  baseline=  -38.4  (977.9s)
  picks: heuristic:3406x(wr=0.54)  rl_experiments_v4/exp_growing_pool_bignet/seg_50000.pt:4610x(wr=0.54)  rl_experiments_v4/exp_growing_pool_bignet/seg_100000.pt:3892x(wr=0.56)  rl_experiments_v4/exp_growing_pool_bignet/seg_150000.pt:4059x(wr=0.55)  rl_experiments_v4/exp_growing_pool_bignet/seg_200000.pt:3358x(wr=0.55)  rl_experiments_v4/exp_growing_pool_bignet/seg_250000.pt:4675x(wr=0.47)
episode 276000  train_avg=  +24.2  adv_avg=   -8.7  eval_avg(500)=  +26.4  win_rate= 55.8%  entropy_beta=0.0020  baseline=  -26.4  (1065.4s)
  picks: heuristic:3651x(wr=0.52)  rl_experiments_v4/exp_growing_pool_bignet/seg_50000.pt:4871x(wr=0.46)  rl_experiments_v4/exp_growing_pool_bignet/seg_100000.pt:4150x(wr=0.58)  rl_experiments_v4/exp_growing_pool_bignet/seg_150000.pt:4401x(wr=0.54)  rl_experiments_v4/exp_growing_pool_bignet/seg_200000.pt:3703x(wr=0.52)  rl_experiments_v4/exp_growing_pool_bignet/seg_250000.pt:5224x(wr=0.57)
episode 278000  train_avg=   +4.6  adv_avg=   -9.5  eval_avg(500)=  +38.3  win_rate= 58.0%  entropy_beta=0.0020  baseline=  -11.4  (1149.8s)
  picks: heuristic:3964x(wr=0.54)  rl_experiments_v4/exp_growing_pool_bignet/seg_50000.pt:5366x(wr=0.53)  rl_experiments_v4/exp_growing_pool_bignet/seg_100000.pt:4402x(wr=0.51)  rl_experiments_v4/exp_growing_pool_bignet/seg_150000.pt:4622x(wr=0.56)  rl_experiments_v4/exp_growing_pool_bignet/seg_200000.pt:4159x(wr=0.53)  rl_experiments_v4/exp_growing_pool_bignet/seg_250000.pt:5487x(wr=0.45)
episode 280000  train_avg=  +13.4  adv_avg=   +8.2  eval_avg(500)=  +17.3  win_rate= 53.4%  entropy_beta=0.0020  baseline=  +33.4  (1236.6s)
  picks: heuristic:4244x(wr=0.52)  rl_experiments_v4/exp_growing_pool_bignet/seg_50000.pt:5605x(wr=0.55)  rl_experiments_v4/exp_growing_pool_bignet/seg_100000.pt:4726x(wr=0.50)  rl_experiments_v4/exp_growing_pool_bignet/seg_150000.pt:4878x(wr=0.44)  rl_experiments_v4/exp_growing_pool_bignet/seg_200000.pt:4516x(wr=0.53)  rl_experiments_v4/exp_growing_pool_bignet/seg_250000.pt:6031x(wr=0.45)
episode 282000  train_avg=  +19.0  adv_avg=   +4.9  eval_avg(500)=  +15.1  win_rate= 52.2%  entropy_beta=0.0020  baseline=  +40.0  (1315.6s)
  picks: heuristic:4618x(wr=0.51)  rl_experiments_v4/exp_growing_pool_bignet/seg_50000.pt:5901x(wr=0.59)  rl_experiments_v4/exp_growing_pool_bignet/seg_100000.pt:4972x(wr=0.60)  rl_experiments_v4/exp_growing_pool_bignet/seg_150000.pt:5332x(wr=0.44)  rl_experiments_v4/exp_growing_pool_bignet/seg_200000.pt:4752x(wr=0.46)  rl_experiments_v4/exp_growing_pool_bignet/seg_250000.pt:6425x(wr=0.57)
episode 284000  train_avg=  +38.9  adv_avg=  +14.9  eval_avg(500)=  +22.3  win_rate= 54.2%  entropy_beta=0.0020  baseline=  +52.0  (1395.4s)
  picks: heuristic:4984x(wr=0.54)  rl_experiments_v4/exp_growing_pool_bignet/seg_50000.pt:6120x(wr=0.51)  rl_experiments_v4/exp_growing_pool_bignet/seg_100000.pt:5193x(wr=0.54)  rl_experiments_v4/exp_growing_pool_bignet/seg_150000.pt:5765x(wr=0.47)  rl_experiments_v4/exp_growing_pool_bignet/seg_200000.pt:5176x(wr=0.60)  rl_experiments_v4/exp_growing_pool_bignet/seg_250000.pt:6762x(wr=0.52)
episode 286000  train_avg=  +26.0  adv_avg=  +17.9  eval_avg(500)=  +27.6  win_rate= 55.2%  entropy_beta=0.0020  baseline=  -48.9  (1483.2s)
  picks: heuristic:5155x(wr=0.46)  rl_experiments_v4/exp_growing_pool_bignet/seg_50000.pt:6534x(wr=0.62)  rl_experiments_v4/exp_growing_pool_bignet/seg_100000.pt:5572x(wr=0.56)  rl_experiments_v4/exp_growing_pool_bignet/seg_150000.pt:6192x(wr=0.51)  rl_experiments_v4/exp_growing_pool_bignet/seg_200000.pt:5467x(wr=0.50)  rl_experiments_v4/exp_growing_pool_bignet/seg_250000.pt:7080x(wr=0.53)
episode 288000  train_avg=   +2.3  adv_avg=  +11.0  eval_avg(500)=  +39.1  win_rate= 58.0%  entropy_beta=0.0020  baseline=  +10.9  (1565.3s)
  picks: heuristic:5564x(wr=0.62)  rl_experiments_v4/exp_growing_pool_bignet/seg_50000.pt:6761x(wr=0.57)  rl_experiments_v4/exp_growing_pool_bignet/seg_100000.pt:5778x(wr=0.55)  rl_experiments_v4/exp_growing_pool_bignet/seg_150000.pt:6531x(wr=0.47)  rl_experiments_v4/exp_growing_pool_bignet/seg_200000.pt:5893x(wr=0.48)  rl_experiments_v4/exp_growing_pool_bignet/seg_250000.pt:7473x(wr=0.46)
episode 290000  train_avg=  +20.2  adv_avg=   +7.2  eval_avg(500)=  +27.1  win_rate= 55.4%  entropy_beta=0.0020  baseline=  -62.1  (1652.8s)
  picks: heuristic:5717x(wr=0.55)  rl_experiments_v4/exp_growing_pool_bignet/seg_50000.pt:6930x(wr=0.58)  rl_experiments_v4/exp_growing_pool_bignet/seg_100000.pt:6121x(wr=0.48)  rl_experiments_v4/exp_growing_pool_bignet/seg_150000.pt:6972x(wr=0.50)  rl_experiments_v4/exp_growing_pool_bignet/seg_200000.pt:6252x(wr=0.56)  rl_experiments_v4/exp_growing_pool_bignet/seg_250000.pt:8008x(wr=0.50)
episode 292000  train_avg=  +20.2  adv_avg=  -13.1  eval_avg(500)=  +39.2  win_rate= 58.0%  entropy_beta=0.0020  baseline=  -13.2  (1736.6s)
  picks: heuristic:6023x(wr=0.52)  rl_experiments_v4/exp_growing_pool_bignet/seg_50000.pt:7370x(wr=0.51)  rl_experiments_v4/exp_growing_pool_bignet/seg_100000.pt:6516x(wr=0.63)  rl_experiments_v4/exp_growing_pool_bignet/seg_150000.pt:7341x(wr=0.54)  rl_experiments_v4/exp_growing_pool_bignet/seg_200000.pt:6434x(wr=0.54)  rl_experiments_v4/exp_growing_pool_bignet/seg_250000.pt:8316x(wr=0.53)
episode 294000  train_avg=  +17.1  adv_avg=  +20.4  eval_avg(500)=  +16.1  win_rate= 53.2%  entropy_beta=0.0020  baseline=  +25.8  (1822.6s)
  picks: heuristic:6318x(wr=0.51)  rl_experiments_v4/exp_growing_pool_bignet/seg_50000.pt:7787x(wr=0.47)  rl_experiments_v4/exp_growing_pool_bignet/seg_100000.pt:6747x(wr=0.58)  rl_experiments_v4/exp_growing_pool_bignet/seg_150000.pt:7732x(wr=0.51)  rl_experiments_v4/exp_growing_pool_bignet/seg_200000.pt:6786x(wr=0.51)  rl_experiments_v4/exp_growing_pool_bignet/seg_250000.pt:8630x(wr=0.57)
episode 296000  train_avg=  +34.8  adv_avg=  +19.1  eval_avg(500)=  +33.5  win_rate= 56.2%  entropy_beta=0.0020  baseline=  +35.0  (1907.0s)
  picks: heuristic:6687x(wr=0.65)  rl_experiments_v4/exp_growing_pool_bignet/seg_50000.pt:8107x(wr=0.53)  rl_experiments_v4/exp_growing_pool_bignet/seg_100000.pt:7026x(wr=0.54)  rl_experiments_v4/exp_growing_pool_bignet/seg_150000.pt:8045x(wr=0.71)  rl_experiments_v4/exp_growing_pool_bignet/seg_200000.pt:7292x(wr=0.51)  rl_experiments_v4/exp_growing_pool_bignet/seg_250000.pt:8843x(wr=0.48)
episode 298000  train_avg=  -14.2  adv_avg=  -27.8  eval_avg(500)=  +36.2  win_rate= 57.0%  entropy_beta=0.0020  baseline=  -10.9  (1994.1s)
  picks: heuristic:6871x(wr=0.50)  rl_experiments_v4/exp_growing_pool_bignet/seg_50000.pt:8409x(wr=0.66)  rl_experiments_v4/exp_growing_pool_bignet/seg_100000.pt:7303x(wr=0.44)  rl_experiments_v4/exp_growing_pool_bignet/seg_150000.pt:8126x(wr=0.59)  rl_experiments_v4/exp_growing_pool_bignet/seg_200000.pt:7736x(wr=0.46)  rl_experiments_v4/exp_growing_pool_bignet/seg_250000.pt:9555x(wr=0.43)
episode 300000  train_avg=   -7.0  adv_avg=  +19.1  eval_avg(500)=  +31.8  win_rate= 56.4%  entropy_beta=0.0020  baseline=  +15.1  (2076.6s)
  picks: heuristic:7134x(wr=0.48)  rl_experiments_v4/exp_growing_pool_bignet/seg_50000.pt:8441x(wr=0.67)  rl_experiments_v4/exp_growing_pool_bignet/seg_100000.pt:7784x(wr=0.51)  rl_experiments_v4/exp_growing_pool_bignet/seg_150000.pt:8370x(wr=0.49)  rl_experiments_v4/exp_growing_pool_bignet/seg_200000.pt:8141x(wr=0.56)  rl_experiments_v4/exp_growing_pool_bignet/seg_250000.pt:10130x(wr=0.48)
poids sauvegardes dans rl_experiments_v4/exp_growing_pool_bignet/seg_300000.pt
PFSP picks total: heuristic:7134x(wr=0.48)  rl_experiments_v4/exp_growing_pool_bignet/seg_50000.pt:8441x(wr=0.67)  rl_experiments_v4/exp_growing_pool_bignet/seg_100000.pt:7784x(wr=0.51)  rl_experiments_v4/exp_growing_pool_bignet/seg_150000.pt:8370x(wr=0.49)  rl_experiments_v4/exp_growing_pool_bignet/seg_200000.pt:8141x(wr=0.56)  rl_experiments_v4/exp_growing_pool_bignet/seg_250000.pt:10130x(wr=0.48)
