adversaire fige charge depuis rl_experiments_v4/exp_growing_pool_bignet/seg_50000.pt
poids charges depuis rl_experiments_v4/exp_growing_pool_bignet/seg_50000.pt
episode  52000  train_avg=  +15.8  adv_avg=   -2.3  eval_avg(500)=  +14.7  win_rate= 53.2%  entropy_beta=0.0020  baseline=  -24.7  (57.0s)
  picks: heuristic:1232x(wr=0.56)  rl_experiments_v4/exp_growing_pool_bignet/seg_50000.pt:768x(wr=0.46)
episode  54000  train_avg=  +25.3  adv_avg=   +2.6  eval_avg(500)=  +24.0  win_rate= 54.8%  entropy_beta=0.0020  baseline=   +9.3  (115.4s)
  picks: heuristic:2236x(wr=0.66)  rl_experiments_v4/exp_growing_pool_bignet/seg_50000.pt:1764x(wr=0.47)
episode  56000  train_avg=   +1.5  adv_avg=   +4.8  eval_avg(500)=  +24.8  win_rate= 55.0%  entropy_beta=0.0020  baseline=   +1.3  (182.7s)
  picks: heuristic:2674x(wr=0.49)  rl_experiments_v4/exp_growing_pool_bignet/seg_50000.pt:3326x(wr=0.55)
episode  58000  train_avg=  +17.8  adv_avg=   -0.2  eval_avg(500)=  +17.2  win_rate= 53.4%  entropy_beta=0.0020  baseline=  +47.9  (245.3s)
  picks: heuristic:3420x(wr=0.62)  rl_experiments_v4/exp_growing_pool_bignet/seg_50000.pt:4580x(wr=0.55)
episode  60000  train_avg=   -4.3  adv_avg=   +0.5  eval_avg(500)=  +38.9  win_rate= 57.0%  entropy_beta=0.0020  baseline=  +17.6  (313.9s)
  picks: heuristic:3957x(wr=0.55)  rl_experiments_v4/exp_growing_pool_bignet/seg_50000.pt:6043x(wr=0.51)
episode  62000  train_avg=   -1.8  adv_avg=   -3.0  eval_avg(500)=  +24.7  win_rate= 54.2%  entropy_beta=0.0020  baseline=  +22.5  (380.1s)
  picks: heuristic:4520x(wr=0.59)  rl_experiments_v4/exp_growing_pool_bignet/seg_50000.pt:7480x(wr=0.47)
episode  64000  train_avg=   +5.2  adv_avg=  +36.9  eval_avg(500)=  +29.5  win_rate= 55.4%  entropy_beta=0.0020  baseline=  +40.8  (446.3s)
  picks: heuristic:5091x(wr=0.56)  rl_experiments_v4/exp_growing_pool_bignet/seg_50000.pt:8909x(wr=0.47)
episode  66000  train_avg=  +14.4  adv_avg=   +2.4  eval_avg(500)=  +40.4  win_rate= 58.0%  entropy_beta=0.0020  baseline=  +38.3  (510.8s)
  picks: heuristic:5763x(wr=0.54)  rl_experiments_v4/exp_growing_pool_bignet/seg_50000.pt:10237x(wr=0.55)
episode  68000  train_avg=   -4.4  adv_avg=  +29.4  eval_avg(500)=  +26.5  win_rate= 55.8%  entropy_beta=0.0020  baseline=  +49.7  (568.6s)
  picks: heuristic:6860x(wr=0.49)  rl_experiments_v4/exp_growing_pool_bignet/seg_50000.pt:11140x(wr=0.49)
episode  70000  train_avg=  -17.5  adv_avg=   -9.9  eval_avg(500)=  +15.2  win_rate= 53.4%  entropy_beta=0.0020  baseline=   +3.1  (628.6s)
  picks: heuristic:7804x(wr=0.47)  rl_experiments_v4/exp_growing_pool_bignet/seg_50000.pt:12196x(wr=0.47)
episode  72000  train_avg=  +24.2  adv_avg=   -5.6  eval_avg(500)=  +16.7  win_rate= 53.0%  entropy_beta=0.0020  baseline=   -8.6  (691.3s)
  picks: heuristic:8678x(wr=0.55)  rl_experiments_v4/exp_growing_pool_bignet/seg_50000.pt:13322x(wr=0.51)
episode  74000  train_avg=   -3.0  adv_avg=   -3.3  eval_avg(500)=  +21.1  win_rate= 53.8%  entropy_beta=0.0020  baseline=   -1.1  (755.0s)
  picks: heuristic:9404x(wr=0.55)  rl_experiments_v4/exp_growing_pool_bignet/seg_50000.pt:14596x(wr=0.52)
episode  76000  train_avg=   -9.1  adv_avg=   -9.2  eval_avg(500)=  +32.5  win_rate= 57.0%  entropy_beta=0.0020  baseline=  +26.3  (819.4s)
  picks: heuristic:10080x(wr=0.47)  rl_experiments_v4/exp_growing_pool_bignet/seg_50000.pt:15920x(wr=0.49)
episode  78000  train_avg=   +2.9  adv_avg=   -0.9  eval_avg(500)=   +6.8  win_rate= 51.0%  entropy_beta=0.0020  baseline=  -31.2  (880.6s)
  picks: heuristic:10954x(wr=0.54)  rl_experiments_v4/exp_growing_pool_bignet/seg_50000.pt:17046x(wr=0.45)
episode  80000  train_avg=  +16.0  adv_avg=   -1.7  eval_avg(500)=  +16.1  win_rate= 53.0%  entropy_beta=0.0020  baseline=   +1.5  (942.8s)
  picks: heuristic:11786x(wr=0.56)  rl_experiments_v4/exp_growing_pool_bignet/seg_50000.pt:18214x(wr=0.47)
episode  82000  train_avg=   +6.2  adv_avg=  +17.1  eval_avg(500)=  +30.2  win_rate= 56.2%  entropy_beta=0.0020  baseline=  +36.3  (1005.1s)
  picks: heuristic:12597x(wr=0.52)  rl_experiments_v4/exp_growing_pool_bignet/seg_50000.pt:19403x(wr=0.54)
episode  84000  train_avg=  +13.5  adv_avg=   +6.7  eval_avg(500)=  +29.4  win_rate= 56.8%  entropy_beta=0.0020  baseline=  +32.8  (1068.0s)
  picks: heuristic:13372x(wr=0.48)  rl_experiments_v4/exp_growing_pool_bignet/seg_50000.pt:20628x(wr=0.56)
episode  86000  train_avg=  -12.8  adv_avg=  -31.6  eval_avg(500)=  +41.1  win_rate= 58.4%  entropy_beta=0.0020  baseline=   +1.8  (1129.3s)
  picks: heuristic:14235x(wr=0.56)  rl_experiments_v4/exp_growing_pool_bignet/seg_50000.pt:21765x(wr=0.48)
episode  88000  train_avg=   +7.3  adv_avg=  -14.8  eval_avg(500)=   +6.9  win_rate= 52.0%  entropy_beta=0.0020  baseline=  -18.9  (1194.3s)
  picks: heuristic:14875x(wr=0.57)  rl_experiments_v4/exp_growing_pool_bignet/seg_50000.pt:23125x(wr=0.44)
episode  90000  train_avg=  +26.6  adv_avg=  +10.7  eval_avg(500)=  +25.2  win_rate= 55.6%  entropy_beta=0.0020  baseline=  +13.2  (1261.3s)
  picks: heuristic:15393x(wr=0.54)  rl_experiments_v4/exp_growing_pool_bignet/seg_50000.pt:24607x(wr=0.57)
episode  92000  train_avg=   -1.4  adv_avg=  +17.1  eval_avg(500)=  +13.1  win_rate= 51.8%  entropy_beta=0.0020  baseline=  -31.6  (1319.5s)
  picks: heuristic:16454x(wr=0.50)  rl_experiments_v4/exp_growing_pool_bignet/seg_50000.pt:25546x(wr=0.49)
episode  94000  train_avg=   +7.1  adv_avg=  +18.6  eval_avg(500)=  +27.8  win_rate= 56.0%  entropy_beta=0.0020  baseline=  +22.2  (1379.0s)
  picks: heuristic:17448x(wr=0.54)  rl_experiments_v4/exp_growing_pool_bignet/seg_50000.pt:26552x(wr=0.49)
episode  96000  train_avg=   +7.4  adv_avg=   -4.6  eval_avg(500)=  +15.4  win_rate= 52.6%  entropy_beta=0.0020  baseline=  -20.9  (1438.4s)
  picks: heuristic:18443x(wr=0.56)  rl_experiments_v4/exp_growing_pool_bignet/seg_50000.pt:27557x(wr=0.54)
episode  98000  train_avg=   +1.9  adv_avg=   +3.1  eval_avg(500)=  +25.1  win_rate= 54.6%  entropy_beta=0.0020  baseline=  -13.9  (1497.6s)
  picks: heuristic:19454x(wr=0.51)  rl_experiments_v4/exp_growing_pool_bignet/seg_50000.pt:28546x(wr=0.49)
episode 100000  train_avg=  +31.6  adv_avg=   +9.8  eval_avg(500)=  +23.5  win_rate= 55.0%  entropy_beta=0.0020  baseline=  -11.6  (1563.2s)
  picks: heuristic:20061x(wr=0.60)  rl_experiments_v4/exp_growing_pool_bignet/seg_50000.pt:29939x(wr=0.56)
poids sauvegardes dans rl_experiments_v4/exp_growing_pool_bignet/seg_100000.pt
PFSP picks total: heuristic:20061x(wr=0.60)  rl_experiments_v4/exp_growing_pool_bignet/seg_50000.pt:29939x(wr=0.56)
