adversaire fige charge depuis rl_experiments_v4/exp_growing_pool_bignet/seg_50000.pt
adversaire fige charge depuis rl_experiments_v4/exp_growing_pool_bignet/seg_100000.pt
adversaire fige charge depuis rl_experiments_v4/exp_growing_pool_bignet/seg_150000.pt
poids charges depuis rl_experiments_v4/exp_growing_pool_bignet/seg_150000.pt
episode 152000  train_avg=  +22.8  adv_avg=   +8.3  eval_avg(500)=  +14.1  win_rate= 53.6%  entropy_beta=0.0020  baseline=  +18.6  (75.0s)
  picks: heuristic:333x(wr=0.57)  rl_experiments_v4/exp_growing_pool_bignet/seg_50000.pt:505x(wr=0.51)  rl_experiments_v4/exp_growing_pool_bignet/seg_100000.pt:389x(wr=0.47)  rl_experiments_v4/exp_growing_pool_bignet/seg_150000.pt:773x(wr=0.63)
episode 154000  train_avg=  +21.6  adv_avg=  +16.4  eval_avg(500)=  +17.8  win_rate= 52.2%  entropy_beta=0.0020  baseline=   +8.4  (150.5s)
  picks: heuristic:606x(wr=0.49)  rl_experiments_v4/exp_growing_pool_bignet/seg_50000.pt:1093x(wr=0.56)  rl_experiments_v4/exp_growing_pool_bignet/seg_100000.pt:1045x(wr=0.49)  rl_experiments_v4/exp_growing_pool_bignet/seg_150000.pt:1256x(wr=0.53)
episode 156000  train_avg=  +13.5  adv_avg=   +3.5  eval_avg(500)=  +36.6  win_rate= 57.2%  entropy_beta=0.0020  baseline=  +19.0  (222.9s)
  picks: heuristic:1062x(wr=0.60)  rl_experiments_v4/exp_growing_pool_bignet/seg_50000.pt:1504x(wr=0.54)  rl_experiments_v4/exp_growing_pool_bignet/seg_100000.pt:1586x(wr=0.43)  rl_experiments_v4/exp_growing_pool_bignet/seg_150000.pt:1848x(wr=0.55)
episode 158000  train_avg=   +2.7  adv_avg=  +19.5  eval_avg(500)=  +12.4  win_rate= 53.0%  entropy_beta=0.0020  baseline=  +13.3  (300.9s)
  picks: heuristic:1302x(wr=0.60)  rl_experiments_v4/exp_growing_pool_bignet/seg_50000.pt:1845x(wr=0.49)  rl_experiments_v4/exp_growing_pool_bignet/seg_100000.pt:2367x(wr=0.47)  rl_experiments_v4/exp_growing_pool_bignet/seg_150000.pt:2486x(wr=0.49)
episode 160000  train_avg=   -4.7  adv_avg=  -10.0  eval_avg(500)=  +21.4  win_rate= 54.4%  entropy_beta=0.0020  baseline=  -29.7  (377.9s)
  picks: heuristic:1551x(wr=0.53)  rl_experiments_v4/exp_growing_pool_bignet/seg_50000.pt:2310x(wr=0.56)  rl_experiments_v4/exp_growing_pool_bignet/seg_100000.pt:3287x(wr=0.43)  rl_experiments_v4/exp_growing_pool_bignet/seg_150000.pt:2852x(wr=0.39)
episode 162000  train_avg=   -9.4  adv_avg=  +16.0  eval_avg(500)=  +19.4  win_rate= 53.4%  entropy_beta=0.0020  baseline=   +7.7  (456.8s)
  picks: heuristic:1977x(wr=0.55)  rl_experiments_v4/exp_growing_pool_bignet/seg_50000.pt:2596x(wr=0.48)  rl_experiments_v4/exp_growing_pool_bignet/seg_100000.pt:3915x(wr=0.49)  rl_experiments_v4/exp_growing_pool_bignet/seg_150000.pt:3512x(wr=0.48)
episode 164000  train_avg=   +6.0  adv_avg=  +21.6  eval_avg(500)=  +10.0  win_rate= 52.4%  entropy_beta=0.0020  baseline=  -37.1  (535.7s)
  picks: heuristic:2295x(wr=0.56)  rl_experiments_v4/exp_growing_pool_bignet/seg_50000.pt:3158x(wr=0.55)  rl_experiments_v4/exp_growing_pool_bignet/seg_100000.pt:4305x(wr=0.59)  rl_experiments_v4/exp_growing_pool_bignet/seg_150000.pt:4242x(wr=0.47)
episode 166000  train_avg=   +8.2  adv_avg=   -6.2  eval_avg(500)=  +21.1  win_rate= 54.4%  entropy_beta=0.0020  baseline=  +12.4  (615.8s)
  picks: heuristic:2561x(wr=0.60)  rl_experiments_v4/exp_growing_pool_bignet/seg_50000.pt:3583x(wr=0.48)  rl_experiments_v4/exp_growing_pool_bignet/seg_100000.pt:4838x(wr=0.54)  rl_experiments_v4/exp_growing_pool_bignet/seg_150000.pt:5018x(wr=0.54)
episode 168000  train_avg=  -10.7  adv_avg=   +2.0  eval_avg(500)=  +22.7  win_rate= 55.4%  entropy_beta=0.0020  baseline=  +53.4  (694.1s)
  picks: heuristic:2940x(wr=0.55)  rl_experiments_v4/exp_growing_pool_bignet/seg_50000.pt:4072x(wr=0.51)  rl_experiments_v4/exp_growing_pool_bignet/seg_100000.pt:5278x(wr=0.44)  rl_experiments_v4/exp_growing_pool_bignet/seg_150000.pt:5710x(wr=0.50)
episode 170000  train_avg=  +14.6  adv_avg=   -5.2  eval_avg(500)=  +25.0  win_rate= 55.2%  entropy_beta=0.0020  baseline=  -14.7  (773.1s)
  picks: heuristic:3297x(wr=0.55)  rl_experiments_v4/exp_growing_pool_bignet/seg_50000.pt:4478x(wr=0.48)  rl_experiments_v4/exp_growing_pool_bignet/seg_100000.pt:6195x(wr=0.59)  rl_experiments_v4/exp_growing_pool_bignet/seg_150000.pt:6030x(wr=0.52)
episode 172000  train_avg=  +15.0  adv_avg=   +5.7  eval_avg(500)=  +31.6  win_rate= 56.0%  entropy_beta=0.0020  baseline=   -4.0  (853.2s)
  picks: heuristic:3550x(wr=0.61)  rl_experiments_v4/exp_growing_pool_bignet/seg_50000.pt:5063x(wr=0.41)  rl_experiments_v4/exp_growing_pool_bignet/seg_100000.pt:6729x(wr=0.57)  rl_experiments_v4/exp_growing_pool_bignet/seg_150000.pt:6658x(wr=0.52)
episode 174000  train_avg=  -10.2  adv_avg=   +5.3  eval_avg(500)=  +36.6  win_rate= 58.0%  entropy_beta=0.0020  baseline=  +26.8  (933.8s)
  picks: heuristic:3758x(wr=0.48)  rl_experiments_v4/exp_growing_pool_bignet/seg_50000.pt:5953x(wr=0.54)  rl_experiments_v4/exp_growing_pool_bignet/seg_100000.pt:7025x(wr=0.46)  rl_experiments_v4/exp_growing_pool_bignet/seg_150000.pt:7264x(wr=0.47)
episode 176000  train_avg=  -10.3  adv_avg=  +11.8  eval_avg(500)=  +50.3  win_rate= 60.0%  entropy_beta=0.0020  baseline=   -1.3  (1010.8s)
  picks: heuristic:4217x(wr=0.53)  rl_experiments_v4/exp_growing_pool_bignet/seg_50000.pt:6484x(wr=0.52)  rl_experiments_v4/exp_growing_pool_bignet/seg_100000.pt:7553x(wr=0.45)  rl_experiments_v4/exp_growing_pool_bignet/seg_150000.pt:7746x(wr=0.45)
episode 178000  train_avg=   -9.2  adv_avg=   +2.0  eval_avg(500)=  +31.4  win_rate= 56.2%  entropy_beta=0.0020  baseline=   +4.2  (1090.4s)
  picks: heuristic:4502x(wr=0.52)  rl_experiments_v4/exp_growing_pool_bignet/seg_50000.pt:6884x(wr=0.55)  rl_experiments_v4/exp_growing_pool_bignet/seg_100000.pt:8151x(wr=0.54)  rl_experiments_v4/exp_growing_pool_bignet/seg_150000.pt:8463x(wr=0.48)
episode 180000  train_avg=  -41.6  adv_avg=  -25.4  eval_avg(500)=  +23.4  win_rate= 54.2%  entropy_beta=0.0020  baseline=   -9.3  (1169.6s)
  picks: heuristic:4884x(wr=0.55)  rl_experiments_v4/exp_growing_pool_bignet/seg_50000.pt:7193x(wr=0.43)  rl_experiments_v4/exp_growing_pool_bignet/seg_100000.pt:8765x(wr=0.46)  rl_experiments_v4/exp_growing_pool_bignet/seg_150000.pt:9158x(wr=0.45)
episode 182000  train_avg=   -3.0  adv_avg=   -3.2  eval_avg(500)=  +39.5  win_rate= 58.4%  entropy_beta=0.0020  baseline=   +8.0  (1251.9s)
  picks: heuristic:5141x(wr=0.57)  rl_experiments_v4/exp_growing_pool_bignet/seg_50000.pt:7676x(wr=0.52)  rl_experiments_v4/exp_growing_pool_bignet/seg_100000.pt:9301x(wr=0.51)  rl_experiments_v4/exp_growing_pool_bignet/seg_150000.pt:9882x(wr=0.49)
episode 184000  train_avg=   +4.2  adv_avg=  +32.3  eval_avg(500)=  +16.5  win_rate= 52.8%  entropy_beta=0.0020  baseline=  +50.6  (1332.5s)
  picks: heuristic:5403x(wr=0.55)  rl_experiments_v4/exp_growing_pool_bignet/seg_50000.pt:8088x(wr=0.56)  rl_experiments_v4/exp_growing_pool_bignet/seg_100000.pt:9701x(wr=0.51)  rl_experiments_v4/exp_growing_pool_bignet/seg_150000.pt:10808x(wr=0.47)
episode 186000  train_avg=  -12.3  adv_avg=   +0.9  eval_avg(500)=  +26.2  win_rate= 55.4%  entropy_beta=0.0020  baseline=  +16.8  (1410.1s)
  picks: heuristic:5816x(wr=0.50)  rl_experiments_v4/exp_growing_pool_bignet/seg_50000.pt:8397x(wr=0.56)  rl_experiments_v4/exp_growing_pool_bignet/seg_100000.pt:10170x(wr=0.49)  rl_experiments_v4/exp_growing_pool_bignet/seg_150000.pt:11617x(wr=0.48)
episode 188000  train_avg=   +1.2  adv_avg=   +1.5  eval_avg(500)=  +40.4  win_rate= 57.4%  entropy_beta=0.0020  baseline=  -13.3  (1488.9s)
  picks: heuristic:6242x(wr=0.60)  rl_experiments_v4/exp_growing_pool_bignet/seg_50000.pt:8712x(wr=0.55)  rl_experiments_v4/exp_growing_pool_bignet/seg_100000.pt:10833x(wr=0.43)  rl_experiments_v4/exp_growing_pool_bignet/seg_150000.pt:12213x(wr=0.49)
episode 190000  train_avg=  +24.9  adv_avg=  +24.5  eval_avg(500)=  +25.8  win_rate= 54.4%  entropy_beta=0.0020  baseline=   -3.4  (1567.6s)
  picks: heuristic:6558x(wr=0.60)  rl_experiments_v4/exp_growing_pool_bignet/seg_50000.pt:8918x(wr=0.61)  rl_experiments_v4/exp_growing_pool_bignet/seg_100000.pt:11471x(wr=0.48)  rl_experiments_v4/exp_growing_pool_bignet/seg_150000.pt:13053x(wr=0.47)
episode 192000  train_avg=  +18.5  adv_avg=  +14.2  eval_avg(500)=  +21.9  win_rate= 54.2%  entropy_beta=0.0020  baseline=   +7.4  (1646.8s)
  picks: heuristic:6825x(wr=0.57)  rl_experiments_v4/exp_growing_pool_bignet/seg_50000.pt:9209x(wr=0.51)  rl_experiments_v4/exp_growing_pool_bignet/seg_100000.pt:12062x(wr=0.53)  rl_experiments_v4/exp_growing_pool_bignet/seg_150000.pt:13904x(wr=0.50)
episode 194000  train_avg=  +11.8  adv_avg=   +2.0  eval_avg(500)=  +20.4  win_rate= 54.2%  entropy_beta=0.0020  baseline=   -2.2  (1725.2s)
  picks: heuristic:7191x(wr=0.53)  rl_experiments_v4/exp_growing_pool_bignet/seg_50000.pt:9838x(wr=0.56)  rl_experiments_v4/exp_growing_pool_bignet/seg_100000.pt:12424x(wr=0.46)  rl_experiments_v4/exp_growing_pool_bignet/seg_150000.pt:14547x(wr=0.59)
episode 196000  train_avg=   -8.5  adv_avg=  +11.4  eval_avg(500)=  +42.1  win_rate= 59.2%  entropy_beta=0.0020  baseline=   +0.1  (1804.6s)
  picks: heuristic:7474x(wr=0.57)  rl_experiments_v4/exp_growing_pool_bignet/seg_50000.pt:10157x(wr=0.58)  rl_experiments_v4/exp_growing_pool_bignet/seg_100000.pt:13399x(wr=0.47)  rl_experiments_v4/exp_growing_pool_bignet/seg_150000.pt:14970x(wr=0.47)
episode 198000  train_avg=   +1.4  adv_avg=   -8.9  eval_avg(500)=  +18.3  win_rate= 53.6%  entropy_beta=0.0020  baseline=  -68.6  (1883.0s)
  picks: heuristic:7802x(wr=0.46)  rl_experiments_v4/exp_growing_pool_bignet/seg_50000.pt:10462x(wr=0.58)  rl_experiments_v4/exp_growing_pool_bignet/seg_100000.pt:13995x(wr=0.52)  rl_experiments_v4/exp_growing_pool_bignet/seg_150000.pt:15741x(wr=0.46)
episode 200000  train_avg=   -4.4  adv_avg=   -4.8  eval_avg(500)=  +22.1  win_rate= 54.0%  entropy_beta=0.0020  baseline=  -45.7  (1958.6s)
  picks: heuristic:8214x(wr=0.56)  rl_experiments_v4/exp_growing_pool_bignet/seg_50000.pt:10949x(wr=0.43)  rl_experiments_v4/exp_growing_pool_bignet/seg_100000.pt:14466x(wr=0.55)  rl_experiments_v4/exp_growing_pool_bignet/seg_150000.pt:16371x(wr=0.47)
poids sauvegardes dans rl_experiments_v4/exp_growing_pool_bignet/seg_200000.pt
PFSP picks total: heuristic:8214x(wr=0.56)  rl_experiments_v4/exp_growing_pool_bignet/seg_50000.pt:10949x(wr=0.43)  rl_experiments_v4/exp_growing_pool_bignet/seg_100000.pt:14466x(wr=0.55)  rl_experiments_v4/exp_growing_pool_bignet/seg_150000.pt:16371x(wr=0.47)
