adversaire fige charge depuis rl_experiments_v4/exp_growing_pool_bignet/seg_50000.pt
adversaire fige charge depuis rl_experiments_v4/exp_growing_pool_bignet/seg_100000.pt
adversaire fige charge depuis rl_experiments_v4/exp_growing_pool_bignet/seg_150000.pt
adversaire fige charge depuis rl_experiments_v4/exp_growing_pool_bignet/seg_200000.pt
poids charges depuis rl_experiments_v4/exp_growing_pool_bignet/seg_200000.pt
episode 202000  train_avg=  +18.7  adv_avg=  +12.7  eval_avg(500)=  +21.9  win_rate= 54.2%  entropy_beta=0.0020  baseline=  -20.1  (74.6s)
  picks: heuristic:477x(wr=0.63)  rl_experiments_v4/exp_growing_pool_bignet/seg_50000.pt:320x(wr=0.50)  rl_experiments_v4/exp_growing_pool_bignet/seg_100000.pt:324x(wr=0.49)  rl_experiments_v4/exp_growing_pool_bignet/seg_150000.pt:368x(wr=0.49)  rl_experiments_v4/exp_growing_pool_bignet/seg_200000.pt:511x(wr=0.51)
episode 204000  train_avg=  +30.8  adv_avg=   +8.9  eval_avg(500)=  +32.9  win_rate= 56.6%  entropy_beta=0.0020  baseline=  -69.9  (154.3s)
  picks: heuristic:812x(wr=0.53)  rl_experiments_v4/exp_growing_pool_bignet/seg_50000.pt:675x(wr=0.46)  rl_experiments_v4/exp_growing_pool_bignet/seg_100000.pt:691x(wr=0.60)  rl_experiments_v4/exp_growing_pool_bignet/seg_150000.pt:792x(wr=0.54)  rl_experiments_v4/exp_growing_pool_bignet/seg_200000.pt:1030x(wr=0.57)
episode 206000  train_avg=  +10.1  adv_avg=   +9.7  eval_avg(500)=  +38.3  win_rate= 57.4%  entropy_beta=0.0020  baseline=  -24.9  (228.7s)
  picks: heuristic:1176x(wr=0.67)  rl_experiments_v4/exp_growing_pool_bignet/seg_50000.pt:1126x(wr=0.46)  rl_experiments_v4/exp_growing_pool_bignet/seg_100000.pt:980x(wr=0.53)  rl_experiments_v4/exp_growing_pool_bignet/seg_150000.pt:1206x(wr=0.48)  rl_experiments_v4/exp_growing_pool_bignet/seg_200000.pt:1512x(wr=0.45)
episode 208000  train_avg=  -14.3  adv_avg=   -9.6  eval_avg(500)=  +15.5  win_rate= 53.2%  entropy_beta=0.0020  baseline=  -12.8  (306.6s)
  picks: heuristic:1295x(wr=0.53)  rl_experiments_v4/exp_growing_pool_bignet/seg_50000.pt:1688x(wr=0.48)  rl_experiments_v4/exp_growing_pool_bignet/seg_100000.pt:1289x(wr=0.60)  rl_experiments_v4/exp_growing_pool_bignet/seg_150000.pt:1638x(wr=0.45)  rl_experiments_v4/exp_growing_pool_bignet/seg_200000.pt:2090x(wr=0.46)
episode 210000  train_avg=  +30.7  adv_avg=   +7.7  eval_avg(500)=  +43.3  win_rate= 59.4%  entropy_beta=0.0020  baseline=   +9.7  (383.6s)
  picks: heuristic:1630x(wr=0.58)  rl_experiments_v4/exp_growing_pool_bignet/seg_50000.pt:2049x(wr=0.60)  rl_experiments_v4/exp_growing_pool_bignet/seg_100000.pt:1615x(wr=0.43)  rl_experiments_v4/exp_growing_pool_bignet/seg_150000.pt:2174x(wr=0.58)  rl_experiments_v4/exp_growing_pool_bignet/seg_200000.pt:2532x(wr=0.55)
episode 212000  train_avg=  +45.0  adv_avg=  +16.2  eval_avg(500)=  +33.7  win_rate= 57.2%  entropy_beta=0.0020  baseline=  -39.9  (460.2s)
  picks: heuristic:1980x(wr=0.65)  rl_experiments_v4/exp_growing_pool_bignet/seg_50000.pt:2266x(wr=0.47)  rl_experiments_v4/exp_growing_pool_bignet/seg_100000.pt:2326x(wr=0.53)  rl_experiments_v4/exp_growing_pool_bignet/seg_150000.pt:2544x(wr=0.56)  rl_experiments_v4/exp_growing_pool_bignet/seg_200000.pt:2884x(wr=0.56)
episode 214000  train_avg=   -2.2  adv_avg=   -0.6  eval_avg(500)=  +42.2  win_rate= 59.4%  entropy_beta=0.0020  baseline=   -2.8  (537.5s)
  picks: heuristic:2208x(wr=0.47)  rl_experiments_v4/exp_growing_pool_bignet/seg_50000.pt:2892x(wr=0.51)  rl_experiments_v4/exp_growing_pool_bignet/seg_100000.pt:2728x(wr=0.54)  rl_experiments_v4/exp_growing_pool_bignet/seg_150000.pt:3004x(wr=0.53)  rl_experiments_v4/exp_growing_pool_bignet/seg_200000.pt:3168x(wr=0.50)
episode 216000  train_avg=   +0.9  adv_avg=   +1.5  eval_avg(500)=  +38.5  win_rate= 58.2%  entropy_beta=0.0020  baseline=  +30.6  (610.8s)
  picks: heuristic:2659x(wr=0.55)  rl_experiments_v4/exp_growing_pool_bignet/seg_50000.pt:3232x(wr=0.48)  rl_experiments_v4/exp_growing_pool_bignet/seg_100000.pt:3121x(wr=0.50)  rl_experiments_v4/exp_growing_pool_bignet/seg_150000.pt:3442x(wr=0.48)  rl_experiments_v4/exp_growing_pool_bignet/seg_200000.pt:3546x(wr=0.51)
episode 218000  train_avg=   -6.1  adv_avg=   +3.6  eval_avg(500)=  +35.6  win_rate= 57.2%  entropy_beta=0.0020  baseline=   -6.6  (692.2s)
  picks: heuristic:2901x(wr=0.50)  rl_experiments_v4/exp_growing_pool_bignet/seg_50000.pt:3733x(wr=0.47)  rl_experiments_v4/exp_growing_pool_bignet/seg_100000.pt:3433x(wr=0.54)  rl_experiments_v4/exp_growing_pool_bignet/seg_150000.pt:4035x(wr=0.50)  rl_experiments_v4/exp_growing_pool_bignet/seg_200000.pt:3898x(wr=0.49)
episode 220000  train_avg=   +3.2  adv_avg=   -5.5  eval_avg(500)=  +49.9  win_rate= 60.0%  entropy_beta=0.0020  baseline=   +0.7  (772.1s)
  picks: heuristic:3291x(wr=0.54)  rl_experiments_v4/exp_growing_pool_bignet/seg_50000.pt:4141x(wr=0.45)  rl_experiments_v4/exp_growing_pool_bignet/seg_100000.pt:3838x(wr=0.51)  rl_experiments_v4/exp_growing_pool_bignet/seg_150000.pt:4462x(wr=0.44)  rl_experiments_v4/exp_growing_pool_bignet/seg_200000.pt:4268x(wr=0.51)
episode 222000  train_avg=  +11.7  adv_avg=  +22.6  eval_avg(500)=  +35.7  win_rate= 56.8%  entropy_beta=0.0020  baseline=  +18.8  (850.0s)
  picks: heuristic:3478x(wr=0.55)  rl_experiments_v4/exp_growing_pool_bignet/seg_50000.pt:4688x(wr=0.52)  rl_experiments_v4/exp_growing_pool_bignet/seg_100000.pt:4187x(wr=0.49)  rl_experiments_v4/exp_growing_pool_bignet/seg_150000.pt:5074x(wr=0.50)  rl_experiments_v4/exp_growing_pool_bignet/seg_200000.pt:4573x(wr=0.51)
episode 224000  train_avg=   +5.7  adv_avg=   -2.4  eval_avg(500)=  +21.1  win_rate= 55.0%  entropy_beta=0.0020  baseline=   -7.6  (993.0s)
  picks: heuristic:3688x(wr=0.55)  rl_experiments_v4/exp_growing_pool_bignet/seg_50000.pt:5145x(wr=0.50)  rl_experiments_v4/exp_growing_pool_bignet/seg_100000.pt:4533x(wr=0.54)  rl_experiments_v4/exp_growing_pool_bignet/seg_150000.pt:5542x(wr=0.52)  rl_experiments_v4/exp_growing_pool_bignet/seg_200000.pt:5092x(wr=0.45)
episode 226000  train_avg=  +12.4  adv_avg=   +3.5  eval_avg(500)=  +23.9  win_rate= 54.0%  entropy_beta=0.0020  baseline=  +56.9  (1076.4s)
  picks: heuristic:3984x(wr=0.59)  rl_experiments_v4/exp_growing_pool_bignet/seg_50000.pt:5523x(wr=0.61)  rl_experiments_v4/exp_growing_pool_bignet/seg_100000.pt:4733x(wr=0.60)  rl_experiments_v4/exp_growing_pool_bignet/seg_150000.pt:5906x(wr=0.54)  rl_experiments_v4/exp_growing_pool_bignet/seg_200000.pt:5854x(wr=0.48)
episode 228000  train_avg=   +6.3  adv_avg=  -15.7  eval_avg(500)=  +22.4  win_rate= 54.2%  entropy_beta=0.0020  baseline=  -12.0  (1160.1s)
  picks: heuristic:4284x(wr=0.49)  rl_experiments_v4/exp_growing_pool_bignet/seg_50000.pt:5824x(wr=0.61)  rl_experiments_v4/exp_growing_pool_bignet/seg_100000.pt:5030x(wr=0.48)  rl_experiments_v4/exp_growing_pool_bignet/seg_150000.pt:6381x(wr=0.54)  rl_experiments_v4/exp_growing_pool_bignet/seg_200000.pt:6481x(wr=0.46)
episode 230000  train_avg=  -14.6  adv_avg=  -19.2  eval_avg(500)=  +42.1  win_rate= 58.6%  entropy_beta=0.0020  baseline=  -42.1  (1238.8s)
  picks: heuristic:4648x(wr=0.50)  rl_experiments_v4/exp_growing_pool_bignet/seg_50000.pt:6014x(wr=0.51)  rl_experiments_v4/exp_growing_pool_bignet/seg_100000.pt:5472x(wr=0.51)  rl_experiments_v4/exp_growing_pool_bignet/seg_150000.pt:6804x(wr=0.47)  rl_experiments_v4/exp_growing_pool_bignet/seg_200000.pt:7062x(wr=0.51)
episode 232000  train_avg=   -1.8  adv_avg=   -6.7  eval_avg(500)=  +50.5  win_rate= 61.0%  entropy_beta=0.0020  baseline=   +5.0  (1314.2s)
  picks: heuristic:4901x(wr=0.49)  rl_experiments_v4/exp_growing_pool_bignet/seg_50000.pt:6420x(wr=0.44)  rl_experiments_v4/exp_growing_pool_bignet/seg_100000.pt:5886x(wr=0.52)  rl_experiments_v4/exp_growing_pool_bignet/seg_150000.pt:7365x(wr=0.47)  rl_experiments_v4/exp_growing_pool_bignet/seg_200000.pt:7428x(wr=0.52)
episode 234000  train_avg=   -7.8  adv_avg=   -0.1  eval_avg(500)=  +26.6  win_rate= 54.8%  entropy_beta=0.0020  baseline=   -3.7  (1389.4s)
  picks: heuristic:5175x(wr=0.54)  rl_experiments_v4/exp_growing_pool_bignet/seg_50000.pt:6747x(wr=0.53)  rl_experiments_v4/exp_growing_pool_bignet/seg_100000.pt:6335x(wr=0.53)  rl_experiments_v4/exp_growing_pool_bignet/seg_150000.pt:8036x(wr=0.49)  rl_experiments_v4/exp_growing_pool_bignet/seg_200000.pt:7707x(wr=0.52)
episode 236000  train_avg=  +34.0  adv_avg=   +0.4  eval_avg(500)=  +38.5  win_rate= 58.0%  entropy_beta=0.0020  baseline=   -4.1  (1466.0s)
  picks: heuristic:5449x(wr=0.63)  rl_experiments_v4/exp_growing_pool_bignet/seg_50000.pt:7134x(wr=0.53)  rl_experiments_v4/exp_growing_pool_bignet/seg_100000.pt:6661x(wr=0.55)  rl_experiments_v4/exp_growing_pool_bignet/seg_150000.pt:8495x(wr=0.56)  rl_experiments_v4/exp_growing_pool_bignet/seg_200000.pt:8261x(wr=0.52)
episode 238000  train_avg=   +3.7  adv_avg=   -7.7  eval_avg(500)=  +25.8  win_rate= 55.6%  entropy_beta=0.0020  baseline=  +29.6  (1543.1s)
  picks: heuristic:5677x(wr=0.54)  rl_experiments_v4/exp_growing_pool_bignet/seg_50000.pt:7712x(wr=0.48)  rl_experiments_v4/exp_growing_pool_bignet/seg_100000.pt:7089x(wr=0.55)  rl_experiments_v4/exp_growing_pool_bignet/seg_150000.pt:8808x(wr=0.50)  rl_experiments_v4/exp_growing_pool_bignet/seg_200000.pt:8714x(wr=0.53)
episode 240000  train_avg=  +15.8  adv_avg=   -2.4  eval_avg(500)=  +37.1  win_rate= 57.2%  entropy_beta=0.0020  baseline=  +13.0  (1623.3s)
  picks: heuristic:5997x(wr=0.64)  rl_experiments_v4/exp_growing_pool_bignet/seg_50000.pt:8107x(wr=0.58)  rl_experiments_v4/exp_growing_pool_bignet/seg_100000.pt:7470x(wr=0.52)  rl_experiments_v4/exp_growing_pool_bignet/seg_150000.pt:9265x(wr=0.52)  rl_experiments_v4/exp_growing_pool_bignet/seg_200000.pt:9161x(wr=0.55)
episode 242000  train_avg=  +28.6  adv_avg=  +15.2  eval_avg(500)=  +19.9  win_rate= 54.2%  entropy_beta=0.0020  baseline=  +15.6  (1700.0s)
  picks: heuristic:6322x(wr=0.59)  rl_experiments_v4/exp_growing_pool_bignet/seg_50000.pt:8345x(wr=0.55)  rl_experiments_v4/exp_growing_pool_bignet/seg_100000.pt:7884x(wr=0.60)  rl_experiments_v4/exp_growing_pool_bignet/seg_150000.pt:9796x(wr=0.43)  rl_experiments_v4/exp_growing_pool_bignet/seg_200000.pt:9653x(wr=0.58)
episode 244000  train_avg=   +0.4  adv_avg=   +8.0  eval_avg(500)=  +31.4  win_rate= 56.6%  entropy_beta=0.0020  baseline=  +26.4  (1778.2s)
  picks: heuristic:6510x(wr=0.56)  rl_experiments_v4/exp_growing_pool_bignet/seg_50000.pt:8814x(wr=0.51)  rl_experiments_v4/exp_growing_pool_bignet/seg_100000.pt:8190x(wr=0.44)  rl_experiments_v4/exp_growing_pool_bignet/seg_150000.pt:10613x(wr=0.49)  rl_experiments_v4/exp_growing_pool_bignet/seg_200000.pt:9873x(wr=0.58)
episode 246000  train_avg=  +16.7  adv_avg=  +10.8  eval_avg(500)=  +23.5  win_rate= 54.4%  entropy_beta=0.0020  baseline=  -25.6  (1850.9s)
  picks: heuristic:6858x(wr=0.53)  rl_experiments_v4/exp_growing_pool_bignet/seg_50000.pt:9085x(wr=0.66)  rl_experiments_v4/exp_growing_pool_bignet/seg_100000.pt:8996x(wr=0.53)  rl_experiments_v4/exp_growing_pool_bignet/seg_150000.pt:10958x(wr=0.46)  rl_experiments_v4/exp_growing_pool_bignet/seg_200000.pt:10103x(wr=0.50)
episode 248000  train_avg=   +8.2  adv_avg=   +1.1  eval_avg(500)=  +19.6  win_rate= 53.6%  entropy_beta=0.0020  baseline=  -11.1  (1924.5s)
  picks: heuristic:7292x(wr=0.51)  rl_experiments_v4/exp_growing_pool_bignet/seg_50000.pt:9311x(wr=0.47)  rl_experiments_v4/exp_growing_pool_bignet/seg_100000.pt:9359x(wr=0.47)  rl_experiments_v4/exp_growing_pool_bignet/seg_150000.pt:11413x(wr=0.54)  rl_experiments_v4/exp_growing_pool_bignet/seg_200000.pt:10625x(wr=0.54)
episode 250000  train_avg=  +21.1  adv_avg=   +6.1  eval_avg(500)=  +26.0  win_rate= 54.4%  entropy_beta=0.0020  baseline=  -69.3  (2000.1s)
  picks: heuristic:7567x(wr=0.62)  rl_experiments_v4/exp_growing_pool_bignet/seg_50000.pt:9920x(wr=0.55)  rl_experiments_v4/exp_growing_pool_bignet/seg_100000.pt:9795x(wr=0.54)  rl_experiments_v4/exp_growing_pool_bignet/seg_150000.pt:11865x(wr=0.54)  rl_experiments_v4/exp_growing_pool_bignet/seg_200000.pt:10853x(wr=0.54)
poids sauvegardes dans rl_experiments_v4/exp_growing_pool_bignet/seg_250000.pt
PFSP picks total: heuristic:7567x(wr=0.62)  rl_experiments_v4/exp_growing_pool_bignet/seg_50000.pt:9920x(wr=0.55)  rl_experiments_v4/exp_growing_pool_bignet/seg_100000.pt:9795x(wr=0.54)  rl_experiments_v4/exp_growing_pool_bignet/seg_150000.pt:11865x(wr=0.54)  rl_experiments_v4/exp_growing_pool_bignet/seg_200000.pt:10853x(wr=0.54)
