adversaire fige charge depuis rl_experiments_v4/exp_growing_pool_bignet/seg_50000.pt
adversaire fige charge depuis rl_experiments_v4/exp_growing_pool_bignet/seg_100000.pt
adversaire fige charge depuis rl_experiments_v4/exp_growing_pool_bignet/seg_150000.pt
adversaire fige charge depuis rl_experiments_v4/exp_growing_pool_bignet/seg_200000.pt
adversaire fige charge depuis rl_experiments_v4/exp_growing_pool_bignet/seg_250000.pt
adversaire fige charge depuis rl_experiments_v4/exp_growing_pool_bignet/seg_300000.pt
poids charges depuis rl_experiments_v4/exp_growing_pool_bignet/seg_300000.pt
episode 302000  train_avg=  -12.1  adv_avg=  -21.5  eval_avg(500)=  +24.5  win_rate= 56.0%  entropy_beta=0.0020  baseline=  -64.0  (91.6s)
  picks: heuristic:200x(wr=0.59)  rl_experiments_v4/exp_growing_pool_bignet/seg_50000.pt:335x(wr=0.46)  rl_experiments_v4/exp_growing_pool_bignet/seg_100000.pt:243x(wr=0.47)  rl_experiments_v4/exp_growing_pool_bignet/seg_150000.pt:216x(wr=0.53)  rl_experiments_v4/exp_growing_pool_bignet/seg_200000.pt:301x(wr=0.58)  rl_experiments_v4/exp_growing_pool_bignet/seg_250000.pt:301x(wr=0.51)  rl_experiments_v4/exp_growing_pool_bignet/seg_300000.pt:404x(wr=0.54)
episode 304000  train_avg=  +11.7  adv_avg=   -6.9  eval_avg(500)=  +25.8  win_rate= 56.0%  entropy_beta=0.0020  baseline=   -9.4  (180.9s)
  picks: heuristic:485x(wr=0.57)  rl_experiments_v4/exp_growing_pool_bignet/seg_50000.pt:705x(wr=0.57)  rl_experiments_v4/exp_growing_pool_bignet/seg_100000.pt:573x(wr=0.51)  rl_experiments_v4/exp_growing_pool_bignet/seg_150000.pt:436x(wr=0.53)  rl_experiments_v4/exp_growing_pool_bignet/seg_200000.pt:528x(wr=0.55)  rl_experiments_v4/exp_growing_pool_bignet/seg_250000.pt:537x(wr=0.49)  rl_experiments_v4/exp_growing_pool_bignet/seg_300000.pt:736x(wr=0.49)
episode 306000  train_avg=  -15.7  adv_avg=   -6.1  eval_avg(500)=  +35.7  win_rate= 57.4%  entropy_beta=0.0020  baseline=  +11.0  (266.9s)
  picks: heuristic:703x(wr=0.54)  rl_experiments_v4/exp_growing_pool_bignet/seg_50000.pt:893x(wr=0.49)  rl_experiments_v4/exp_growing_pool_bignet/seg_100000.pt:859x(wr=0.55)  rl_experiments_v4/exp_growing_pool_bignet/seg_150000.pt:721x(wr=0.49)  rl_experiments_v4/exp_growing_pool_bignet/seg_200000.pt:819x(wr=0.42)  rl_experiments_v4/exp_growing_pool_bignet/seg_250000.pt:951x(wr=0.45)  rl_experiments_v4/exp_growing_pool_bignet/seg_300000.pt:1054x(wr=0.52)
episode 308000  train_avg=  +13.4  adv_avg=  +22.5  eval_avg(500)=  +33.4  win_rate= 56.6%  entropy_beta=0.0020  baseline=  +51.5  (354.6s)
  picks: heuristic:842x(wr=0.61)  rl_experiments_v4/exp_growing_pool_bignet/seg_50000.pt:1241x(wr=0.54)  rl_experiments_v4/exp_growing_pool_bignet/seg_100000.pt:1042x(wr=0.57)  rl_experiments_v4/exp_growing_pool_bignet/seg_150000.pt:1097x(wr=0.51)  rl_experiments_v4/exp_growing_pool_bignet/seg_200000.pt:1207x(wr=0.55)  rl_experiments_v4/exp_growing_pool_bignet/seg_250000.pt:1288x(wr=0.38)  rl_experiments_v4/exp_growing_pool_bignet/seg_300000.pt:1283x(wr=0.46)
episode 310000  train_avg=   -6.0  adv_avg=   -7.0  eval_avg(500)=  +23.9  win_rate= 54.2%  entropy_beta=0.0020  baseline=  -54.8  (441.3s)
  picks: heuristic:976x(wr=0.59)  rl_experiments_v4/exp_growing_pool_bignet/seg_50000.pt:1433x(wr=0.50)  rl_experiments_v4/exp_growing_pool_bignet/seg_100000.pt:1204x(wr=0.49)  rl_experiments_v4/exp_growing_pool_bignet/seg_150000.pt:1398x(wr=0.49)  rl_experiments_v4/exp_growing_pool_bignet/seg_200000.pt:1373x(wr=0.51)  rl_experiments_v4/exp_growing_pool_bignet/seg_250000.pt:2006x(wr=0.45)  rl_experiments_v4/exp_growing_pool_bignet/seg_300000.pt:1610x(wr=0.48)
episode 312000  train_avg=   +2.5  adv_avg=  +15.5  eval_avg(500)=  +34.5  win_rate= 56.8%  entropy_beta=0.0020  baseline=  -54.6  (530.1s)
  picks: heuristic:1073x(wr=0.58)  rl_experiments_v4/exp_growing_pool_bignet/seg_50000.pt:1610x(wr=0.49)  rl_experiments_v4/exp_growing_pool_bignet/seg_100000.pt:1434x(wr=0.50)  rl_experiments_v4/exp_growing_pool_bignet/seg_150000.pt:1696x(wr=0.48)  rl_experiments_v4/exp_growing_pool_bignet/seg_200000.pt:1599x(wr=0.50)  rl_experiments_v4/exp_growing_pool_bignet/seg_250000.pt:2559x(wr=0.48)  rl_experiments_v4/exp_growing_pool_bignet/seg_300000.pt:2029x(wr=0.51)
episode 314000  train_avg=   -0.9  adv_avg=   -9.8  eval_avg(500)=  +36.8  win_rate= 57.6%  entropy_beta=0.0020  baseline=  -10.3  (614.6s)
  picks: heuristic:1268x(wr=0.59)  rl_experiments_v4/exp_growing_pool_bignet/seg_50000.pt:1864x(wr=0.52)  rl_experiments_v4/exp_growing_pool_bignet/seg_100000.pt:1679x(wr=0.58)  rl_experiments_v4/exp_growing_pool_bignet/seg_150000.pt:2138x(wr=0.45)  rl_experiments_v4/exp_growing_pool_bignet/seg_200000.pt:1853x(wr=0.57)  rl_experiments_v4/exp_growing_pool_bignet/seg_250000.pt:2979x(wr=0.50)  rl_experiments_v4/exp_growing_pool_bignet/seg_300000.pt:2219x(wr=0.62)
episode 316000  train_avg=  +16.1  adv_avg=  -12.0  eval_avg(500)=  +14.9  win_rate= 52.6%  entropy_beta=0.0020  baseline=  +16.7  (692.8s)
  picks: heuristic:1407x(wr=0.59)  rl_experiments_v4/exp_growing_pool_bignet/seg_50000.pt:2155x(wr=0.63)  rl_experiments_v4/exp_growing_pool_bignet/seg_100000.pt:1874x(wr=0.54)  rl_experiments_v4/exp_growing_pool_bignet/seg_150000.pt:2723x(wr=0.43)  rl_experiments_v4/exp_growing_pool_bignet/seg_200000.pt:2005x(wr=0.61)  rl_experiments_v4/exp_growing_pool_bignet/seg_250000.pt:3440x(wr=0.53)  rl_experiments_v4/exp_growing_pool_bignet/seg_300000.pt:2396x(wr=0.40)
episode 318000  train_avg=  +20.9  adv_avg=  +23.8  eval_avg(500)=  +26.4  win_rate= 55.2%  entropy_beta=0.0020  baseline=  +31.5  (772.2s)
  picks: heuristic:1502x(wr=0.62)  rl_experiments_v4/exp_growing_pool_bignet/seg_50000.pt:2276x(wr=0.59)  rl_experiments_v4/exp_growing_pool_bignet/seg_100000.pt:2133x(wr=0.47)  rl_experiments_v4/exp_growing_pool_bignet/seg_150000.pt:3175x(wr=0.58)  rl_experiments_v4/exp_growing_pool_bignet/seg_200000.pt:2185x(wr=0.51)  rl_experiments_v4/exp_growing_pool_bignet/seg_250000.pt:3677x(wr=0.48)  rl_experiments_v4/exp_growing_pool_bignet/seg_300000.pt:3052x(wr=0.52)
episode 320000  train_avg=  -16.7  adv_avg=   -1.5  eval_avg(500)=  +25.1  win_rate= 55.2%  entropy_beta=0.0020  baseline=  +10.9  (850.1s)
  picks: heuristic:1643x(wr=0.60)  rl_experiments_v4/exp_growing_pool_bignet/seg_50000.pt:2423x(wr=0.59)  rl_experiments_v4/exp_growing_pool_bignet/seg_100000.pt:2556x(wr=0.47)  rl_experiments_v4/exp_growing_pool_bignet/seg_150000.pt:3420x(wr=0.53)  rl_experiments_v4/exp_growing_pool_bignet/seg_200000.pt:2513x(wr=0.48)  rl_experiments_v4/exp_growing_pool_bignet/seg_250000.pt:4035x(wr=0.46)  rl_experiments_v4/exp_growing_pool_bignet/seg_300000.pt:3410x(wr=0.46)
episode 322000  train_avg=  +35.3  adv_avg=   +4.5  eval_avg(500)=  +32.4  win_rate= 57.2%  entropy_beta=0.0020  baseline=  +70.0  (926.5s)
  picks: heuristic:1868x(wr=0.62)  rl_experiments_v4/exp_growing_pool_bignet/seg_50000.pt:2532x(wr=0.59)  rl_experiments_v4/exp_growing_pool_bignet/seg_100000.pt:2807x(wr=0.54)  rl_experiments_v4/exp_growing_pool_bignet/seg_150000.pt:3699x(wr=0.57)  rl_experiments_v4/exp_growing_pool_bignet/seg_200000.pt:2909x(wr=0.46)  rl_experiments_v4/exp_growing_pool_bignet/seg_250000.pt:4387x(wr=0.50)  rl_experiments_v4/exp_growing_pool_bignet/seg_300000.pt:3798x(wr=0.56)
episode 324000  train_avg=   -9.7  adv_avg=  +16.2  eval_avg(500)=  +33.4  win_rate= 56.4%  entropy_beta=0.0020  baseline=  +12.0  (1004.5s)
  picks: heuristic:2000x(wr=0.50)  rl_experiments_v4/exp_growing_pool_bignet/seg_50000.pt:2684x(wr=0.45)  rl_experiments_v4/exp_growing_pool_bignet/seg_100000.pt:3125x(wr=0.48)  rl_experiments_v4/exp_growing_pool_bignet/seg_150000.pt:3918x(wr=0.44)  rl_experiments_v4/exp_growing_pool_bignet/seg_200000.pt:3447x(wr=0.55)  rl_experiments_v4/exp_growing_pool_bignet/seg_250000.pt:4735x(wr=0.47)  rl_experiments_v4/exp_growing_pool_bignet/seg_300000.pt:4091x(wr=0.55)
episode 326000  train_avg=  +15.6  adv_avg=  -15.8  eval_avg(500)=  +47.2  win_rate= 60.2%  entropy_beta=0.0020  baseline=  +13.9  (1082.2s)
  picks: heuristic:2157x(wr=0.61)  rl_experiments_v4/exp_growing_pool_bignet/seg_50000.pt:3110x(wr=0.54)  rl_experiments_v4/exp_growing_pool_bignet/seg_100000.pt:3399x(wr=0.52)  rl_experiments_v4/exp_growing_pool_bignet/seg_150000.pt:4439x(wr=0.49)  rl_experiments_v4/exp_growing_pool_bignet/seg_200000.pt:3602x(wr=0.55)  rl_experiments_v4/exp_growing_pool_bignet/seg_250000.pt:5010x(wr=0.58)  rl_experiments_v4/exp_growing_pool_bignet/seg_300000.pt:4283x(wr=0.48)
episode 328000  train_avg=  +10.0  adv_avg=   +7.0  eval_avg(500)=  +30.2  win_rate= 56.2%  entropy_beta=0.0020  baseline=  +12.1  (1159.4s)
  picks: heuristic:2346x(wr=0.57)  rl_experiments_v4/exp_growing_pool_bignet/seg_50000.pt:3385x(wr=0.53)  rl_experiments_v4/exp_growing_pool_bignet/seg_100000.pt:3595x(wr=0.44)  rl_experiments_v4/exp_growing_pool_bignet/seg_150000.pt:4800x(wr=0.53)  rl_experiments_v4/exp_growing_pool_bignet/seg_200000.pt:4061x(wr=0.53)  rl_experiments_v4/exp_growing_pool_bignet/seg_250000.pt:5144x(wr=0.48)  rl_experiments_v4/exp_growing_pool_bignet/seg_300000.pt:4669x(wr=0.51)
episode 330000  train_avg=  +10.7  adv_avg=  +22.4  eval_avg(500)=  +22.6  win_rate= 54.0%  entropy_beta=0.0020  baseline=   +9.7  (1236.3s)
  picks: heuristic:2547x(wr=0.50)  rl_experiments_v4/exp_growing_pool_bignet/seg_50000.pt:3604x(wr=0.52)  rl_experiments_v4/exp_growing_pool_bignet/seg_100000.pt:3944x(wr=0.54)  rl_experiments_v4/exp_growing_pool_bignet/seg_150000.pt:5039x(wr=0.48)  rl_experiments_v4/exp_growing_pool_bignet/seg_200000.pt:4315x(wr=0.55)  rl_experiments_v4/exp_growing_pool_bignet/seg_250000.pt:5424x(wr=0.54)  rl_experiments_v4/exp_growing_pool_bignet/seg_300000.pt:5127x(wr=0.47)
episode 332000  train_avg=   -7.3  adv_avg=  +11.3  eval_avg(500)=  +20.4  win_rate= 53.6%  entropy_beta=0.0020  baseline=  +74.6  (1309.9s)
  picks: heuristic:2935x(wr=0.53)  rl_experiments_v4/exp_growing_pool_bignet/seg_50000.pt:3938x(wr=0.52)  rl_experiments_v4/exp_growing_pool_bignet/seg_100000.pt:4174x(wr=0.40)  rl_experiments_v4/exp_growing_pool_bignet/seg_150000.pt:5326x(wr=0.46)  rl_experiments_v4/exp_growing_pool_bignet/seg_200000.pt:4444x(wr=0.46)  rl_experiments_v4/exp_growing_pool_bignet/seg_250000.pt:5604x(wr=0.48)  rl_experiments_v4/exp_growing_pool_bignet/seg_300000.pt:5579x(wr=0.46)
episode 334000  train_avg=   +6.6  adv_avg=   -1.1  eval_avg(500)=  +15.9  win_rate= 53.4%  entropy_beta=0.0020  baseline=  -16.5  (1389.9s)
  picks: heuristic:3075x(wr=0.64)  rl_experiments_v4/exp_growing_pool_bignet/seg_50000.pt:4094x(wr=0.54)  rl_experiments_v4/exp_growing_pool_bignet/seg_100000.pt:4669x(wr=0.54)  rl_experiments_v4/exp_growing_pool_bignet/seg_150000.pt:5536x(wr=0.56)  rl_experiments_v4/exp_growing_pool_bignet/seg_200000.pt:4845x(wr=0.50)  rl_experiments_v4/exp_growing_pool_bignet/seg_250000.pt:5907x(wr=0.46)  rl_experiments_v4/exp_growing_pool_bignet/seg_300000.pt:5874x(wr=0.49)
episode 336000  train_avg=   +6.2  adv_avg=   -0.1  eval_avg(500)=  +41.0  win_rate= 58.0%  entropy_beta=0.0020  baseline=   -4.1  (1471.9s)
  picks: heuristic:3157x(wr=0.55)  rl_experiments_v4/exp_growing_pool_bignet/seg_50000.pt:4321x(wr=0.47)  rl_experiments_v4/exp_growing_pool_bignet/seg_100000.pt:4886x(wr=0.50)  rl_experiments_v4/exp_growing_pool_bignet/seg_150000.pt:5714x(wr=0.50)  rl_experiments_v4/exp_growing_pool_bignet/seg_200000.pt:5307x(wr=0.47)  rl_experiments_v4/exp_growing_pool_bignet/seg_250000.pt:6313x(wr=0.49)  rl_experiments_v4/exp_growing_pool_bignet/seg_300000.pt:6302x(wr=0.57)
episode 338000  train_avg=  +11.2  adv_avg=   -3.1  eval_avg(500)=  +13.9  win_rate= 52.8%  entropy_beta=0.0020  baseline=  +33.6  (1551.7s)
  picks: heuristic:3442x(wr=0.48)  rl_experiments_v4/exp_growing_pool_bignet/seg_50000.pt:4661x(wr=0.65)  rl_experiments_v4/exp_growing_pool_bignet/seg_100000.pt:5085x(wr=0.53)  rl_experiments_v4/exp_growing_pool_bignet/seg_150000.pt:6056x(wr=0.57)  rl_experiments_v4/exp_growing_pool_bignet/seg_200000.pt:5557x(wr=0.51)  rl_experiments_v4/exp_growing_pool_bignet/seg_250000.pt:6633x(wr=0.49)  rl_experiments_v4/exp_growing_pool_bignet/seg_300000.pt:6566x(wr=0.47)
episode 340000  train_avg=  -19.1  adv_avg=   +4.2  eval_avg(500)=  +21.9  win_rate= 54.0%  entropy_beta=0.0020  baseline=  +52.5  (1628.8s)
  picks: heuristic:3741x(wr=0.54)  rl_experiments_v4/exp_growing_pool_bignet/seg_50000.pt:4718x(wr=0.57)  rl_experiments_v4/exp_growing_pool_bignet/seg_100000.pt:5488x(wr=0.52)  rl_experiments_v4/exp_growing_pool_bignet/seg_150000.pt:6243x(wr=0.48)  rl_experiments_v4/exp_growing_pool_bignet/seg_200000.pt:5819x(wr=0.44)  rl_experiments_v4/exp_growing_pool_bignet/seg_250000.pt:7094x(wr=0.46)  rl_experiments_v4/exp_growing_pool_bignet/seg_300000.pt:6897x(wr=0.56)
episode 342000  train_avg=  +11.0  adv_avg=   -4.8  eval_avg(500)=  +33.1  win_rate= 56.6%  entropy_beta=0.0020  baseline=   -6.9  (1712.3s)
  picks: heuristic:3953x(wr=0.65)  rl_experiments_v4/exp_growing_pool_bignet/seg_50000.pt:4938x(wr=0.51)  rl_experiments_v4/exp_growing_pool_bignet/seg_100000.pt:5694x(wr=0.53)  rl_experiments_v4/exp_growing_pool_bignet/seg_150000.pt:6642x(wr=0.57)  rl_experiments_v4/exp_growing_pool_bignet/seg_200000.pt:6233x(wr=0.49)  rl_experiments_v4/exp_growing_pool_bignet/seg_250000.pt:7422x(wr=0.59)  rl_experiments_v4/exp_growing_pool_bignet/seg_300000.pt:7118x(wr=0.45)
episode 344000  train_avg=   +7.1  adv_avg=   +8.4  eval_avg(500)=  +15.7  win_rate= 52.8%  entropy_beta=0.0020  baseline=  +48.3  (1798.1s)
  picks: heuristic:4055x(wr=0.60)  rl_experiments_v4/exp_growing_pool_bignet/seg_50000.pt:5198x(wr=0.59)  rl_experiments_v4/exp_growing_pool_bignet/seg_100000.pt:5981x(wr=0.55)  rl_experiments_v4/exp_growing_pool_bignet/seg_150000.pt:6832x(wr=0.49)  rl_experiments_v4/exp_growing_pool_bignet/seg_200000.pt:6669x(wr=0.56)  rl_experiments_v4/exp_growing_pool_bignet/seg_250000.pt:7662x(wr=0.53)  rl_experiments_v4/exp_growing_pool_bignet/seg_300000.pt:7603x(wr=0.44)
episode 346000  train_avg=   +3.9  adv_avg=  +13.1  eval_avg(500)=  +20.8  win_rate= 54.8%  entropy_beta=0.0020  baseline=   -0.6  (1882.5s)
  picks: heuristic:4150x(wr=0.57)  rl_experiments_v4/exp_growing_pool_bignet/seg_50000.pt:5351x(wr=0.52)  rl_experiments_v4/exp_growing_pool_bignet/seg_100000.pt:6114x(wr=0.56)  rl_experiments_v4/exp_growing_pool_bignet/seg_150000.pt:7238x(wr=0.52)  rl_experiments_v4/exp_growing_pool_bignet/seg_200000.pt:7075x(wr=0.55)  rl_experiments_v4/exp_growing_pool_bignet/seg_250000.pt:8013x(wr=0.52)  rl_experiments_v4/exp_growing_pool_bignet/seg_300000.pt:8059x(wr=0.42)
episode 348000  train_avg=  +38.2  adv_avg=  +14.0  eval_avg(500)=  +28.4  win_rate= 56.8%  entropy_beta=0.0020  baseline=  +22.9  (1966.8s)
  picks: heuristic:4338x(wr=0.57)  rl_experiments_v4/exp_growing_pool_bignet/seg_50000.pt:5642x(wr=0.53)  rl_experiments_v4/exp_growing_pool_bignet/seg_100000.pt:6250x(wr=0.48)  rl_experiments_v4/exp_growing_pool_bignet/seg_150000.pt:7415x(wr=0.64)  rl_experiments_v4/exp_growing_pool_bignet/seg_200000.pt:7444x(wr=0.52)  rl_experiments_v4/exp_growing_pool_bignet/seg_250000.pt:8328x(wr=0.61)  rl_experiments_v4/exp_growing_pool_bignet/seg_300000.pt:8583x(wr=0.55)
episode 350000  train_avg=  -24.8  adv_avg=  +17.0  eval_avg(500)=  +33.7  win_rate= 57.4%  entropy_beta=0.0020  baseline=   +0.8  (2069.2s)
  picks: heuristic:4512x(wr=0.58)  rl_experiments_v4/exp_growing_pool_bignet/seg_50000.pt:5931x(wr=0.40)  rl_experiments_v4/exp_growing_pool_bignet/seg_100000.pt:6601x(wr=0.51)  rl_experiments_v4/exp_growing_pool_bignet/seg_150000.pt:7706x(wr=0.54)  rl_experiments_v4/exp_growing_pool_bignet/seg_200000.pt:7909x(wr=0.49)  rl_experiments_v4/exp_growing_pool_bignet/seg_250000.pt:8521x(wr=0.58)  rl_experiments_v4/exp_growing_pool_bignet/seg_300000.pt:8820x(wr=0.48)
poids sauvegardes dans rl_experiments_v4/exp_growing_pool_bignet/seg_350000.pt
PFSP picks total: heuristic:4512x(wr=0.58)  rl_experiments_v4/exp_growing_pool_bignet/seg_50000.pt:5931x(wr=0.40)  rl_experiments_v4/exp_growing_pool_bignet/seg_100000.pt:6601x(wr=0.51)  rl_experiments_v4/exp_growing_pool_bignet/seg_150000.pt:7706x(wr=0.54)  rl_experiments_v4/exp_growing_pool_bignet/seg_200000.pt:7909x(wr=0.49)  rl_experiments_v4/exp_growing_pool_bignet/seg_250000.pt:8521x(wr=0.58)  rl_experiments_v4/exp_growing_pool_bignet/seg_300000.pt:8820x(wr=0.48)
