poids charges depuis rl_experiments_v4/imit_bignet_ent02.pt
episode   2000  train_avg=  -17.7  adv_avg=  -32.3  eval_avg(500)=  -18.4  win_rate= 45.0%  entropy_beta=0.0020  baseline=  -30.0  (46.5s)
  picks: heuristic:2000x(wr=0.47)
episode   4000  train_avg=   +9.2  adv_avg=  +22.0  eval_avg(500)=   -4.8  win_rate= 48.2%  entropy_beta=0.0020  baseline=  +42.5  (91.6s)
  picks: heuristic:4000x(wr=0.48)
episode   6000  train_avg=   -6.5  adv_avg=   +5.7  eval_avg(500)=   +1.7  win_rate= 49.4%  entropy_beta=0.0020  baseline=  -38.5  (136.3s)
  picks: heuristic:6000x(wr=0.49)
episode   8000  train_avg=  +12.0  adv_avg=   -6.7  eval_avg(500)=   -8.0  win_rate= 48.6%  entropy_beta=0.0020  baseline=  +26.2  (181.0s)
  picks: heuristic:8000x(wr=0.54)
episode  10000  train_avg=  -23.4  adv_avg=   +3.5  eval_avg(500)=  +17.6  win_rate= 54.0%  entropy_beta=0.0020  baseline=  -13.4  (225.5s)
  picks: heuristic:10000x(wr=0.45)
episode  12000  train_avg=   +7.3  adv_avg=   +6.2  eval_avg(500)=  +12.4  win_rate= 53.0%  entropy_beta=0.0020  baseline=  +27.4  (270.0s)
  picks: heuristic:12000x(wr=0.57)
episode  14000  train_avg=   +3.1  adv_avg=  +12.3  eval_avg(500)=   -3.1  win_rate= 48.6%  entropy_beta=0.0020  baseline=  +19.4  (314.6s)
  picks: heuristic:14000x(wr=0.48)
episode  16000  train_avg=  -10.2  adv_avg=  +15.1  eval_avg(500)=   -4.0  win_rate= 49.0%  entropy_beta=0.0020  baseline=  +35.2  (359.2s)
  picks: heuristic:16000x(wr=0.49)
episode  18000  train_avg=  +27.7  adv_avg=   +5.9  eval_avg(500)=  +14.7  win_rate= 52.6%  entropy_beta=0.0020  baseline=  +14.6  (403.7s)
  picks: heuristic:18000x(wr=0.54)
episode  20000  train_avg=  -11.3  adv_avg=  +13.6  eval_avg(500)=  +16.9  win_rate= 53.4%  entropy_beta=0.0020  baseline=  +30.9  (447.8s)
  picks: heuristic:20000x(wr=0.49)
episode  22000  train_avg=  +11.9  adv_avg=   +5.3  eval_avg(500)=  +19.2  win_rate= 53.8%  entropy_beta=0.0020  baseline=  -36.2  (491.7s)
  picks: heuristic:22000x(wr=0.56)
episode  24000  train_avg=  +32.1  adv_avg=  +31.8  eval_avg(500)=   +4.8  win_rate= 50.6%  entropy_beta=0.0020  baseline=  +15.1  (535.7s)
  picks: heuristic:24000x(wr=0.57)
episode  26000  train_avg=  -10.1  adv_avg=   +2.2  eval_avg(500)=  +13.5  win_rate= 53.0%  entropy_beta=0.0020  baseline=  -37.5  (579.8s)
  picks: heuristic:26000x(wr=0.51)
episode  28000  train_avg=   -6.8  adv_avg=  +28.1  eval_avg(500)=  +19.9  win_rate= 53.0%  entropy_beta=0.0020  baseline=   +8.1  (623.9s)
  picks: heuristic:28000x(wr=0.46)
episode  30000  train_avg=  +19.8  adv_avg=  +19.1  eval_avg(500)=  +23.8  win_rate= 55.6%  entropy_beta=0.0020  baseline=  +21.1  (667.9s)
  picks: heuristic:30000x(wr=0.51)
episode  32000  train_avg=  +14.1  adv_avg=  +10.0  eval_avg(500)=  +22.8  win_rate= 54.2%  entropy_beta=0.0020  baseline=  -11.9  (711.9s)
  picks: heuristic:32000x(wr=0.48)
episode  34000  train_avg=  +14.3  adv_avg=  +12.9  eval_avg(500)=  +28.5  win_rate= 55.2%  entropy_beta=0.0020  baseline=  +32.9  (755.9s)
  picks: heuristic:34000x(wr=0.54)
episode  36000  train_avg=  +33.1  adv_avg=  +13.9  eval_avg(500)=  +10.9  win_rate= 52.4%  entropy_beta=0.0020  baseline=  +25.6  (800.1s)
  picks: heuristic:36000x(wr=0.51)
episode  38000  train_avg=   +6.0  adv_avg=  +33.0  eval_avg(500)=  +27.2  win_rate= 55.2%  entropy_beta=0.0020  baseline=  -21.7  (844.3s)
  picks: heuristic:38000x(wr=0.51)
episode  40000  train_avg=  +18.2  adv_avg=  +19.9  eval_avg(500)=   -6.0  win_rate= 48.2%  entropy_beta=0.0020  baseline=  -34.7  (888.3s)
  picks: heuristic:40000x(wr=0.46)
episode  42000  train_avg=  +30.8  adv_avg=   +9.8  eval_avg(500)=   +6.3  win_rate= 51.2%  entropy_beta=0.0020  baseline=  +17.7  (932.3s)
  picks: heuristic:42000x(wr=0.61)
episode  44000  train_avg=  +13.9  adv_avg=  +25.4  eval_avg(500)=   +9.4  win_rate= 51.0%  entropy_beta=0.0020  baseline=  +67.8  (976.3s)
  picks: heuristic:44000x(wr=0.54)
episode  46000  train_avg=   +3.0  adv_avg=  +30.1  eval_avg(500)=  +13.6  win_rate= 51.6%  entropy_beta=0.0020  baseline=  +53.5  (1020.4s)
  picks: heuristic:46000x(wr=0.55)
episode  48000  train_avg=  +24.2  adv_avg=  +16.3  eval_avg(500)=  +25.0  win_rate= 55.6%  entropy_beta=0.0020  baseline=  -12.7  (1064.4s)
  picks: heuristic:48000x(wr=0.52)
episode  50000  train_avg=  +19.7  adv_avg=  +28.1  eval_avg(500)=   +7.9  win_rate= 51.4%  entropy_beta=0.0020  baseline=   +0.4  (1108.5s)
  picks: heuristic:50000x(wr=0.59)
poids sauvegardes dans rl_experiments_v4/exp_growing_pool_bignet/seg_50000.pt
PFSP picks total: heuristic:50000x(wr=0.59)
