/home/lsr/anaconda3/envs/env_coinche/lib/python3.13/site-packages/torch/autograd/graph.py:882: UserWarning: CUDA initialization: Unexpected error from cudaGetDeviceCount(). Did you run some cuda functions before calling NumCudaDevices() that might have already set an error? Error 804: forward compatibility was attempted on non supported HW (Triggered internally at /pytorch/c10/cuda/CUDAFunctions.cpp:119.)
  return Variable._execution_engine.run_backward(  # Calls into the C++ engine to run the backward pass
poids charges depuis rl_experiments_v4/imit_bignet.pt
episode   5000  train_avg=   -8.0  adv_avg=   -9.2  eval_avg(500)=   -1.4  win_rate= 50.6%  entropy_beta=0.0020  baseline=  -15.0  (109.4s)
episode  10000  train_avg=  +12.0  adv_avg=  +17.4  eval_avg(500)=   +5.7  win_rate= 51.4%  entropy_beta=0.0020  baseline=  +35.2  (215.6s)
episode  15000  train_avg=   -3.0  adv_avg=  -31.2  eval_avg(500)=  +13.2  win_rate= 52.0%  entropy_beta=0.0020  baseline=  -15.8  (322.2s)
episode  20000  train_avg=   -0.8  adv_avg=  -10.1  eval_avg(500)=   +2.0  win_rate= 51.2%  entropy_beta=0.0020  baseline=  -25.9  (427.7s)
episode  25000  train_avg=   -0.8  adv_avg=   -0.3  eval_avg(500)=   +0.9  win_rate= 50.8%  entropy_beta=0.0020  baseline=  -26.4  (533.0s)
episode  30000  train_avg=  +14.8  adv_avg=   +6.2  eval_avg(500)=  +16.0  win_rate= 53.2%  entropy_beta=0.0020  baseline=  +38.4  (639.5s)
episode  35000  train_avg=   -1.7  adv_avg=  +30.5  eval_avg(500)=  +16.2  win_rate= 54.0%  entropy_beta=0.0020  baseline=  +50.0  (767.5s)
episode  40000  train_avg=  +46.4  adv_avg=  +31.5  eval_avg(500)=  +12.8  win_rate= 52.4%  entropy_beta=0.0020  baseline=  +63.3  (878.0s)
episode  45000  train_avg=  +40.1  adv_avg=  +18.3  eval_avg(500)=   -0.2  win_rate= 50.2%  entropy_beta=0.0020  baseline=   -4.5  (987.2s)
episode  50000  train_avg=  +10.2  adv_avg=  +16.3  eval_avg(500)=  +23.0  win_rate= 55.8%  entropy_beta=0.0020  baseline=  +33.1  (1099.6s)
episode  55000  train_avg=  -17.8  adv_avg=   -8.9  eval_avg(500)=   -1.4  win_rate= 49.0%  entropy_beta=0.0020  baseline=   -6.5  (1217.9s)
episode  60000  train_avg=   +1.4  adv_avg=   +8.1  eval_avg(500)=  +23.2  win_rate= 55.0%  entropy_beta=0.0020  baseline=   +8.0  (1333.4s)
episode  65000  train_avg=   +2.4  adv_avg=   -2.5  eval_avg(500)=  +11.4  win_rate= 52.6%  entropy_beta=0.0020  baseline=   -9.3  (1449.1s)
episode  70000  train_avg=  +32.0  adv_avg=   +8.1  eval_avg(500)=  +28.8  win_rate= 56.0%  entropy_beta=0.0020  baseline=  +85.9  (1562.8s)
episode  75000  train_avg=   +1.9  adv_avg=  +42.9  eval_avg(500)=   +4.1  win_rate= 51.6%  entropy_beta=0.0020  baseline=   +8.2  (1678.9s)
episode  80000  train_avg=  +10.7  adv_avg=   -9.6  eval_avg(500)=   -9.3  win_rate= 48.2%  entropy_beta=0.0020  baseline=   +3.9  (1791.7s)
episode  85000  train_avg=  +39.1  adv_avg=   -2.1  eval_avg(500)=  +18.0  win_rate= 54.2%  entropy_beta=0.0020  baseline=  +13.6  (1903.8s)
episode  90000  train_avg=  -10.6  adv_avg=   +0.2  eval_avg(500)=   +7.5  win_rate= 51.6%  entropy_beta=0.0020  baseline=  -56.0  (2013.4s)
episode  95000  train_avg=  +25.8  adv_avg=   -9.4  eval_avg(500)=   -3.2  win_rate= 49.2%  entropy_beta=0.0020  baseline=  -19.6  (2124.6s)
episode 100000  train_avg=   +0.5  adv_avg=   +9.4  eval_avg(500)=   +8.3  win_rate= 52.2%  entropy_beta=0.0020  baseline=  -23.4  (2232.8s)
poids sauvegardes dans rl_experiments_v4/exp_reinforce_bignet_lr1e-4_seed21/reinforce_100000.pt
