poids charges depuis rl_experiments_v3/imit.pt
episode   5000  train_avg=   -0.6  adv_avg=   +4.9  eval_avg(500)=   -3.4  win_rate= 49.4%  entropy_beta=0.0020  baseline=   -2.8  (63.7s)
episode  10000  train_avg=   -7.0  adv_avg=  -12.8  eval_avg(500)=   +9.6  win_rate= 52.0%  entropy_beta=0.0020  baseline=   +5.1  (128.1s)
episode  15000  train_avg=   -1.8  adv_avg=   -3.5  eval_avg(500)=   +7.3  win_rate= 51.2%  entropy_beta=0.0020  baseline=  +19.8  (191.0s)
episode  20000  train_avg=   -4.5  adv_avg=   -1.4  eval_avg(500)=   +1.1  win_rate= 50.4%  entropy_beta=0.0020  baseline=   +6.2  (254.0s)
episode  25000  train_avg=  +10.2  adv_avg=  +36.7  eval_avg(500)=   -4.2  win_rate= 49.0%  entropy_beta=0.0020  baseline=  +36.6  (316.4s)
episode  30000  train_avg=  +21.4  adv_avg=   +0.2  eval_avg(500)=   +1.2  win_rate= 50.2%  entropy_beta=0.0020  baseline=  +29.7  (380.9s)
episode  35000  train_avg=  +28.4  adv_avg=  +20.2  eval_avg(500)=  +18.5  win_rate= 54.0%  entropy_beta=0.0020  baseline=  +44.4  (446.9s)
episode  40000  train_avg=   +4.8  adv_avg=  -12.1  eval_avg(500)=   +6.4  win_rate= 51.2%  entropy_beta=0.0020  baseline=  -72.6  (507.2s)
episode  45000  train_avg=   +6.7  adv_avg=  +24.2  eval_avg(500)=  -14.2  win_rate= 47.2%  entropy_beta=0.0020  baseline=  -10.5  (567.7s)
episode  50000  train_avg=   +7.5  adv_avg=  +13.5  eval_avg(500)=  +22.2  win_rate= 54.4%  entropy_beta=0.0020  baseline=  +45.0  (628.2s)
episode  55000  train_avg=   +9.3  adv_avg=  +17.8  eval_avg(500)=  +25.8  win_rate= 54.8%  entropy_beta=0.0020  baseline=  +22.0  (696.1s)
episode  60000  train_avg=   +7.8  adv_avg=   +7.2  eval_avg(500)=   +6.8  win_rate= 51.4%  entropy_beta=0.0020  baseline=  +14.0  (758.4s)
episode  65000  train_avg=   -6.7  adv_avg=   +1.3  eval_avg(500)=  +13.1  win_rate= 52.2%  entropy_beta=0.0020  baseline=   +5.8  (819.2s)
episode  70000  train_avg=   +4.9  adv_avg=   -5.8  eval_avg(500)=   -1.8  win_rate= 49.8%  entropy_beta=0.0020  baseline=  -40.1  (880.5s)
episode  75000  train_avg=  +27.8  adv_avg=  +13.7  eval_avg(500)=   +8.1  win_rate= 51.4%  entropy_beta=0.0020  baseline=   -7.7  (942.9s)
episode  80000  train_avg=  +11.8  adv_avg=  +45.7  eval_avg(500)=  +14.1  win_rate= 53.8%  entropy_beta=0.0020  baseline=  +44.8  (1005.3s)
episode  85000  train_avg=   +2.2  adv_avg=   +9.7  eval_avg(500)=  +14.0  win_rate= 52.2%  entropy_beta=0.0020  baseline=  +26.3  (1070.7s)
episode  90000  train_avg=   -0.3  adv_avg=   -3.5  eval_avg(500)=  +10.2  win_rate= 51.2%  entropy_beta=0.0020  baseline=  +22.6  (1133.6s)
episode  95000  train_avg=  +22.1  adv_avg=  +16.1  eval_avg(500)=   +4.9  win_rate= 50.8%  entropy_beta=0.0020  baseline=   +5.1  (1196.9s)
episode 100000  train_avg=  +40.2  adv_avg=  +41.8  eval_avg(500)=  +28.8  win_rate= 56.2%  entropy_beta=0.0020  baseline= +132.3  (1260.1s)
poids sauvegardes dans rl_experiments_v3/exp_reinforce_lr1e-4_seed23/reinforce_100000.pt
