adversaire fige charge depuis rl_experiments_v3/exp_growing_pool_seed20/seg_50000.pt
adversaire fige charge depuis rl_experiments_v3/exp_growing_pool_seed20/seg_100000.pt
adversaire fige charge depuis rl_experiments_v3/exp_growing_pool_seed20/seg_150000.pt
adversaire fige charge depuis rl_experiments_v3/exp_growing_pool_seed20/seg_200000.pt
poids charges depuis rl_experiments_v3/exp_growing_pool_seed20/seg_200000.pt
episode 202000  train_avg=  -19.9  adv_avg=  +15.7  eval_avg(500)=  +19.9  win_rate= 54.8%  entropy_beta=0.0020  baseline=  +29.8  (39.6s)
  picks: heuristic:277x(wr=0.56)  rl_experiments_v3/exp_growing_pool_seed20/seg_50000.pt:334x(wr=0.47)  rl_experiments_v3/exp_growing_pool_seed20/seg_100000.pt:444x(wr=0.48)  rl_experiments_v3/exp_growing_pool_seed20/seg_150000.pt:530x(wr=0.50)  rl_experiments_v3/exp_growing_pool_seed20/seg_200000.pt:415x(wr=0.48)
episode 204000  train_avg=  +12.8  adv_avg=  +20.7  eval_avg(500)=  +27.4  win_rate= 55.6%  entropy_beta=0.0020  baseline=   +0.4  (81.8s)
  picks: heuristic:551x(wr=0.61)  rl_experiments_v3/exp_growing_pool_seed20/seg_50000.pt:633x(wr=0.60)  rl_experiments_v3/exp_growing_pool_seed20/seg_100000.pt:1049x(wr=0.56)  rl_experiments_v3/exp_growing_pool_seed20/seg_150000.pt:987x(wr=0.51)  rl_experiments_v3/exp_growing_pool_seed20/seg_200000.pt:780x(wr=0.44)
episode 206000  train_avg=  +25.6  adv_avg=  +17.3  eval_avg(500)=   -0.5  win_rate= 50.4%  entropy_beta=0.0020  baseline=   +8.6  (123.3s)
  picks: heuristic:903x(wr=0.55)  rl_experiments_v3/exp_growing_pool_seed20/seg_50000.pt:927x(wr=0.48)  rl_experiments_v3/exp_growing_pool_seed20/seg_100000.pt:1325x(wr=0.49)  rl_experiments_v3/exp_growing_pool_seed20/seg_150000.pt:1401x(wr=0.53)  rl_experiments_v3/exp_growing_pool_seed20/seg_200000.pt:1444x(wr=0.54)
episode 208000  train_avg=   -7.3  adv_avg=  +26.6  eval_avg(500)=  +23.4  win_rate= 55.0%  entropy_beta=0.0020  baseline=  +24.7  (164.1s)
  picks: heuristic:1226x(wr=0.49)  rl_experiments_v3/exp_growing_pool_seed20/seg_50000.pt:1265x(wr=0.51)  rl_experiments_v3/exp_growing_pool_seed20/seg_100000.pt:1759x(wr=0.47)  rl_experiments_v3/exp_growing_pool_seed20/seg_150000.pt:1839x(wr=0.52)  rl_experiments_v3/exp_growing_pool_seed20/seg_200000.pt:1911x(wr=0.53)
episode 210000  train_avg=   -2.9  adv_avg=  +15.4  eval_avg(500)=  +14.3  win_rate= 52.8%  entropy_beta=0.0020  baseline=  +21.2  (202.3s)
  picks: heuristic:1554x(wr=0.56)  rl_experiments_v3/exp_growing_pool_seed20/seg_50000.pt:1583x(wr=0.55)  rl_experiments_v3/exp_growing_pool_seed20/seg_100000.pt:2317x(wr=0.54)  rl_experiments_v3/exp_growing_pool_seed20/seg_150000.pt:2247x(wr=0.49)  rl_experiments_v3/exp_growing_pool_seed20/seg_200000.pt:2299x(wr=0.45)
episode 212000  train_avg=   +0.3  adv_avg=   +2.2  eval_avg(500)=   +5.2  win_rate= 51.0%  entropy_beta=0.0020  baseline=  +47.0  (241.5s)
  picks: heuristic:1776x(wr=0.58)  rl_experiments_v3/exp_growing_pool_seed20/seg_50000.pt:1864x(wr=0.48)  rl_experiments_v3/exp_growing_pool_seed20/seg_100000.pt:2703x(wr=0.51)  rl_experiments_v3/exp_growing_pool_seed20/seg_150000.pt:2730x(wr=0.53)  rl_experiments_v3/exp_growing_pool_seed20/seg_200000.pt:2927x(wr=0.43)
episode 214000  train_avg=   +9.6  adv_avg=  +10.0  eval_avg(500)=  +10.2  win_rate= 52.0%  entropy_beta=0.0020  baseline=   +6.1  (280.4s)
  picks: heuristic:2092x(wr=0.51)  rl_experiments_v3/exp_growing_pool_seed20/seg_50000.pt:2153x(wr=0.52)  rl_experiments_v3/exp_growing_pool_seed20/seg_100000.pt:3153x(wr=0.53)  rl_experiments_v3/exp_growing_pool_seed20/seg_150000.pt:3054x(wr=0.49)  rl_experiments_v3/exp_growing_pool_seed20/seg_200000.pt:3548x(wr=0.52)
episode 216000  train_avg=  +28.1  adv_avg=  +23.9  eval_avg(500)=   +5.7  win_rate= 50.4%  entropy_beta=0.0020  baseline=  +46.9  (319.8s)
  picks: heuristic:2388x(wr=0.61)  rl_experiments_v3/exp_growing_pool_seed20/seg_50000.pt:2630x(wr=0.51)  rl_experiments_v3/exp_growing_pool_seed20/seg_100000.pt:3543x(wr=0.52)  rl_experiments_v3/exp_growing_pool_seed20/seg_150000.pt:3416x(wr=0.55)  rl_experiments_v3/exp_growing_pool_seed20/seg_200000.pt:4023x(wr=0.50)
episode 218000  train_avg=   +9.4  adv_avg=  +17.8  eval_avg(500)=  +28.5  win_rate= 55.6%  entropy_beta=0.0020  baseline=  +21.1  (360.3s)
  picks: heuristic:2561x(wr=0.53)  rl_experiments_v3/exp_growing_pool_seed20/seg_50000.pt:3104x(wr=0.53)  rl_experiments_v3/exp_growing_pool_seed20/seg_100000.pt:4087x(wr=0.58)  rl_experiments_v3/exp_growing_pool_seed20/seg_150000.pt:3782x(wr=0.47)  rl_experiments_v3/exp_growing_pool_seed20/seg_200000.pt:4466x(wr=0.51)
episode 220000  train_avg=  -32.1  adv_avg=   -7.2  eval_avg(500)=  +19.8  win_rate= 54.0%  entropy_beta=0.0020  baseline=  +15.1  (400.2s)
  picks: heuristic:2819x(wr=0.52)  rl_experiments_v3/exp_growing_pool_seed20/seg_50000.pt:3497x(wr=0.45)  rl_experiments_v3/exp_growing_pool_seed20/seg_100000.pt:4227x(wr=0.55)  rl_experiments_v3/exp_growing_pool_seed20/seg_150000.pt:4494x(wr=0.42)  rl_experiments_v3/exp_growing_pool_seed20/seg_200000.pt:4963x(wr=0.48)
episode 222000  train_avg=   -7.5  adv_avg=   -6.0  eval_avg(500)=  +15.9  win_rate= 52.4%  entropy_beta=0.0020  baseline=  -12.4  (440.8s)
  picks: heuristic:3019x(wr=0.58)  rl_experiments_v3/exp_growing_pool_seed20/seg_50000.pt:3842x(wr=0.48)  rl_experiments_v3/exp_growing_pool_seed20/seg_100000.pt:4503x(wr=0.51)  rl_experiments_v3/exp_growing_pool_seed20/seg_150000.pt:5174x(wr=0.50)  rl_experiments_v3/exp_growing_pool_seed20/seg_200000.pt:5462x(wr=0.41)
episode 224000  train_avg=  -42.1  adv_avg=  -29.2  eval_avg(500)=   -1.4  win_rate= 50.8%  entropy_beta=0.0020  baseline=  -25.4  (481.2s)
  picks: heuristic:3153x(wr=0.49)  rl_experiments_v3/exp_growing_pool_seed20/seg_50000.pt:4506x(wr=0.48)  rl_experiments_v3/exp_growing_pool_seed20/seg_100000.pt:4753x(wr=0.44)  rl_experiments_v3/exp_growing_pool_seed20/seg_150000.pt:5501x(wr=0.50)  rl_experiments_v3/exp_growing_pool_seed20/seg_200000.pt:6087x(wr=0.38)
episode 226000  train_avg=  +14.8  adv_avg=   -0.1  eval_avg(500)=  +46.1  win_rate= 60.6%  entropy_beta=0.0020  baseline=  -34.1  (520.7s)
  picks: heuristic:3388x(wr=0.59)  rl_experiments_v3/exp_growing_pool_seed20/seg_50000.pt:4761x(wr=0.53)  rl_experiments_v3/exp_growing_pool_seed20/seg_100000.pt:5131x(wr=0.51)  rl_experiments_v3/exp_growing_pool_seed20/seg_150000.pt:5945x(wr=0.43)  rl_experiments_v3/exp_growing_pool_seed20/seg_200000.pt:6775x(wr=0.55)
episode 228000  train_avg=  +38.9  adv_avg=   +6.0  eval_avg(500)=  +26.2  win_rate= 54.8%  entropy_beta=0.0020  baseline=  +60.9  (562.0s)
  picks: heuristic:3608x(wr=0.47)  rl_experiments_v3/exp_growing_pool_seed20/seg_50000.pt:5112x(wr=0.57)  rl_experiments_v3/exp_growing_pool_seed20/seg_100000.pt:5499x(wr=0.56)  rl_experiments_v3/exp_growing_pool_seed20/seg_150000.pt:6675x(wr=0.61)  rl_experiments_v3/exp_growing_pool_seed20/seg_200000.pt:7106x(wr=0.56)
episode 230000  train_avg=  -10.2  adv_avg=   -2.4  eval_avg(500)=  +17.2  win_rate= 53.6%  entropy_beta=0.0020  baseline=  -27.5  (599.5s)
  picks: heuristic:4141x(wr=0.48)  rl_experiments_v3/exp_growing_pool_seed20/seg_50000.pt:5579x(wr=0.53)  rl_experiments_v3/exp_growing_pool_seed20/seg_100000.pt:5757x(wr=0.50)  rl_experiments_v3/exp_growing_pool_seed20/seg_150000.pt:6888x(wr=0.49)  rl_experiments_v3/exp_growing_pool_seed20/seg_200000.pt:7635x(wr=0.46)
episode 232000  train_avg=   -3.9  adv_avg=  +22.0  eval_avg(500)=  +24.1  win_rate= 55.2%  entropy_beta=0.0020  baseline=   -1.8  (638.5s)
  picks: heuristic:4498x(wr=0.65)  rl_experiments_v3/exp_growing_pool_seed20/seg_50000.pt:5908x(wr=0.45)  rl_experiments_v3/exp_growing_pool_seed20/seg_100000.pt:6342x(wr=0.57)  rl_experiments_v3/exp_growing_pool_seed20/seg_150000.pt:7233x(wr=0.47)  rl_experiments_v3/exp_growing_pool_seed20/seg_200000.pt:8019x(wr=0.51)
episode 234000  train_avg=  -15.9  adv_avg=  -26.4  eval_avg(500)=   +3.3  win_rate= 50.4%  entropy_beta=0.0020  baseline=  -14.8  (680.4s)
  picks: heuristic:4763x(wr=0.46)  rl_experiments_v3/exp_growing_pool_seed20/seg_50000.pt:6350x(wr=0.47)  rl_experiments_v3/exp_growing_pool_seed20/seg_100000.pt:6766x(wr=0.49)  rl_experiments_v3/exp_growing_pool_seed20/seg_150000.pt:7684x(wr=0.44)  rl_experiments_v3/exp_growing_pool_seed20/seg_200000.pt:8437x(wr=0.58)
episode 236000  train_avg=  +31.2  adv_avg=  -10.7  eval_avg(500)=  +19.0  win_rate= 54.2%  entropy_beta=0.0020  baseline=  -13.1  (718.7s)
  picks: heuristic:5174x(wr=0.58)  rl_experiments_v3/exp_growing_pool_seed20/seg_50000.pt:6736x(wr=0.46)  rl_experiments_v3/exp_growing_pool_seed20/seg_100000.pt:7115x(wr=0.52)  rl_experiments_v3/exp_growing_pool_seed20/seg_150000.pt:8319x(wr=0.54)  rl_experiments_v3/exp_growing_pool_seed20/seg_200000.pt:8656x(wr=0.55)
episode 238000  train_avg=  +13.9  adv_avg=   +1.9  eval_avg(500)=  +21.4  win_rate= 55.2%  entropy_beta=0.0020  baseline=  +17.0  (761.7s)
  picks: heuristic:5397x(wr=0.47)  rl_experiments_v3/exp_growing_pool_seed20/seg_50000.pt:7358x(wr=0.54)  rl_experiments_v3/exp_growing_pool_seed20/seg_100000.pt:7517x(wr=0.60)  rl_experiments_v3/exp_growing_pool_seed20/seg_150000.pt:8628x(wr=0.49)  rl_experiments_v3/exp_growing_pool_seed20/seg_200000.pt:9100x(wr=0.54)
episode 240000  train_avg=  +15.0  adv_avg=  +13.1  eval_avg(500)=  +17.7  win_rate= 53.8%  entropy_beta=0.0020  baseline=  +12.1  (802.3s)
  picks: heuristic:5899x(wr=0.47)  rl_experiments_v3/exp_growing_pool_seed20/seg_50000.pt:7744x(wr=0.48)  rl_experiments_v3/exp_growing_pool_seed20/seg_100000.pt:7734x(wr=0.59)  rl_experiments_v3/exp_growing_pool_seed20/seg_150000.pt:9062x(wr=0.56)  rl_experiments_v3/exp_growing_pool_seed20/seg_200000.pt:9561x(wr=0.52)
episode 242000  train_avg=  +10.2  adv_avg=   -0.5  eval_avg(500)=  +14.9  win_rate= 52.8%  entropy_beta=0.0020  baseline=  +17.1  (842.7s)
  picks: heuristic:6338x(wr=0.54)  rl_experiments_v3/exp_growing_pool_seed20/seg_50000.pt:8208x(wr=0.42)  rl_experiments_v3/exp_growing_pool_seed20/seg_100000.pt:8162x(wr=0.56)  rl_experiments_v3/exp_growing_pool_seed20/seg_150000.pt:9409x(wr=0.54)  rl_experiments_v3/exp_growing_pool_seed20/seg_200000.pt:9883x(wr=0.47)
episode 244000  train_avg=  -11.4  adv_avg=  -12.4  eval_avg(500)=  +25.4  win_rate= 56.2%  entropy_beta=0.0020  baseline=   -3.3  (885.2s)
  picks: heuristic:6553x(wr=0.61)  rl_experiments_v3/exp_growing_pool_seed20/seg_50000.pt:8828x(wr=0.50)  rl_experiments_v3/exp_growing_pool_seed20/seg_100000.pt:8658x(wr=0.47)  rl_experiments_v3/exp_growing_pool_seed20/seg_150000.pt:9581x(wr=0.49)  rl_experiments_v3/exp_growing_pool_seed20/seg_200000.pt:10380x(wr=0.47)
episode 246000  train_avg=   -5.7  adv_avg=   +0.1  eval_avg(500)=   -0.1  win_rate= 49.4%  entropy_beta=0.0020  baseline=  -60.2  (927.5s)
  picks: heuristic:6748x(wr=0.55)  rl_experiments_v3/exp_growing_pool_seed20/seg_50000.pt:9123x(wr=0.54)  rl_experiments_v3/exp_growing_pool_seed20/seg_100000.pt:9058x(wr=0.47)  rl_experiments_v3/exp_growing_pool_seed20/seg_150000.pt:10334x(wr=0.48)  rl_experiments_v3/exp_growing_pool_seed20/seg_200000.pt:10737x(wr=0.45)
episode 248000  train_avg=  -20.4  adv_avg=   -6.8  eval_avg(500)=  +14.4  win_rate= 52.8%  entropy_beta=0.0020  baseline=  -15.7  (968.9s)
  picks: heuristic:7052x(wr=0.55)  rl_experiments_v3/exp_growing_pool_seed20/seg_50000.pt:9358x(wr=0.52)  rl_experiments_v3/exp_growing_pool_seed20/seg_100000.pt:9522x(wr=0.40)  rl_experiments_v3/exp_growing_pool_seed20/seg_150000.pt:10835x(wr=0.51)  rl_experiments_v3/exp_growing_pool_seed20/seg_200000.pt:11233x(wr=0.44)
episode 250000  train_avg=  -16.6  adv_avg=  +24.4  eval_avg(500)=  +39.2  win_rate= 58.4%  entropy_beta=0.0020  baseline=   -0.3  (1010.2s)
  picks: heuristic:7320x(wr=0.41)  rl_experiments_v3/exp_growing_pool_seed20/seg_50000.pt:9606x(wr=0.57)  rl_experiments_v3/exp_growing_pool_seed20/seg_100000.pt:10170x(wr=0.53)  rl_experiments_v3/exp_growing_pool_seed20/seg_150000.pt:11221x(wr=0.42)  rl_experiments_v3/exp_growing_pool_seed20/seg_200000.pt:11683x(wr=0.41)
poids sauvegardes dans rl_experiments_v3/exp_growing_pool_seed20/seg_250000.pt
PFSP picks total: heuristic:7320x(wr=0.41)  rl_experiments_v3/exp_growing_pool_seed20/seg_50000.pt:9606x(wr=0.57)  rl_experiments_v3/exp_growing_pool_seed20/seg_100000.pt:10170x(wr=0.53)  rl_experiments_v3/exp_growing_pool_seed20/seg_150000.pt:11221x(wr=0.42)  rl_experiments_v3/exp_growing_pool_seed20/seg_200000.pt:11683x(wr=0.41)
