adversaire fige charge depuis rl_experiments_v3/exp_growing_pool_seed20/seg_50000.pt
poids charges depuis rl_experiments_v3/exp_growing_pool_seed20/seg_50000.pt
episode  52000  train_avg=  +16.9  adv_avg=   +8.2  eval_avg(500)=  +29.1  win_rate= 57.0%  entropy_beta=0.0020  baseline=  +24.2  (33.5s)
  picks: heuristic:1198x(wr=0.57)  rl_experiments_v3/exp_growing_pool_seed20/seg_50000.pt:802x(wr=0.58)
episode  54000  train_avg=   +0.3  adv_avg=   +6.7  eval_avg(500)=  +14.3  win_rate= 53.2%  entropy_beta=0.0020  baseline=   +7.4  (68.9s)
  picks: heuristic:2178x(wr=0.56)  rl_experiments_v3/exp_growing_pool_seed20/seg_50000.pt:1822x(wr=0.45)
episode  56000  train_avg=  -23.9  adv_avg=   -0.2  eval_avg(500)=  +22.0  win_rate= 54.8%  entropy_beta=0.0020  baseline=  -13.1  (104.4s)
  picks: heuristic:3080x(wr=0.45)  rl_experiments_v3/exp_growing_pool_seed20/seg_50000.pt:2920x(wr=0.48)
episode  58000  train_avg=   -1.4  adv_avg=  +21.7  eval_avg(500)=   -0.6  win_rate= 50.4%  entropy_beta=0.0020  baseline=  -20.1  (140.9s)
  picks: heuristic:3979x(wr=0.51)  rl_experiments_v3/exp_growing_pool_seed20/seg_50000.pt:4021x(wr=0.46)
episode  60000  train_avg=  +17.5  adv_avg=   -4.7  eval_avg(500)=   -1.9  win_rate= 49.6%  entropy_beta=0.0020  baseline=  +39.2  (176.8s)
  picks: heuristic:4926x(wr=0.53)  rl_experiments_v3/exp_growing_pool_seed20/seg_50000.pt:5074x(wr=0.56)
episode  62000  train_avg=   +6.3  adv_avg=  -13.6  eval_avg(500)=  +20.9  win_rate= 53.6%  entropy_beta=0.0020  baseline=   +1.5  (211.5s)
  picks: heuristic:5989x(wr=0.57)  rl_experiments_v3/exp_growing_pool_seed20/seg_50000.pt:6011x(wr=0.47)
episode  64000  train_avg=   +7.2  adv_avg=  +21.6  eval_avg(500)=  +19.8  win_rate= 53.8%  entropy_beta=0.0020  baseline=  +35.8  (245.3s)
  picks: heuristic:7000x(wr=0.49)  rl_experiments_v3/exp_growing_pool_seed20/seg_50000.pt:7000x(wr=0.49)
episode  66000  train_avg=  +15.0  adv_avg=  +17.4  eval_avg(500)=  +15.2  win_rate= 52.8%  entropy_beta=0.0020  baseline=  -13.3  (279.8s)
  picks: heuristic:7860x(wr=0.57)  rl_experiments_v3/exp_growing_pool_seed20/seg_50000.pt:8140x(wr=0.51)
episode  68000  train_avg=   -8.2  adv_avg=   +2.9  eval_avg(500)=  +18.1  win_rate= 54.6%  entropy_beta=0.0020  baseline=  +28.6  (315.1s)
  picks: heuristic:8701x(wr=0.51)  rl_experiments_v3/exp_growing_pool_seed20/seg_50000.pt:9299x(wr=0.43)
episode  70000  train_avg=   +5.7  adv_avg=  +15.1  eval_avg(500)=  +21.1  win_rate= 54.2%  entropy_beta=0.0020  baseline=  +14.1  (354.7s)
  picks: heuristic:9216x(wr=0.51)  rl_experiments_v3/exp_growing_pool_seed20/seg_50000.pt:10784x(wr=0.50)
episode  72000  train_avg=  +12.1  adv_avg=  +22.8  eval_avg(500)=  +18.3  win_rate= 53.2%  entropy_beta=0.0020  baseline=  +14.6  (390.3s)
  picks: heuristic:10247x(wr=0.49)  rl_experiments_v3/exp_growing_pool_seed20/seg_50000.pt:11753x(wr=0.57)
episode  74000  train_avg=  +18.5  adv_avg=   +7.8  eval_avg(500)=  +11.8  win_rate= 52.6%  entropy_beta=0.0020  baseline=  +41.4  (424.4s)
  picks: heuristic:11299x(wr=0.53)  rl_experiments_v3/exp_growing_pool_seed20/seg_50000.pt:12701x(wr=0.60)
episode  76000  train_avg=  +10.8  adv_avg=  +19.8  eval_avg(500)=  +18.3  win_rate= 53.8%  entropy_beta=0.0020  baseline=   +5.2  (458.5s)
  picks: heuristic:12318x(wr=0.46)  rl_experiments_v3/exp_growing_pool_seed20/seg_50000.pt:13682x(wr=0.56)
episode  78000  train_avg=   -4.1  adv_avg=   -1.4  eval_avg(500)=  +14.2  win_rate= 52.4%  entropy_beta=0.0020  baseline=  +41.7  (494.6s)
  picks: heuristic:13259x(wr=0.50)  rl_experiments_v3/exp_growing_pool_seed20/seg_50000.pt:14741x(wr=0.48)
episode  80000  train_avg=  +25.4  adv_avg=  +25.1  eval_avg(500)=   -8.0  win_rate= 49.0%  entropy_beta=0.0020  baseline=  +64.7  (529.3s)
  picks: heuristic:14392x(wr=0.59)  rl_experiments_v3/exp_growing_pool_seed20/seg_50000.pt:15608x(wr=0.52)
episode  82000  train_avg=  -22.3  adv_avg=   -3.0  eval_avg(500)=  +22.1  win_rate= 55.2%  entropy_beta=0.0020  baseline=  +28.1  (568.3s)
  picks: heuristic:15003x(wr=0.47)  rl_experiments_v3/exp_growing_pool_seed20/seg_50000.pt:16997x(wr=0.49)
episode  84000  train_avg=   -2.5  adv_avg=   +0.3  eval_avg(500)=  +20.6  win_rate= 55.2%  entropy_beta=0.0020  baseline=  -43.7  (604.1s)
  picks: heuristic:15932x(wr=0.57)  rl_experiments_v3/exp_growing_pool_seed20/seg_50000.pt:18068x(wr=0.40)
episode  86000  train_avg=  -17.1  adv_avg=  +33.6  eval_avg(500)=  +36.6  win_rate= 57.4%  entropy_beta=0.0020  baseline=  +42.4  (641.3s)
  picks: heuristic:16774x(wr=0.53)  rl_experiments_v3/exp_growing_pool_seed20/seg_50000.pt:19226x(wr=0.40)
episode  88000  train_avg=  +14.2  adv_avg=  +13.7  eval_avg(500)=   +8.5  win_rate= 51.0%  entropy_beta=0.0020  baseline=  +48.0  (680.5s)
  picks: heuristic:17380x(wr=0.54)  rl_experiments_v3/exp_growing_pool_seed20/seg_50000.pt:20620x(wr=0.51)
episode  90000  train_avg=   +9.3  adv_avg=  +13.3  eval_avg(500)=  +39.0  win_rate= 58.2%  entropy_beta=0.0020  baseline=  +19.3  (716.1s)
  picks: heuristic:18447x(wr=0.48)  rl_experiments_v3/exp_growing_pool_seed20/seg_50000.pt:21553x(wr=0.59)
episode  92000  train_avg=  +14.0  adv_avg=   -8.3  eval_avg(500)=  +29.1  win_rate= 56.0%  entropy_beta=0.0020  baseline=  +12.0  (752.2s)
  picks: heuristic:19540x(wr=0.55)  rl_experiments_v3/exp_growing_pool_seed20/seg_50000.pt:22460x(wr=0.53)
episode  94000  train_avg=  +21.4  adv_avg=   +8.4  eval_avg(500)=  +18.5  win_rate= 54.4%  entropy_beta=0.0020  baseline=  +29.5  (787.1s)
  picks: heuristic:20611x(wr=0.53)  rl_experiments_v3/exp_growing_pool_seed20/seg_50000.pt:23389x(wr=0.54)
episode  96000  train_avg=   +7.9  adv_avg=   +8.2  eval_avg(500)=  +44.7  win_rate= 59.8%  entropy_beta=0.0020  baseline=  -18.1  (824.4s)
  picks: heuristic:21425x(wr=0.47)  rl_experiments_v3/exp_growing_pool_seed20/seg_50000.pt:24575x(wr=0.50)
episode  98000  train_avg=   +6.4  adv_avg=  +21.0  eval_avg(500)=  +25.4  win_rate= 54.4%  entropy_beta=0.0020  baseline=  +29.7  (856.0s)
  picks: heuristic:22649x(wr=0.53)  rl_experiments_v3/exp_growing_pool_seed20/seg_50000.pt:25351x(wr=0.48)
episode 100000  train_avg=   +5.0  adv_avg=   +6.4  eval_avg(500)=   +1.9  win_rate= 50.0%  entropy_beta=0.0020  baseline=  +61.0  (889.5s)
  picks: heuristic:23598x(wr=0.49)  rl_experiments_v3/exp_growing_pool_seed20/seg_50000.pt:26402x(wr=0.54)
poids sauvegardes dans rl_experiments_v3/exp_growing_pool_seed20/seg_100000.pt
PFSP picks total: heuristic:23598x(wr=0.49)  rl_experiments_v3/exp_growing_pool_seed20/seg_50000.pt:26402x(wr=0.54)
