poids charges depuis rl_experiments_v3/imit.pt
episode   2000  train_avg=  -28.6  adv_avg=  -20.2  eval_avg(500)=   +2.8  win_rate= 51.4%  entropy_beta=0.0020  baseline=  -25.9  (25.9s)
  picks: heuristic:2000x(wr=0.45)
episode   4000  train_avg=  -15.7  adv_avg=   -7.7  eval_avg(500)=   +0.6  win_rate= 49.6%  entropy_beta=0.0020  baseline=   -5.4  (52.3s)
  picks: heuristic:4000x(wr=0.51)
episode   6000  train_avg=  +11.9  adv_avg=  +24.3  eval_avg(500)=   -6.5  win_rate= 49.2%  entropy_beta=0.0020  baseline=  +32.9  (79.9s)
  picks: heuristic:6000x(wr=0.50)
episode   8000  train_avg=   +3.4  adv_avg=  -19.6  eval_avg(500)=   -2.6  win_rate= 49.2%  entropy_beta=0.0020  baseline=  +18.3  (107.5s)
  picks: heuristic:8000x(wr=0.53)
episode  10000  train_avg=   +0.8  adv_avg=   -5.9  eval_avg(500)=  +10.8  win_rate= 52.4%  entropy_beta=0.0020  baseline=  -16.3  (135.1s)
  picks: heuristic:10000x(wr=0.46)
episode  12000  train_avg=   -4.9  adv_avg=   -9.4  eval_avg(500)=  +33.3  win_rate= 56.8%  entropy_beta=0.0020  baseline=   -2.4  (162.7s)
  picks: heuristic:12000x(wr=0.48)
episode  14000  train_avg=  -12.9  adv_avg=   +2.4  eval_avg(500)=   -0.1  win_rate= 50.6%  entropy_beta=0.0020  baseline=  -42.1  (190.6s)
  picks: heuristic:14000x(wr=0.42)
episode  16000  train_avg=   -0.7  adv_avg=   +6.5  eval_avg(500)=  +28.8  win_rate= 56.4%  entropy_beta=0.0020  baseline=  +21.9  (218.2s)
  picks: heuristic:16000x(wr=0.55)
episode  18000  train_avg=   +6.1  adv_avg=   -4.1  eval_avg(500)=  +14.6  win_rate= 53.8%  entropy_beta=0.0020  baseline=   -9.9  (245.3s)
  picks: heuristic:18000x(wr=0.51)
episode  20000  train_avg=   -3.6  adv_avg=   -7.8  eval_avg(500)=  +10.8  win_rate= 52.2%  entropy_beta=0.0020  baseline=  -45.5  (271.7s)
  picks: heuristic:20000x(wr=0.51)
episode  22000  train_avg=   -5.2  adv_avg=   -3.8  eval_avg(500)=   +7.5  win_rate= 52.8%  entropy_beta=0.0020  baseline=  +12.9  (298.1s)
  picks: heuristic:22000x(wr=0.53)
episode  24000  train_avg=  -19.7  adv_avg=  +21.6  eval_avg(500)=  +11.2  win_rate= 51.8%  entropy_beta=0.0020  baseline=  +18.3  (325.4s)
  picks: heuristic:24000x(wr=0.54)
episode  26000  train_avg=   +0.8  adv_avg=  -13.2  eval_avg(500)=   +1.7  win_rate= 50.4%  entropy_beta=0.0020  baseline=   -1.7  (353.0s)
  picks: heuristic:26000x(wr=0.43)
episode  28000  train_avg=   -5.8  adv_avg=   +4.0  eval_avg(500)=   +9.8  win_rate= 53.0%  entropy_beta=0.0020  baseline=   -5.9  (378.9s)
  picks: heuristic:28000x(wr=0.48)
episode  30000  train_avg=  -36.6  adv_avg=  -12.0  eval_avg(500)=  +18.2  win_rate= 54.8%  entropy_beta=0.0020  baseline=  -16.5  (404.5s)
  picks: heuristic:30000x(wr=0.41)
episode  32000  train_avg=   +2.1  adv_avg=  +17.8  eval_avg(500)=  +11.3  win_rate= 52.6%  entropy_beta=0.0020  baseline=  +14.9  (430.1s)
  picks: heuristic:32000x(wr=0.47)
episode  34000  train_avg=   -9.4  adv_avg=   +6.8  eval_avg(500)=   +0.2  win_rate= 49.2%  entropy_beta=0.0020  baseline=  -12.6  (455.7s)
  picks: heuristic:34000x(wr=0.50)
episode  36000  train_avg=  +20.5  adv_avg=  -13.3  eval_avg(500)=  +26.8  win_rate= 55.8%  entropy_beta=0.0020  baseline=  +33.7  (482.4s)
  picks: heuristic:36000x(wr=0.58)
episode  38000  train_avg=  +23.6  adv_avg=   +5.9  eval_avg(500)=  +25.1  win_rate= 55.2%  entropy_beta=0.0020  baseline=  +44.6  (510.0s)
  picks: heuristic:38000x(wr=0.58)
episode  40000  train_avg=  -12.0  adv_avg=   -9.7  eval_avg(500)=  +29.3  win_rate= 56.4%  entropy_beta=0.0020  baseline=  -67.8  (536.3s)
  picks: heuristic:40000x(wr=0.49)
episode  42000  train_avg=  +20.4  adv_avg=  +20.7  eval_avg(500)=  +15.2  win_rate= 53.0%  entropy_beta=0.0020  baseline=  +22.8  (562.3s)
  picks: heuristic:42000x(wr=0.56)
episode  44000  train_avg=  +12.1  adv_avg=  -10.3  eval_avg(500)=  +16.3  win_rate= 53.4%  entropy_beta=0.0020  baseline=  -46.4  (588.0s)
  picks: heuristic:44000x(wr=0.46)
episode  46000  train_avg=   -2.5  adv_avg=   -9.3  eval_avg(500)=   +0.1  win_rate= 50.2%  entropy_beta=0.0020  baseline=   -4.0  (614.1s)
  picks: heuristic:46000x(wr=0.45)
episode  48000  train_avg=   +3.7  adv_avg=  +19.2  eval_avg(500)=   +7.0  win_rate= 50.6%  entropy_beta=0.0020  baseline=  +22.4  (640.0s)
  picks: heuristic:48000x(wr=0.53)
episode  50000  train_avg=  +21.7  adv_avg=   -3.0  eval_avg(500)=  +23.4  win_rate= 54.6%  entropy_beta=0.0020  baseline=   +0.3  (667.7s)
  picks: heuristic:50000x(wr=0.54)
poids sauvegardes dans rl_experiments_v3/exp_growing_pool_seed20/seg_50000.pt
PFSP picks total: heuristic:50000x(wr=0.54)
