adversaire fige charge depuis rl_experiments_v3/exp_growing_pool_seed20/seg_50000.pt
adversaire fige charge depuis rl_experiments_v3/exp_growing_pool_seed20/seg_100000.pt
adversaire fige charge depuis rl_experiments_v3/exp_growing_pool_seed20/seg_150000.pt
poids charges depuis rl_experiments_v3/exp_growing_pool_seed20/seg_150000.pt
episode 152000  train_avg=  -20.2  adv_avg=  -15.3  eval_avg(500)=  +26.1  win_rate= 54.8%  entropy_beta=0.0020  baseline=  -46.0  (41.6s)
  picks: heuristic:415x(wr=0.46)  rl_experiments_v3/exp_growing_pool_seed20/seg_50000.pt:492x(wr=0.52)  rl_experiments_v3/exp_growing_pool_seed20/seg_100000.pt:537x(wr=0.47)  rl_experiments_v3/exp_growing_pool_seed20/seg_150000.pt:556x(wr=0.51)
episode 154000  train_avg=   +8.5  adv_avg=  +11.2  eval_avg(500)=   +3.4  win_rate= 50.6%  entropy_beta=0.0020  baseline=  -14.9  (82.1s)
  picks: heuristic:884x(wr=0.55)  rl_experiments_v3/exp_growing_pool_seed20/seg_50000.pt:1081x(wr=0.53)  rl_experiments_v3/exp_growing_pool_seed20/seg_100000.pt:965x(wr=0.50)  rl_experiments_v3/exp_growing_pool_seed20/seg_150000.pt:1070x(wr=0.42)
episode 156000  train_avg=  -21.4  adv_avg=  -16.8  eval_avg(500)=  +21.7  win_rate= 54.4%  entropy_beta=0.0020  baseline=   +1.2  (125.3s)
  picks: heuristic:1134x(wr=0.53)  rl_experiments_v3/exp_growing_pool_seed20/seg_50000.pt:1341x(wr=0.51)  rl_experiments_v3/exp_growing_pool_seed20/seg_100000.pt:1638x(wr=0.52)  rl_experiments_v3/exp_growing_pool_seed20/seg_150000.pt:1887x(wr=0.39)
episode 158000  train_avg=  +16.4  adv_avg=   -8.8  eval_avg(500)=  +15.6  win_rate= 52.4%  entropy_beta=0.0020  baseline=  -23.0  (166.7s)
  picks: heuristic:1489x(wr=0.59)  rl_experiments_v3/exp_growing_pool_seed20/seg_50000.pt:1609x(wr=0.51)  rl_experiments_v3/exp_growing_pool_seed20/seg_100000.pt:2326x(wr=0.46)  rl_experiments_v3/exp_growing_pool_seed20/seg_150000.pt:2576x(wr=0.54)
episode 160000  train_avg=  -21.6  adv_avg=   +2.5  eval_avg(500)=   +9.7  win_rate= 52.4%  entropy_beta=0.0020  baseline=  -16.0  (206.4s)
  picks: heuristic:1941x(wr=0.51)  rl_experiments_v3/exp_growing_pool_seed20/seg_50000.pt:2117x(wr=0.42)  rl_experiments_v3/exp_growing_pool_seed20/seg_100000.pt:2989x(wr=0.55)  rl_experiments_v3/exp_growing_pool_seed20/seg_150000.pt:2953x(wr=0.42)
episode 162000  train_avg=   -9.6  adv_avg=   +0.6  eval_avg(500)=   +6.6  win_rate= 51.0%  entropy_beta=0.0020  baseline=  +23.0  (246.8s)
  picks: heuristic:2256x(wr=0.48)  rl_experiments_v3/exp_growing_pool_seed20/seg_50000.pt:2603x(wr=0.54)  rl_experiments_v3/exp_growing_pool_seed20/seg_100000.pt:3510x(wr=0.48)  rl_experiments_v3/exp_growing_pool_seed20/seg_150000.pt:3631x(wr=0.50)
episode 164000  train_avg=   +7.6  adv_avg=   -6.0  eval_avg(500)=  +25.4  win_rate= 55.4%  entropy_beta=0.0020  baseline=  +20.1  (286.4s)
  picks: heuristic:2818x(wr=0.49)  rl_experiments_v3/exp_growing_pool_seed20/seg_50000.pt:2899x(wr=0.63)  rl_experiments_v3/exp_growing_pool_seed20/seg_100000.pt:4075x(wr=0.57)  rl_experiments_v3/exp_growing_pool_seed20/seg_150000.pt:4208x(wr=0.49)
episode 166000  train_avg=   -8.6  adv_avg=   +7.5  eval_avg(500)=   -2.1  win_rate= 49.2%  entropy_beta=0.0020  baseline=   +4.9  (324.3s)
  picks: heuristic:3578x(wr=0.57)  rl_experiments_v3/exp_growing_pool_seed20/seg_50000.pt:3178x(wr=0.48)  rl_experiments_v3/exp_growing_pool_seed20/seg_100000.pt:4370x(wr=0.48)  rl_experiments_v3/exp_growing_pool_seed20/seg_150000.pt:4874x(wr=0.49)
episode 168000  train_avg=  +13.3  adv_avg=   -2.7  eval_avg(500)=  +30.8  win_rate= 55.4%  entropy_beta=0.0020  baseline=  -19.2  (365.9s)
  picks: heuristic:3957x(wr=0.51)  rl_experiments_v3/exp_growing_pool_seed20/seg_50000.pt:3709x(wr=0.55)  rl_experiments_v3/exp_growing_pool_seed20/seg_100000.pt:4861x(wr=0.58)  rl_experiments_v3/exp_growing_pool_seed20/seg_150000.pt:5473x(wr=0.45)
episode 170000  train_avg=  -17.3  adv_avg=  +10.0  eval_avg(500)=  +35.3  win_rate= 58.2%  entropy_beta=0.0020  baseline=  +40.1  (405.7s)
  picks: heuristic:4354x(wr=0.53)  rl_experiments_v3/exp_growing_pool_seed20/seg_50000.pt:4173x(wr=0.46)  rl_experiments_v3/exp_growing_pool_seed20/seg_100000.pt:5438x(wr=0.47)  rl_experiments_v3/exp_growing_pool_seed20/seg_150000.pt:6035x(wr=0.41)
episode 172000  train_avg=   +7.4  adv_avg=   +5.0  eval_avg(500)=  +22.9  win_rate= 53.8%  entropy_beta=0.0020  baseline=   -2.7  (443.9s)
  picks: heuristic:4750x(wr=0.60)  rl_experiments_v3/exp_growing_pool_seed20/seg_50000.pt:4537x(wr=0.56)  rl_experiments_v3/exp_growing_pool_seed20/seg_100000.pt:5900x(wr=0.47)  rl_experiments_v3/exp_growing_pool_seed20/seg_150000.pt:6813x(wr=0.50)
episode 174000  train_avg=   +3.4  adv_avg=  +24.8  eval_avg(500)=  +12.4  win_rate= 52.8%  entropy_beta=0.0020  baseline=  +25.8  (484.1s)
  picks: heuristic:5021x(wr=0.46)  rl_experiments_v3/exp_growing_pool_seed20/seg_50000.pt:4995x(wr=0.47)  rl_experiments_v3/exp_growing_pool_seed20/seg_100000.pt:6585x(wr=0.53)  rl_experiments_v3/exp_growing_pool_seed20/seg_150000.pt:7399x(wr=0.55)
episode 176000  train_avg=  -16.6  adv_avg=  -13.6  eval_avg(500)=  +26.0  win_rate= 56.2%  entropy_beta=0.0020  baseline=  -25.6  (522.5s)
  picks: heuristic:5537x(wr=0.51)  rl_experiments_v3/exp_growing_pool_seed20/seg_50000.pt:5510x(wr=0.43)  rl_experiments_v3/exp_growing_pool_seed20/seg_100000.pt:7268x(wr=0.51)  rl_experiments_v3/exp_growing_pool_seed20/seg_150000.pt:7685x(wr=0.43)
episode 178000  train_avg=  -21.2  adv_avg=  +10.0  eval_avg(500)=   -2.1  win_rate= 50.8%  entropy_beta=0.0020  baseline=  +12.0  (562.6s)
  picks: heuristic:5822x(wr=0.55)  rl_experiments_v3/exp_growing_pool_seed20/seg_50000.pt:6063x(wr=0.59)  rl_experiments_v3/exp_growing_pool_seed20/seg_100000.pt:7606x(wr=0.49)  rl_experiments_v3/exp_growing_pool_seed20/seg_150000.pt:8509x(wr=0.39)
episode 180000  train_avg=   -0.1  adv_avg=  -21.1  eval_avg(500)=  +15.0  win_rate= 52.4%  entropy_beta=0.0020  baseline=  -26.8  (600.9s)
  picks: heuristic:6216x(wr=0.52)  rl_experiments_v3/exp_growing_pool_seed20/seg_50000.pt:6442x(wr=0.51)  rl_experiments_v3/exp_growing_pool_seed20/seg_100000.pt:7983x(wr=0.51)  rl_experiments_v3/exp_growing_pool_seed20/seg_150000.pt:9359x(wr=0.51)
episode 182000  train_avg=  -15.7  adv_avg=   -0.2  eval_avg(500)=   +0.7  win_rate= 49.6%  entropy_beta=0.0020  baseline=  +21.7  (640.8s)
  picks: heuristic:6546x(wr=0.56)  rl_experiments_v3/exp_growing_pool_seed20/seg_50000.pt:7090x(wr=0.53)  rl_experiments_v3/exp_growing_pool_seed20/seg_100000.pt:8379x(wr=0.43)  rl_experiments_v3/exp_growing_pool_seed20/seg_150000.pt:9985x(wr=0.44)
episode 184000  train_avg=   -1.8  adv_avg=   +8.3  eval_avg(500)=   +9.6  win_rate= 51.8%  entropy_beta=0.0020  baseline=  +19.8  (686.1s)
  picks: heuristic:6798x(wr=0.57)  rl_experiments_v3/exp_growing_pool_seed20/seg_50000.pt:7432x(wr=0.53)  rl_experiments_v3/exp_growing_pool_seed20/seg_100000.pt:9109x(wr=0.47)  rl_experiments_v3/exp_growing_pool_seed20/seg_150000.pt:10661x(wr=0.48)
episode 186000  train_avg=   +0.8  adv_avg=   -4.6  eval_avg(500)=  +14.3  win_rate= 51.8%  entropy_beta=0.0020  baseline=  -73.2  (730.6s)
  picks: heuristic:7136x(wr=0.48)  rl_experiments_v3/exp_growing_pool_seed20/seg_50000.pt:7670x(wr=0.53)  rl_experiments_v3/exp_growing_pool_seed20/seg_100000.pt:9963x(wr=0.52)  rl_experiments_v3/exp_growing_pool_seed20/seg_150000.pt:11231x(wr=0.47)
episode 188000  train_avg=   +6.0  adv_avg=  -25.0  eval_avg(500)=  +29.2  win_rate= 55.4%  entropy_beta=0.0020  baseline=  -20.0  (771.1s)
  picks: heuristic:7540x(wr=0.52)  rl_experiments_v3/exp_growing_pool_seed20/seg_50000.pt:8076x(wr=0.52)  rl_experiments_v3/exp_growing_pool_seed20/seg_100000.pt:10315x(wr=0.46)  rl_experiments_v3/exp_growing_pool_seed20/seg_150000.pt:12069x(wr=0.52)
episode 190000  train_avg=  +15.2  adv_avg=   +4.8  eval_avg(500)=  +13.5  win_rate= 53.2%  entropy_beta=0.0020  baseline=  +69.8  (813.4s)
  picks: heuristic:7913x(wr=0.53)  rl_experiments_v3/exp_growing_pool_seed20/seg_50000.pt:8511x(wr=0.55)  rl_experiments_v3/exp_growing_pool_seed20/seg_100000.pt:10921x(wr=0.49)  rl_experiments_v3/exp_growing_pool_seed20/seg_150000.pt:12655x(wr=0.48)
episode 192000  train_avg=   -9.0  adv_avg=   -7.3  eval_avg(500)=  +10.2  win_rate= 52.6%  entropy_beta=0.0020  baseline=   +5.1  (855.5s)
  picks: heuristic:8312x(wr=0.53)  rl_experiments_v3/exp_growing_pool_seed20/seg_50000.pt:8832x(wr=0.48)  rl_experiments_v3/exp_growing_pool_seed20/seg_100000.pt:11459x(wr=0.42)  rl_experiments_v3/exp_growing_pool_seed20/seg_150000.pt:13397x(wr=0.57)
episode 194000  train_avg=  -15.1  adv_avg=   -6.1  eval_avg(500)=  +18.8  win_rate= 53.8%  entropy_beta=0.0020  baseline=  +10.8  (899.1s)
  picks: heuristic:8520x(wr=0.53)  rl_experiments_v3/exp_growing_pool_seed20/seg_50000.pt:9621x(wr=0.48)  rl_experiments_v3/exp_growing_pool_seed20/seg_100000.pt:12056x(wr=0.45)  rl_experiments_v3/exp_growing_pool_seed20/seg_150000.pt:13803x(wr=0.44)
episode 196000  train_avg=  +23.8  adv_avg=  +20.2  eval_avg(500)=  +34.9  win_rate= 57.4%  entropy_beta=0.0020  baseline=   +8.9  (939.0s)
  picks: heuristic:8900x(wr=0.63)  rl_experiments_v3/exp_growing_pool_seed20/seg_50000.pt:10043x(wr=0.43)  rl_experiments_v3/exp_growing_pool_seed20/seg_100000.pt:12675x(wr=0.46)  rl_experiments_v3/exp_growing_pool_seed20/seg_150000.pt:14382x(wr=0.62)
episode 198000  train_avg=  +15.4  adv_avg=   +5.0  eval_avg(500)=  +28.3  win_rate= 57.0%  entropy_beta=0.0020  baseline=  +16.4  (977.6s)
  picks: heuristic:9169x(wr=0.51)  rl_experiments_v3/exp_growing_pool_seed20/seg_50000.pt:10841x(wr=0.62)  rl_experiments_v3/exp_growing_pool_seed20/seg_100000.pt:13284x(wr=0.43)  rl_experiments_v3/exp_growing_pool_seed20/seg_150000.pt:14706x(wr=0.54)
episode 200000  train_avg=   -9.8  adv_avg=   -0.7  eval_avg(500)=  +19.5  win_rate= 54.4%  entropy_beta=0.0020  baseline=  +17.0  (1015.3s)
  picks: heuristic:9613x(wr=0.49)  rl_experiments_v3/exp_growing_pool_seed20/seg_50000.pt:11106x(wr=0.58)  rl_experiments_v3/exp_growing_pool_seed20/seg_100000.pt:14136x(wr=0.48)  rl_experiments_v3/exp_growing_pool_seed20/seg_150000.pt:15145x(wr=0.45)
poids sauvegardes dans rl_experiments_v3/exp_growing_pool_seed20/seg_200000.pt
PFSP picks total: heuristic:9613x(wr=0.49)  rl_experiments_v3/exp_growing_pool_seed20/seg_50000.pt:11106x(wr=0.58)  rl_experiments_v3/exp_growing_pool_seed20/seg_100000.pt:14136x(wr=0.48)  rl_experiments_v3/exp_growing_pool_seed20/seg_150000.pt:15145x(wr=0.45)
