adversaire fige charge depuis rl_experiments_v3/exp_growing_pool_seed20/seg_50000.pt
adversaire fige charge depuis rl_experiments_v3/exp_growing_pool_seed20/seg_100000.pt
poids charges depuis rl_experiments_v3/exp_growing_pool_seed20/seg_100000.pt
episode 102000  train_avg=  -13.0  adv_avg=   -0.1  eval_avg(500)=  +19.8  win_rate= 54.2%  entropy_beta=0.0020  baseline=  -22.8  (36.5s)
  picks: heuristic:613x(wr=0.59)  rl_experiments_v3/exp_growing_pool_seed20/seg_50000.pt:719x(wr=0.44)  rl_experiments_v3/exp_growing_pool_seed20/seg_100000.pt:668x(wr=0.47)
episode 104000  train_avg=  +15.9  adv_avg=   -6.8  eval_avg(500)=   +9.8  win_rate= 51.6%  entropy_beta=0.0020  baseline=   +0.5  (77.1s)
  picks: heuristic:1048x(wr=0.53)  rl_experiments_v3/exp_growing_pool_seed20/seg_50000.pt:1504x(wr=0.50)  rl_experiments_v3/exp_growing_pool_seed20/seg_100000.pt:1448x(wr=0.56)
episode 106000  train_avg=  -31.4  adv_avg=   +0.5  eval_avg(500)=  +20.9  win_rate= 54.0%  entropy_beta=0.0020  baseline=   +9.9  (114.2s)
  picks: heuristic:1672x(wr=0.45)  rl_experiments_v3/exp_growing_pool_seed20/seg_50000.pt:2247x(wr=0.50)  rl_experiments_v3/exp_growing_pool_seed20/seg_100000.pt:2081x(wr=0.39)
episode 108000  train_avg=   +2.9  adv_avg=  +15.6  eval_avg(500)=  +24.5  win_rate= 55.0%  entropy_beta=0.0020  baseline=  +17.9  (157.7s)
  picks: heuristic:2100x(wr=0.49)  rl_experiments_v3/exp_growing_pool_seed20/seg_50000.pt:3099x(wr=0.54)  rl_experiments_v3/exp_growing_pool_seed20/seg_100000.pt:2801x(wr=0.43)
episode 110000  train_avg=  +15.1  adv_avg=  +14.2  eval_avg(500)=  +16.9  win_rate= 54.2%  entropy_beta=0.0020  baseline=   -0.1  (196.8s)
  picks: heuristic:2706x(wr=0.57)  rl_experiments_v3/exp_growing_pool_seed20/seg_50000.pt:3609x(wr=0.43)  rl_experiments_v3/exp_growing_pool_seed20/seg_100000.pt:3685x(wr=0.53)
episode 112000  train_avg=   +0.1  adv_avg=   +1.3  eval_avg(500)=  +22.1  win_rate= 54.6%  entropy_beta=0.0020  baseline=   -1.0  (235.7s)
  picks: heuristic:3198x(wr=0.59)  rl_experiments_v3/exp_growing_pool_seed20/seg_50000.pt:4557x(wr=0.49)  rl_experiments_v3/exp_growing_pool_seed20/seg_100000.pt:4245x(wr=0.48)
episode 114000  train_avg=   +5.6  adv_avg=   -5.2  eval_avg(500)=   -5.1  win_rate= 48.6%  entropy_beta=0.0020  baseline=  +13.7  (271.6s)
  picks: heuristic:3732x(wr=0.58)  rl_experiments_v3/exp_growing_pool_seed20/seg_50000.pt:5330x(wr=0.51)  rl_experiments_v3/exp_growing_pool_seed20/seg_100000.pt:4938x(wr=0.47)
episode 116000  train_avg=   -5.7  adv_avg=   +2.9  eval_avg(500)=  -11.5  win_rate= 48.0%  entropy_beta=0.0020  baseline=  +15.0  (309.0s)
  picks: heuristic:4080x(wr=0.58)  rl_experiments_v3/exp_growing_pool_seed20/seg_50000.pt:5945x(wr=0.51)  rl_experiments_v3/exp_growing_pool_seed20/seg_100000.pt:5975x(wr=0.48)
episode 118000  train_avg=  +12.4  adv_avg=  -17.2  eval_avg(500)=   +0.2  win_rate= 50.2%  entropy_beta=0.0020  baseline=  -30.6  (346.7s)
  picks: heuristic:4484x(wr=0.47)  rl_experiments_v3/exp_growing_pool_seed20/seg_50000.pt:6694x(wr=0.59)  rl_experiments_v3/exp_growing_pool_seed20/seg_100000.pt:6822x(wr=0.48)
episode 120000  train_avg=  -25.4  adv_avg=   +4.3  eval_avg(500)=  +14.1  win_rate= 52.8%  entropy_beta=0.0020  baseline=   +9.9  (386.4s)
  picks: heuristic:5227x(wr=0.43)  rl_experiments_v3/exp_growing_pool_seed20/seg_50000.pt:7201x(wr=0.40)  rl_experiments_v3/exp_growing_pool_seed20/seg_100000.pt:7572x(wr=0.54)
episode 122000  train_avg=   -4.4  adv_avg=   -5.8  eval_avg(500)=  +18.5  win_rate= 53.4%  entropy_beta=0.0020  baseline=  -32.5  (427.3s)
  picks: heuristic:5758x(wr=0.49)  rl_experiments_v3/exp_growing_pool_seed20/seg_50000.pt:8175x(wr=0.44)  rl_experiments_v3/exp_growing_pool_seed20/seg_100000.pt:8067x(wr=0.55)
episode 124000  train_avg=  +14.2  adv_avg=  -12.0  eval_avg(500)=  +22.8  win_rate= 54.6%  entropy_beta=0.0020  baseline=   -6.6  (464.8s)
  picks: heuristic:6362x(wr=0.56)  rl_experiments_v3/exp_growing_pool_seed20/seg_50000.pt:8905x(wr=0.54)  rl_experiments_v3/exp_growing_pool_seed20/seg_100000.pt:8733x(wr=0.49)
episode 126000  train_avg=   +6.4  adv_avg=  +26.6  eval_avg(500)=  +25.7  win_rate= 54.6%  entropy_beta=0.0020  baseline=  +69.3  (500.2s)
  picks: heuristic:7080x(wr=0.52)  rl_experiments_v3/exp_growing_pool_seed20/seg_50000.pt:9595x(wr=0.49)  rl_experiments_v3/exp_growing_pool_seed20/seg_100000.pt:9325x(wr=0.56)
episode 128000  train_avg=   -0.8  adv_avg=   -0.4  eval_avg(500)=  +12.4  win_rate= 52.2%  entropy_beta=0.0020  baseline=  +33.6  (538.2s)
  picks: heuristic:7561x(wr=0.60)  rl_experiments_v3/exp_growing_pool_seed20/seg_50000.pt:10612x(wr=0.54)  rl_experiments_v3/exp_growing_pool_seed20/seg_100000.pt:9827x(wr=0.53)
episode 130000  train_avg=  +20.6  adv_avg=  +10.8  eval_avg(500)=  +16.1  win_rate= 53.0%  entropy_beta=0.0020  baseline=  +75.8  (576.1s)
  picks: heuristic:8341x(wr=0.58)  rl_experiments_v3/exp_growing_pool_seed20/seg_50000.pt:11193x(wr=0.53)  rl_experiments_v3/exp_growing_pool_seed20/seg_100000.pt:10466x(wr=0.50)
episode 132000  train_avg=  +19.4  adv_avg=  +12.6  eval_avg(500)=  +20.4  win_rate= 54.6%  entropy_beta=0.0020  baseline=  +15.7  (616.9s)
  picks: heuristic:8653x(wr=0.54)  rl_experiments_v3/exp_growing_pool_seed20/seg_50000.pt:11773x(wr=0.51)  rl_experiments_v3/exp_growing_pool_seed20/seg_100000.pt:11574x(wr=0.53)
episode 134000  train_avg=  +13.6  adv_avg=   +8.3  eval_avg(500)=   -8.0  win_rate= 48.4%  entropy_beta=0.0020  baseline=  +12.5  (652.2s)
  picks: heuristic:9363x(wr=0.57)  rl_experiments_v3/exp_growing_pool_seed20/seg_50000.pt:12349x(wr=0.54)  rl_experiments_v3/exp_growing_pool_seed20/seg_100000.pt:12288x(wr=0.51)
episode 136000  train_avg=  +57.9  adv_avg=  +35.0  eval_avg(500)=  +22.1  win_rate= 54.4%  entropy_beta=0.0020  baseline=  -40.7  (686.0s)
  picks: heuristic:10267x(wr=0.69)  rl_experiments_v3/exp_growing_pool_seed20/seg_50000.pt:12811x(wr=0.55)  rl_experiments_v3/exp_growing_pool_seed20/seg_100000.pt:12922x(wr=0.51)
episode 138000  train_avg=  +20.8  adv_avg=   +6.8  eval_avg(500)=   +2.2  win_rate= 49.8%  entropy_beta=0.0020  baseline=  +71.0  (725.4s)
  picks: heuristic:10477x(wr=0.55)  rl_experiments_v3/exp_growing_pool_seed20/seg_50000.pt:13548x(wr=0.55)  rl_experiments_v3/exp_growing_pool_seed20/seg_100000.pt:13975x(wr=0.54)
episode 140000  train_avg=  +34.2  adv_avg=  +12.7  eval_avg(500)=  +16.3  win_rate= 54.2%  entropy_beta=0.0020  baseline=  +77.2  (762.4s)
  picks: heuristic:11077x(wr=0.54)  rl_experiments_v3/exp_growing_pool_seed20/seg_50000.pt:14045x(wr=0.53)  rl_experiments_v3/exp_growing_pool_seed20/seg_100000.pt:14878x(wr=0.62)
episode 142000  train_avg=   -8.2  adv_avg=  +24.4  eval_avg(500)=  +20.9  win_rate= 54.6%  entropy_beta=0.0020  baseline=  -22.6  (801.7s)
  picks: heuristic:11650x(wr=0.46)  rl_experiments_v3/exp_growing_pool_seed20/seg_50000.pt:15065x(wr=0.52)  rl_experiments_v3/exp_growing_pool_seed20/seg_100000.pt:15285x(wr=0.42)
episode 144000  train_avg=  +16.7  adv_avg=  +10.8  eval_avg(500)=  +14.4  win_rate= 53.2%  entropy_beta=0.0020  baseline=  -33.7  (840.2s)
  picks: heuristic:12341x(wr=0.55)  rl_experiments_v3/exp_growing_pool_seed20/seg_50000.pt:15646x(wr=0.51)  rl_experiments_v3/exp_growing_pool_seed20/seg_100000.pt:16013x(wr=0.50)
episode 146000  train_avg=  +18.1  adv_avg=  +15.8  eval_avg(500)=  +20.4  win_rate= 54.0%  entropy_beta=0.0020  baseline=   -7.8  (880.5s)
  picks: heuristic:12801x(wr=0.52)  rl_experiments_v3/exp_growing_pool_seed20/seg_50000.pt:16352x(wr=0.49)  rl_experiments_v3/exp_growing_pool_seed20/seg_100000.pt:16847x(wr=0.51)
episode 148000  train_avg=   +1.8  adv_avg=   +9.7  eval_avg(500)=  +22.4  win_rate= 55.0%  entropy_beta=0.0020  baseline=  +17.6  (921.4s)
  picks: heuristic:13322x(wr=0.55)  rl_experiments_v3/exp_growing_pool_seed20/seg_50000.pt:16956x(wr=0.49)  rl_experiments_v3/exp_growing_pool_seed20/seg_100000.pt:17722x(wr=0.56)
episode 150000  train_avg=   +0.6  adv_avg=  -10.1  eval_avg(500)=  +15.9  win_rate= 53.4%  entropy_beta=0.0020  baseline=  -62.4  (965.7s)
  picks: heuristic:13921x(wr=0.53)  rl_experiments_v3/exp_growing_pool_seed20/seg_50000.pt:17650x(wr=0.50)  rl_experiments_v3/exp_growing_pool_seed20/seg_100000.pt:18429x(wr=0.49)
poids sauvegardes dans rl_experiments_v3/exp_growing_pool_seed20/seg_150000.pt
PFSP picks total: heuristic:13921x(wr=0.53)  rl_experiments_v3/exp_growing_pool_seed20/seg_50000.pt:17650x(wr=0.50)  rl_experiments_v3/exp_growing_pool_seed20/seg_100000.pt:18429x(wr=0.49)
