adversaire fige charge depuis rl_experiments_v3/exp_growing_pool_seed20/seg_50000.pt
adversaire fige charge depuis rl_experiments_v3/exp_growing_pool_seed20/seg_100000.pt
adversaire fige charge depuis rl_experiments_v3/exp_growing_pool_seed20/seg_150000.pt
adversaire fige charge depuis rl_experiments_v3/exp_growing_pool_seed20/seg_200000.pt
adversaire fige charge depuis rl_experiments_v3/exp_growing_pool_seed20/seg_250000.pt
poids charges depuis rl_experiments_v3/exp_growing_pool_seed20/seg_250000.pt
episode 252000  train_avg=  +14.4  adv_avg=   +5.9  eval_avg(500)=  +21.8  win_rate= 54.8%  entropy_beta=0.0020  baseline=  -15.0  (41.9s)
  picks: heuristic:298x(wr=0.44)  rl_experiments_v3/exp_growing_pool_seed20/seg_50000.pt:323x(wr=0.48)  rl_experiments_v3/exp_growing_pool_seed20/seg_100000.pt:368x(wr=0.53)  rl_experiments_v3/exp_growing_pool_seed20/seg_150000.pt:269x(wr=0.62)  rl_experiments_v3/exp_growing_pool_seed20/seg_200000.pt:447x(wr=0.55)  rl_experiments_v3/exp_growing_pool_seed20/seg_250000.pt:295x(wr=0.48)
episode 254000  train_avg=   +8.2  adv_avg=   +9.0  eval_avg(500)=  +22.9  win_rate= 55.2%  entropy_beta=0.0020  baseline=  -14.8  (81.1s)
  picks: heuristic:858x(wr=0.58)  rl_experiments_v3/exp_growing_pool_seed20/seg_50000.pt:664x(wr=0.48)  rl_experiments_v3/exp_growing_pool_seed20/seg_100000.pt:663x(wr=0.49)  rl_experiments_v3/exp_growing_pool_seed20/seg_150000.pt:492x(wr=0.54)  rl_experiments_v3/exp_growing_pool_seed20/seg_200000.pt:776x(wr=0.52)  rl_experiments_v3/exp_growing_pool_seed20/seg_250000.pt:547x(wr=0.59)
episode 256000  train_avg=  -17.4  adv_avg=  -17.7  eval_avg(500)=  +17.4  win_rate= 53.6%  entropy_beta=0.0020  baseline=  -11.1  (123.1s)
  picks: heuristic:1079x(wr=0.53)  rl_experiments_v3/exp_growing_pool_seed20/seg_50000.pt:1162x(wr=0.46)  rl_experiments_v3/exp_growing_pool_seed20/seg_100000.pt:983x(wr=0.51)  rl_experiments_v3/exp_growing_pool_seed20/seg_150000.pt:894x(wr=0.44)  rl_experiments_v3/exp_growing_pool_seed20/seg_200000.pt:1077x(wr=0.56)  rl_experiments_v3/exp_growing_pool_seed20/seg_250000.pt:805x(wr=0.61)
episode 258000  train_avg=  -17.9  adv_avg=  +10.9  eval_avg(500)=   +3.2  win_rate= 51.2%  entropy_beta=0.0020  baseline=  +22.1  (165.1s)
  picks: heuristic:1328x(wr=0.54)  rl_experiments_v3/exp_growing_pool_seed20/seg_50000.pt:1516x(wr=0.51)  rl_experiments_v3/exp_growing_pool_seed20/seg_100000.pt:1373x(wr=0.42)  rl_experiments_v3/exp_growing_pool_seed20/seg_150000.pt:1392x(wr=0.50)  rl_experiments_v3/exp_growing_pool_seed20/seg_200000.pt:1269x(wr=0.52)  rl_experiments_v3/exp_growing_pool_seed20/seg_250000.pt:1122x(wr=0.48)
episode 260000  train_avg=  +12.0  adv_avg=   -4.0  eval_avg(500)=   +2.4  win_rate= 51.2%  entropy_beta=0.0020  baseline=  -59.9  (208.1s)
  picks: heuristic:1564x(wr=0.50)  rl_experiments_v3/exp_growing_pool_seed20/seg_50000.pt:1744x(wr=0.56)  rl_experiments_v3/exp_growing_pool_seed20/seg_100000.pt:1848x(wr=0.60)  rl_experiments_v3/exp_growing_pool_seed20/seg_150000.pt:1693x(wr=0.51)  rl_experiments_v3/exp_growing_pool_seed20/seg_200000.pt:1614x(wr=0.57)  rl_experiments_v3/exp_growing_pool_seed20/seg_250000.pt:1537x(wr=0.48)
episode 262000  train_avg=   +8.4  adv_avg=  +12.6  eval_avg(500)=  +14.7  win_rate= 53.0%  entropy_beta=0.0020  baseline=  +21.5  (251.3s)
  picks: heuristic:1895x(wr=0.51)  rl_experiments_v3/exp_growing_pool_seed20/seg_50000.pt:2081x(wr=0.48)  rl_experiments_v3/exp_growing_pool_seed20/seg_100000.pt:2042x(wr=0.49)  rl_experiments_v3/exp_growing_pool_seed20/seg_150000.pt:2015x(wr=0.57)  rl_experiments_v3/exp_growing_pool_seed20/seg_200000.pt:1945x(wr=0.51)  rl_experiments_v3/exp_growing_pool_seed20/seg_250000.pt:2022x(wr=0.52)
episode 264000  train_avg=   +3.2  adv_avg=   +1.7  eval_avg(500)=   +4.3  win_rate= 50.8%  entropy_beta=0.0020  baseline=  -31.8  (296.3s)
  picks: heuristic:2110x(wr=0.56)  rl_experiments_v3/exp_growing_pool_seed20/seg_50000.pt:2415x(wr=0.43)  rl_experiments_v3/exp_growing_pool_seed20/seg_100000.pt:2349x(wr=0.48)  rl_experiments_v3/exp_growing_pool_seed20/seg_150000.pt:2188x(wr=0.46)  rl_experiments_v3/exp_growing_pool_seed20/seg_200000.pt:2580x(wr=0.58)  rl_experiments_v3/exp_growing_pool_seed20/seg_250000.pt:2358x(wr=0.56)
episode 266000  train_avg=   +5.0  adv_avg=  +30.9  eval_avg(500)=   +4.4  win_rate= 51.0%  entropy_beta=0.0020  baseline=   +0.8  (335.1s)
  picks: heuristic:2394x(wr=0.62)  rl_experiments_v3/exp_growing_pool_seed20/seg_50000.pt:2811x(wr=0.58)  rl_experiments_v3/exp_growing_pool_seed20/seg_100000.pt:2809x(wr=0.44)  rl_experiments_v3/exp_growing_pool_seed20/seg_150000.pt:2568x(wr=0.47)  rl_experiments_v3/exp_growing_pool_seed20/seg_200000.pt:2875x(wr=0.48)  rl_experiments_v3/exp_growing_pool_seed20/seg_250000.pt:2543x(wr=0.54)
episode 268000  train_avg=  +14.2  adv_avg=  +37.5  eval_avg(500)=  +18.2  win_rate= 54.6%  entropy_beta=0.0020  baseline=  +39.7  (374.9s)
  picks: heuristic:2527x(wr=0.58)  rl_experiments_v3/exp_growing_pool_seed20/seg_50000.pt:3026x(wr=0.41)  rl_experiments_v3/exp_growing_pool_seed20/seg_100000.pt:3483x(wr=0.54)  rl_experiments_v3/exp_growing_pool_seed20/seg_150000.pt:2945x(wr=0.58)  rl_experiments_v3/exp_growing_pool_seed20/seg_200000.pt:3151x(wr=0.61)  rl_experiments_v3/exp_growing_pool_seed20/seg_250000.pt:2868x(wr=0.53)
episode 270000  train_avg=  -12.6  adv_avg=  -25.6  eval_avg(500)=  +12.5  win_rate= 52.0%  entropy_beta=0.0020  baseline=  -41.3  (413.1s)
  picks: heuristic:2799x(wr=0.48)  rl_experiments_v3/exp_growing_pool_seed20/seg_50000.pt:3656x(wr=0.45)  rl_experiments_v3/exp_growing_pool_seed20/seg_100000.pt:3792x(wr=0.35)  rl_experiments_v3/exp_growing_pool_seed20/seg_150000.pt:3245x(wr=0.58)  rl_experiments_v3/exp_growing_pool_seed20/seg_200000.pt:3369x(wr=0.52)  rl_experiments_v3/exp_growing_pool_seed20/seg_250000.pt:3139x(wr=0.54)
episode 272000  train_avg=  -19.1  adv_avg=  +14.1  eval_avg(500)=  +23.4  win_rate= 53.6%  entropy_beta=0.0020  baseline=  -58.2  (452.0s)
  picks: heuristic:3006x(wr=0.49)  rl_experiments_v3/exp_growing_pool_seed20/seg_50000.pt:4009x(wr=0.50)  rl_experiments_v3/exp_growing_pool_seed20/seg_100000.pt:4681x(wr=0.48)  rl_experiments_v3/exp_growing_pool_seed20/seg_150000.pt:3357x(wr=0.48)  rl_experiments_v3/exp_growing_pool_seed20/seg_200000.pt:3564x(wr=0.53)  rl_experiments_v3/exp_growing_pool_seed20/seg_250000.pt:3383x(wr=0.43)
episode 274000  train_avg=  +15.3  adv_avg=   -2.0  eval_avg(500)=  +19.2  win_rate= 54.0%  entropy_beta=0.0020  baseline=  -16.3  (490.4s)
  picks: heuristic:3259x(wr=0.54)  rl_experiments_v3/exp_growing_pool_seed20/seg_50000.pt:4336x(wr=0.56)  rl_experiments_v3/exp_growing_pool_seed20/seg_100000.pt:5075x(wr=0.53)  rl_experiments_v3/exp_growing_pool_seed20/seg_150000.pt:3623x(wr=0.53)  rl_experiments_v3/exp_growing_pool_seed20/seg_200000.pt:3974x(wr=0.47)  rl_experiments_v3/exp_growing_pool_seed20/seg_250000.pt:3733x(wr=0.50)
episode 276000  train_avg=  -23.3  adv_avg=   -1.4  eval_avg(500)=  +11.7  win_rate= 53.2%  entropy_beta=0.0020  baseline=   +4.1  (530.1s)
  picks: heuristic:3492x(wr=0.50)  rl_experiments_v3/exp_growing_pool_seed20/seg_50000.pt:4669x(wr=0.48)  rl_experiments_v3/exp_growing_pool_seed20/seg_100000.pt:5514x(wr=0.51)  rl_experiments_v3/exp_growing_pool_seed20/seg_150000.pt:3873x(wr=0.52)  rl_experiments_v3/exp_growing_pool_seed20/seg_200000.pt:4385x(wr=0.43)  rl_experiments_v3/exp_growing_pool_seed20/seg_250000.pt:4067x(wr=0.46)
episode 278000  train_avg=   +2.5  adv_avg=   -5.8  eval_avg(500)=  +24.4  win_rate= 55.8%  entropy_beta=0.0020  baseline=  -64.2  (568.9s)
  picks: heuristic:4064x(wr=0.49)  rl_experiments_v3/exp_growing_pool_seed20/seg_50000.pt:4910x(wr=0.57)  rl_experiments_v3/exp_growing_pool_seed20/seg_100000.pt:5763x(wr=0.54)  rl_experiments_v3/exp_growing_pool_seed20/seg_150000.pt:4049x(wr=0.51)  rl_experiments_v3/exp_growing_pool_seed20/seg_200000.pt:4749x(wr=0.54)  rl_experiments_v3/exp_growing_pool_seed20/seg_250000.pt:4465x(wr=0.44)
episode 280000  train_avg=   +2.6  adv_avg=  -17.6  eval_avg(500)=  +38.5  win_rate= 57.6%  entropy_beta=0.0020  baseline=  -59.0  (610.2s)
  picks: heuristic:4378x(wr=0.57)  rl_experiments_v3/exp_growing_pool_seed20/seg_50000.pt:5103x(wr=0.53)  rl_experiments_v3/exp_growing_pool_seed20/seg_100000.pt:6167x(wr=0.45)  rl_experiments_v3/exp_growing_pool_seed20/seg_150000.pt:4374x(wr=0.51)  rl_experiments_v3/exp_growing_pool_seed20/seg_200000.pt:5096x(wr=0.47)  rl_experiments_v3/exp_growing_pool_seed20/seg_250000.pt:4882x(wr=0.46)
episode 282000  train_avg=  +22.5  adv_avg=  +24.3  eval_avg(500)=  +16.1  win_rate= 53.0%  entropy_beta=0.0020  baseline=  -15.2  (651.5s)
  picks: heuristic:4633x(wr=0.55)  rl_experiments_v3/exp_growing_pool_seed20/seg_50000.pt:5321x(wr=0.48)  rl_experiments_v3/exp_growing_pool_seed20/seg_100000.pt:6625x(wr=0.57)  rl_experiments_v3/exp_growing_pool_seed20/seg_150000.pt:4709x(wr=0.57)  rl_experiments_v3/exp_growing_pool_seed20/seg_200000.pt:5454x(wr=0.46)  rl_experiments_v3/exp_growing_pool_seed20/seg_250000.pt:5258x(wr=0.52)
episode 284000  train_avg=  +34.0  adv_avg=  +13.7  eval_avg(500)=  +11.7  win_rate= 52.2%  entropy_beta=0.0020  baseline=   -4.4  (692.0s)
  picks: heuristic:4873x(wr=0.49)  rl_experiments_v3/exp_growing_pool_seed20/seg_50000.pt:5774x(wr=0.56)  rl_experiments_v3/exp_growing_pool_seed20/seg_100000.pt:6831x(wr=0.55)  rl_experiments_v3/exp_growing_pool_seed20/seg_150000.pt:4944x(wr=0.51)  rl_experiments_v3/exp_growing_pool_seed20/seg_200000.pt:6041x(wr=0.60)  rl_experiments_v3/exp_growing_pool_seed20/seg_250000.pt:5537x(wr=0.47)
episode 286000  train_avg=   +0.2  adv_avg=  +11.5  eval_avg(500)=  +17.9  win_rate= 54.6%  entropy_beta=0.0020  baseline=  +68.2  (733.0s)
  picks: heuristic:5176x(wr=0.56)  rl_experiments_v3/exp_growing_pool_seed20/seg_50000.pt:6079x(wr=0.46)  rl_experiments_v3/exp_growing_pool_seed20/seg_100000.pt:7079x(wr=0.52)  rl_experiments_v3/exp_growing_pool_seed20/seg_150000.pt:5370x(wr=0.56)  rl_experiments_v3/exp_growing_pool_seed20/seg_200000.pt:6309x(wr=0.50)  rl_experiments_v3/exp_growing_pool_seed20/seg_250000.pt:5987x(wr=0.43)
episode 288000  train_avg=   -8.3  adv_avg=   -2.6  eval_avg(500)=   +1.0  win_rate= 50.0%  entropy_beta=0.0020  baseline=  +23.6  (780.0s)
  picks: heuristic:5326x(wr=0.57)  rl_experiments_v3/exp_growing_pool_seed20/seg_50000.pt:6436x(wr=0.48)  rl_experiments_v3/exp_growing_pool_seed20/seg_100000.pt:7322x(wr=0.52)  rl_experiments_v3/exp_growing_pool_seed20/seg_150000.pt:5700x(wr=0.47)  rl_experiments_v3/exp_growing_pool_seed20/seg_200000.pt:6778x(wr=0.50)  rl_experiments_v3/exp_growing_pool_seed20/seg_250000.pt:6438x(wr=0.46)
episode 290000  train_avg=  +11.4  adv_avg=  -15.5  eval_avg(500)=  +20.1  win_rate= 54.2%  entropy_beta=0.0020  baseline=  -47.8  (823.0s)
  picks: heuristic:5477x(wr=0.47)  rl_experiments_v3/exp_growing_pool_seed20/seg_50000.pt:6886x(wr=0.55)  rl_experiments_v3/exp_growing_pool_seed20/seg_100000.pt:7670x(wr=0.57)  rl_experiments_v3/exp_growing_pool_seed20/seg_150000.pt:6005x(wr=0.47)  rl_experiments_v3/exp_growing_pool_seed20/seg_200000.pt:7043x(wr=0.49)  rl_experiments_v3/exp_growing_pool_seed20/seg_250000.pt:6919x(wr=0.59)
episode 292000  train_avg=   +6.6  adv_avg=  +15.9  eval_avg(500)=  +10.2  win_rate= 52.2%  entropy_beta=0.0020  baseline=   -4.9  (862.5s)
  picks: heuristic:5922x(wr=0.48)  rl_experiments_v3/exp_growing_pool_seed20/seg_50000.pt:7063x(wr=0.57)  rl_experiments_v3/exp_growing_pool_seed20/seg_100000.pt:8063x(wr=0.44)  rl_experiments_v3/exp_growing_pool_seed20/seg_150000.pt:6376x(wr=0.51)  rl_experiments_v3/exp_growing_pool_seed20/seg_200000.pt:7328x(wr=0.57)  rl_experiments_v3/exp_growing_pool_seed20/seg_250000.pt:7248x(wr=0.52)
episode 294000  train_avg=   +0.2  adv_avg=  +12.8  eval_avg(500)=  +14.7  win_rate= 53.0%  entropy_beta=0.0020  baseline=   +6.6  (902.4s)
  picks: heuristic:6414x(wr=0.50)  rl_experiments_v3/exp_growing_pool_seed20/seg_50000.pt:7328x(wr=0.57)  rl_experiments_v3/exp_growing_pool_seed20/seg_100000.pt:8415x(wr=0.45)  rl_experiments_v3/exp_growing_pool_seed20/seg_150000.pt:6711x(wr=0.50)  rl_experiments_v3/exp_growing_pool_seed20/seg_200000.pt:7585x(wr=0.57)  rl_experiments_v3/exp_growing_pool_seed20/seg_250000.pt:7547x(wr=0.57)
episode 296000  train_avg=   +5.9  adv_avg=   -3.2  eval_avg(500)=   +9.0  win_rate= 52.2%  entropy_beta=0.0020  baseline=  +37.4  (944.3s)
  picks: heuristic:6691x(wr=0.57)  rl_experiments_v3/exp_growing_pool_seed20/seg_50000.pt:7494x(wr=0.42)  rl_experiments_v3/exp_growing_pool_seed20/seg_100000.pt:9066x(wr=0.42)  rl_experiments_v3/exp_growing_pool_seed20/seg_150000.pt:7080x(wr=0.48)  rl_experiments_v3/exp_growing_pool_seed20/seg_200000.pt:7899x(wr=0.59)  rl_experiments_v3/exp_growing_pool_seed20/seg_250000.pt:7770x(wr=0.57)
episode 298000  train_avg=  +16.4  adv_avg=  +31.8  eval_avg(500)=  +15.0  win_rate= 54.0%  entropy_beta=0.0020  baseline=  +13.5  (990.7s)
  picks: heuristic:6866x(wr=0.53)  rl_experiments_v3/exp_growing_pool_seed20/seg_50000.pt:7960x(wr=0.67)  rl_experiments_v3/exp_growing_pool_seed20/seg_100000.pt:9690x(wr=0.50)  rl_experiments_v3/exp_growing_pool_seed20/seg_150000.pt:7292x(wr=0.46)  rl_experiments_v3/exp_growing_pool_seed20/seg_200000.pt:8081x(wr=0.43)  rl_experiments_v3/exp_growing_pool_seed20/seg_250000.pt:8111x(wr=0.52)
episode 300000  train_avg=  +20.3  adv_avg=  +13.0  eval_avg(500)=   +4.2  win_rate= 51.6%  entropy_beta=0.0020  baseline=  -33.7  (1032.9s)
  picks: heuristic:7119x(wr=0.50)  rl_experiments_v3/exp_growing_pool_seed20/seg_50000.pt:8060x(wr=0.52)  rl_experiments_v3/exp_growing_pool_seed20/seg_100000.pt:10032x(wr=0.45)  rl_experiments_v3/exp_growing_pool_seed20/seg_150000.pt:7764x(wr=0.52)  rl_experiments_v3/exp_growing_pool_seed20/seg_200000.pt:8635x(wr=0.55)  rl_experiments_v3/exp_growing_pool_seed20/seg_250000.pt:8390x(wr=0.59)
poids sauvegardes dans rl_experiments_v3/exp_growing_pool_seed20/seg_300000.pt
PFSP picks total: heuristic:7119x(wr=0.50)  rl_experiments_v3/exp_growing_pool_seed20/seg_50000.pt:8060x(wr=0.52)  rl_experiments_v3/exp_growing_pool_seed20/seg_100000.pt:10032x(wr=0.45)  rl_experiments_v3/exp_growing_pool_seed20/seg_150000.pt:7764x(wr=0.52)  rl_experiments_v3/exp_growing_pool_seed20/seg_200000.pt:8635x(wr=0.55)  rl_experiments_v3/exp_growing_pool_seed20/seg_250000.pt:8390x(wr=0.59)
