/home/lsr/anaconda3/envs/env_coinche/lib/python3.13/site-packages/torch/autograd/graph.py:882: UserWarning: CUDA initialization: Unexpected error from cudaGetDeviceCount(). Did you run some cuda functions before calling NumCudaDevices() that might have already set an error? Error 804: forward compatibility was attempted on non supported HW (Triggered internally at /pytorch/c10/cuda/CUDAFunctions.cpp:119.)
  return Variable._execution_engine.run_backward(  # Calls into the C++ engine to run the backward pass
poids charges depuis rl_experiments_v3/imit_bignet.pt
episode   5000  train_avg=  -49.4  adv_avg=  -23.1  eval_avg(500)=  -43.2  win_rate= 41.6%  entropy_beta=0.0020  baseline=  -12.7  (122.7s)
episode  10000  train_avg=  -10.8  adv_avg=  -20.1  eval_avg(500)=  -11.2  win_rate= 48.0%  entropy_beta=0.0020  baseline=  -41.8  (244.0s)
episode  15000  train_avg=  -24.8  adv_avg=   -5.8  eval_avg(500)=  -34.5  win_rate= 44.2%  entropy_beta=0.0020  baseline=  +35.4  (354.1s)
episode  20000  train_avg=   -5.0  adv_avg=  -15.7  eval_avg(500)=  -23.5  win_rate= 46.4%  entropy_beta=0.0020  baseline=  -79.0  (466.1s)
episode  25000  train_avg=  -52.8  adv_avg=  -33.1  eval_avg(500)=  -32.5  win_rate= 44.6%  entropy_beta=0.0020  baseline=  -26.7  (575.6s)
episode  30000  train_avg=  -16.8  adv_avg=  -27.2  eval_avg(500)=  -38.5  win_rate= 44.0%  entropy_beta=0.0020  baseline=   -0.5  (688.3s)
episode  35000  train_avg=  -11.0  adv_avg=  -20.4  eval_avg(500)=  -28.4  win_rate= 45.6%  entropy_beta=0.0020  baseline=  -66.5  (796.5s)
episode  40000  train_avg=  -24.7  adv_avg=  -37.7  eval_avg(500)=  -27.5  win_rate= 45.6%  entropy_beta=0.0020  baseline=   -8.0  (909.0s)
episode  45000  train_avg=  -32.8  adv_avg=  -55.8  eval_avg(500)=  -20.4  win_rate= 46.4%  entropy_beta=0.0020  baseline=  -74.5  (1021.4s)
episode  50000  train_avg=  -21.6  adv_avg=  -21.7  eval_avg(500)=  -27.9  win_rate= 45.2%  entropy_beta=0.0020  baseline=  -23.4  (1131.8s)
episode  55000  train_avg=  -28.4  adv_avg=  -35.2  eval_avg(500)=  -43.5  win_rate= 42.0%  entropy_beta=0.0020  baseline=  -50.7  (1249.6s)
episode  60000  train_avg=  -26.7  adv_avg=  -52.5  eval_avg(500)=  -53.1  win_rate= 40.4%  entropy_beta=0.0020  baseline=  -13.0  (1369.7s)
episode  65000  train_avg=  -39.6  adv_avg=  -43.9  eval_avg(500)=  -49.3  win_rate= 40.8%  entropy_beta=0.0020  baseline= -108.1  (1488.5s)
episode  70000  train_avg=  -39.5  adv_avg=  -45.5  eval_avg(500)=  -34.4  win_rate= 44.8%  entropy_beta=0.0020  baseline=  -71.0  (1605.4s)
episode  75000  train_avg=  -40.9  adv_avg=  -39.2  eval_avg(500)=  -28.2  win_rate= 46.8%  entropy_beta=0.0020  baseline=  -93.6  (1725.0s)
episode  80000  train_avg=  -43.8  adv_avg=  -53.4  eval_avg(500)=  -37.5  win_rate= 44.4%  entropy_beta=0.0020  baseline=  -92.4  (1841.2s)
episode  85000  train_avg=  -50.5  adv_avg=  -58.6  eval_avg(500)=  -40.1  win_rate= 44.0%  entropy_beta=0.0020  baseline=  -60.6  (1953.7s)
episode  90000  train_avg=  -24.9  adv_avg=  -17.3  eval_avg(500)=  -29.8  win_rate= 44.6%  entropy_beta=0.0020  baseline=  -51.4  (2064.8s)
episode  95000  train_avg=  -24.6  adv_avg=  -21.9  eval_avg(500)=  -28.9  win_rate= 45.6%  entropy_beta=0.0020  baseline=  -29.1  (2173.9s)
episode 100000  train_avg=   -7.2  adv_avg=  -12.3  eval_avg(500)=  -27.9  win_rate= 45.8%  entropy_beta=0.0020  baseline=  -21.3  (2284.2s)
poids sauvegardes dans rl_experiments_v3/exp_reinforce_bignet_lr3e-4_seed20/reinforce_100000.pt
