poids charges depuis rl_experiments_v3/imit.pt
episode   5000  train_avg=  -16.6  adv_avg=   -4.2  eval_avg(500)=  +14.7  win_rate= 53.0%  entropy_coef=0.0020  policy_loss=-0.0076  value_loss=1.0000  entropy=0.226  clip_frac= 1.1%  (82.2s)
episode  10000  train_avg=   +0.9  adv_avg=   +6.8  eval_avg(500)=  +11.4  win_rate= 52.6%  entropy_coef=0.0020  policy_loss=-0.0130  value_loss=1.0195  entropy=0.211  clip_frac= 2.8%  (164.1s)
episode  15000  train_avg=  +14.4  adv_avg=   -7.5  eval_avg(500)=  +11.0  win_rate= 51.8%  entropy_coef=0.0020  policy_loss=-0.0135  value_loss=0.9959  entropy=0.199  clip_frac= 2.3%  (245.4s)
episode  20000  train_avg=   +3.4  adv_avg=  -15.4  eval_avg(500)=  +27.6  win_rate= 56.0%  entropy_coef=0.0020  policy_loss=-0.0111  value_loss=0.9894  entropy=0.187  clip_frac= 1.8%  (326.6s)
episode  25000  train_avg=  +22.4  adv_avg=   -2.2  eval_avg(500)=  +18.1  win_rate= 53.4%  entropy_coef=0.0020  policy_loss=-0.0116  value_loss=0.9716  entropy=0.192  clip_frac= 2.7%  (408.5s)
episode  30000  train_avg=  +38.6  adv_avg=  +32.3  eval_avg(500)=   +0.1  win_rate= 49.8%  entropy_coef=0.0020  policy_loss=-0.0116  value_loss=0.9816  entropy=0.178  clip_frac= 2.8%  (491.3s)
episode  35000  train_avg=  +13.9  adv_avg=  +11.6  eval_avg(500)=   +8.9  win_rate= 52.2%  entropy_coef=0.0020  policy_loss=-0.0148  value_loss=0.9740  entropy=0.174  clip_frac= 3.0%  (572.1s)
episode  40000  train_avg=   +3.9  adv_avg=   -2.2  eval_avg(500)=  +10.1  win_rate= 51.6%  entropy_coef=0.0020  policy_loss=-0.0155  value_loss=0.9737  entropy=0.188  clip_frac= 3.0%  (655.3s)
episode  45000  train_avg=  +17.1  adv_avg=   +4.5  eval_avg(500)=   -5.0  win_rate= 49.0%  entropy_coef=0.0020  policy_loss=-0.0133  value_loss=0.9550  entropy=0.195  clip_frac= 2.0%  (739.8s)
episode  50000  train_avg=   +2.0  adv_avg=   -4.7  eval_avg(500)=  +19.7  win_rate= 55.6%  entropy_coef=0.0020  policy_loss=-0.0151  value_loss=0.9891  entropy=0.179  clip_frac= 2.8%  (827.8s)
episode  55000  train_avg=  +10.9  adv_avg=   +5.5  eval_avg(500)=  +14.2  win_rate= 53.2%  entropy_coef=0.0020  policy_loss=-0.0143  value_loss=0.9993  entropy=0.180  clip_frac= 3.2%  (914.0s)
episode  60000  train_avg=   -4.5  adv_avg=   -9.0  eval_avg(500)=  +10.4  win_rate= 53.2%  entropy_coef=0.0020  policy_loss=-0.0141  value_loss=1.0165  entropy=0.183  clip_frac= 2.9%  (997.7s)
episode  65000  train_avg=  +23.1  adv_avg=   +1.7  eval_avg(500)=   +3.4  win_rate= 50.4%  entropy_coef=0.0020  policy_loss=-0.0104  value_loss=0.9941  entropy=0.171  clip_frac= 1.9%  (1080.4s)
episode  70000  train_avg=  -20.0  adv_avg=  -16.2  eval_avg(500)=  +14.6  win_rate= 52.6%  entropy_coef=0.0020  policy_loss=-0.0133  value_loss=1.0660  entropy=0.175  clip_frac= 2.6%  (1162.7s)
episode  75000  train_avg=  +23.1  adv_avg=   -1.7  eval_avg(500)=  +16.7  win_rate= 53.4%  entropy_coef=0.0020  policy_loss=-0.0120  value_loss=1.0333  entropy=0.189  clip_frac= 2.3%  (1247.4s)
episode  80000  train_avg=  -11.2  adv_avg=  -12.2  eval_avg(500)=  +12.2  win_rate= 52.6%  entropy_coef=0.0020  policy_loss=-0.0146  value_loss=1.0906  entropy=0.192  clip_frac= 3.5%  (1331.3s)
episode  85000  train_avg=  -23.2  adv_avg=  -22.5  eval_avg(500)=   +2.6  win_rate= 50.8%  entropy_coef=0.0020  policy_loss=-0.0142  value_loss=1.0656  entropy=0.190  clip_frac= 3.2%  (1413.6s)
episode  90000  train_avg=  +22.1  adv_avg=  +10.2  eval_avg(500)=  +11.4  win_rate= 52.8%  entropy_coef=0.0020  policy_loss=-0.0144  value_loss=1.0105  entropy=0.165  clip_frac= 2.9%  (1495.8s)
episode  95000  train_avg=   +0.1  adv_avg=  -26.8  eval_avg(500)=   +6.1  win_rate= 52.4%  entropy_coef=0.0020  policy_loss=-0.0159  value_loss=0.9844  entropy=0.174  clip_frac= 3.6%  (1578.0s)
episode 100000  train_avg=  +25.9  adv_avg=   +0.2  eval_avg(500)=  +10.9  win_rate= 52.6%  entropy_coef=0.0020  policy_loss=-0.0150  value_loss=0.9538  entropy=0.156  clip_frac= 4.0%  (1659.1s)
poids sauvegardes dans rl_experiments_v3/exp_ppo_lr3e-5_epochs16_seed23/ppo_100000.pt
