poids charges depuis rl_experiments_v3/imit.pt
episode   5000  train_avg=  +10.3  adv_avg=   -9.2  eval_avg(500)=  +14.7  win_rate= 52.8%  entropy_coef=0.0020  policy_loss=-0.0159  value_loss=1.0523  entropy=0.222  clip_frac= 3.2%  (83.9s)
episode  10000  train_avg=   +3.6  adv_avg=   -9.3  eval_avg(500)=  -11.4  win_rate= 47.0%  entropy_coef=0.0020  policy_loss=-0.0104  value_loss=1.0112  entropy=0.186  clip_frac= 2.1%  (164.0s)
episode  15000  train_avg=  +34.2  adv_avg=  +27.3  eval_avg(500)=   +3.0  win_rate= 50.2%  entropy_coef=0.0020  policy_loss=-0.0106  value_loss=0.9921  entropy=0.200  clip_frac= 1.7%  (245.4s)
episode  20000  train_avg=  +12.1  adv_avg=  +40.6  eval_avg(500)=   -1.7  win_rate= 48.8%  entropy_coef=0.0020  policy_loss=-0.0116  value_loss=0.9982  entropy=0.188  clip_frac= 2.1%  (328.0s)
episode  25000  train_avg=  -11.4  adv_avg=   -3.8  eval_avg(500)=  +29.3  win_rate= 55.4%  entropy_coef=0.0020  policy_loss=-0.0136  value_loss=0.9887  entropy=0.204  clip_frac= 3.2%  (410.6s)
episode  30000  train_avg=   -7.4  adv_avg=  -28.9  eval_avg(500)=   +9.2  win_rate= 52.0%  entropy_coef=0.0020  policy_loss=-0.0145  value_loss=0.9877  entropy=0.214  clip_frac= 3.0%  (493.3s)
episode  35000  train_avg=  +14.0  adv_avg=  +34.1  eval_avg(500)=   +8.6  win_rate= 50.6%  entropy_coef=0.0020  policy_loss=-0.0098  value_loss=0.9812  entropy=0.198  clip_frac= 2.1%  (576.2s)
episode  40000  train_avg=  -10.2  adv_avg=   -6.0  eval_avg(500)=  +25.8  win_rate= 55.6%  entropy_coef=0.0020  policy_loss=-0.0106  value_loss=0.9790  entropy=0.177  clip_frac= 2.4%  (659.9s)
episode  45000  train_avg=  +14.4  adv_avg=  +31.8  eval_avg(500)=   +3.4  win_rate= 50.4%  entropy_coef=0.0020  policy_loss=-0.0123  value_loss=1.0155  entropy=0.195  clip_frac= 2.6%  (741.5s)
episode  50000  train_avg=   +2.6  adv_avg=  +11.4  eval_avg(500)=  +15.3  win_rate= 53.6%  entropy_coef=0.0020  policy_loss=-0.0141  value_loss=1.0047  entropy=0.169  clip_frac= 2.6%  (822.5s)
episode  55000  train_avg=   +0.7  adv_avg=   +5.2  eval_avg(500)=   +4.5  win_rate= 49.8%  entropy_coef=0.0020  policy_loss=-0.0118  value_loss=0.9454  entropy=0.162  clip_frac= 2.6%  (903.7s)
episode  60000  train_avg=   +9.0  adv_avg=   +4.0  eval_avg(500)=  +15.7  win_rate= 53.8%  entropy_coef=0.0020  policy_loss=-0.0167  value_loss=1.0787  entropy=0.167  clip_frac= 4.0%  (979.5s)
episode  65000  train_avg=  +24.6  adv_avg=  +46.7  eval_avg(500)=   +0.2  win_rate= 50.0%  entropy_coef=0.0020  policy_loss=-0.0171  value_loss=0.9674  entropy=0.189  clip_frac= 4.3%  (1055.4s)
episode  70000  train_avg=   +8.5  adv_avg=  +15.2  eval_avg(500)=   +0.7  win_rate= 50.0%  entropy_coef=0.0020  policy_loss=-0.0113  value_loss=0.9926  entropy=0.172  clip_frac= 2.7%  (1131.1s)
episode  75000  train_avg=  +31.7  adv_avg=  +20.4  eval_avg(500)=  +16.5  win_rate= 53.2%  entropy_coef=0.0020  policy_loss=-0.0139  value_loss=1.0606  entropy=0.203  clip_frac= 3.0%  (1206.9s)
episode  80000  train_avg=  +24.1  adv_avg=  +46.5  eval_avg(500)=  +21.9  win_rate= 54.2%  entropy_coef=0.0020  policy_loss=-0.0175  value_loss=1.0020  entropy=0.179  clip_frac= 4.6%  (1284.4s)
episode  85000  train_avg=  +37.7  adv_avg=   +0.4  eval_avg(500)=  +23.2  win_rate= 55.4%  entropy_coef=0.0020  policy_loss=-0.0122  value_loss=0.9800  entropy=0.168  clip_frac= 2.5%  (1360.6s)
episode  90000  train_avg=  +11.9  adv_avg=  +30.4  eval_avg(500)=   -0.5  win_rate= 49.6%  entropy_coef=0.0020  policy_loss=-0.0169  value_loss=1.0100  entropy=0.206  clip_frac= 3.7%  (1436.3s)
episode  95000  train_avg=  +13.9  adv_avg=  +23.6  eval_avg(500)=   +1.7  win_rate= 50.4%  entropy_coef=0.0020  policy_loss=-0.0108  value_loss=0.9804  entropy=0.168  clip_frac= 2.2%  (1512.3s)
episode 100000  train_avg=  +30.4  adv_avg=  +18.4  eval_avg(500)=  +10.2  win_rate= 51.6%  entropy_coef=0.0020  policy_loss=-0.0131  value_loss=0.9659  entropy=0.165  clip_frac= 3.1%  (1599.7s)
poids sauvegardes dans rl_experiments_v3/exp_ppo_lr3e-5_epochs16_seed24/ppo_100000.pt
