poids charges depuis rl_experiments/imit.pt
poids de value_net charges depuis rl_experiments/value_imit.pt
episode   2000  train_avg=  -45.4  adv_avg=  -14.3  eval_avg(500)=  +17.5  win_rate= 53.2%  entropy_coef=0.0020  policy_loss=-0.0210  value_loss=0.8608  entropy=0.258  (25.7s)
episode   4000  train_avg=  +13.5  adv_avg=   +0.5  eval_avg(500)=   +7.8  win_rate= 51.6%  entropy_coef=0.0020  policy_loss=-0.0123  value_loss=1.0704  entropy=0.192  (51.0s)
episode   6000  train_avg=   +0.2  adv_avg=   +0.6  eval_avg(500)=   +1.6  win_rate= 50.4%  entropy_coef=0.0020  policy_loss=-0.0155  value_loss=0.9663  entropy=0.218  (76.3s)
episode   8000  train_avg=  +17.6  adv_avg=  +27.2  eval_avg(500)=  -16.8  win_rate= 46.4%  entropy_coef=0.0020  policy_loss=-0.0160  value_loss=1.0495  entropy=0.222  (101.8s)
episode  10000  train_avg=  -16.6  adv_avg=  -16.8  eval_avg(500)=   -1.4  win_rate= 50.2%  entropy_coef=0.0020  policy_loss=-0.0178  value_loss=1.0603  entropy=0.234  (127.3s)
episode  12000  train_avg=   -0.5  adv_avg=   -7.0  eval_avg(500)=  +11.2  win_rate= 51.4%  entropy_coef=0.0020  policy_loss=-0.0186  value_loss=1.0392  entropy=0.207  (153.4s)
episode  14000  train_avg=  -10.3  adv_avg=   +6.2  eval_avg(500)=  -16.5  win_rate= 46.4%  entropy_coef=0.0020  policy_loss=-0.0121  value_loss=1.0128  entropy=0.196  (179.1s)
episode  16000  train_avg=   +9.4  adv_avg=  -15.9  eval_avg(500)=   -2.4  win_rate= 49.8%  entropy_coef=0.0020  policy_loss=-0.0155  value_loss=1.0271  entropy=0.197  (205.0s)
episode  18000  train_avg=   -5.1  adv_avg=   -9.4  eval_avg(500)=   -3.1  win_rate= 49.2%  entropy_coef=0.0020  policy_loss=-0.0185  value_loss=0.8851  entropy=0.201  (230.7s)
episode  20000  train_avg=   -8.8  adv_avg=   +4.8  eval_avg(500)=   -0.4  win_rate= 51.2%  entropy_coef=0.0020  policy_loss=-0.0175  value_loss=0.9392  entropy=0.194  (256.4s)
episode  22000  train_avg=  +10.2  adv_avg=  +10.2  eval_avg(500)=  +15.9  win_rate= 53.0%  entropy_coef=0.0020  policy_loss=-0.0129  value_loss=1.0053  entropy=0.203  (282.1s)
episode  24000  train_avg=   -3.4  adv_avg=   -7.5  eval_avg(500)=   -0.1  win_rate= 49.6%  entropy_coef=0.0020  policy_loss=-0.0141  value_loss=1.0089  entropy=0.196  (308.0s)
episode  26000  train_avg=   -4.7  adv_avg=   -9.9  eval_avg(500)=   +6.9  win_rate= 51.8%  entropy_coef=0.0020  policy_loss=-0.0165  value_loss=0.9907  entropy=0.188  (333.7s)
episode  28000  train_avg=   -5.4  adv_avg=   -4.5  eval_avg(500)=   +6.1  win_rate= 50.2%  entropy_coef=0.0020  policy_loss=-0.0153  value_loss=0.9694  entropy=0.197  (359.6s)
episode  30000  train_avg=  +11.7  adv_avg=  +22.3  eval_avg(500)=  -14.1  win_rate= 46.8%  entropy_coef=0.0020  policy_loss=-0.0119  value_loss=1.0299  entropy=0.176  (385.3s)
episode  32000  train_avg=  +24.0  adv_avg=   +5.9  eval_avg(500)=  +10.2  win_rate= 52.6%  entropy_coef=0.0020  policy_loss=-0.0111  value_loss=0.9880  entropy=0.176  (411.3s)
episode  34000  train_avg=  -19.7  adv_avg=   +1.6  eval_avg(500)=  -16.6  win_rate= 47.2%  entropy_coef=0.0020  policy_loss=-0.0143  value_loss=0.9968  entropy=0.175  (437.0s)
episode  36000  train_avg=   +0.1  adv_avg=   -7.5  eval_avg(500)=  -19.0  win_rate= 45.4%  entropy_coef=0.0020  policy_loss=-0.0160  value_loss=1.0857  entropy=0.198  (462.8s)
episode  38000  train_avg=  -11.7  adv_avg=   -4.2  eval_avg(500)=   -2.1  win_rate= 50.4%  entropy_coef=0.0020  policy_loss=-0.0135  value_loss=1.0231  entropy=0.188  (488.5s)
episode  40000  train_avg=   -1.9  adv_avg=  +20.4  eval_avg(500)=  +19.2  win_rate= 53.8%  entropy_coef=0.0020  policy_loss=-0.0149  value_loss=0.9415  entropy=0.211  (514.5s)
episode  42000  train_avg=  +10.8  adv_avg=  +13.9  eval_avg(500)=   +5.4  win_rate= 50.8%  entropy_coef=0.0020  policy_loss=-0.0161  value_loss=0.9859  entropy=0.183  (539.9s)
episode  44000  train_avg=  +40.1  adv_avg=  +19.7  eval_avg(500)=   +7.7  win_rate= 52.4%  entropy_coef=0.0020  policy_loss=-0.0128  value_loss=1.0079  entropy=0.180  (565.1s)
episode  46000  train_avg=   -8.5  adv_avg=   -0.4  eval_avg(500)=  -15.4  win_rate= 47.0%  entropy_coef=0.0020  policy_loss=-0.0179  value_loss=0.9645  entropy=0.191  (590.5s)
episode  48000  train_avg=  +13.8  adv_avg=  +11.0  eval_avg(500)=   +0.0  win_rate= 49.8%  entropy_coef=0.0020  policy_loss=-0.0132  value_loss=0.9777  entropy=0.191  (616.0s)
episode  50000  train_avg=   -0.7  adv_avg=  -14.8  eval_avg(500)=  -13.4  win_rate= 47.6%  entropy_coef=0.0020  policy_loss=-0.0154  value_loss=0.9651  entropy=0.182  (641.3s)
poids sauvegardes dans rl_experiments_v2/exp_ppo_round1_valuepretrain_v3/ppo_50000.pt
