poids charges depuis rl_experiments_v3/imit.pt
episode   5000  train_avg=   -4.1  adv_avg=  -10.2  eval_avg(500)=  +12.4  win_rate= 52.4%  entropy_beta=0.0020  baseline=   +7.1  (65.0s)
episode  10000  train_avg=  -10.4  adv_avg=  -16.3  eval_avg(500)=  +25.5  win_rate= 55.8%  entropy_beta=0.0020  baseline=  -34.3  (129.5s)
episode  15000  train_avg=   +9.1  adv_avg=   +3.5  eval_avg(500)=   -4.8  win_rate= 49.0%  entropy_beta=0.0020  baseline=  +33.8  (197.8s)
episode  20000  train_avg=  +24.8  adv_avg=  +17.9  eval_avg(500)=  +20.4  win_rate= 54.4%  entropy_beta=0.0020  baseline=  +22.8  (265.5s)
episode  25000  train_avg=  +13.7  adv_avg=  +10.8  eval_avg(500)=  +26.2  win_rate= 55.8%  entropy_beta=0.0020  baseline=   -7.3  (332.9s)
episode  30000  train_avg=  +18.6  adv_avg=  +15.6  eval_avg(500)=  +17.4  win_rate= 53.8%  entropy_beta=0.0020  baseline=   -4.1  (398.2s)
episode  35000  train_avg=  +27.6  adv_avg=  +28.9  eval_avg(500)=   -1.6  win_rate= 49.6%  entropy_beta=0.0020  baseline=  +17.1  (463.6s)
episode  40000  train_avg=   +9.1  adv_avg=  -16.6  eval_avg(500)=   +9.6  win_rate= 51.6%  entropy_beta=0.0020  baseline=  -50.7  (529.0s)
episode  45000  train_avg=  +11.5  adv_avg=  +21.9  eval_avg(500)=  +19.0  win_rate= 53.4%  entropy_beta=0.0020  baseline=  +34.7  (595.3s)
episode  50000  train_avg=   -2.4  adv_avg=  -13.9  eval_avg(500)=  +12.0  win_rate= 51.8%  entropy_beta=0.0020  baseline=   -8.6  (661.7s)
episode  55000  train_avg=  -28.1  adv_avg=  -23.1  eval_avg(500)=   +3.9  win_rate= 50.6%  entropy_beta=0.0020  baseline=  -54.8  (727.6s)
episode  60000  train_avg=   -0.9  adv_avg=   -0.6  eval_avg(500)=  +21.6  win_rate= 53.8%  entropy_beta=0.0020  baseline=  -37.6  (795.5s)
episode  65000  train_avg=  +18.6  adv_avg=   +1.6  eval_avg(500)=   +7.1  win_rate= 51.2%  entropy_beta=0.0020  baseline=  +21.9  (863.2s)
episode  70000  train_avg=  +10.0  adv_avg=  +16.9  eval_avg(500)=  +30.8  win_rate= 57.2%  entropy_beta=0.0020  baseline=  +14.7  (931.6s)
episode  75000  train_avg=  +29.6  adv_avg=  +18.7  eval_avg(500)=  +22.3  win_rate= 55.0%  entropy_beta=0.0020  baseline=  +69.7  (999.3s)
episode  80000  train_avg=  -10.7  adv_avg=   +4.9  eval_avg(500)=  +37.2  win_rate= 58.0%  entropy_beta=0.0020  baseline=   +4.2  (1062.6s)
episode  85000  train_avg=  +10.8  adv_avg=  +11.5  eval_avg(500)=  +10.9  win_rate= 53.2%  entropy_beta=0.0020  baseline=  +26.7  (1128.7s)
episode  90000  train_avg=   -5.0  adv_avg=   +5.2  eval_avg(500)=  +43.5  win_rate= 59.4%  entropy_beta=0.0020  baseline=  +54.7  (1194.6s)
episode  95000  train_avg=  +19.0  adv_avg=  +22.2  eval_avg(500)=  +12.9  win_rate= 51.2%  entropy_beta=0.0020  baseline=   +8.6  (1259.0s)
episode 100000  train_avg=  +16.2  adv_avg=   -4.6  eval_avg(500)=  +33.2  win_rate= 56.0%  entropy_beta=0.0020  baseline=   -5.1  (1324.3s)
poids sauvegardes dans rl_experiments_v3/exp_reinforce_lr1e-4_seed22/reinforce_100000.pt
