poids charges depuis rl_experiments/imit.pt
episode   2000  train_avg=  -20.1  adv_avg=   -8.8  eval_avg(500)=   +6.4  win_rate= 52.2%  entropy_coef=0.0020  policy_loss=-0.0083  value_loss=1.0048  entropy=0.205  (25.6s)
episode   4000  train_avg=  +16.8  adv_avg=  +25.8  eval_avg(500)=   -2.2  win_rate= 49.4%  entropy_coef=0.0020  policy_loss=-0.0064  value_loss=1.0176  entropy=0.201  (52.3s)
episode   6000  train_avg=  -41.6  adv_avg=   -5.0  eval_avg(500)=   -0.2  win_rate= 50.4%  entropy_coef=0.0020  policy_loss=-0.0074  value_loss=1.0002  entropy=0.186  (78.1s)
episode   8000  train_avg=   -9.9  adv_avg=   -4.2  eval_avg(500)=   +9.0  win_rate= 50.8%  entropy_coef=0.0020  policy_loss=-0.0099  value_loss=1.0388  entropy=0.214  (104.2s)
episode  10000  train_avg=   -5.3  adv_avg=   -4.4  eval_avg(500)=  -14.5  win_rate= 46.6%  entropy_coef=0.0020  policy_loss=-0.0072  value_loss=0.9984  entropy=0.198  (129.9s)
episode  12000  train_avg=  -42.5  adv_avg=  -23.1  eval_avg(500)=  -10.9  win_rate= 46.4%  entropy_coef=0.0020  policy_loss=-0.0102  value_loss=1.0057  entropy=0.211  (155.0s)
episode  14000  train_avg=  -11.5  adv_avg=  -19.7  eval_avg(500)=   -4.4  win_rate= 48.6%  entropy_coef=0.0020  policy_loss=-0.0104  value_loss=0.9903  entropy=0.221  (180.1s)
episode  16000  train_avg=  -29.2  adv_avg=  -19.4  eval_avg(500)=   +2.3  win_rate= 50.6%  entropy_coef=0.0020  policy_loss=-0.0048  value_loss=1.0301  entropy=0.212  (207.0s)
episode  18000  train_avg=  -22.1  adv_avg=  -35.8  eval_avg(500)=   -6.6  win_rate= 48.8%  entropy_coef=0.0020  policy_loss=-0.0102  value_loss=1.0676  entropy=0.197  (233.0s)
episode  20000  train_avg=   -2.0  adv_avg=   -4.6  eval_avg(500)=   -0.2  win_rate= 49.6%  entropy_coef=0.0020  policy_loss=-0.0098  value_loss=1.1034  entropy=0.217  (258.6s)
episode  22000  train_avg=  +49.5  adv_avg=  +21.5  eval_avg(500)=   +1.4  win_rate= 50.0%  entropy_coef=0.0020  policy_loss=-0.0106  value_loss=1.0628  entropy=0.207  (283.9s)
episode  24000  train_avg=  +16.2  adv_avg=   +3.3  eval_avg(500)=  +17.1  win_rate= 53.8%  entropy_coef=0.0020  policy_loss=-0.0079  value_loss=0.9995  entropy=0.211  (309.5s)
episode  26000  train_avg=  +13.1  adv_avg=  +16.1  eval_avg(500)=   +9.1  win_rate= 51.0%  entropy_coef=0.0020  policy_loss=-0.0071  value_loss=1.1428  entropy=0.204  (335.0s)
episode  28000  train_avg=   +0.7  adv_avg=   +9.3  eval_avg(500)=   +2.2  win_rate= 49.8%  entropy_coef=0.0020  policy_loss=-0.0100  value_loss=1.0095  entropy=0.224  (360.4s)
episode  30000  train_avg=  -11.4  adv_avg=   +0.9  eval_avg(500)=   +4.7  win_rate= 51.4%  entropy_coef=0.0020  policy_loss=-0.0099  value_loss=1.0201  entropy=0.217  (385.3s)
episode  32000  train_avg=   -1.2  adv_avg=   +4.7  eval_avg(500)=   -6.9  win_rate= 49.2%  entropy_coef=0.0020  policy_loss=-0.0083  value_loss=1.0099  entropy=0.207  (410.9s)
episode  34000  train_avg=   -5.4  adv_avg=  -21.3  eval_avg(500)=   +7.7  win_rate= 51.2%  entropy_coef=0.0020  policy_loss=-0.0064  value_loss=1.0386  entropy=0.190  (436.9s)
episode  36000  train_avg=  +30.9  adv_avg=   -2.1  eval_avg(500)=  +20.3  win_rate= 54.4%  entropy_coef=0.0020  policy_loss=-0.0086  value_loss=0.9885  entropy=0.200  (462.5s)
episode  38000  train_avg=  +24.1  adv_avg=   +9.0  eval_avg(500)=   -9.8  win_rate= 47.4%  entropy_coef=0.0020  policy_loss=-0.0091  value_loss=0.9880  entropy=0.202  (488.0s)
episode  40000  train_avg=  +20.6  adv_avg=  +14.3  eval_avg(500)=   -2.3  win_rate= 48.8%  entropy_coef=0.0020  policy_loss=-0.0068  value_loss=1.0396  entropy=0.198  (513.5s)
episode  42000  train_avg=   -2.1  adv_avg=  -25.1  eval_avg(500)=  +17.0  win_rate= 53.0%  entropy_coef=0.0020  policy_loss=-0.0106  value_loss=1.0259  entropy=0.229  (539.3s)
episode  44000  train_avg=   -3.1  adv_avg=  -15.8  eval_avg(500)=  +25.5  win_rate= 55.2%  entropy_coef=0.0020  policy_loss=-0.0055  value_loss=0.9985  entropy=0.220  (567.0s)
episode  46000  train_avg=  -33.2  adv_avg=   -7.1  eval_avg(500)=   +3.3  win_rate= 50.4%  entropy_coef=0.0020  policy_loss=-0.0088  value_loss=0.9967  entropy=0.205  (592.0s)
episode  48000  train_avg=   +0.4  adv_avg=  +20.9  eval_avg(500)=   -9.2  win_rate= 48.2%  entropy_coef=0.0020  policy_loss=-0.0096  value_loss=0.9808  entropy=0.214  (617.4s)
episode  50000  train_avg=   -0.8  adv_avg=   +0.7  eval_avg(500)=  +14.1  win_rate= 53.2%  entropy_coef=0.0020  policy_loss=-0.0104  value_loss=0.9677  entropy=0.197  (642.5s)
poids sauvegardes dans rl_experiments_v2/exp_ppo_round1_lr3e-5/ppo_50000.pt
