poids charges depuis rl_experiments_v3/imit.pt
episode   5000  train_avg=  -18.8  adv_avg=   +0.2  eval_avg(500)=  +17.7  win_rate= 53.0%  entropy_coef=0.0020  policy_loss=-0.0063  value_loss=0.9972  entropy=0.220  clip_frac= 0.4%  (75.4s)
episode  10000  train_avg=  -12.0  adv_avg=  +14.9  eval_avg(500)=   +2.5  win_rate= 50.6%  entropy_coef=0.0020  policy_loss=-0.0089  value_loss=1.0872  entropy=0.219  clip_frac= 0.8%  (149.8s)
episode  15000  train_avg=   +2.5  adv_avg=   +0.5  eval_avg(500)=  +21.8  win_rate= 55.0%  entropy_coef=0.0020  policy_loss=-0.0108  value_loss=0.9987  entropy=0.205  clip_frac= 1.2%  (227.0s)
episode  20000  train_avg=   -1.8  adv_avg=   +2.5  eval_avg(500)=   -6.5  win_rate= 49.2%  entropy_coef=0.0020  policy_loss=-0.0087  value_loss=1.0122  entropy=0.194  clip_frac= 0.9%  (303.5s)
episode  25000  train_avg=  +26.0  adv_avg=  +26.4  eval_avg(500)=  +28.3  win_rate= 56.0%  entropy_coef=0.0020  policy_loss=-0.0068  value_loss=0.9988  entropy=0.189  clip_frac= 0.8%  (380.3s)
episode  30000  train_avg=  +23.8  adv_avg=  +23.7  eval_avg(500)=   -3.8  win_rate= 48.8%  entropy_coef=0.0020  policy_loss=-0.0093  value_loss=1.0148  entropy=0.181  clip_frac= 1.3%  (456.6s)
episode  35000  train_avg=  +31.9  adv_avg=  +13.2  eval_avg(500)=  +14.8  win_rate= 52.4%  entropy_coef=0.0020  policy_loss=-0.0078  value_loss=1.0090  entropy=0.181  clip_frac= 0.8%  (531.9s)
episode  40000  train_avg=  +16.6  adv_avg=  +18.6  eval_avg(500)=  +24.5  win_rate= 55.2%  entropy_coef=0.0020  policy_loss=-0.0060  value_loss=0.9965  entropy=0.169  clip_frac= 0.5%  (603.7s)
episode  45000  train_avg=   -8.1  adv_avg=   +4.6  eval_avg(500)=  +13.5  win_rate= 52.2%  entropy_coef=0.0020  policy_loss=-0.0095  value_loss=0.9962  entropy=0.185  clip_frac= 1.1%  (675.7s)
episode  50000  train_avg=  -12.3  adv_avg=  +21.6  eval_avg(500)=  +16.0  win_rate= 53.0%  entropy_coef=0.0020  policy_loss=-0.0092  value_loss=0.9631  entropy=0.188  clip_frac= 1.0%  (745.8s)
episode  55000  train_avg=  +11.8  adv_avg=   -0.1  eval_avg(500)=  +29.3  win_rate= 56.6%  entropy_coef=0.0020  policy_loss=-0.0077  value_loss=0.9887  entropy=0.187  clip_frac= 0.6%  (816.4s)
episode  60000  train_avg=  +26.4  adv_avg=  +33.8  eval_avg(500)=   +8.3  win_rate= 51.2%  entropy_coef=0.0020  policy_loss=-0.0082  value_loss=0.9898  entropy=0.185  clip_frac= 1.4%  (886.4s)
episode  65000  train_avg=  +24.8  adv_avg=  +42.1  eval_avg(500)=  +11.8  win_rate= 51.6%  entropy_coef=0.0020  policy_loss=-0.0077  value_loss=0.9913  entropy=0.173  clip_frac= 1.1%  (956.6s)
episode  70000  train_avg=  +30.4  adv_avg=  +20.2  eval_avg(500)=  +15.3  win_rate= 54.0%  entropy_coef=0.0020  policy_loss=-0.0089  value_loss=0.9710  entropy=0.154  clip_frac= 1.2%  (1026.8s)
episode  75000  train_avg=   -3.8  adv_avg=   -6.8  eval_avg(500)=  +18.0  win_rate= 53.2%  entropy_coef=0.0020  policy_loss=-0.0086  value_loss=1.0176  entropy=0.157  clip_frac= 1.3%  (1097.1s)
episode  80000  train_avg=   +7.6  adv_avg=  +17.2  eval_avg(500)=  +16.9  win_rate= 53.6%  entropy_coef=0.0020  policy_loss=-0.0071  value_loss=0.9658  entropy=0.150  clip_frac= 0.9%  (1167.8s)
episode  85000  train_avg=  +16.9  adv_avg=   +6.8  eval_avg(500)=  +29.4  win_rate= 55.8%  entropy_coef=0.0020  policy_loss=-0.0079  value_loss=0.9943  entropy=0.159  clip_frac= 1.0%  (1238.4s)
episode  90000  train_avg=  +48.9  adv_avg=  +12.1  eval_avg(500)=  +22.1  win_rate= 55.0%  entropy_coef=0.0020  policy_loss=-0.0071  value_loss=0.9752  entropy=0.147  clip_frac= 1.1%  (1317.5s)
episode  95000  train_avg=  +26.3  adv_avg=  +22.4  eval_avg(500)=  +40.6  win_rate= 58.4%  entropy_coef=0.0020  policy_loss=-0.0064  value_loss=0.9847  entropy=0.155  clip_frac= 0.8%  (1395.5s)
episode 100000  train_avg=  +13.8  adv_avg=   +9.4  eval_avg(500)=  +39.1  win_rate= 59.4%  entropy_coef=0.0020  policy_loss=-0.0077  value_loss=0.9628  entropy=0.157  clip_frac= 1.2%  (1474.5s)
poids sauvegardes dans rl_experiments_v3/exp_ppo_centralized_critic_seed20/ppo_100000.pt
