poids charges depuis rl_experiments_v4/imit_bignet_ent02.pt
episode   5000  train_avg=   +6.4  adv_avg=   -4.4  eval_avg(500)=   +4.3  win_rate= 50.2%  entropy_beta=0.0020  baseline=   +7.3  (120.3s)
episode  10000  train_avg=  -16.1  adv_avg=  -13.1  eval_avg(500)=   +3.4  win_rate= 50.4%  entropy_beta=0.0020  baseline=   +8.5  (239.2s)
episode  15000  train_avg=   +9.8  adv_avg=  +26.5  eval_avg(500)=   +1.4  win_rate= 51.0%  entropy_beta=0.0020  baseline=  +42.3  (355.5s)
episode  20000  train_avg=   +9.2  adv_avg=   -9.7  eval_avg(500)=   -5.3  win_rate= 49.6%  entropy_beta=0.0020  baseline=  +17.8  (472.3s)
episode  25000  train_avg=  +14.5  adv_avg=  -14.5  eval_avg(500)=  +14.3  win_rate= 51.8%  entropy_beta=0.0020  baseline=  -35.0  (589.9s)
episode  30000  train_avg=   -3.6  adv_avg=  +10.1  eval_avg(500)=   +2.2  win_rate= 51.2%  entropy_beta=0.0020  baseline=  +46.4  (707.4s)
episode  35000  train_avg=   -6.2  adv_avg=  +10.5  eval_avg(500)=   -3.2  win_rate= 49.6%  entropy_beta=0.0020  baseline=   -3.0  (823.1s)
episode  40000  train_avg=   +7.3  adv_avg=   +1.0  eval_avg(500)=  +22.8  win_rate= 55.0%  entropy_beta=0.0020  baseline=   -8.4  (931.8s)
episode  45000  train_avg=  +30.9  adv_avg=  +28.4  eval_avg(500)=  +21.5  win_rate= 54.2%  entropy_beta=0.0020  baseline=  +45.9  (1052.7s)
episode  50000  train_avg=   +1.6  adv_avg=   +2.3  eval_avg(500)=  +20.0  win_rate= 53.8%  entropy_beta=0.0020  baseline=   +6.7  (1171.2s)
episode  55000  train_avg=   +4.5  adv_avg=  +17.1  eval_avg(500)=   +8.0  win_rate= 52.0%  entropy_beta=0.0020  baseline=   -4.3  (1288.5s)
episode  60000  train_avg=   +5.8  adv_avg=  +12.8  eval_avg(500)=  +19.6  win_rate= 54.2%  entropy_beta=0.0020  baseline=  +20.2  (1404.4s)
episode  65000  train_avg=  +54.7  adv_avg=   +7.5  eval_avg(500)=   +7.1  win_rate= 51.8%  entropy_beta=0.0020  baseline=  -46.2  (1519.1s)
episode  70000  train_avg=  +17.2  adv_avg=  +39.6  eval_avg(500)=  +39.5  win_rate= 59.0%  entropy_beta=0.0020  baseline=  +66.6  (1635.4s)
episode  75000  train_avg=   -8.9  adv_avg=   -9.8  eval_avg(500)=  +25.8  win_rate= 56.0%  entropy_beta=0.0020  baseline=   -7.2  (1751.7s)
episode  80000  train_avg=  +36.0  adv_avg=   +8.1  eval_avg(500)=   -3.3  win_rate= 49.2%  entropy_beta=0.0020  baseline=  +32.9  (1867.4s)
episode  85000  train_avg=  +32.3  adv_avg=  +16.6  eval_avg(500)=  +36.8  win_rate= 57.6%  entropy_beta=0.0020  baseline=  +27.5  (1979.7s)
episode  90000  train_avg=   -4.9  adv_avg=  +11.0  eval_avg(500)=  +27.1  win_rate= 55.4%  entropy_beta=0.0020  baseline=   -0.5  (2082.3s)
episode  95000  train_avg=  +29.6  adv_avg=  +39.8  eval_avg(500)=   +2.0  win_rate= 50.8%  entropy_beta=0.0020  baseline=  +40.9  (2184.9s)
episode 100000  train_avg=   +4.7  adv_avg=  +12.6  eval_avg(500)=  +21.3  win_rate= 55.4%  entropy_beta=0.0020  baseline=  +30.6  (2287.3s)
poids sauvegardes dans rl_experiments_v4/exp_reinforce_bignet_ent02_lr1e-4_seed20/reinforce_100000.pt
