=== Segment 1/6 : episodes 1-50000 (pool a 1 membres) ===
  pool: heuristic
  segment 1 termine en 1111s, poids dans rl_experiments_v4/exp_growing_pool_bignet/seg_50000.pt
=== Segment 2/6 : episodes 50001-100000 (pool a 2 membres) ===
  pool: heuristic,rl_experiments_v4/exp_growing_pool_bignet/seg_50000.pt
  segment 2 termine en 1565s, poids dans rl_experiments_v4/exp_growing_pool_bignet/seg_100000.pt
=== Segment 3/6 : episodes 100001-150000 (pool a 3 membres) ===
  pool: heuristic,rl_experiments_v4/exp_growing_pool_bignet/seg_50000.pt,rl_experiments_v4/exp_growing_pool_bignet/seg_100000.pt
  segment 3 termine en 1669s, poids dans rl_experiments_v4/exp_growing_pool_bignet/seg_150000.pt
=== Segment 4/6 : episodes 150001-200000 (pool a 4 membres) ===
  pool: heuristic,rl_experiments_v4/exp_growing_pool_bignet/seg_50000.pt,rl_experiments_v4/exp_growing_pool_bignet/seg_100000.pt,rl_experiments_v4/exp_growing_pool_bignet/seg_150000.pt
  segment 4 termine en 1961s, poids dans rl_experiments_v4/exp_growing_pool_bignet/seg_200000.pt
=== Segment 5/6 : episodes 200001-250000 (pool a 5 membres) ===
  pool: heuristic,rl_experiments_v4/exp_growing_pool_bignet/seg_50000.pt,rl_experiments_v4/exp_growing_pool_bignet/seg_100000.pt,rl_experiments_v4/exp_growing_pool_bignet/seg_150000.pt,rl_experiments_v4/exp_growing_pool_bignet/seg_200000.pt
  segment 5 termine en 2002s, poids dans rl_experiments_v4/exp_growing_pool_bignet/seg_250000.pt
=== Segment 6/6 : episodes 250001-300000 (pool a 6 membres) ===
  pool: heuristic,rl_experiments_v4/exp_growing_pool_bignet/seg_50000.pt,rl_experiments_v4/exp_growing_pool_bignet/seg_100000.pt,rl_experiments_v4/exp_growing_pool_bignet/seg_150000.pt,rl_experiments_v4/exp_growing_pool_bignet/seg_200000.pt,rl_experiments_v4/exp_growing_pool_bignet/seg_250000.pt
  segment 6 termine en 2079s, poids dans rl_experiments_v4/exp_growing_pool_bignet/seg_300000.pt
Orchestration terminee : 6 segments, pool final a 7 membres (heuristic + 6 snapshots).
=== Segment 7/9 : episodes 300001-350000 (pool a 7 membres) ===
  pool: heuristic,rl_experiments_v4/exp_growing_pool_bignet/seg_50000.pt,rl_experiments_v4/exp_growing_pool_bignet/seg_100000.pt,rl_experiments_v4/exp_growing_pool_bignet/seg_150000.pt,rl_experiments_v4/exp_growing_pool_bignet/seg_200000.pt,rl_experiments_v4/exp_growing_pool_bignet/seg_250000.pt,rl_experiments_v4/exp_growing_pool_bignet/seg_300000.pt
  segment 7 termine en 2072s, poids dans rl_experiments_v4/exp_growing_pool_bignet/seg_350000.pt
=== Segment 8/9 : episodes 350001-400000 (pool a 8 membres) ===
  pool: heuristic,rl_experiments_v4/exp_growing_pool_bignet/seg_50000.pt,rl_experiments_v4/exp_growing_pool_bignet/seg_100000.pt,rl_experiments_v4/exp_growing_pool_bignet/seg_150000.pt,rl_experiments_v4/exp_growing_pool_bignet/seg_200000.pt,rl_experiments_v4/exp_growing_pool_bignet/seg_250000.pt,rl_experiments_v4/exp_growing_pool_bignet/seg_300000.pt,rl_experiments_v4/exp_growing_pool_bignet/seg_350000.pt
  segment 8 termine en 2100s, poids dans rl_experiments_v4/exp_growing_pool_bignet/seg_400000.pt
=== Segment 9/9 : episodes 400001-450000 (pool a 9 membres) ===
  pool: heuristic,rl_experiments_v4/exp_growing_pool_bignet/seg_50000.pt,rl_experiments_v4/exp_growing_pool_bignet/seg_100000.pt,rl_experiments_v4/exp_growing_pool_bignet/seg_150000.pt,rl_experiments_v4/exp_growing_pool_bignet/seg_200000.pt,rl_experiments_v4/exp_growing_pool_bignet/seg_250000.pt,rl_experiments_v4/exp_growing_pool_bignet/seg_300000.pt,rl_experiments_v4/exp_growing_pool_bignet/seg_350000.pt,rl_experiments_v4/exp_growing_pool_bignet/seg_400000.pt
  segment 9 termine en 2108s, poids dans rl_experiments_v4/exp_growing_pool_bignet/seg_450000.pt
Orchestration terminee : 9 segments, pool final a 10 membres (heuristic + 9 snapshots).
