poids charges depuis rl_experiments/imit.pt
episode   2000  train_avg= -101.8  adv_avg=  -64.9  eval_avg(500)=  -47.2  win_rate= 40.8%  entropy_coef=0.0020  policy_loss=+0.2124  value_loss=26333.6074  entropy=0.555  (21.0s)
episode   4000  train_avg=  -64.2  adv_avg=  -60.8  eval_avg(500)=  -69.5  win_rate= 37.0%  entropy_coef=0.0020  policy_loss=+0.2822  value_loss=33552.3670  entropy=0.578  (41.6s)
episode   6000  train_avg=  -43.9  adv_avg=  -25.9  eval_avg(500)=  -44.1  win_rate= 41.8%  entropy_coef=0.0020  policy_loss=+0.2538  value_loss=48085.0549  entropy=0.682  (62.8s)
episode   8000  train_avg=   -9.6  adv_avg=  -54.1  eval_avg(500)=  -54.0  win_rate= 40.2%  entropy_coef=0.0020  policy_loss=+0.2150  value_loss=57922.9693  entropy=0.636  (84.4s)
episode  10000  train_avg=  -71.8  adv_avg=  -54.0  eval_avg(500)=  -57.3  win_rate= 39.0%  entropy_coef=0.0020  policy_loss=+0.2081  value_loss=68557.6780  entropy=0.700  (106.2s)
episode  12000  train_avg=  -55.8  adv_avg=  -51.0  eval_avg(500)=  -28.1  win_rate= 45.4%  entropy_coef=0.0020  policy_loss=+0.2629  value_loss=50131.8058  entropy=0.783  (127.6s)
episode  14000  train_avg=  -19.7  adv_avg=  -56.0  eval_avg(500)=  -50.6  win_rate= 39.6%  entropy_coef=0.0020  policy_loss=+0.2256  value_loss=50794.8756  entropy=0.737  (148.9s)
episode  16000  train_avg=  -59.1  adv_avg=  -39.2  eval_avg(500)=  -39.0  win_rate= 42.4%  entropy_coef=0.0020  policy_loss=+0.2261  value_loss=41598.1602  entropy=0.802  (170.2s)
episode  18000  train_avg=  -30.8  adv_avg=  -29.6  eval_avg(500)=  -26.8  win_rate= 45.4%  entropy_coef=0.0020  policy_loss=+0.2052  value_loss=54405.7824  entropy=0.857  (191.2s)
episode  20000  train_avg=  -58.7  adv_avg=  -34.1  eval_avg(500)=  -59.6  win_rate= 38.4%  entropy_coef=0.0020  policy_loss=+0.2199  value_loss=49033.8664  entropy=0.823  (211.9s)
episode  22000  train_avg=  -72.9  adv_avg=  -57.4  eval_avg(500)=  -59.6  win_rate= 38.2%  entropy_coef=0.0020  policy_loss=+0.1774  value_loss=68137.6550  entropy=0.885  (233.1s)
episode  24000  train_avg=  -38.9  adv_avg=  -26.1  eval_avg(500)=  -38.1  win_rate= 42.6%  entropy_coef=0.0020  policy_loss=+0.2201  value_loss=58517.7406  entropy=0.853  (255.4s)
episode  26000  train_avg=  -34.6  adv_avg=  -47.2  eval_avg(500)=  -43.3  win_rate= 41.2%  entropy_coef=0.0020  policy_loss=+0.2427  value_loss=48870.2149  entropy=0.876  (276.1s)
episode  28000  train_avg=  -45.5  adv_avg=  -40.7  eval_avg(500)=  -37.7  win_rate= 42.6%  entropy_coef=0.0020  policy_loss=+0.2019  value_loss=27885.9966  entropy=0.931  (296.8s)
episode  30000  train_avg=  -72.8  adv_avg=  -59.3  eval_avg(500)=  -45.7  win_rate= 40.0%  entropy_coef=0.0020  policy_loss=+0.1952  value_loss=48847.4245  entropy=0.884  (318.3s)
episode  32000  train_avg=  -41.4  adv_avg=  -40.5  eval_avg(500)=  -45.2  win_rate= 42.0%  entropy_coef=0.0020  policy_loss=+0.2278  value_loss=62782.1677  entropy=0.786  (339.5s)
episode  34000  train_avg=  -34.4  adv_avg=   -9.4  eval_avg(500)=  -36.7  win_rate= 43.4%  entropy_coef=0.0020  policy_loss=+0.1856  value_loss=35919.8690  entropy=0.913  (360.2s)
episode  36000  train_avg=  -16.0  adv_avg=  +11.7  eval_avg(500)=  -35.5  win_rate= 43.0%  entropy_coef=0.0020  policy_loss=+0.2246  value_loss=63455.2816  entropy=0.903  (381.1s)
episode  38000  train_avg=  -41.4  adv_avg=  -31.7  eval_avg(500)=  -36.6  win_rate= 43.4%  entropy_coef=0.0020  policy_loss=+0.2145  value_loss=60198.7730  entropy=0.888  (402.7s)
episode  40000  train_avg=  -55.1  adv_avg=  -54.6  eval_avg(500)=  -40.9  win_rate= 42.2%  entropy_coef=0.0020  policy_loss=+0.2486  value_loss=36748.1487  entropy=0.907  (425.2s)
episode  42000  train_avg=  -53.9  adv_avg=  -59.9  eval_avg(500)=  -54.9  win_rate= 40.2%  entropy_coef=0.0020  policy_loss=+0.2505  value_loss=65501.7897  entropy=0.991  (447.8s)
episode  44000  train_avg=  -52.1  adv_avg=  -60.2  eval_avg(500)=  -44.7  win_rate= 41.0%  entropy_coef=0.0020  policy_loss=+0.2667  value_loss=44972.2922  entropy=0.951  (470.4s)
episode  46000  train_avg=  -13.2  adv_avg=   +4.5  eval_avg(500)=  -39.9  win_rate= 42.2%  entropy_coef=0.0020  policy_loss=+0.1717  value_loss=46835.4802  entropy=0.996  (492.3s)
episode  48000  train_avg=  -46.2  adv_avg=  -34.0  eval_avg(500)=  -44.5  win_rate= 41.6%  entropy_coef=0.0020  policy_loss=+0.2681  value_loss=50667.4129  entropy=0.992  (513.7s)
episode  50000  train_avg=  -14.3  adv_avg=  -22.7  eval_avg(500)=  -18.1  win_rate= 47.4%  entropy_coef=0.0020  policy_loss=+0.2051  value_loss=55813.2784  entropy=1.032  (535.8s)
poids sauvegardes dans rl_experiments_v2/exp_ppo_round1/ppo_50000.pt
