poids charges depuis rl_experiments_v4/imit_bignet_ent02.pt
episode   5000  train_avg=  +14.7  adv_avg=   +1.0  eval_avg(500)=   +6.6  win_rate= 51.2%  entropy_coef=0.0020  policy_loss=-0.0088  value_loss=1.0176  entropy=0.208  clip_frac= 1.4%  (128.3s)
episode  10000  train_avg=   -3.6  adv_avg=   +2.6  eval_avg(500)=   +9.6  win_rate= 52.0%  entropy_coef=0.0020  policy_loss=-0.0098  value_loss=1.0306  entropy=0.196  clip_frac= 1.7%  (259.8s)
episode  15000  train_avg=   -3.7  adv_avg=   +7.6  eval_avg(500)=   +7.3  win_rate= 52.4%  entropy_coef=0.0020  policy_loss=-0.0087  value_loss=1.0003  entropy=0.185  clip_frac= 1.6%  (385.1s)
episode  20000  train_avg=  +20.2  adv_avg=  +30.2  eval_avg(500)=  +17.7  win_rate= 54.2%  entropy_coef=0.0020  policy_loss=-0.0107  value_loss=1.0880  entropy=0.183  clip_frac= 2.1%  (515.5s)
episode  25000  train_avg=   +1.1  adv_avg=  +26.1  eval_avg(500)=  +24.8  win_rate= 55.2%  entropy_coef=0.0020  policy_loss=-0.0100  value_loss=0.9942  entropy=0.200  clip_frac= 1.6%  (642.4s)
episode  30000  train_avg=   +3.7  adv_avg=   +3.9  eval_avg(500)=  +25.2  win_rate= 54.6%  entropy_coef=0.0020  policy_loss=-0.0127  value_loss=0.9874  entropy=0.190  clip_frac= 1.9%  (755.5s)
episode  35000  train_avg=  -15.3  adv_avg=   +8.9  eval_avg(500)=  +13.6  win_rate= 52.6%  entropy_coef=0.0020  policy_loss=-0.0073  value_loss=1.0031  entropy=0.187  clip_frac= 1.4%  (871.3s)
episode  40000  train_avg=   -4.2  adv_avg=   -1.6  eval_avg(500)=  +33.8  win_rate= 56.2%  entropy_coef=0.0020  policy_loss=-0.0067  value_loss=1.0020  entropy=0.215  clip_frac= 1.0%  (988.1s)
episode  45000  train_avg=  +32.5  adv_avg=  +17.9  eval_avg(500)=  +18.4  win_rate= 53.6%  entropy_coef=0.0020  policy_loss=-0.0090  value_loss=0.9867  entropy=0.198  clip_frac= 1.2%  (1102.0s)
episode  50000  train_avg=  +20.6  adv_avg=   +6.5  eval_avg(500)=  +30.6  win_rate= 56.4%  entropy_coef=0.0020  policy_loss=-0.0099  value_loss=1.0013  entropy=0.208  clip_frac= 1.5%  (1213.7s)
episode  55000  train_avg=   +2.4  adv_avg=  +16.1  eval_avg(500)=  +28.7  win_rate= 55.6%  entropy_coef=0.0020  policy_loss=-0.0087  value_loss=1.0100  entropy=0.193  clip_frac= 1.1%  (1330.4s)
episode  60000  train_avg=   +2.7  adv_avg=  +16.2  eval_avg(500)=  +23.3  win_rate= 54.8%  entropy_coef=0.0020  policy_loss=-0.0096  value_loss=1.0370  entropy=0.203  clip_frac= 1.9%  (1441.5s)
episode  65000  train_avg=   +6.9  adv_avg=  +16.0  eval_avg(500)=   -3.0  win_rate= 48.6%  entropy_coef=0.0020  policy_loss=-0.0101  value_loss=0.9751  entropy=0.214  clip_frac= 1.8%  (1555.1s)
episode  70000  train_avg=   +6.0  adv_avg=  +19.1  eval_avg(500)=  +15.6  win_rate= 53.8%  entropy_coef=0.0020  policy_loss=-0.0077  value_loss=1.0204  entropy=0.193  clip_frac= 1.1%  (1673.7s)
episode  75000  train_avg=   +1.6  adv_avg=  +12.4  eval_avg(500)=  +35.8  win_rate= 58.0%  entropy_coef=0.0020  policy_loss=-0.0120  value_loss=0.9960  entropy=0.211  clip_frac= 2.2%  (1799.0s)
episode  80000  train_avg=   -7.9  adv_avg=   +3.9  eval_avg(500)=  +25.3  win_rate= 54.6%  entropy_coef=0.0020  policy_loss=-0.0112  value_loss=0.9984  entropy=0.211  clip_frac= 1.8%  (1918.9s)
episode  85000  train_avg=  +48.9  adv_avg=  +31.4  eval_avg(500)=  +24.6  win_rate= 55.8%  entropy_coef=0.0020  policy_loss=-0.0113  value_loss=1.0072  entropy=0.206  clip_frac= 2.1%  (2040.7s)
episode  90000  train_avg=   +7.1  adv_avg=  +12.2  eval_avg(500)=  +30.3  win_rate= 56.0%  entropy_coef=0.0020  policy_loss=-0.0088  value_loss=0.9931  entropy=0.203  clip_frac= 1.4%  (2156.6s)
episode  95000  train_avg=  +23.2  adv_avg=  +36.1  eval_avg(500)=  +34.6  win_rate= 57.8%  entropy_coef=0.0020  policy_loss=-0.0103  value_loss=1.0073  entropy=0.180  clip_frac= 1.8%  (2274.0s)
episode 100000  train_avg=  +24.9  adv_avg=  +36.9  eval_avg(500)=  +37.6  win_rate= 57.8%  entropy_coef=0.0020  policy_loss=-0.0119  value_loss=0.9970  entropy=0.187  clip_frac= 2.6%  (2391.7s)
poids sauvegardes dans rl_experiments_v4/exp_shared_lr3e-5_epochs4_vc02_seed22/ppo_100000.pt
