poids charges depuis rl_experiments/imit.pt
episode   2000  train_avg=  -73.4  adv_avg=  -47.8  eval_avg(500)=  -65.3  win_rate= 37.0%  entropy_coef=0.0020  policy_loss=+0.2143  value_loss=1.0104  entropy=0.858  (22.6s)
episode   4000  train_avg=  -50.3  adv_avg=  -70.9  eval_avg(500)=  -70.7  win_rate= 36.0%  entropy_coef=0.0020  policy_loss=+0.2748  value_loss=1.1155  entropy=0.818  (45.0s)
episode   6000  train_avg=  -46.5  adv_avg=  -59.1  eval_avg(500)=  -84.6  win_rate= 33.4%  entropy_coef=0.0020  policy_loss=+0.2304  value_loss=0.9882  entropy=0.764  (67.3s)
episode   8000  train_avg=  -87.1  adv_avg=  -73.2  eval_avg(500)=  -49.2  win_rate= 41.4%  entropy_coef=0.0020  policy_loss=+0.2352  value_loss=1.0129  entropy=0.850  (89.8s)
episode  10000  train_avg=  -56.7  adv_avg=  -57.1  eval_avg(500)=  -86.5  win_rate= 33.2%  entropy_coef=0.0020  policy_loss=+0.2133  value_loss=1.0018  entropy=0.947  (112.2s)
episode  12000  train_avg=  -94.4  adv_avg=  -66.1  eval_avg(500)=  -77.2  win_rate= 35.4%  entropy_coef=0.0020  policy_loss=+0.2192  value_loss=1.0079  entropy=0.961  (134.8s)
episode  14000  train_avg=  -65.3  adv_avg=  -70.2  eval_avg(500)=  -66.1  win_rate= 38.8%  entropy_coef=0.0020  policy_loss=+0.2177  value_loss=1.0196  entropy=0.924  (158.3s)
episode  16000  train_avg=  -79.3  adv_avg=  -83.2  eval_avg(500)=  -80.5  win_rate= 34.2%  entropy_coef=0.0020  policy_loss=+0.2063  value_loss=0.9783  entropy=0.991  (180.9s)
episode  18000  train_avg=  -71.6  adv_avg=  -68.9  eval_avg(500)=  -81.1  win_rate= 34.2%  entropy_coef=0.0020  policy_loss=+0.1985  value_loss=1.0058  entropy=0.967  (204.3s)
episode  20000  train_avg=  -46.4  adv_avg=  -61.2  eval_avg(500)=  -77.7  win_rate= 34.8%  entropy_coef=0.0020  policy_loss=+0.1596  value_loss=1.0199  entropy=1.046  (227.1s)
episode  22000  train_avg=  -89.8  adv_avg= -103.0  eval_avg(500)=  -71.8  win_rate= 36.6%  entropy_coef=0.0020  policy_loss=+0.2103  value_loss=1.0193  entropy=1.053  (249.5s)
episode  24000  train_avg=  -52.1  adv_avg=  -60.3  eval_avg(500)=  -71.4  win_rate= 36.8%  entropy_coef=0.0020  policy_loss=+0.1825  value_loss=1.0257  entropy=1.047  (273.3s)
episode  26000  train_avg=  -74.0  adv_avg=  -69.3  eval_avg(500)=  -76.4  win_rate= 34.8%  entropy_coef=0.0020  policy_loss=+0.1736  value_loss=0.9831  entropy=1.075  (296.4s)
episode  28000  train_avg=  -88.5  adv_avg=  -70.2  eval_avg(500)=  -68.0  win_rate= 37.2%  entropy_coef=0.0020  policy_loss=+0.1764  value_loss=1.0263  entropy=1.047  (319.2s)
episode  30000  train_avg=  -76.8  adv_avg=  -67.0  eval_avg(500)=  -73.5  win_rate= 36.8%  entropy_coef=0.0020  policy_loss=+0.1619  value_loss=1.0222  entropy=1.028  (341.8s)
episode  32000  train_avg=  -66.9  adv_avg=  -67.5  eval_avg(500)=  -80.5  win_rate= 35.0%  entropy_coef=0.0020  policy_loss=+0.1460  value_loss=0.9968  entropy=1.063  (364.9s)
episode  34000  train_avg=  -64.5  adv_avg=  -72.7  eval_avg(500)=  -65.6  win_rate= 37.2%  entropy_coef=0.0020  policy_loss=+0.1128  value_loss=0.9743  entropy=1.021  (387.0s)
episode  36000  train_avg=  -73.3  adv_avg=  -64.7  eval_avg(500)=  -55.3  win_rate= 39.8%  entropy_coef=0.0020  policy_loss=+0.1154  value_loss=0.9944  entropy=1.015  (410.7s)
episode  38000  train_avg=  -94.4  adv_avg=  -63.4  eval_avg(500)=  -61.9  win_rate= 39.0%  entropy_coef=0.0020  policy_loss=+0.1159  value_loss=1.0079  entropy=0.994  (433.9s)
episode  40000  train_avg=  -60.7  adv_avg=  -56.2  eval_avg(500)=  -63.8  win_rate= 37.6%  entropy_coef=0.0020  policy_loss=+0.1263  value_loss=0.9670  entropy=1.004  (456.9s)
episode  42000  train_avg=  -23.8  adv_avg=  -42.6  eval_avg(500)=  -69.3  win_rate= 36.2%  entropy_coef=0.0020  policy_loss=+0.1007  value_loss=1.0689  entropy=0.977  (480.0s)
episode  44000  train_avg=  -62.4  adv_avg=  -42.8  eval_avg(500)=  -53.5  win_rate= 39.6%  entropy_coef=0.0020  policy_loss=+0.0835  value_loss=1.0285  entropy=0.909  (500.7s)
episode  46000  train_avg=  -49.1  adv_avg=  -26.9  eval_avg(500)=  -62.0  win_rate= 38.0%  entropy_coef=0.0020  policy_loss=+0.0683  value_loss=1.0557  entropy=0.895  (525.2s)
episode  48000  train_avg=  -57.6  adv_avg=  -71.7  eval_avg(500)=  -64.0  win_rate= 38.2%  entropy_coef=0.0020  policy_loss=+0.1106  value_loss=1.0055  entropy=0.937  (546.1s)
episode  50000  train_avg=  -85.5  adv_avg=  -69.6  eval_avg(500)=  -80.3  win_rate= 34.2%  entropy_coef=0.0020  policy_loss=+0.1235  value_loss=1.0070  entropy=0.887  (566.8s)
poids sauvegardes dans rl_experiments_v2/exp_ppo_round1/ppo_50000.pt
