poids charges depuis rl_experiments_v4/imit_bignet_ent02.pt
episode   5000  train_avg=   +7.9  adv_avg=   -4.9  eval_avg(500)=  +24.1  win_rate= 55.2%  entropy_coef=0.0020  policy_loss=-0.0099  value_loss=1.0445  entropy=0.191  clip_frac= 1.1%  (111.9s)
episode  10000  train_avg=  +14.3  adv_avg=  +23.5  eval_avg(500)=   +4.4  win_rate= 51.2%  entropy_coef=0.0020  policy_loss=-0.0067  value_loss=0.9951  entropy=0.178  clip_frac= 0.7%  (224.2s)
episode  15000  train_avg=  +10.0  adv_avg=  +16.7  eval_avg(500)=  +10.3  win_rate= 51.0%  entropy_coef=0.0020  policy_loss=-0.0097  value_loss=1.0160  entropy=0.189  clip_frac= 1.5%  (341.8s)
episode  20000  train_avg=  -26.9  adv_avg=   +3.9  eval_avg(500)=   +6.3  win_rate= 51.2%  entropy_coef=0.0020  policy_loss=-0.0091  value_loss=0.9960  entropy=0.183  clip_frac= 1.4%  (460.3s)
episode  25000  train_avg=   -1.9  adv_avg=   +9.8  eval_avg(500)=  +14.6  win_rate= 52.4%  entropy_coef=0.0020  policy_loss=-0.0097  value_loss=0.9915  entropy=0.196  clip_frac= 1.5%  (579.6s)
episode  30000  train_avg=   -0.1  adv_avg=  +17.1  eval_avg(500)=  +23.2  win_rate= 54.4%  entropy_coef=0.0020  policy_loss=-0.0082  value_loss=1.0160  entropy=0.206  clip_frac= 1.0%  (693.4s)
episode  35000  train_avg=   +1.1  adv_avg=   -3.5  eval_avg(500)=   +7.5  win_rate= 51.6%  entropy_coef=0.0020  policy_loss=-0.0084  value_loss=1.0225  entropy=0.179  clip_frac= 1.5%  (808.1s)
episode  40000  train_avg=  +24.0  adv_avg=  +18.2  eval_avg(500)=  +23.6  win_rate= 55.2%  entropy_coef=0.0020  policy_loss=-0.0065  value_loss=1.0234  entropy=0.188  clip_frac= 1.2%  (923.5s)
episode  45000  train_avg=  +49.2  adv_avg=  +16.4  eval_avg(500)=  +17.3  win_rate= 53.4%  entropy_coef=0.0020  policy_loss=-0.0083  value_loss=1.0036  entropy=0.175  clip_frac= 1.4%  (1040.1s)
episode  50000  train_avg=  +19.4  adv_avg=   +5.5  eval_avg(500)=   -1.2  win_rate= 49.8%  entropy_coef=0.0020  policy_loss=-0.0112  value_loss=1.0127  entropy=0.183  clip_frac= 2.2%  (1155.2s)
episode  55000  train_avg=   +9.6  adv_avg=  +19.1  eval_avg(500)=  +14.5  win_rate= 53.0%  entropy_coef=0.0020  policy_loss=-0.0096  value_loss=1.0114  entropy=0.183  clip_frac= 2.3%  (1270.0s)
episode  60000  train_avg=  +33.8  adv_avg=  +14.5  eval_avg(500)=  +28.3  win_rate= 56.2%  entropy_coef=0.0020  policy_loss=-0.0084  value_loss=1.0005  entropy=0.189  clip_frac= 1.3%  (1380.6s)
episode  65000  train_avg=  +39.5  adv_avg=  +18.6  eval_avg(500)=  +31.4  win_rate= 56.4%  entropy_coef=0.0020  policy_loss=-0.0078  value_loss=0.9966  entropy=0.165  clip_frac= 1.9%  (1492.8s)
episode  70000  train_avg=  +22.8  adv_avg=  +21.6  eval_avg(500)=  +33.9  win_rate= 56.8%  entropy_coef=0.0020  policy_loss=-0.0083  value_loss=0.9740  entropy=0.191  clip_frac= 1.5%  (1601.2s)
episode  75000  train_avg=  +26.0  adv_avg=  +48.9  eval_avg(500)=  +13.4  win_rate= 52.0%  entropy_coef=0.0020  policy_loss=-0.0097  value_loss=0.9613  entropy=0.185  clip_frac= 2.1%  (1709.6s)
episode  80000  train_avg=  -13.9  adv_avg=  +16.6  eval_avg(500)=  +23.4  win_rate= 55.0%  entropy_coef=0.0020  policy_loss=-0.0105  value_loss=0.9912  entropy=0.173  clip_frac= 1.7%  (1825.0s)
episode  85000  train_avg=  +36.0  adv_avg=  +40.4  eval_avg(500)=  +28.8  win_rate= 56.2%  entropy_coef=0.0020  policy_loss=-0.0100  value_loss=0.9852  entropy=0.186  clip_frac= 1.9%  (1940.7s)
episode  90000  train_avg=  +22.8  adv_avg=  +40.1  eval_avg(500)=  +21.4  win_rate= 54.4%  entropy_coef=0.0020  policy_loss=-0.0093  value_loss=1.0045  entropy=0.171  clip_frac= 2.0%  (2060.5s)
episode  95000  train_avg=  +54.9  adv_avg=  +53.1  eval_avg(500)=  +21.0  win_rate= 54.4%  entropy_coef=0.0020  policy_loss=-0.0097  value_loss=1.0503  entropy=0.163  clip_frac= 2.1%  (2176.7s)
episode 100000  train_avg=  +22.1  adv_avg=  +19.9  eval_avg(500)=  +22.1  win_rate= 54.6%  entropy_coef=0.0020  policy_loss=-0.0110  value_loss=0.9520  entropy=0.183  clip_frac= 2.2%  (2300.3s)
poids sauvegardes dans rl_experiments_v4/exp_shared_lr3e-5_epochs4_vc02_seed20/ppo_100000.pt
