/home/lsr/anaconda3/envs/env_coinche/lib/python3.13/site-packages/torch/autograd/graph.py:882: UserWarning: CUDA initialization: Unexpected error from cudaGetDeviceCount(). Did you run some cuda functions before calling NumCudaDevices() that might have already set an error? Error 804: forward compatibility was attempted on non supported HW (Triggered internally at /pytorch/c10/cuda/CUDAFunctions.cpp:119.)
  return Variable._execution_engine.run_backward(  # Calls into the C++ engine to run the backward pass
poids charges depuis rl_experiments_v4/imit_bignet.pt
episode   5000  train_avg=  +35.7  adv_avg=   +1.4  eval_avg(500)=  -11.6  win_rate= 47.2%  entropy_beta=0.0020  baseline=  -26.4  (123.8s)
episode  10000  train_avg=   +4.7  adv_avg=  -21.1  eval_avg(500)=  +10.8  win_rate= 51.6%  entropy_beta=0.0020  baseline=   -5.8  (246.8s)
episode  15000  train_avg=   -8.8  adv_avg=   -8.9  eval_avg(500)=  +12.1  win_rate= 52.4%  entropy_beta=0.0020  baseline=  -14.9  (371.8s)
episode  20000  train_avg=   -0.2  adv_avg=  +16.1  eval_avg(500)=  +18.1  win_rate= 54.2%  entropy_beta=0.0020  baseline=   +6.4  (495.5s)
episode  25000  train_avg=  +30.6  adv_avg=   +6.7  eval_avg(500)=   -3.9  win_rate= 48.4%  entropy_beta=0.0020  baseline=  +18.2  (621.5s)
episode  30000  train_avg=  -13.1  adv_avg=  +14.2  eval_avg(500)=  +17.1  win_rate= 54.0%  entropy_beta=0.0020  baseline=  +38.2  (747.2s)
episode  35000  train_avg=  -21.1  adv_avg=  -21.1  eval_avg(500)=   +3.9  win_rate= 50.6%  entropy_beta=0.0020  baseline=  -50.8  (872.1s)
episode  40000  train_avg=  +18.8  adv_avg=   +7.3  eval_avg(500)=  -15.1  win_rate= 47.0%  entropy_beta=0.0020  baseline=  +48.3  (998.2s)
episode  45000  train_avg=  +19.1  adv_avg=  +22.0  eval_avg(500)=   -0.1  win_rate= 49.6%  entropy_beta=0.0020  baseline=  +56.5  (1121.1s)
episode  50000  train_avg=  +14.9  adv_avg=  +22.7  eval_avg(500)=  +26.6  win_rate= 56.0%  entropy_beta=0.0020  baseline=  +60.7  (1243.5s)
episode  55000  train_avg=  -10.4  adv_avg=   +0.4  eval_avg(500)=  +10.8  win_rate= 52.0%  entropy_beta=0.0020  baseline=  -71.6  (1366.2s)
episode  60000  train_avg=   -3.2  adv_avg=  +21.8  eval_avg(500)=   +7.7  win_rate= 51.2%  entropy_beta=0.0020  baseline=   +6.6  (1493.0s)
episode  65000  train_avg=  +40.6  adv_avg=  +11.6  eval_avg(500)=  +26.6  win_rate= 56.0%  entropy_beta=0.0020  baseline=   +2.1  (1616.2s)
episode  70000  train_avg=  +14.4  adv_avg=  +22.6  eval_avg(500)=   +8.2  win_rate= 51.2%  entropy_beta=0.0020  baseline=  +20.1  (1740.5s)
episode  75000  train_avg=   +7.9  adv_avg=   -8.2  eval_avg(500)=  +18.0  win_rate= 54.4%  entropy_beta=0.0020  baseline=  -49.6  (1869.4s)
episode  80000  train_avg=  +25.8  adv_avg=   +5.8  eval_avg(500)=   +2.9  win_rate= 50.4%  entropy_beta=0.0020  baseline=  +15.5  (1989.2s)
episode  85000  train_avg=  +51.3  adv_avg=  +33.9  eval_avg(500)=  +23.9  win_rate= 53.8%  entropy_beta=0.0020  baseline=  +26.0  (2110.8s)
episode  90000  train_avg=   +6.8  adv_avg=  +21.9  eval_avg(500)=   +0.7  win_rate= 50.6%  entropy_beta=0.0020  baseline=  +11.1  (2236.9s)
episode  95000  train_avg=  +16.9  adv_avg=   +8.8  eval_avg(500)=   +8.2  win_rate= 52.2%  entropy_beta=0.0020  baseline=   +5.6  (2371.9s)
episode 100000  train_avg=   +3.7  adv_avg=  -12.7  eval_avg(500)=  +19.5  win_rate= 53.6%  entropy_beta=0.0020  baseline=   -6.0  (2498.5s)
poids sauvegardes dans rl_experiments_v4/exp_reinforce_bignet_lr3e-5_seed21/reinforce_100000.pt
