poids charges depuis rl_experiments_v3/imit.pt
episode   2000  train_avg=  -24.4  adv_avg=  -22.5  eval_avg(500)=  -25.9  win_rate= 45.6%  entropy_coef=0.0020  policy_loss=-0.0128  value_loss=0.0000  entropy=0.207  clip_frac= 1.9%  (30.4s)
episode   4000  train_avg=   +2.6  adv_avg=  -12.6  eval_avg(500)=  -22.2  win_rate= 45.0%  entropy_coef=0.0020  policy_loss=-0.0131  value_loss=0.0000  entropy=0.210  clip_frac= 2.1%  (59.2s)
episode   6000  train_avg=   +9.7  adv_avg=   +1.7  eval_avg(500)=   -1.0  win_rate= 49.4%  entropy_coef=0.0020  policy_loss=-0.0141  value_loss=0.0000  entropy=0.216  clip_frac= 2.4%  (88.0s)
episode   8000  train_avg=   -9.5  adv_avg=  -13.2  eval_avg(500)=  +13.5  win_rate= 53.4%  entropy_coef=0.0020  policy_loss=-0.0146  value_loss=0.0000  entropy=0.205  clip_frac= 3.3%  (117.1s)
episode  10000  train_avg=   +2.7  adv_avg=   -7.1  eval_avg(500)=   +1.7  win_rate= 50.0%  entropy_coef=0.0020  policy_loss=-0.0137  value_loss=0.0000  entropy=0.173  clip_frac= 2.2%  (145.9s)
episode  12000  train_avg=   +0.4  adv_avg=   +9.7  eval_avg(500)=   +5.7  win_rate= 51.2%  entropy_coef=0.0020  policy_loss=-0.0166  value_loss=0.0000  entropy=0.203  clip_frac= 3.1%  (174.8s)
episode  14000  train_avg=   -3.0  adv_avg=   +3.0  eval_avg(500)=  +13.3  win_rate= 52.8%  entropy_coef=0.0020  policy_loss=-0.0135  value_loss=0.0000  entropy=0.174  clip_frac= 2.6%  (203.7s)
episode  16000  train_avg=  +32.8  adv_avg=   -4.2  eval_avg(500)=   -0.2  win_rate= 50.0%  entropy_coef=0.0020  policy_loss=-0.0126  value_loss=0.0000  entropy=0.202  clip_frac= 2.7%  (232.8s)
episode  18000  train_avg=  -16.7  adv_avg=  -21.1  eval_avg(500)=   +0.9  win_rate= 50.2%  entropy_coef=0.0020  policy_loss=-0.0154  value_loss=0.0000  entropy=0.214  clip_frac= 3.3%  (261.5s)
episode  20000  train_avg=  +29.8  adv_avg=   +0.2  eval_avg(500)=   +8.1  win_rate= 51.4%  entropy_coef=0.0020  policy_loss=-0.0145  value_loss=0.0000  entropy=0.199  clip_frac= 2.6%  (290.3s)
episode  22000  train_avg=  +14.4  adv_avg=  +14.2  eval_avg(500)=  +12.5  win_rate= 52.2%  entropy_coef=0.0020  policy_loss=-0.0145  value_loss=0.0000  entropy=0.216  clip_frac= 4.0%  (319.1s)
episode  24000  train_avg=  +16.8  adv_avg=  -35.0  eval_avg(500)=   -1.3  win_rate= 49.0%  entropy_coef=0.0020  policy_loss=-0.0152  value_loss=0.0000  entropy=0.197  clip_frac= 3.3%  (348.3s)
episode  26000  train_avg=  +37.3  adv_avg=  +49.9  eval_avg(500)=  +10.9  win_rate= 52.4%  entropy_coef=0.0020  policy_loss=-0.0184  value_loss=0.0000  entropy=0.210  clip_frac= 4.4%  (376.9s)
episode  28000  train_avg=  +13.0  adv_avg=   +5.2  eval_avg(500)=   +7.9  win_rate= 51.4%  entropy_coef=0.0020  policy_loss=-0.0109  value_loss=0.0000  entropy=0.191  clip_frac= 1.8%  (405.6s)
episode  30000  train_avg=  +28.9  adv_avg=  +18.0  eval_avg(500)=  +15.3  win_rate= 54.0%  entropy_coef=0.0020  policy_loss=-0.0170  value_loss=0.0000  entropy=0.210  clip_frac= 3.6%  (434.2s)
episode  32000  train_avg=  -17.9  adv_avg=  +10.1  eval_avg(500)=  +18.4  win_rate= 54.6%  entropy_coef=0.0020  policy_loss=-0.0132  value_loss=0.0000  entropy=0.202  clip_frac= 2.5%  (463.1s)
episode  34000  train_avg=   -0.1  adv_avg=   +1.1  eval_avg(500)=  +15.9  win_rate= 53.4%  entropy_coef=0.0020  policy_loss=-0.0134  value_loss=0.0000  entropy=0.187  clip_frac= 3.3%  (491.7s)
episode  36000  train_avg=  -30.8  adv_avg=   -7.5  eval_avg(500)=  +18.1  win_rate= 53.0%  entropy_coef=0.0020  policy_loss=-0.0113  value_loss=0.0000  entropy=0.185  clip_frac= 2.0%  (520.3s)
episode  38000  train_avg=  +12.4  adv_avg=  +12.0  eval_avg(500)=   +2.8  win_rate= 51.0%  entropy_coef=0.0020  policy_loss=-0.0143  value_loss=0.0000  entropy=0.211  clip_frac= 2.5%  (549.0s)
episode  40000  train_avg=  +20.6  adv_avg=  +23.1  eval_avg(500)=  +14.6  win_rate= 53.0%  entropy_coef=0.0020  policy_loss=-0.0121  value_loss=0.0000  entropy=0.170  clip_frac= 3.0%  (577.9s)
episode  42000  train_avg=  +34.6  adv_avg=   +5.8  eval_avg(500)=  +23.5  win_rate= 55.0%  entropy_coef=0.0020  policy_loss=-0.0167  value_loss=0.0000  entropy=0.199  clip_frac= 3.6%  (606.6s)
episode  44000  train_avg=  +18.0  adv_avg=  +25.9  eval_avg(500)=  +14.4  win_rate= 52.2%  entropy_coef=0.0020  policy_loss=-0.0140  value_loss=0.0000  entropy=0.185  clip_frac= 3.2%  (635.1s)
episode  46000  train_avg=   -0.8  adv_avg=   -5.9  eval_avg(500)=   -0.4  win_rate= 50.4%  entropy_coef=0.0020  policy_loss=-0.0155  value_loss=0.0000  entropy=0.190  clip_frac= 3.0%  (663.7s)
episode  48000  train_avg=  +12.6  adv_avg=   -5.6  eval_avg(500)=   +9.2  win_rate= 51.2%  entropy_coef=0.0020  policy_loss=-0.0122  value_loss=0.0000  entropy=0.173  clip_frac= 2.2%  (692.7s)
episode  50000  train_avg=  +36.4  adv_avg=  +37.4  eval_avg(500)=   +9.2  win_rate= 52.4%  entropy_coef=0.0020  policy_loss=-0.0136  value_loss=0.0000  entropy=0.184  clip_frac= 3.1%  (721.3s)
episode  52000  train_avg=   +4.5  adv_avg=   -5.9  eval_avg(500)=  +12.6  win_rate= 53.8%  entropy_coef=0.0020  policy_loss=-0.0165  value_loss=0.0000  entropy=0.196  clip_frac= 3.1%  (749.9s)
episode  54000  train_avg=  +12.4  adv_avg=  +25.7  eval_avg(500)=  +35.2  win_rate= 58.0%  entropy_coef=0.0020  policy_loss=-0.0163  value_loss=0.0000  entropy=0.183  clip_frac= 3.9%  (778.5s)
episode  56000  train_avg=  +43.4  adv_avg=  +38.9  eval_avg(500)=  +10.5  win_rate= 51.4%  entropy_coef=0.0020  policy_loss=-0.0111  value_loss=0.0000  entropy=0.157  clip_frac= 2.4%  (807.4s)
episode  58000  train_avg=   +5.8  adv_avg=  +16.1  eval_avg(500)=  +24.3  win_rate= 54.2%  entropy_coef=0.0020  policy_loss=-0.0136  value_loss=0.0000  entropy=0.181  clip_frac= 2.7%  (836.0s)
episode  60000  train_avg=  +29.8  adv_avg=  +13.8  eval_avg(500)=   +4.2  win_rate= 50.8%  entropy_coef=0.0020  policy_loss=-0.0136  value_loss=0.0000  entropy=0.176  clip_frac= 3.0%  (864.6s)
episode  62000  train_avg=   +9.6  adv_avg=   +1.9  eval_avg(500)=  +21.5  win_rate= 53.6%  entropy_coef=0.0020  policy_loss=-0.0131  value_loss=0.0000  entropy=0.160  clip_frac= 2.8%  (893.2s)
episode  64000  train_avg=  +33.2  adv_avg=  +36.0  eval_avg(500)=   -3.5  win_rate= 49.2%  entropy_coef=0.0020  policy_loss=-0.0156  value_loss=0.0000  entropy=0.171  clip_frac= 3.8%  (922.1s)
episode  66000  train_avg=  +31.3  adv_avg=  +23.7  eval_avg(500)=   +6.5  win_rate= 50.8%  entropy_coef=0.0020  policy_loss=-0.0129  value_loss=0.0000  entropy=0.179  clip_frac= 2.2%  (950.8s)
episode  68000  train_avg=   -8.2  adv_avg=   +4.8  eval_avg(500)=  +10.3  win_rate= 53.2%  entropy_coef=0.0020  policy_loss=-0.0140  value_loss=0.0000  entropy=0.174  clip_frac= 2.9%  (979.4s)
episode  70000  train_avg=  +38.9  adv_avg=   +4.8  eval_avg(500)=  +16.5  win_rate= 53.6%  entropy_coef=0.0020  policy_loss=-0.0115  value_loss=0.0000  entropy=0.167  clip_frac= 3.2%  (1008.0s)
episode  72000  train_avg=  +20.8  adv_avg=  +23.4  eval_avg(500)=  +12.1  win_rate= 52.8%  entropy_coef=0.0020  policy_loss=-0.0116  value_loss=0.0000  entropy=0.180  clip_frac= 2.5%  (1036.8s)
episode  74000  train_avg=  +21.8  adv_avg=  +47.4  eval_avg(500)=  +10.1  win_rate= 51.4%  entropy_coef=0.0020  policy_loss=-0.0139  value_loss=0.0000  entropy=0.184  clip_frac= 3.7%  (1065.5s)
episode  76000  train_avg=   -2.0  adv_avg=  +19.5  eval_avg(500)=  +12.2  win_rate= 52.0%  entropy_coef=0.0020  policy_loss=-0.0104  value_loss=0.0000  entropy=0.158  clip_frac= 2.4%  (1094.0s)
episode  78000  train_avg=   +7.6  adv_avg=  +23.2  eval_avg(500)=  +25.5  win_rate= 55.6%  entropy_coef=0.0020  policy_loss=-0.0137  value_loss=0.0000  entropy=0.152  clip_frac= 2.7%  (1122.7s)
episode  80000  train_avg=   +1.4  adv_avg=   +1.8  eval_avg(500)=   +1.6  win_rate= 50.6%  entropy_coef=0.0020  policy_loss=-0.0133  value_loss=0.0000  entropy=0.169  clip_frac= 2.4%  (1151.6s)
episode  82000  train_avg=   +6.9  adv_avg=  +18.5  eval_avg(500)=   +6.3  win_rate= 51.0%  entropy_coef=0.0020  policy_loss=-0.0153  value_loss=0.0000  entropy=0.175  clip_frac= 2.7%  (1180.2s)
episode  84000  train_avg=   -8.6  adv_avg=   +5.2  eval_avg(500)=  +13.0  win_rate= 53.4%  entropy_coef=0.0020  policy_loss=-0.0122  value_loss=0.0000  entropy=0.159  clip_frac= 2.8%  (1208.8s)
episode  86000  train_avg=  +22.8  adv_avg=  +26.6  eval_avg(500)=  +10.8  win_rate= 51.8%  entropy_coef=0.0020  policy_loss=-0.0149  value_loss=0.0000  entropy=0.162  clip_frac= 3.4%  (1237.4s)
episode  88000  train_avg=  +16.8  adv_avg=  +19.9  eval_avg(500)=  +20.8  win_rate= 53.8%  entropy_coef=0.0020  policy_loss=-0.0152  value_loss=0.0000  entropy=0.171  clip_frac= 3.5%  (1266.3s)
episode  90000  train_avg=  +36.1  adv_avg=  +22.4  eval_avg(500)=   +5.8  win_rate= 52.0%  entropy_coef=0.0020  policy_loss=-0.0122  value_loss=0.0000  entropy=0.159  clip_frac= 2.7%  (1294.9s)
episode  92000  train_avg=  +10.3  adv_avg=   +0.8  eval_avg(500)=   +4.3  win_rate= 51.0%  entropy_coef=0.0020  policy_loss=-0.0109  value_loss=0.0000  entropy=0.155  clip_frac= 2.3%  (1323.6s)
episode  94000  train_avg=  +54.0  adv_avg=  +35.5  eval_avg(500)=  +17.1  win_rate= 54.2%  entropy_coef=0.0020  policy_loss=-0.0120  value_loss=0.0000  entropy=0.165  clip_frac= 2.6%  (1352.2s)
episode  96000  train_avg=   +3.6  adv_avg=  +23.7  eval_avg(500)=   +6.0  win_rate= 51.6%  entropy_coef=0.0020  policy_loss=-0.0113  value_loss=0.0000  entropy=0.159  clip_frac= 2.1%  (1381.2s)
episode  98000  train_avg=   -6.9  adv_avg=   -9.8  eval_avg(500)=  +15.2  win_rate= 53.2%  entropy_coef=0.0020  policy_loss=-0.0108  value_loss=0.0000  entropy=0.163  clip_frac= 2.6%  (1409.8s)
episode 100000  train_avg=   +4.8  adv_avg=  +23.8  eval_avg(500)=  +13.4  win_rate= 53.0%  entropy_coef=0.0020  policy_loss=-0.0120  value_loss=0.0000  entropy=0.161  clip_frac= 2.7%  (1438.4s)
poids sauvegardes dans rl_experiments_v3/exp_ppo_lr3e-5_epochs16_nocritic/ppo_100000.pt
