poids charges depuis rl_experiments_v3/imit.pt
episode   5000  train_avg=   -8.6  adv_avg=   -4.2  eval_avg(500)=  -14.7  win_rate= 47.0%  entropy_coef=0.0020  policy_loss=-0.0090  value_loss=0.0000  entropy=0.181  clip_frac= 1.2%  (64.8s)
episode  10000  train_avg=   -0.9  adv_avg=   +4.8  eval_avg(500)=  +20.2  win_rate= 55.0%  entropy_coef=0.0020  policy_loss=-0.0070  value_loss=0.0000  entropy=0.196  clip_frac= 0.7%  (133.6s)
episode  15000  train_avg=  +28.2  adv_avg=  +11.6  eval_avg(500)=   +2.4  win_rate= 51.0%  entropy_coef=0.0020  policy_loss=-0.0093  value_loss=0.0000  entropy=0.215  clip_frac= 1.1%  (199.9s)
episode  20000  train_avg=   +5.7  adv_avg=   +0.6  eval_avg(500)=  +38.1  win_rate= 57.6%  entropy_coef=0.0020  policy_loss=-0.0087  value_loss=0.0000  entropy=0.191  clip_frac= 1.1%  (265.1s)
episode  25000  train_avg=  +11.1  adv_avg=  +17.2  eval_avg(500)=  +14.8  win_rate= 53.2%  entropy_coef=0.0020  policy_loss=-0.0084  value_loss=0.0000  entropy=0.197  clip_frac= 1.1%  (328.4s)
episode  30000  train_avg=   +0.8  adv_avg=   +3.5  eval_avg(500)=   +9.9  win_rate= 52.0%  entropy_coef=0.0020  policy_loss=-0.0099  value_loss=0.0000  entropy=0.198  clip_frac= 1.6%  (391.8s)
episode  35000  train_avg=   +1.0  adv_avg=   +2.9  eval_avg(500)=   +3.2  win_rate= 50.4%  entropy_coef=0.0020  policy_loss=-0.0072  value_loss=0.0000  entropy=0.172  clip_frac= 0.7%  (455.1s)
episode  40000  train_avg=   +3.7  adv_avg=  -25.6  eval_avg(500)=   +3.2  win_rate= 51.2%  entropy_coef=0.0020  policy_loss=-0.0115  value_loss=0.0000  entropy=0.187  clip_frac= 1.6%  (519.1s)
episode  45000  train_avg=   -6.0  adv_avg=   +3.4  eval_avg(500)=   -1.0  win_rate= 49.6%  entropy_coef=0.0020  policy_loss=-0.0104  value_loss=0.0000  entropy=0.184  clip_frac= 1.4%  (583.2s)
episode  50000  train_avg=   +9.4  adv_avg=   +7.8  eval_avg(500)=  +13.7  win_rate= 53.0%  entropy_coef=0.0020  policy_loss=-0.0073  value_loss=0.0000  entropy=0.194  clip_frac= 0.8%  (646.2s)
episode  55000  train_avg=  +11.9  adv_avg=   +0.8  eval_avg(500)=  +21.4  win_rate= 54.6%  entropy_coef=0.0020  policy_loss=-0.0086  value_loss=0.0000  entropy=0.183  clip_frac= 1.2%  (709.4s)
episode  60000  train_avg=  +18.9  adv_avg=   +5.4  eval_avg(500)=   +8.0  win_rate= 51.8%  entropy_coef=0.0020  policy_loss=-0.0067  value_loss=0.0000  entropy=0.182  clip_frac= 0.6%  (772.7s)
episode  65000  train_avg=  -25.3  adv_avg=   -6.8  eval_avg(500)=  +33.8  win_rate= 57.0%  entropy_coef=0.0020  policy_loss=-0.0092  value_loss=0.0000  entropy=0.194  clip_frac= 1.3%  (835.8s)
episode  70000  train_avg=   +6.7  adv_avg=   +1.7  eval_avg(500)=  +17.1  win_rate= 54.2%  entropy_coef=0.0020  policy_loss=-0.0082  value_loss=0.0000  entropy=0.194  clip_frac= 0.9%  (899.1s)
episode  75000  train_avg=  +16.2  adv_avg=  +29.3  eval_avg(500)=  +17.3  win_rate= 53.4%  entropy_coef=0.0020  policy_loss=-0.0075  value_loss=0.0000  entropy=0.171  clip_frac= 0.9%  (962.5s)
episode  80000  train_avg=  -25.4  adv_avg=   -4.4  eval_avg(500)=  +31.9  win_rate= 56.4%  entropy_coef=0.0020  policy_loss=-0.0064  value_loss=0.0000  entropy=0.148  clip_frac= 0.8%  (1025.7s)
episode  85000  train_avg=   +8.3  adv_avg=   +7.3  eval_avg(500)=  +23.8  win_rate= 54.6%  entropy_coef=0.0020  policy_loss=-0.0101  value_loss=0.0000  entropy=0.174  clip_frac= 1.4%  (1088.8s)
episode  90000  train_avg=   -9.6  adv_avg=   -4.3  eval_avg(500)=  +16.6  win_rate= 54.2%  entropy_coef=0.0020  policy_loss=-0.0083  value_loss=0.0000  entropy=0.181  clip_frac= 1.0%  (1152.4s)
episode  95000  train_avg=   +5.2  adv_avg=  +42.5  eval_avg(500)=   -0.4  win_rate= 49.4%  entropy_coef=0.0020  policy_loss=-0.0086  value_loss=0.0000  entropy=0.159  clip_frac= 1.3%  (1216.4s)
episode 100000  train_avg=  -11.9  adv_avg=   +0.0  eval_avg(500)=  +22.1  win_rate= 55.2%  entropy_coef=0.0020  policy_loss=-0.0042  value_loss=0.0000  entropy=0.154  clip_frac= 0.3%  (1279.8s)
poids sauvegardes dans rl_experiments_v3/exp_ppo_withfeat_nocritic_seed21/ppo_100000.pt
