/home/lsr/anaconda3/envs/env_coinche/lib/python3.13/site-packages/torch/autograd/graph.py:882: UserWarning: CUDA initialization: Unexpected error from cudaGetDeviceCount(). Did you run some cuda functions before calling NumCudaDevices() that might have already set an error? Error 804: forward compatibility was attempted on non supported HW (Triggered internally at /pytorch/c10/cuda/CUDAFunctions.cpp:119.)
  return Variable._execution_engine.run_backward(  # Calls into the C++ engine to run the backward pass
poids charges depuis rl_experiments_v3/imit_bignet.pt
episode   5000  train_avg=  -11.6  adv_avg=  +33.6  eval_avg(500)=  +11.5  win_rate= 52.8%  entropy_beta=0.0020  baseline=  +39.5  (107.1s)
episode  10000  train_avg=  +30.2  adv_avg=  +13.2  eval_avg(500)=  +25.4  win_rate= 55.8%  entropy_beta=0.0020  baseline=  -13.9  (213.5s)
episode  15000  train_avg=   +9.9  adv_avg=   +2.9  eval_avg(500)=   +6.7  win_rate= 51.2%  entropy_beta=0.0020  baseline=   +4.0  (320.4s)
episode  20000  train_avg=   +8.3  adv_avg=  +23.4  eval_avg(500)=   -5.0  win_rate= 49.2%  entropy_beta=0.0020  baseline=  +64.0  (426.3s)
episode  25000  train_avg=   +2.7  adv_avg=  +20.9  eval_avg(500)=   +0.5  win_rate= 50.0%  entropy_beta=0.0020  baseline=   -2.7  (532.1s)
episode  30000  train_avg=   -8.0  adv_avg=  +13.6  eval_avg(500)=  -20.8  win_rate= 46.2%  entropy_beta=0.0020  baseline=  +39.2  (638.0s)
episode  35000  train_avg=  +17.1  adv_avg=   +9.8  eval_avg(500)=   -5.9  win_rate= 48.6%  entropy_beta=0.0020  baseline=   -4.1  (743.6s)
episode  40000  train_avg=  +25.4  adv_avg=  +19.9  eval_avg(500)=  +14.6  win_rate= 52.8%  entropy_beta=0.0020  baseline=  +38.0  (849.3s)
episode  45000  train_avg=   +4.8  adv_avg=  +14.5  eval_avg(500)=  +19.9  win_rate= 55.0%  entropy_beta=0.0020  baseline=   +4.6  (954.7s)
episode  50000  train_avg=  -10.2  adv_avg=  +21.9  eval_avg(500)=   +5.6  win_rate= 51.6%  entropy_beta=0.0020  baseline=   +4.1  (1060.2s)
episode  55000  train_avg=  +26.1  adv_avg=  +37.2  eval_avg(500)=   +2.0  win_rate= 49.8%  entropy_beta=0.0020  baseline=   +2.5  (1165.7s)
episode  60000  train_avg=  +35.7  adv_avg=  +28.0  eval_avg(500)=   +7.3  win_rate= 51.8%  entropy_beta=0.0020  baseline=  +41.8  (1271.3s)
episode  65000  train_avg=  +33.3  adv_avg=  +46.3  eval_avg(500)=  +11.6  win_rate= 52.6%  entropy_beta=0.0020  baseline=  +33.5  (1377.2s)
episode  70000  train_avg=   +8.8  adv_avg=   +7.2  eval_avg(500)=  +10.8  win_rate= 52.6%  entropy_beta=0.0020  baseline=   +2.0  (1483.0s)
episode  75000  train_avg=  +20.5  adv_avg=   +9.3  eval_avg(500)=  +19.3  win_rate= 54.4%  entropy_beta=0.0020  baseline=  -29.6  (1588.9s)
episode  80000  train_avg=   +5.8  adv_avg=  +24.5  eval_avg(500)=   +0.6  win_rate= 49.6%  entropy_beta=0.0020  baseline=  +17.9  (1694.8s)
episode  85000  train_avg=  +10.3  adv_avg=   -0.8  eval_avg(500)=   +1.1  win_rate= 50.6%  entropy_beta=0.0020  baseline=  +26.9  (1803.9s)
episode  90000  train_avg=   +5.6  adv_avg=   +8.5  eval_avg(500)=   +5.9  win_rate= 51.2%  entropy_beta=0.0020  baseline=  -46.9  (1921.9s)
episode  95000  train_avg=  +11.5  adv_avg=   +1.6  eval_avg(500)=   +4.3  win_rate= 51.2%  entropy_beta=0.0020  baseline=   +3.6  (2037.9s)
episode 100000  train_avg=  +14.4  adv_avg=   -9.9  eval_avg(500)=   +7.6  win_rate= 52.0%  entropy_beta=0.0020  baseline=  -28.3  (2152.0s)
poids sauvegardes dans rl_experiments_v3/exp_reinforce_bignet_lr1e-4_seed20/reinforce_100000.pt
