poids charges depuis rl_experiments_v4/imit_bignet_ent02.pt
episode   5000  train_avg=   -9.7  adv_avg=   -7.9  eval_avg(500)=   -1.6  win_rate= 50.0%  entropy_coef=0.0020  policy_loss=-0.0109  value_loss=1.0237  aux_loss=0.3484  entropy=0.212  clip_frac= 1.9%  (120.9s)
episode  10000  train_avg=  +29.3  adv_avg=   -3.9  eval_avg(500)=   +8.6  win_rate= 52.2%  entropy_coef=0.0020  policy_loss=-0.0071  value_loss=1.0203  aux_loss=0.3235  entropy=0.220  clip_frac= 1.0%  (241.1s)
episode  15000  train_avg=  -10.4  adv_avg=  -14.1  eval_avg(500)=   +3.2  win_rate= 52.0%  entropy_coef=0.0020  policy_loss=-0.0097  value_loss=0.9992  aux_loss=0.3105  entropy=0.215  clip_frac= 1.6%  (361.1s)
episode  20000  train_avg=  +10.8  adv_avg=  +19.0  eval_avg(500)=  +14.2  win_rate= 54.0%  entropy_coef=0.0020  policy_loss=-0.0109  value_loss=0.9858  aux_loss=0.2563  entropy=0.207  clip_frac= 1.9%  (488.3s)
episode  25000  train_avg=   +7.6  adv_avg=  +10.4  eval_avg(500)=   +5.7  win_rate= 51.8%  entropy_coef=0.0020  policy_loss=-0.0090  value_loss=1.0234  aux_loss=0.2494  entropy=0.214  clip_frac= 1.4%  (608.4s)
episode  30000  train_avg=  +35.7  adv_avg=  +43.0  eval_avg(500)=  +30.8  win_rate= 56.8%  entropy_coef=0.0020  policy_loss=-0.0098  value_loss=1.0383  aux_loss=0.2650  entropy=0.229  clip_frac= 1.4%  (727.7s)
episode  35000  train_avg=  -10.3  adv_avg=   -3.7  eval_avg(500)=   -8.2  win_rate= 47.6%  entropy_coef=0.0020  policy_loss=-0.0115  value_loss=0.9960  aux_loss=0.2226  entropy=0.219  clip_frac= 2.3%  (850.4s)
episode  40000  train_avg=   +5.2  adv_avg=  +32.8  eval_avg(500)=  +11.2  win_rate= 52.0%  entropy_coef=0.0020  policy_loss=-0.0104  value_loss=1.0091  aux_loss=0.2867  entropy=0.221  clip_frac= 1.7%  (974.5s)
episode  45000  train_avg=   -0.4  adv_avg=   +2.6  eval_avg(500)=  +15.1  win_rate= 52.8%  entropy_coef=0.0020  policy_loss=-0.0088  value_loss=1.0276  aux_loss=0.2479  entropy=0.222  clip_frac= 1.4%  (1103.1s)
episode  50000  train_avg=   +4.7  adv_avg=   -4.6  eval_avg(500)=  +16.2  win_rate= 52.8%  entropy_coef=0.0020  policy_loss=-0.0130  value_loss=1.0143  aux_loss=0.2006  entropy=0.230  clip_frac= 2.4%  (1231.2s)
episode  55000  train_avg=   -4.5  adv_avg=  +17.9  eval_avg(500)=  +35.9  win_rate= 57.8%  entropy_coef=0.0020  policy_loss=-0.0067  value_loss=0.9902  aux_loss=0.2088  entropy=0.215  clip_frac= 0.9%  (1356.3s)
episode  60000  train_avg=   +7.3  adv_avg=  +24.3  eval_avg(500)=  +25.6  win_rate= 55.6%  entropy_coef=0.0020  policy_loss=-0.0105  value_loss=0.9861  aux_loss=0.2072  entropy=0.229  clip_frac= 2.1%  (1483.4s)
episode  65000  train_avg=  +15.4  adv_avg=  +26.0  eval_avg(500)=   +5.8  win_rate= 51.6%  entropy_coef=0.0020  policy_loss=-0.0084  value_loss=0.9927  aux_loss=0.2440  entropy=0.202  clip_frac= 1.3%  (1610.6s)
episode  70000  train_avg=  +11.6  adv_avg=   +9.2  eval_avg(500)=   +1.8  win_rate= 50.6%  entropy_coef=0.0020  policy_loss=-0.0101  value_loss=0.9745  aux_loss=0.2334  entropy=0.245  clip_frac= 1.6%  (1735.2s)
episode  75000  train_avg=   -2.5  adv_avg=   +5.0  eval_avg(500)=  +14.1  win_rate= 53.0%  entropy_coef=0.0020  policy_loss=-0.0090  value_loss=0.9988  aux_loss=0.2676  entropy=0.222  clip_frac= 1.5%  (1856.1s)
episode  80000  train_avg=  +39.9  adv_avg=  +10.3  eval_avg(500)=  +11.5  win_rate= 52.0%  entropy_coef=0.0020  policy_loss=-0.0085  value_loss=0.9882  aux_loss=0.2104  entropy=0.239  clip_frac= 1.4%  (1983.0s)
episode  85000  train_avg=   +4.7  adv_avg=   -6.6  eval_avg(500)=  +24.3  win_rate= 54.6%  entropy_coef=0.0020  policy_loss=-0.0112  value_loss=0.9805  aux_loss=0.2231  entropy=0.229  clip_frac= 2.0%  (2110.6s)
episode  90000  train_avg=  +33.8  adv_avg=   -5.0  eval_avg(500)=  +20.7  win_rate= 53.6%  entropy_coef=0.0020  policy_loss=-0.0076  value_loss=1.0173  aux_loss=0.1981  entropy=0.199  clip_frac= 1.0%  (2240.5s)
episode  95000  train_avg=  -14.7  adv_avg=   -4.7  eval_avg(500)=  +22.7  win_rate= 55.0%  entropy_coef=0.0020  policy_loss=-0.0064  value_loss=0.9953  aux_loss=0.1954  entropy=0.212  clip_frac= 0.8%  (2357.3s)
episode 100000  train_avg=   +2.0  adv_avg=   +4.5  eval_avg(500)=  +29.2  win_rate= 55.6%  entropy_coef=0.0020  policy_loss=-0.0115  value_loss=0.9448  aux_loss=0.2246  entropy=0.235  clip_frac= 2.1%  (2476.0s)
poids sauvegardes dans rl_experiments_v5/exp_shared_aux_lr3e-5_epochs4_vc02_ac05_seed30/ppo_100000.pt
