poids charges depuis rl_experiments_v4/imit_bignet_ent02.pt
episode   5000  train_avg=   +5.7  adv_avg=  +10.8  eval_avg(500)=   -0.3  win_rate= 50.0%  entropy_coef=0.0020  policy_loss=-0.0109  value_loss=0.9981  entropy=0.222  clip_frac= 1.7%  (123.3s)
episode  10000  train_avg=  +30.4  adv_avg=  +23.1  eval_avg(500)=  +19.1  win_rate= 54.6%  entropy_coef=0.0020  policy_loss=-0.0104  value_loss=0.9995  entropy=0.200  clip_frac= 1.8%  (243.1s)
episode  15000  train_avg=   +0.8  adv_avg=   +5.0  eval_avg(500)=  +14.6  win_rate= 52.8%  entropy_coef=0.0020  policy_loss=-0.0074  value_loss=0.9993  entropy=0.184  clip_frac= 0.7%  (364.0s)
episode  20000  train_avg=  +30.3  adv_avg=  +21.9  eval_avg(500)=  +16.5  win_rate= 53.6%  entropy_coef=0.0020  policy_loss=-0.0112  value_loss=1.0367  entropy=0.184  clip_frac= 1.6%  (482.4s)
episode  25000  train_avg=  +16.1  adv_avg=  +18.8  eval_avg(500)=  +14.8  win_rate= 52.8%  entropy_coef=0.0020  policy_loss=-0.0093  value_loss=0.9984  entropy=0.203  clip_frac= 1.4%  (597.6s)
episode  30000  train_avg=  +11.3  adv_avg=  +12.1  eval_avg(500)=  +23.7  win_rate= 54.2%  entropy_coef=0.0020  policy_loss=-0.0125  value_loss=0.9838  entropy=0.224  clip_frac= 2.3%  (711.0s)
episode  35000  train_avg=  +20.6  adv_avg=  +14.2  eval_avg(500)=  -13.0  win_rate= 47.8%  entropy_coef=0.0020  policy_loss=-0.0084  value_loss=0.9958  entropy=0.183  clip_frac= 1.5%  (824.8s)
episode  40000  train_avg=  +43.6  adv_avg=  +35.1  eval_avg(500)=  +10.4  win_rate= 51.8%  entropy_coef=0.0020  policy_loss=-0.0095  value_loss=0.9957  entropy=0.188  clip_frac= 2.0%  (941.4s)
episode  45000  train_avg=  +15.1  adv_avg=  +18.4  eval_avg(500)=  +20.4  win_rate= 53.4%  entropy_coef=0.0020  policy_loss=-0.0065  value_loss=1.0077  entropy=0.213  clip_frac= 1.0%  (1059.8s)
episode  50000  train_avg=  +14.6  adv_avg=   +9.6  eval_avg(500)=  +21.1  win_rate= 54.6%  entropy_coef=0.0020  policy_loss=-0.0071  value_loss=0.9902  entropy=0.212  clip_frac= 1.1%  (1179.8s)
episode  55000  train_avg=  +44.6  adv_avg=  +24.0  eval_avg(500)=  +19.5  win_rate= 54.2%  entropy_coef=0.0020  policy_loss=-0.0128  value_loss=1.0035  entropy=0.204  clip_frac= 2.2%  (1309.8s)
episode  60000  train_avg=   +3.0  adv_avg=   +5.8  eval_avg(500)=  +21.5  win_rate= 53.8%  entropy_coef=0.0020  policy_loss=-0.0120  value_loss=0.9713  entropy=0.179  clip_frac= 1.9%  (1430.3s)
episode  65000  train_avg=  +32.4  adv_avg=  +35.9  eval_avg(500)=  +22.3  win_rate= 54.2%  entropy_coef=0.0020  policy_loss=-0.0086  value_loss=0.9882  entropy=0.203  clip_frac= 1.5%  (1552.1s)
episode  70000  train_avg=   +6.8  adv_avg=  -18.1  eval_avg(500)=   +7.6  win_rate= 51.2%  entropy_coef=0.0020  policy_loss=-0.0085  value_loss=1.0698  entropy=0.198  clip_frac= 1.3%  (1671.3s)
episode  75000  train_avg=   +4.2  adv_avg=   -6.3  eval_avg(500)=  +31.0  win_rate= 55.8%  entropy_coef=0.0020  policy_loss=-0.0085  value_loss=1.0388  entropy=0.190  clip_frac= 1.3%  (1802.6s)
episode  80000  train_avg=   +0.7  adv_avg=  +10.7  eval_avg(500)=  +25.8  win_rate= 55.6%  entropy_coef=0.0020  policy_loss=-0.0088  value_loss=0.9614  entropy=0.186  clip_frac= 1.8%  (1928.4s)
episode  85000  train_avg=   -8.9  adv_avg=   +7.0  eval_avg(500)=  +13.1  win_rate= 52.8%  entropy_coef=0.0020  policy_loss=-0.0100  value_loss=1.0090  entropy=0.188  clip_frac= 1.6%  (2054.9s)
episode  90000  train_avg=  +14.3  adv_avg=   -4.9  eval_avg(500)=   +8.0  win_rate= 51.8%  entropy_coef=0.0020  policy_loss=-0.0098  value_loss=1.0614  entropy=0.200  clip_frac= 1.8%  (2179.6s)
episode  95000  train_avg=  +10.0  adv_avg=  +46.3  eval_avg(500)=   +7.7  win_rate= 51.6%  entropy_coef=0.0020  policy_loss=-0.0061  value_loss=1.0168  entropy=0.171  clip_frac= 1.4%  (2295.2s)
episode 100000  train_avg=  +16.0  adv_avg=   +6.1  eval_avg(500)=  +21.1  win_rate= 54.6%  entropy_coef=0.0020  policy_loss=-0.0114  value_loss=1.0023  entropy=0.191  clip_frac= 1.9%  (2411.8s)
poids sauvegardes dans rl_experiments_v4/exp_shared_lr3e-5_epochs4_vc05_seed20/ppo_100000.pt
