poids charges depuis rl_experiments_v3/exp_ppo_lr3e-5/ppo_50000.pt
poids de value_net charges depuis rl_experiments_v3/exp_ppo_lr3e-5/ppo_50000.pt
episode  52000  train_avg=   +1.8  adv_avg=   -7.5  eval_avg(500)=  +23.0  win_rate= 54.4%  entropy_coef=0.0020  policy_loss=-0.0072  value_loss=1.0117  entropy=0.197  (26.3s)
episode  54000  train_avg=  +16.1  adv_avg=  +10.6  eval_avg(500)=  +13.6  win_rate= 52.0%  entropy_coef=0.0020  policy_loss=-0.0072  value_loss=0.9855  entropy=0.183  (53.6s)
episode  56000  train_avg=  +33.0  adv_avg=   +7.7  eval_avg(500)=  +30.1  win_rate= 56.6%  entropy_coef=0.0020  policy_loss=-0.0092  value_loss=0.9792  entropy=0.188  (81.1s)
episode  58000  train_avg=   +8.0  adv_avg=  +41.9  eval_avg(500)=  +13.5  win_rate= 52.4%  entropy_coef=0.0020  policy_loss=-0.0091  value_loss=1.0176  entropy=0.196  (108.5s)
episode  60000  train_avg=  +29.2  adv_avg=  +29.4  eval_avg(500)=  +11.2  win_rate= 52.2%  entropy_coef=0.0020  policy_loss=-0.0096  value_loss=1.0248  entropy=0.187  (135.2s)
episode  62000  train_avg=   +6.9  adv_avg=   +1.9  eval_avg(500)=   +4.0  win_rate= 50.2%  entropy_coef=0.0020  policy_loss=-0.0090  value_loss=0.9963  entropy=0.189  (161.7s)
episode  64000  train_avg=  +38.4  adv_avg=  +25.7  eval_avg(500)=  +14.3  win_rate= 52.0%  entropy_coef=0.0020  policy_loss=-0.0115  value_loss=0.9971  entropy=0.191  (188.5s)
episode  66000  train_avg=  +14.1  adv_avg=  +26.9  eval_avg(500)=  +12.0  win_rate= 53.2%  entropy_coef=0.0020  policy_loss=-0.0051  value_loss=0.9922  entropy=0.181  (215.3s)
episode  68000  train_avg=  -19.8  adv_avg=  -12.2  eval_avg(500)=  +25.4  win_rate= 55.2%  entropy_coef=0.0020  policy_loss=-0.0107  value_loss=0.9998  entropy=0.183  (242.2s)
episode  70000  train_avg=  +12.0  adv_avg=   +6.8  eval_avg(500)=  +19.0  win_rate= 54.0%  entropy_coef=0.0020  policy_loss=-0.0081  value_loss=0.9966  entropy=0.193  (269.4s)
episode  72000  train_avg=  +13.0  adv_avg=  +23.6  eval_avg(500)=  +10.9  win_rate= 52.0%  entropy_coef=0.0020  policy_loss=-0.0084  value_loss=1.0372  entropy=0.156  (297.0s)
episode  74000  train_avg=  +13.9  adv_avg=   -8.8  eval_avg(500)=  +24.0  win_rate= 55.6%  entropy_coef=0.0020  policy_loss=-0.0080  value_loss=1.0010  entropy=0.172  (324.2s)
episode  76000  train_avg=  +19.6  adv_avg=  +29.9  eval_avg(500)=   +7.8  win_rate= 51.0%  entropy_coef=0.0020  policy_loss=-0.0087  value_loss=0.9972  entropy=0.183  (351.4s)
episode  78000  train_avg=  +25.6  adv_avg=  +34.1  eval_avg(500)=   +7.7  win_rate= 51.2%  entropy_coef=0.0020  policy_loss=-0.0069  value_loss=1.0229  entropy=0.160  (378.6s)
episode  80000  train_avg=  +11.0  adv_avg=  +14.7  eval_avg(500)=  +14.3  win_rate= 53.2%  entropy_coef=0.0020  policy_loss=-0.0088  value_loss=1.0001  entropy=0.182  (406.0s)
episode  82000  train_avg=  +35.0  adv_avg=  +37.2  eval_avg(500)=   -7.9  win_rate= 48.2%  entropy_coef=0.0020  policy_loss=-0.0086  value_loss=0.9887  entropy=0.177  (433.4s)
episode  84000  train_avg=   +2.0  adv_avg=   +0.8  eval_avg(500)=  +16.7  win_rate= 53.2%  entropy_coef=0.0020  policy_loss=-0.0093  value_loss=0.9972  entropy=0.181  (460.5s)
episode  86000  train_avg=  +20.7  adv_avg=  +12.6  eval_avg(500)=  +17.1  win_rate= 53.0%  entropy_coef=0.0020  policy_loss=-0.0071  value_loss=1.0304  entropy=0.166  (487.4s)
episode  88000  train_avg=   +2.3  adv_avg=   +1.2  eval_avg(500)=   -5.9  win_rate= 48.8%  entropy_coef=0.0020  policy_loss=-0.0075  value_loss=0.9975  entropy=0.170  (513.9s)
episode  90000  train_avg=  +18.4  adv_avg=  +15.8  eval_avg(500)=  +24.6  win_rate= 55.2%  entropy_coef=0.0020  policy_loss=-0.0077  value_loss=1.0296  entropy=0.185  (540.1s)
episode  92000  train_avg=   -1.1  adv_avg=  +13.8  eval_avg(500)=   +3.2  win_rate= 50.2%  entropy_coef=0.0020  policy_loss=-0.0085  value_loss=1.0487  entropy=0.177  (565.9s)
episode  94000  train_avg=  +31.1  adv_avg=  +15.2  eval_avg(500)=  +27.3  win_rate= 55.6%  entropy_coef=0.0020  policy_loss=-0.0089  value_loss=1.0742  entropy=0.165  (591.7s)
episode  96000  train_avg=  +32.5  adv_avg=  +20.5  eval_avg(500)=  +18.1  win_rate= 53.6%  entropy_coef=0.0020  policy_loss=-0.0077  value_loss=0.9667  entropy=0.173  (618.4s)
episode  98000  train_avg=  +16.6  adv_avg=  +22.8  eval_avg(500)=  +21.7  win_rate= 54.6%  entropy_coef=0.0020  policy_loss=-0.0069  value_loss=1.0211  entropy=0.151  (645.6s)
episode 100000  train_avg=  -12.4  adv_avg=   +9.8  eval_avg(500)=  +41.8  win_rate= 59.2%  entropy_coef=0.0020  policy_loss=-0.0097  value_loss=0.9874  entropy=0.173  (673.3s)
poids sauvegardes dans rl_experiments_v3/exp_ppo_lr3e-5/ppo_100000.pt
