poids charges depuis rl_experiments_v3/imit.pt
episode   2000  train_avg=  -10.1  adv_avg=  +20.8  eval_avg(500)=   +9.1  win_rate= 51.2%  entropy_coef=0.0020  policy_loss=-0.0083  value_loss=1.0036  entropy=0.216  (27.6s)
episode   4000  train_avg=  +20.2  adv_avg=   -3.6  eval_avg(500)=   -4.6  win_rate= 48.8%  entropy_coef=0.0020  policy_loss=-0.0083  value_loss=1.0091  entropy=0.212  (54.3s)
episode   6000  train_avg=  -22.4  adv_avg=   -6.4  eval_avg(500)=  +10.5  win_rate= 52.6%  entropy_coef=0.0020  policy_loss=-0.0099  value_loss=0.9971  entropy=0.203  (81.9s)
episode   8000  train_avg=  -26.6  adv_avg=  +19.8  eval_avg(500)=   -1.9  win_rate= 49.0%  entropy_coef=0.0020  policy_loss=-0.0120  value_loss=1.0281  entropy=0.209  (110.0s)
episode  10000  train_avg=  -21.5  adv_avg=  +13.1  eval_avg(500)=  +14.0  win_rate= 53.0%  entropy_coef=0.0020  policy_loss=-0.0084  value_loss=1.0012  entropy=0.195  (136.4s)
episode  12000  train_avg=   -5.2  adv_avg=  +23.7  eval_avg(500)=  +16.3  win_rate= 53.6%  entropy_coef=0.0020  policy_loss=-0.0094  value_loss=1.0211  entropy=0.192  (162.8s)
episode  14000  train_avg=  -13.9  adv_avg=   +1.2  eval_avg(500)=   +7.8  win_rate= 52.8%  entropy_coef=0.0020  policy_loss=-0.0060  value_loss=0.9925  entropy=0.184  (189.2s)
episode  16000  train_avg=  +19.6  adv_avg=  +17.1  eval_avg(500)=   -4.2  win_rate= 48.6%  entropy_coef=0.0020  policy_loss=-0.0099  value_loss=1.0013  entropy=0.172  (215.9s)
episode  18000  train_avg=   -3.2  adv_avg=   -2.1  eval_avg(500)=  +14.8  win_rate= 53.6%  entropy_coef=0.0020  policy_loss=-0.0105  value_loss=0.9998  entropy=0.198  (242.3s)
episode  20000  train_avg=  -13.2  adv_avg=   +0.1  eval_avg(500)=  +26.4  win_rate= 54.8%  entropy_coef=0.0020  policy_loss=-0.0082  value_loss=1.0005  entropy=0.181  (268.9s)
episode  22000  train_avg=  -10.5  adv_avg=  +11.8  eval_avg(500)=  +16.7  win_rate= 53.4%  entropy_coef=0.0020  policy_loss=-0.0096  value_loss=1.0090  entropy=0.218  (295.5s)
episode  24000  train_avg=   +7.2  adv_avg=   -3.9  eval_avg(500)=  +31.1  win_rate= 57.2%  entropy_coef=0.0020  policy_loss=-0.0111  value_loss=0.9792  entropy=0.214  (323.4s)
episode  26000  train_avg=  +24.0  adv_avg=  +11.9  eval_avg(500)=  +21.9  win_rate= 54.4%  entropy_coef=0.0020  policy_loss=-0.0086  value_loss=0.9851  entropy=0.185  (349.5s)
episode  28000  train_avg=   +6.3  adv_avg=   +0.8  eval_avg(500)=   +8.3  win_rate= 51.6%  entropy_coef=0.0020  policy_loss=-0.0081  value_loss=1.0055  entropy=0.187  (376.1s)
episode  30000  train_avg=  +10.6  adv_avg=  +11.0  eval_avg(500)=   +6.0  win_rate= 51.8%  entropy_coef=0.0020  policy_loss=-0.0084  value_loss=1.0039  entropy=0.191  (403.0s)
episode  32000  train_avg=   -1.8  adv_avg=  +19.4  eval_avg(500)=   -4.9  win_rate= 48.4%  entropy_coef=0.0020  policy_loss=-0.0089  value_loss=1.0174  entropy=0.198  (430.4s)
episode  34000  train_avg=  +11.8  adv_avg=  +39.1  eval_avg(500)=  +16.7  win_rate= 53.2%  entropy_coef=0.0020  policy_loss=-0.0074  value_loss=1.0107  entropy=0.180  (456.8s)
episode  36000  train_avg=   +1.2  adv_avg=   +3.9  eval_avg(500)=   +7.7  win_rate= 52.4%  entropy_coef=0.0020  policy_loss=-0.0081  value_loss=1.0033  entropy=0.191  (483.6s)
episode  38000  train_avg=  -13.6  adv_avg=  -17.1  eval_avg(500)=   +9.6  win_rate= 52.4%  entropy_coef=0.0020  policy_loss=-0.0059  value_loss=1.0590  entropy=0.183  (509.9s)
episode  40000  train_avg=   +5.5  adv_avg=  +11.0  eval_avg(500)=   -3.0  win_rate= 49.4%  entropy_coef=0.0020  policy_loss=-0.0102  value_loss=1.0070  entropy=0.193  (536.9s)
episode  42000  train_avg=   -4.4  adv_avg=  +21.3  eval_avg(500)=   -0.1  win_rate= 50.2%  entropy_coef=0.0020  policy_loss=-0.0102  value_loss=0.9706  entropy=0.196  (563.2s)
episode  44000  train_avg=  +21.4  adv_avg=  +20.7  eval_avg(500)=   -4.0  win_rate= 48.4%  entropy_coef=0.0020  policy_loss=-0.0093  value_loss=0.9967  entropy=0.205  (589.7s)
episode  46000  train_avg=  +13.6  adv_avg=   -0.7  eval_avg(500)=  +34.9  win_rate= 57.0%  entropy_coef=0.0020  policy_loss=-0.0083  value_loss=1.0001  entropy=0.174  (616.2s)
episode  48000  train_avg=  +45.8  adv_avg=  +35.1  eval_avg(500)=  +15.4  win_rate= 53.4%  entropy_coef=0.0020  policy_loss=-0.0073  value_loss=1.0727  entropy=0.179  (642.8s)
episode  50000  train_avg=  +18.6  adv_avg=  +12.9  eval_avg(500)=  +34.5  win_rate= 57.2%  entropy_coef=0.0020  policy_loss=-0.0055  value_loss=0.9985  entropy=0.193  (669.3s)
poids sauvegardes dans rl_experiments_v3/exp_ppo_lr3e-5/ppo_50000.pt
