poids charges depuis rl_experiments/imit.pt
episode   2000  train_avg=  -41.1  adv_avg=  -34.6  eval_avg(500)=  -18.8  win_rate= 46.6%  entropy_coef=0.0020  policy_loss=-0.0231  value_loss=0.9495  entropy=0.189  (25.9s)
episode   4000  train_avg=  -25.4  adv_avg=   -8.8  eval_avg(500)=  -18.2  win_rate= 45.8%  entropy_coef=0.0020  policy_loss=-0.0245  value_loss=1.0033  entropy=0.169  (51.6s)
episode   6000  train_avg=   +0.7  adv_avg=  -14.6  eval_avg(500)=  -36.7  win_rate= 43.0%  entropy_coef=0.0020  policy_loss=-0.0274  value_loss=0.9194  entropy=0.164  (77.4s)
episode   8000  train_avg=   -5.2  adv_avg=  -32.7  eval_avg(500)=  -12.3  win_rate= 47.2%  entropy_coef=0.0020  policy_loss=-0.0208  value_loss=0.9919  entropy=0.146  (103.3s)
episode  10000  train_avg=   -5.1  adv_avg=   -3.3  eval_avg(500)=   +7.5  win_rate= 51.8%  entropy_coef=0.0020  policy_loss=-0.0194  value_loss=0.9684  entropy=0.136  (129.0s)
episode  12000  train_avg=  -17.6  adv_avg=  -26.8  eval_avg(500)=   -1.4  win_rate= 50.2%  entropy_coef=0.0020  policy_loss=-0.0166  value_loss=0.8784  entropy=0.113  (154.6s)
episode  14000  train_avg=  -25.2  adv_avg=  -38.0  eval_avg(500)=  -19.2  win_rate= 46.6%  entropy_coef=0.0020  policy_loss=-0.0187  value_loss=0.9407  entropy=0.097  (180.3s)
episode  16000  train_avg=  -32.8  adv_avg=  -13.2  eval_avg(500)=  -46.4  win_rate= 40.8%  entropy_coef=0.0020  policy_loss=-0.0164  value_loss=0.9111  entropy=0.093  (206.2s)
episode  18000  train_avg=  -14.2  adv_avg=   -8.4  eval_avg(500)=  -31.1  win_rate= 43.8%  entropy_coef=0.0020  policy_loss=-0.0184  value_loss=0.9495  entropy=0.084  (231.9s)
episode  20000  train_avg=  -30.1  adv_avg=   -5.5  eval_avg(500)=  -25.4  win_rate= 46.2%  entropy_coef=0.0020  policy_loss=-0.0090  value_loss=0.9403  entropy=0.096  (257.7s)
episode  22000  train_avg=  -44.7  adv_avg=  -25.0  eval_avg(500)=  -20.2  win_rate= 46.6%  entropy_coef=0.0020  policy_loss=-0.0148  value_loss=0.8792  entropy=0.077  (283.5s)
episode  24000  train_avg=  -18.4  adv_avg=  -26.7  eval_avg(500)=  -23.6  win_rate= 45.8%  entropy_coef=0.0020  policy_loss=-0.0159  value_loss=0.9197  entropy=0.074  (309.4s)
episode  26000  train_avg=   -8.1  adv_avg=  +10.1  eval_avg(500)=  -18.9  win_rate= 47.0%  entropy_coef=0.0020  policy_loss=-0.0142  value_loss=0.7757  entropy=0.072  (335.1s)
episode  28000  train_avg=  -21.5  adv_avg=  -20.0  eval_avg(500)=  -37.8  win_rate= 42.6%  entropy_coef=0.0020  policy_loss=-0.0119  value_loss=0.9185  entropy=0.068  (360.7s)
episode  30000  train_avg=   -4.0  adv_avg=   +1.0  eval_avg(500)=  -31.7  win_rate= 43.8%  entropy_coef=0.0020  policy_loss=-0.0151  value_loss=0.9677  entropy=0.070  (386.4s)
episode  32000  train_avg=  -24.5  adv_avg=  -25.8  eval_avg(500)=  -34.6  win_rate= 43.2%  entropy_coef=0.0020  policy_loss=-0.0106  value_loss=0.9012  entropy=0.062  (412.3s)
episode  34000  train_avg=  -20.3  adv_avg=  -32.5  eval_avg(500)=  -23.5  win_rate= 45.6%  entropy_coef=0.0020  policy_loss=-0.0135  value_loss=0.9287  entropy=0.062  (438.6s)
episode  36000  train_avg=   -3.8  adv_avg=  -14.4  eval_avg(500)=  -32.1  win_rate= 44.0%  entropy_coef=0.0020  policy_loss=-0.0111  value_loss=0.8891  entropy=0.053  (464.3s)
episode  38000  train_avg=   -2.8  adv_avg=  -37.5  eval_avg(500)=  -19.1  win_rate= 46.6%  entropy_coef=0.0020  policy_loss=-0.0097  value_loss=0.8682  entropy=0.056  (490.0s)
episode  40000  train_avg=  -25.2  adv_avg=  -38.0  eval_avg(500)=  -11.4  win_rate= 48.4%  entropy_coef=0.0020  policy_loss=-0.0144  value_loss=1.0190  entropy=0.063  (516.0s)
episode  42000  train_avg=   -4.6  adv_avg=   +9.7  eval_avg(500)=  -28.5  win_rate= 45.0%  entropy_coef=0.0020  policy_loss=-0.0128  value_loss=0.9040  entropy=0.053  (541.8s)
episode  44000  train_avg=  -21.7  adv_avg=  -29.0  eval_avg(500)=  -23.0  win_rate= 46.0%  entropy_coef=0.0020  policy_loss=-0.0114  value_loss=0.9525  entropy=0.058  (567.5s)
episode  46000  train_avg=  -49.1  adv_avg=  -46.4  eval_avg(500)=  -25.7  win_rate= 45.4%  entropy_coef=0.0020  policy_loss=-0.0151  value_loss=1.0090  entropy=0.047  (594.9s)
episode  48000  train_avg=   -2.5  adv_avg=  -55.5  eval_avg(500)=  -39.6  win_rate= 42.0%  entropy_coef=0.0020  policy_loss=-0.0106  value_loss=0.9432  entropy=0.047  (620.8s)
episode  50000  train_avg=  -39.9  adv_avg=  -43.0  eval_avg(500)=  -28.5  win_rate= 44.6%  entropy_coef=0.0020  policy_loss=-0.0112  value_loss=0.9322  entropy=0.054  (646.6s)
poids sauvegardes dans rl_experiments_v2/exp_ppo_round1_lr8e-4/ppo_50000.pt
