poids charges depuis rl_experiments_v3/imit.pt
episode   5000  train_avg=  -23.2  adv_avg=   -9.2  eval_avg(500)=  +14.3  win_rate= 52.4%  entropy_coef=0.0020  policy_loss=-0.0098  value_loss=1.0261  entropy=0.209  clip_frac= 1.5%  (67.5s)
episode  10000  train_avg=  +16.9  adv_avg=   +9.8  eval_avg(500)=  +22.0  win_rate= 54.2%  entropy_coef=0.0020  policy_loss=-0.0104  value_loss=1.0082  entropy=0.213  clip_frac= 1.2%  (133.6s)
episode  15000  train_avg=  +18.4  adv_avg=  -10.7  eval_avg(500)=  +24.5  win_rate= 55.4%  entropy_coef=0.0020  policy_loss=-0.0069  value_loss=1.0540  entropy=0.187  clip_frac= 0.8%  (199.7s)
episode  20000  train_avg=  +31.7  adv_avg=  +33.2  eval_avg(500)=   +7.9  win_rate= 51.0%  entropy_coef=0.0020  policy_loss=-0.0099  value_loss=1.0467  entropy=0.205  clip_frac= 1.0%  (266.5s)
episode  25000  train_avg=   -0.9  adv_avg=   +9.4  eval_avg(500)=   -0.8  win_rate= 48.8%  entropy_coef=0.0020  policy_loss=-0.0069  value_loss=1.0015  entropy=0.198  clip_frac= 0.8%  (333.0s)
episode  30000  train_avg=  -20.7  adv_avg=   +8.6  eval_avg(500)=   -4.4  win_rate= 48.6%  entropy_coef=0.0020  policy_loss=-0.0102  value_loss=0.9858  entropy=0.226  clip_frac= 1.3%  (398.4s)
episode  35000  train_avg=   +2.6  adv_avg=   +6.0  eval_avg(500)=  +27.0  win_rate= 55.8%  entropy_coef=0.0020  policy_loss=-0.0065  value_loss=0.9841  entropy=0.181  clip_frac= 0.8%  (463.1s)
episode  40000  train_avg=  +11.3  adv_avg=   -3.4  eval_avg(500)=   +4.2  win_rate= 51.2%  entropy_coef=0.0020  policy_loss=-0.0078  value_loss=1.0077  entropy=0.182  clip_frac= 0.9%  (528.6s)
episode  45000  train_avg=   -1.9  adv_avg=  +17.3  eval_avg(500)=  +15.0  win_rate= 53.8%  entropy_coef=0.0020  policy_loss=-0.0097  value_loss=0.9851  entropy=0.194  clip_frac= 1.1%  (593.6s)
episode  50000  train_avg=  -12.2  adv_avg=   -6.4  eval_avg(500)=   -0.3  win_rate= 50.0%  entropy_coef=0.0020  policy_loss=-0.0075  value_loss=1.0196  entropy=0.180  clip_frac= 0.9%  (659.2s)
episode  55000  train_avg=  +35.1  adv_avg=  +18.9  eval_avg(500)=  +11.4  win_rate= 52.8%  entropy_coef=0.0020  policy_loss=-0.0079  value_loss=1.0127  entropy=0.187  clip_frac= 0.8%  (725.8s)
episode  60000  train_avg=  -25.7  adv_avg=  -18.3  eval_avg(500)=  +18.8  win_rate= 54.0%  entropy_coef=0.0020  policy_loss=-0.0057  value_loss=1.0194  entropy=0.155  clip_frac= 0.6%  (795.2s)
episode  65000  train_avg=   -8.1  adv_avg=   +4.2  eval_avg(500)=   +5.3  win_rate= 51.2%  entropy_coef=0.0020  policy_loss=-0.0132  value_loss=0.9652  entropy=0.196  clip_frac= 1.9%  (859.1s)
episode  70000  train_avg=  -13.5  adv_avg=  +17.6  eval_avg(500)=   +4.6  win_rate= 50.4%  entropy_coef=0.0020  policy_loss=-0.0087  value_loss=0.9720  entropy=0.176  clip_frac= 1.1%  (924.6s)
episode  75000  train_avg=   +8.3  adv_avg=   +0.8  eval_avg(500)=  +10.4  win_rate= 51.8%  entropy_coef=0.0020  policy_loss=-0.0116  value_loss=0.9914  entropy=0.178  clip_frac= 1.7%  (989.5s)
episode  80000  train_avg=  +19.7  adv_avg=  +24.9  eval_avg(500)=  +19.7  win_rate= 54.4%  entropy_coef=0.0020  policy_loss=-0.0085  value_loss=0.9712  entropy=0.197  clip_frac= 1.1%  (1054.3s)
episode  85000  train_avg=   +3.8  adv_avg=  +12.8  eval_avg(500)=  +32.0  win_rate= 56.8%  entropy_coef=0.0020  policy_loss=-0.0100  value_loss=0.9945  entropy=0.184  clip_frac= 1.4%  (1122.7s)
episode  90000  train_avg=  +25.8  adv_avg=  +16.9  eval_avg(500)=  +15.8  win_rate= 53.2%  entropy_coef=0.0020  policy_loss=-0.0072  value_loss=0.9665  entropy=0.179  clip_frac= 0.7%  (1187.5s)
episode  95000  train_avg=  +35.5  adv_avg=  +19.5  eval_avg(500)=  +43.3  win_rate= 59.4%  entropy_coef=0.0020  policy_loss=-0.0091  value_loss=0.9638  entropy=0.173  clip_frac= 1.3%  (1251.7s)
episode 100000  train_avg=  +12.4  adv_avg=   -0.4  eval_avg(500)=  +26.0  win_rate= 55.0%  entropy_coef=0.0020  policy_loss=-0.0073  value_loss=0.9908  entropy=0.173  clip_frac= 0.7%  (1314.6s)
poids sauvegardes dans rl_experiments_v3/exp_ppo_lr3e-5_epochs8_seed22/ppo_100000.pt
