poids charges depuis rl_experiments_v3/imit.pt
episode   5000  train_avg=   -8.2  adv_avg=   -6.8  eval_avg(500)=  +14.1  win_rate= 53.8%  entropy_coef=0.0020  policy_loss=-0.0078  value_loss=0.9980  entropy=0.216  clip_frac= 0.7%  (73.7s)
episode  10000  train_avg=  +29.3  adv_avg=  -15.3  eval_avg(500)=  +21.7  win_rate= 54.2%  entropy_coef=0.0020  policy_loss=-0.0102  value_loss=1.0090  entropy=0.191  clip_frac= 1.2%  (146.6s)
episode  15000  train_avg=  +34.1  adv_avg=  +14.6  eval_avg(500)=   +0.1  win_rate= 49.4%  entropy_coef=0.0020  policy_loss=-0.0074  value_loss=1.0228  entropy=0.204  clip_frac= 1.0%  (219.4s)
episode  20000  train_avg=  +24.3  adv_avg=  +11.7  eval_avg(500)=  +12.9  win_rate= 53.0%  entropy_coef=0.0020  policy_loss=-0.0070  value_loss=1.0114  entropy=0.197  clip_frac= 0.8%  (291.4s)
episode  25000  train_avg=   -3.6  adv_avg=   -6.1  eval_avg(500)=   +2.4  win_rate= 50.6%  entropy_coef=0.0020  policy_loss=-0.0074  value_loss=1.0164  entropy=0.191  clip_frac= 0.7%  (363.6s)
episode  30000  train_avg=  +12.0  adv_avg=  -16.7  eval_avg(500)=   -9.4  win_rate= 47.8%  entropy_coef=0.0020  policy_loss=-0.0082  value_loss=0.9916  entropy=0.173  clip_frac= 1.1%  (435.8s)
episode  35000  train_avg=   -2.5  adv_avg=   +2.3  eval_avg(500)=  +11.9  win_rate= 52.4%  entropy_coef=0.0020  policy_loss=-0.0072  value_loss=1.0023  entropy=0.171  clip_frac= 1.2%  (510.3s)
episode  40000  train_avg=   +0.7  adv_avg=  +18.2  eval_avg(500)=   +2.5  win_rate= 50.2%  entropy_coef=0.0020  policy_loss=-0.0074  value_loss=0.9667  entropy=0.165  clip_frac= 0.8%  (584.5s)
episode  45000  train_avg=   -7.6  adv_avg=  +23.9  eval_avg(500)=   +3.3  win_rate= 50.4%  entropy_coef=0.0020  policy_loss=-0.0086  value_loss=1.0377  entropy=0.178  clip_frac= 0.9%  (655.3s)
episode  50000  train_avg=  +12.1  adv_avg=  +39.7  eval_avg(500)=  +18.1  win_rate= 55.2%  entropy_coef=0.0020  policy_loss=-0.0102  value_loss=0.9625  entropy=0.192  clip_frac= 1.2%  (727.0s)
episode  55000  train_avg=  +34.0  adv_avg=   +6.4  eval_avg(500)=  +15.5  win_rate= 53.4%  entropy_coef=0.0020  policy_loss=-0.0089  value_loss=1.1434  entropy=0.193  clip_frac= 1.1%  (798.2s)
episode  60000  train_avg=  +20.0  adv_avg=  +12.3  eval_avg(500)=   -3.9  win_rate= 49.0%  entropy_coef=0.0020  policy_loss=-0.0071  value_loss=1.0547  entropy=0.162  clip_frac= 1.0%  (872.9s)
episode  65000  train_avg=   +0.1  adv_avg=   -3.3  eval_avg(500)=  +23.2  win_rate= 54.4%  entropy_coef=0.0020  policy_loss=-0.0079  value_loss=1.0686  entropy=0.165  clip_frac= 1.2%  (946.9s)
episode  70000  train_avg=  +40.1  adv_avg=  +18.5  eval_avg(500)=  +17.2  win_rate= 52.8%  entropy_coef=0.0020  policy_loss=-0.0067  value_loss=0.9476  entropy=0.166  clip_frac= 0.8%  (1019.8s)
episode  75000  train_avg=  +11.1  adv_avg=  -15.5  eval_avg(500)=   +5.4  win_rate= 50.4%  entropy_coef=0.0020  policy_loss=-0.0086  value_loss=1.0173  entropy=0.169  clip_frac= 1.2%  (1093.0s)
episode  80000  train_avg=   +1.5  adv_avg=   +3.9  eval_avg(500)=  +10.0  win_rate= 51.4%  entropy_coef=0.0020  policy_loss=-0.0080  value_loss=0.9984  entropy=0.139  clip_frac= 1.1%  (1164.7s)
episode  85000  train_avg=  -21.7  adv_avg=   -5.5  eval_avg(500)=  +17.3  win_rate= 53.2%  entropy_coef=0.0020  policy_loss=-0.0101  value_loss=0.9932  entropy=0.172  clip_frac= 1.4%  (1237.2s)
episode  90000  train_avg=   -2.2  adv_avg=  +20.9  eval_avg(500)=  +23.7  win_rate= 55.4%  entropy_coef=0.0020  policy_loss=-0.0052  value_loss=0.9991  entropy=0.170  clip_frac= 0.7%  (1309.7s)
episode  95000  train_avg=  +20.1  adv_avg=   +1.0  eval_avg(500)=   +7.4  win_rate= 52.0%  entropy_coef=0.0020  policy_loss=-0.0096  value_loss=1.0186  entropy=0.159  clip_frac= 1.6%  (1379.1s)
episode 100000  train_avg=  +10.0  adv_avg=  +27.6  eval_avg(500)=  +30.9  win_rate= 56.6%  entropy_coef=0.0020  policy_loss=-0.0078  value_loss=1.0183  entropy=0.179  clip_frac= 1.1%  (1449.1s)
poids sauvegardes dans rl_experiments_v3/exp_ppo_centralized_critic_seed24/ppo_100000.pt
