poids charges depuis rl_experiments_v3/imit.pt
episode   5000  train_avg=  -11.6  adv_avg=   -8.8  eval_avg(500)=   +8.0  win_rate= 52.4%  entropy_coef=0.0020  policy_loss=-0.0165  value_loss=0.9962  entropy=0.217  clip_frac= 3.3%  (86.2s)
episode  10000  train_avg=  +18.3  adv_avg=  -12.8  eval_avg(500)=   -0.9  win_rate= 50.4%  entropy_coef=0.0020  policy_loss=-0.0102  value_loss=0.9984  entropy=0.208  clip_frac= 1.4%  (173.4s)
episode  15000  train_avg=   -8.3  adv_avg=  +21.0  eval_avg(500)=  -17.1  win_rate= 45.4%  entropy_coef=0.0020  policy_loss=-0.0126  value_loss=1.0277  entropy=0.181  clip_frac= 2.3%  (259.5s)
episode  20000  train_avg=  +13.0  adv_avg=  +19.0  eval_avg(500)=  +18.0  win_rate= 53.8%  entropy_coef=0.0020  policy_loss=-0.0109  value_loss=1.0145  entropy=0.197  clip_frac= 1.8%  (347.3s)
episode  25000  train_avg=  -16.2  adv_avg=   -2.9  eval_avg(500)=   +1.2  win_rate= 49.6%  entropy_coef=0.0020  policy_loss=-0.0156  value_loss=1.0338  entropy=0.191  clip_frac= 3.3%  (440.2s)
episode  30000  train_avg=  -12.3  adv_avg=   +6.5  eval_avg(500)=   +1.1  win_rate= 50.0%  entropy_coef=0.0020  policy_loss=-0.0102  value_loss=1.0350  entropy=0.205  clip_frac= 2.3%  (525.1s)
episode  35000  train_avg=   +7.5  adv_avg=   -4.7  eval_avg(500)=  +17.6  win_rate= 53.4%  entropy_coef=0.0020  policy_loss=-0.0133  value_loss=1.0210  entropy=0.179  clip_frac= 2.9%  (608.6s)
episode  40000  train_avg=  -15.8  adv_avg=  +10.8  eval_avg(500)=  +17.1  win_rate= 53.4%  entropy_coef=0.0020  policy_loss=-0.0144  value_loss=0.9658  entropy=0.162  clip_frac= 3.0%  (692.8s)
episode  45000  train_avg=   -2.1  adv_avg=   +8.3  eval_avg(500)=  +20.2  win_rate= 53.8%  entropy_coef=0.0020  policy_loss=-0.0098  value_loss=1.0555  entropy=0.159  clip_frac= 1.9%  (775.7s)
episode  50000  train_avg=  -10.1  adv_avg=   +5.9  eval_avg(500)=  +23.5  win_rate= 55.6%  entropy_coef=0.0020  policy_loss=-0.0159  value_loss=0.9673  entropy=0.184  clip_frac= 3.3%  (856.8s)
episode  55000  train_avg=  +21.6  adv_avg=  +22.6  eval_avg(500)=   +8.2  win_rate= 51.8%  entropy_coef=0.0020  policy_loss=-0.0140  value_loss=0.9730  entropy=0.188  clip_frac= 2.4%  (937.2s)
episode  60000  train_avg=   +9.2  adv_avg=  +23.9  eval_avg(500)=   +2.0  win_rate= 50.4%  entropy_coef=0.0020  policy_loss=-0.0140  value_loss=1.0493  entropy=0.188  clip_frac= 3.0%  (1017.2s)
episode  65000  train_avg=   +6.1  adv_avg=  +13.9  eval_avg(500)=  +16.6  win_rate= 53.4%  entropy_coef=0.0020  policy_loss=-0.0149  value_loss=0.9848  entropy=0.187  clip_frac= 2.8%  (1097.1s)
episode  70000  train_avg=  +26.7  adv_avg=  +52.3  eval_avg(500)=  +21.6  win_rate= 55.0%  entropy_coef=0.0020  policy_loss=-0.0156  value_loss=0.9655  entropy=0.195  clip_frac= 3.1%  (1177.0s)
episode  75000  train_avg=  -19.6  adv_avg=   -6.5  eval_avg(500)=  +13.0  win_rate= 51.4%  entropy_coef=0.0020  policy_loss=-0.0104  value_loss=0.9899  entropy=0.173  clip_frac= 2.4%  (1257.2s)
episode  80000  train_avg=   -6.0  adv_avg=   -4.8  eval_avg(500)=  +10.0  win_rate= 52.0%  entropy_coef=0.0020  policy_loss=-0.0127  value_loss=0.9657  entropy=0.161  clip_frac= 3.3%  (1338.5s)
episode  85000  train_avg=  +26.4  adv_avg=  +26.4  eval_avg(500)=  +27.0  win_rate= 54.8%  entropy_coef=0.0020  policy_loss=-0.0117  value_loss=1.0362  entropy=0.165  clip_frac= 2.6%  (1425.9s)
episode  90000  train_avg=   +5.1  adv_avg=  +13.2  eval_avg(500)=  +17.9  win_rate= 53.8%  entropy_coef=0.0020  policy_loss=-0.0093  value_loss=0.9981  entropy=0.172  clip_frac= 2.0%  (1514.7s)
episode  95000  train_avg=  +25.9  adv_avg=  +31.0  eval_avg(500)=   +9.1  win_rate= 52.0%  entropy_coef=0.0020  policy_loss=-0.0105  value_loss=1.0260  entropy=0.158  clip_frac= 2.7%  (1591.6s)
episode 100000  train_avg=  +10.2  adv_avg=   +5.9  eval_avg(500)=  +10.5  win_rate= 52.6%  entropy_coef=0.0020  policy_loss=-0.0102  value_loss=0.9536  entropy=0.160  clip_frac= 1.9%  (1668.5s)
poids sauvegardes dans rl_experiments_v3/exp_ppo_lr3e-5_epochs16_seed25/ppo_100000.pt
