poids charges depuis rl_experiments_v4/imit_bignet_ent02.pt
episode   5000  train_avg=  -38.5  adv_avg=  -14.3  eval_avg(500)=   +9.7  win_rate= 51.2%  entropy_coef=0.0020  policy_loss=-0.0104  value_loss=0.0000  entropy=0.215  clip_frac= 1.8%  (101.8s)
episode  10000  train_avg=   -8.3  adv_avg=   +1.7  eval_avg(500)=   -6.8  win_rate= 48.6%  entropy_coef=0.0020  policy_loss=-0.0089  value_loss=0.0000  entropy=0.215  clip_frac= 1.4%  (206.4s)
episode  15000  train_avg=  +11.5  adv_avg=   -4.3  eval_avg(500)=   +5.6  win_rate= 51.6%  entropy_coef=0.0020  policy_loss=-0.0095  value_loss=0.0000  entropy=0.213  clip_frac= 1.4%  (308.3s)
episode  20000  train_avg=  +16.4  adv_avg=   -0.1  eval_avg(500)=  +27.8  win_rate= 55.8%  entropy_coef=0.0020  policy_loss=-0.0086  value_loss=0.0000  entropy=0.215  clip_frac= 1.1%  (418.2s)
episode  25000  train_avg=   +3.2  adv_avg=  +10.1  eval_avg(500)=  +16.5  win_rate= 54.0%  entropy_coef=0.0020  policy_loss=-0.0110  value_loss=0.0000  entropy=0.218  clip_frac= 1.6%  (525.3s)
episode  30000  train_avg=  +38.7  adv_avg=  +16.1  eval_avg(500)=   +7.3  win_rate= 51.0%  entropy_coef=0.0020  policy_loss=-0.0085  value_loss=0.0000  entropy=0.193  clip_frac= 1.2%  (633.7s)
episode  35000  train_avg=   +6.8  adv_avg=   +7.4  eval_avg(500)=  +28.2  win_rate= 56.4%  entropy_coef=0.0020  policy_loss=-0.0118  value_loss=0.0000  entropy=0.201  clip_frac= 1.8%  (741.3s)
episode  40000  train_avg=   +7.3  adv_avg=  +30.8  eval_avg(500)=  +25.7  win_rate= 54.8%  entropy_coef=0.0020  policy_loss=-0.0089  value_loss=0.0000  entropy=0.197  clip_frac= 1.4%  (849.1s)
episode  45000  train_avg=  +11.7  adv_avg=   +5.2  eval_avg(500)=  +21.8  win_rate= 55.0%  entropy_coef=0.0020  policy_loss=-0.0089  value_loss=0.0000  entropy=0.199  clip_frac= 1.4%  (954.3s)
episode  50000  train_avg=   +9.5  adv_avg=   +0.6  eval_avg(500)=   +6.7  win_rate= 51.0%  entropy_coef=0.0020  policy_loss=-0.0094  value_loss=0.0000  entropy=0.181  clip_frac= 1.7%  (1056.9s)
episode  55000  train_avg=  +18.4  adv_avg=  +12.0  eval_avg(500)=  +21.8  win_rate= 54.2%  entropy_coef=0.0020  policy_loss=-0.0102  value_loss=0.0000  entropy=0.197  clip_frac= 1.8%  (1157.0s)
episode  60000  train_avg=  +14.3  adv_avg=  -14.2  eval_avg(500)=  +23.3  win_rate= 53.8%  entropy_coef=0.0020  policy_loss=-0.0107  value_loss=0.0000  entropy=0.223  clip_frac= 2.2%  (1257.4s)
episode  65000  train_avg=   +8.0  adv_avg=  +25.1  eval_avg(500)=  +18.1  win_rate= 53.0%  entropy_coef=0.0020  policy_loss=-0.0117  value_loss=0.0000  entropy=0.225  clip_frac= 2.1%  (1356.2s)
episode  70000  train_avg=  +29.4  adv_avg=  -11.6  eval_avg(500)=  +18.2  win_rate= 53.8%  entropy_coef=0.0020  policy_loss=-0.0113  value_loss=0.0000  entropy=0.203  clip_frac= 2.1%  (1453.9s)
episode  75000  train_avg=   +6.8  adv_avg=   +7.5  eval_avg(500)=  +30.1  win_rate= 56.0%  entropy_coef=0.0020  policy_loss=-0.0098  value_loss=0.0000  entropy=0.176  clip_frac= 1.5%  (1552.0s)
episode  80000  train_avg=  +11.1  adv_avg=  +35.8  eval_avg(500)=   +5.0  win_rate= 51.0%  entropy_coef=0.0020  policy_loss=-0.0077  value_loss=0.0000  entropy=0.199  clip_frac= 1.3%  (1649.1s)
episode  85000  train_avg=  +26.9  adv_avg=  +46.1  eval_avg(500)=  +27.4  win_rate= 55.4%  entropy_coef=0.0020  policy_loss=-0.0091  value_loss=0.0000  entropy=0.178  clip_frac= 1.5%  (1747.9s)
episode  90000  train_avg=  +28.5  adv_avg=  +34.7  eval_avg(500)=  +28.5  win_rate= 56.0%  entropy_coef=0.0020  policy_loss=-0.0106  value_loss=0.0000  entropy=0.166  clip_frac= 2.0%  (1845.3s)
episode  95000  train_avg=  +39.2  adv_avg=  +34.2  eval_avg(500)=  +27.8  win_rate= 56.2%  entropy_coef=0.0020  policy_loss=-0.0088  value_loss=0.0000  entropy=0.169  clip_frac= 2.0%  (1942.4s)
episode 100000  train_avg=  +19.8  adv_avg=  +34.5  eval_avg(500)=  +31.3  win_rate= 56.8%  entropy_coef=0.0020  policy_loss=-0.0124  value_loss=0.0000  entropy=0.193  clip_frac= 3.0%  (2040.3s)
poids sauvegardes dans rl_experiments_v4/exp_shared_nocritic_lr3e-5_epochs4_seed20/ppo_100000.pt
