poids charges depuis rl_experiments_v4/imit_bignet_ent02.pt
episode   5000  train_avg=  -19.8  adv_avg=   -1.2  eval_avg(500)=  +24.4  win_rate= 55.2%  entropy_coef=0.0020  policy_loss=-0.0100  value_loss=1.0017  entropy=0.188  clip_frac= 1.6%  (120.3s)
episode  10000  train_avg=   -9.7  adv_avg=   -3.8  eval_avg(500)=  +10.8  win_rate= 52.6%  entropy_coef=0.0020  policy_loss=-0.0052  value_loss=1.0020  entropy=0.196  clip_frac= 0.6%  (246.2s)
episode  15000  train_avg=   +4.6  adv_avg=  +10.1  eval_avg(500)=  +16.4  win_rate= 54.0%  entropy_coef=0.0020  policy_loss=-0.0078  value_loss=1.0043  entropy=0.199  clip_frac= 1.2%  (372.4s)
episode  20000  train_avg=  +36.0  adv_avg=  +44.0  eval_avg(500)=  +19.0  win_rate= 54.2%  entropy_coef=0.0020  policy_loss=-0.0118  value_loss=1.1909  entropy=0.211  clip_frac= 2.3%  (496.3s)
episode  25000  train_avg=  +26.1  adv_avg=   +3.1  eval_avg(500)=  +39.7  win_rate= 58.8%  entropy_coef=0.0020  policy_loss=-0.0117  value_loss=0.9893  entropy=0.212  clip_frac= 2.0%  (620.4s)
episode  30000  train_avg=  +20.7  adv_avg=  +27.0  eval_avg(500)=  +24.3  win_rate= 54.4%  entropy_coef=0.0020  policy_loss=-0.0079  value_loss=1.0209  entropy=0.205  clip_frac= 1.1%  (742.9s)
episode  35000  train_avg=   -9.9  adv_avg=   -0.5  eval_avg(500)=   +6.1  win_rate= 50.4%  entropy_coef=0.0020  policy_loss=-0.0090  value_loss=1.0109  entropy=0.216  clip_frac= 1.2%  (864.7s)
episode  40000  train_avg=  +27.8  adv_avg=   +9.4  eval_avg(500)=  +13.9  win_rate= 53.0%  entropy_coef=0.0020  policy_loss=-0.0082  value_loss=1.0094  entropy=0.184  clip_frac= 1.3%  (985.6s)
episode  45000  train_avg=  +17.4  adv_avg=  +19.8  eval_avg(500)=  +24.1  win_rate= 54.4%  entropy_coef=0.0020  policy_loss=-0.0094  value_loss=1.0109  entropy=0.197  clip_frac= 1.4%  (1104.7s)
episode  50000  train_avg=   -1.1  adv_avg=  +17.8  eval_avg(500)=   -2.7  win_rate= 50.0%  entropy_coef=0.0020  policy_loss=-0.0079  value_loss=0.9853  entropy=0.193  clip_frac= 1.0%  (1226.6s)
episode  55000  train_avg=  +25.3  adv_avg=  +33.2  eval_avg(500)=  +18.9  win_rate= 55.2%  entropy_coef=0.0020  policy_loss=-0.0101  value_loss=1.0016  entropy=0.199  clip_frac= 1.6%  (1352.6s)
episode  60000  train_avg=   +7.2  adv_avg=  +12.1  eval_avg(500)=  +26.1  win_rate= 55.8%  entropy_coef=0.0020  policy_loss=-0.0105  value_loss=1.0185  entropy=0.186  clip_frac= 1.9%  (1472.3s)
episode  65000  train_avg=  +22.8  adv_avg=   +2.2  eval_avg(500)=   +6.6  win_rate= 51.4%  entropy_coef=0.0020  policy_loss=-0.0089  value_loss=0.9869  entropy=0.188  clip_frac= 2.2%  (1587.8s)
episode  70000  train_avg=  +24.3  adv_avg=   -6.8  eval_avg(500)=  +16.1  win_rate= 52.8%  entropy_coef=0.0020  policy_loss=-0.0091  value_loss=1.0613  entropy=0.191  clip_frac= 1.4%  (1702.9s)
episode  75000  train_avg=  +10.4  adv_avg=  +27.6  eval_avg(500)=  +17.6  win_rate= 53.6%  entropy_coef=0.0020  policy_loss=-0.0091  value_loss=0.9822  entropy=0.192  clip_frac= 1.4%  (1817.4s)
episode  80000  train_avg=   -0.1  adv_avg=  +16.0  eval_avg(500)=  +16.3  win_rate= 53.4%  entropy_coef=0.0020  policy_loss=-0.0101  value_loss=0.9950  entropy=0.183  clip_frac= 1.7%  (1933.4s)
episode  85000  train_avg=  +22.6  adv_avg=  +33.2  eval_avg(500)=  +31.3  win_rate= 57.2%  entropy_coef=0.0020  policy_loss=-0.0078  value_loss=1.0135  entropy=0.181  clip_frac= 1.5%  (2051.0s)
episode  90000  train_avg=  +37.5  adv_avg=  +25.0  eval_avg(500)=  +27.2  win_rate= 55.4%  entropy_coef=0.0020  policy_loss=-0.0099  value_loss=1.0068  entropy=0.199  clip_frac= 1.9%  (2167.5s)
episode  95000  train_avg=  +40.9  adv_avg=  +71.2  eval_avg(500)=  +16.3  win_rate= 53.4%  entropy_coef=0.0020  policy_loss=-0.0108  value_loss=1.0701  entropy=0.196  clip_frac= 2.5%  (2286.9s)
episode 100000  train_avg=  +36.2  adv_avg=   +3.0  eval_avg(500)=  +45.5  win_rate= 59.0%  entropy_coef=0.0020  policy_loss=-0.0114  value_loss=1.0028  entropy=0.213  clip_frac= 1.9%  (2405.4s)
poids sauvegardes dans rl_experiments_v4/exp_shared_deep_lr3e-5_epochs4_vc02_seed20/ppo_100000.pt
